[0,008s][info][gc,init] Initializing The Z Garbage Collector
[0,008s][info][gc,init] Version: 21.0.3+9-LTS (release)
[0,008s][info][gc,init] NUMA Support: Disabled
[0,008s][info][gc,init] CPUs: 20 total, 20 available
[0,008s][info][gc,init] Memory: 63964M
[0,008s][info][gc,init] Large Page Support: Disabled
[0,008s][info][gc,init] Address Space Type: Contiguous/Unrestricted/Complete
[0,008s][info][gc,init] Address Space Size: 655360M
[0,008s][info][gc,init] Heap Backing File: /memfd:java_heap
[0,008s][info][gc,init] Heap Backing Filesystem: tmpfs (0x1021994)
[0,008s][info][gc,init] Min Capacity: 1024M
[0,008s][info][gc,init] Initial Capacity: 1024M
[0,008s][info][gc,init] Max Capacity: 40960M
[0,008s][info][gc,init] Soft Max Capacity: 40960M
[0,008s][info][gc,init] Medium Page Size: 32M
[0,008s][info][gc,init] Pre-touch: Disabled
[0,008s][info][gc,init] Available space on backing filesystem: N/A
[0,010s][info][gc,init] Uncommit: Enabled
[0,010s][info][gc,init] Uncommit Delay: 300s
[0,010s][info][gc,init] GC Workers for Old Generation: 5 (dynamic)
[0,011s][info][gc,init] GC Workers for Young Generation: 5 (dynamic)
[0,415s][info][gc,init] GC Workers Max: 5 (dynamic)
[0,416s][info][gc,init] Runtime Workers: 12
[0,418s][info][gc     ] Using The Z Garbage Collector
[0,434s][info][gc,metaspace] CDS archive(s) mapped at: [0x00007f619b000000-0x00007f619bcab000-0x00007f619bcab000), size 13283328, SharedBaseAddress: 0x00007f619b000000, ArchiveRelocationMode: 1.
[0,434s][info][gc,metaspace] Compressed class space mapped at: 0x00007f619c000000-0x00007f61dc000000, reserved size: 1073741824
[0,434s][info][gc,metaspace] Narrow klass base: 0x00007f619b000000, Narrow klass shift: 0, Narrow klass range: 0x100000000
[12,848s][info][gc          ] GC(0) Major Collection (Warmup)
[12,848s][info][gc,task     ] GC(0) Using 5 Workers for Young Generation
[12,848s][info][gc,task     ] GC(0) Using 4 Workers for Old Generation
[12,848s][info][gc,phases   ] GC(0) Y: Young Generation
[12,848s][info][gc,phases   ] GC(0) Y: Pause Mark Start (Major) 0,031ms
[27,212s][info][gc,phases   ] GC(0) Y: Concurrent Mark 14363,955ms
[27,212s][info][gc,phases   ] GC(0) Y: Pause Mark End 0,029ms
[27,212s][info][gc,phases   ] GC(0) Y: Concurrent Mark Free 0,002ms
[27,212s][info][gc,phases   ] GC(0) Y: Concurrent Reset Relocation Set 0,001ms
[27,221s][info][gc,reloc    ] GC(0) Y: Using tenuring threshold: 1 (Computed)
[27,223s][info][gc,phases   ] GC(0) Y: Concurrent Select Relocation Set 10,182ms
[27,223s][info][gc,phases   ] GC(0) Y: Pause Relocate Start 0,018ms
[27,230s][info][gc,phases   ] GC(0) Y: Concurrent Relocate 7,116ms
[27,230s][info][gc,alloc    ] GC(0) Y:                         Mark Start        Mark End      Relocate Start    Relocate End   
[27,230s][info][gc,alloc    ] GC(0) Y: Allocation Stalls:          0                0                0                0         
[27,230s][info][gc,load     ] GC(0) Y: Load: 1,57 (8%) / 0,94 (5%) / 1,70 (8%)
[27,230s][info][gc,mmu      ] GC(0) Y: MMU: 2ms/98,5%, 5ms/99,4%, 10ms/99,7%, 20ms/99,8%, 50ms/99,9%, 100ms/100,0%
[27,230s][info][gc,marking  ] GC(0) Y: Mark: 4 stripe(s), 10 proactive flush(es), 1 terminate flush(es), 0 completion(s), 0 continuation(s) 
[27,230s][info][gc,marking  ] GC(0) Y: Mark Stack Usage: 32M
[27,230s][info][gc,nmethod  ] GC(0) Y: NMethods: 1772 registered, 0 unregistered
[27,230s][info][gc,metaspace] GC(0) Y: Metaspace: 14M used, 14M committed, 1088M reserved
[27,230s][info][gc,reloc    ] GC(0) Y:                        Candidates     Selected     In-Place         Size        Empty    Relocated 
[27,230s][info][gc,reloc    ] GC(0) Y: Small Pages:                 2048           26            0        4096M          12M           7M 
[27,230s][info][gc,reloc    ] GC(0) Y: Medium Pages:                   0            0            0           0M           0M           0M 
[27,230s][info][gc,reloc    ] GC(0) Y: Large Pages:                    0            0            0           0M           0M           0M 
[27,230s][info][gc,reloc    ] GC(0) Y: Forwarding Usage: 6M
[27,230s][info][gc,reloc    ] GC(0) Y: Age Table:
[27,230s][info][gc,reloc    ] GC(0) Y:                    Live             Garbage             Small              Medium             Large        
[27,230s][info][gc,reloc    ] GC(0) Y: Eden            4018M (10%)          77M (0%)        2048 / 26             0 / 0              0 / 0        
[27,230s][info][gc,heap     ] GC(0) Y: Min Capacity: 1024M(2%)
[27,230s][info][gc,heap     ] GC(0) Y: Max Capacity: 40960M(100%)
[27,230s][info][gc,heap     ] GC(0) Y: Soft Max Capacity: 40960M(100%)
[27,230s][info][gc,heap     ] GC(0) Y: Heap Statistics:
[27,230s][info][gc,heap     ] GC(0) Y:                Mark Start          Mark End        Relocate Start      Relocate End           High               Low         
[27,230s][info][gc,heap     ] GC(0) Y:  Capacity:     4096M (10%)        6648M (16%)        6650M (16%)        6650M (16%)        6650M (16%)        4096M (10%)    
[27,230s][info][gc,heap     ] GC(0) Y:      Free:    36864M (90%)       34312M (84%)       34320M (84%)       34360M (84%)       36864M (90%)       34310M (84%)    
[27,230s][info][gc,heap     ] GC(0) Y:      Used:     4096M (10%)        6648M (16%)        6640M (16%)        6600M (16%)        6650M (16%)        4096M (10%)    
[27,230s][info][gc,heap     ] GC(0) Y: Young Generation Statistics:
[27,230s][info][gc,heap     ] GC(0) Y:                Mark Start          Mark End        Relocate Start      Relocate End    
[27,230s][info][gc,heap     ] GC(0) Y:      Used:     4096M (10%)        6648M (16%)        6640M (16%)        6600M (16%)    
[27,230s][info][gc,heap     ] GC(0) Y:      Live:         -              4018M (10%)        4018M (10%)        4018M (10%)    
[27,230s][info][gc,heap     ] GC(0) Y:   Garbage:         -                77M (0%)           65M (0%)           10M (0%)     
[27,230s][info][gc,heap     ] GC(0) Y: Allocated:         -              2552M (6%)         2556M (6%)         2570M (6%)     
[27,230s][info][gc,heap     ] GC(0) Y: Reclaimed:         -                  -                12M (0%)           66M (0%)     
[27,230s][info][gc,heap     ] GC(0) Y:  Promoted:         -                  -                 0M (0%)            0M (0%)     
[27,230s][info][gc,heap     ] GC(0) Y: Compacted:         -                  -                  -                13M (0%)     
[27,230s][info][gc,phases   ] GC(0) Y: Young Generation 4096M(10%)->6600M(16%) 14,382s
[27,230s][info][gc,phases   ] GC(0) O: Old Generation
[27,231s][info][gc,phases   ] GC(0) O: Concurrent Mark 0,866ms
[27,231s][info][gc,phases   ] GC(0) O: Pause Mark End 0,028ms
[27,231s][info][gc,phases   ] GC(0) O: Concurrent Mark Free 0,034ms
[27,234s][info][gc,phases   ] GC(0) O: Concurrent Process Non-Strong 2,543ms
[27,234s][info][gc,phases   ] GC(0) O: Concurrent Reset Relocation Set 0,000ms
[27,236s][info][gc,phases   ] GC(0) O: Concurrent Select Relocation Set 1,782ms
[27,236s][info][gc,task     ] GC(0) O: Using 5 Workers for Old Generation
[27,248s][info][gc,task     ] GC(0) O: Using 4 Workers for Old Generation
[27,248s][info][gc,phases   ] GC(0) O: Concurrent Remap Roots 11,782ms
[27,248s][info][gc,phases   ] GC(0) O: Pause Relocate Start 0,023ms
[27,248s][info][gc,phases   ] GC(0) O: Concurrent Relocate 0,071ms
[27,248s][info][gc,alloc    ] GC(0) O:                         Mark Start        Mark End      Relocate Start    Relocate End   
[27,248s][info][gc,alloc    ] GC(0) O: Allocation Stalls:          0                0                0                0         
[27,248s][info][gc,load     ] GC(0) O: Load: 1,57 (8%) / 0,94 (5%) / 1,70 (8%)
[27,248s][info][gc,mmu      ] GC(0) O: MMU: 2ms/98,5%, 5ms/99,4%, 10ms/99,5%, 20ms/99,6%, 50ms/99,8%, 100ms/99,9%
[27,248s][info][gc,marking  ] GC(0) O: Mark: 4 stripe(s), 1 proactive flush(es), 1 terminate flush(es), 0 completion(s), 0 continuation(s) 
[27,248s][info][gc,marking  ] GC(0) O: Mark Stack Usage: 0M
[27,248s][info][gc,nmethod  ] GC(0) O: NMethods: 1590 registered, 182 unregistered
[27,248s][info][gc,metaspace] GC(0) O: Metaspace: 14M used, 14M committed, 1088M reserved
[27,248s][info][gc,ref      ] GC(0) O:                       Encountered   Discovered     Enqueued 
[27,248s][info][gc,ref      ] GC(0) O: Soft References:             3531            0            0 
[27,248s][info][gc,ref      ] GC(0) O: Weak References:             1248            0            0 
[27,248s][info][gc,ref      ] GC(0) O: Final References:               0            0            0 
[27,248s][info][gc,ref      ] GC(0) O: Phantom References:           169            0            0 
[27,248s][info][gc,heap     ] GC(0) O: Min Capacity: 1024M(2%)
[27,248s][info][gc,heap     ] GC(0) O: Max Capacity: 40960M(100%)
[27,248s][info][gc,heap     ] GC(0) O: Soft Max Capacity: 40960M(100%)
[27,248s][info][gc,heap     ] GC(0) O: Heap Statistics:
[27,248s][info][gc,heap     ] GC(0) O:                Mark Start          Mark End        Relocate Start      Relocate End           High               Low         
[27,248s][info][gc,heap     ] GC(0) O:  Capacity:     4096M (10%)        6650M (16%)        6650M (16%)        6650M (16%)        6650M (16%)        4096M (10%)    
[27,248s][info][gc,heap     ] GC(0) O:      Free:    36864M (90%)       34360M (84%)       34354M (84%)       34354M (84%)       36864M (90%)       34310M (84%)    
[27,248s][info][gc,heap     ] GC(0) O:      Used:     4096M (10%)        6600M (16%)        6606M (16%)        6606M (16%)        6650M (16%)        4096M (10%)    
[27,248s][info][gc,heap     ] GC(0) O: Old Generation Statistics:
[27,248s][info][gc,heap     ] GC(0) O:                Mark Start          Mark End        Relocate Start      Relocate End    
[27,248s][info][gc,heap     ] GC(0) O:      Used:        0M (0%)            0M (0%)            0M (0%)            0M (0%)     
[27,248s][info][gc,heap     ] GC(0) O:      Live:         -                 0M (0%)            0M (0%)            0M (0%)     
[27,248s][info][gc,heap     ] GC(0) O:   Garbage:         -                 0M (0%)            0M (0%)            0M (0%)     
[27,248s][info][gc,heap     ] GC(0) O: Allocated:         -                 0M (0%)            0M (0%)            0M (0%)     
[27,248s][info][gc,heap     ] GC(0) O: Reclaimed:         -                  -                 0M (0%)            0M (0%)     
[27,248s][info][gc,heap     ] GC(0) O: Compacted:         -                  -                  -                 0M (0%)     
[27,248s][info][gc,phases   ] GC(0) O: Old Generation 6600M(16%)->6606M(16%) 0,018s
[27,248s][info][gc          ] GC(0) Major Collection (Warmup) 4096M(10%)->6606M(16%) 14,401s
[35,716s][info][gc          ] GC(1) Major Collection (Warmup)
[35,716s][info][gc,task     ] GC(1) Using 5 Workers for Young Generation
[35,716s][info][gc,task     ] GC(1) Using 1 Workers for Old Generation
[35,716s][info][gc,phases   ] GC(1) Y: Young Generation
[35,716s][info][gc,phases   ] GC(1) Y: Pause Mark Start (Major) 0,023ms
[65,168s][info][gc,phases   ] GC(1) Y: Concurrent Mark 29452,086ms
[65,169s][info][gc,phases   ] GC(1) Y: Pause Mark End 0,027ms
[65,169s][info][gc,phases   ] GC(1) Y: Concurrent Mark Free 0,002ms
[65,169s][info][gc,phases   ] GC(1) Y: Concurrent Reset Relocation Set 0,004ms
[65,171s][info][gc,reloc    ] GC(1) Y: Using tenuring threshold: 1 (Computed)
[65,887s][info][gc,phases   ] GC(1) Y: Concurrent Select Relocation Set 718,354ms
[65,887s][info][gc,phases   ] GC(1) Y: Pause Relocate Start 0,022ms
[67,960s][info][gc,phases   ] GC(1) Y: Concurrent Relocate 2071,959ms
[67,960s][info][gc,alloc    ] GC(1) Y:                         Mark Start        Mark End      Relocate Start    Relocate End   
[67,960s][info][gc,alloc    ] GC(1) Y: Allocation Stalls:          0                0                0                0         
[67,960s][info][gc,load     ] GC(1) Y: Load: 3,42 (17%) / 1,47 (7%) / 1,85 (9%)
[67,960s][info][gc,mmu      ] GC(1) Y: MMU: 2ms/98,5%, 5ms/99,4%, 10ms/99,5%, 20ms/99,6%, 50ms/99,8%, 100ms/99,9%
[67,960s][info][gc,marking  ] GC(1) Y: Mark: 4 stripe(s), 10 proactive flush(es), 1 terminate flush(es), 0 completion(s), 0 continuation(s) 
[67,960s][info][gc,marking  ] GC(1) Y: Mark Stack Usage: 32M
[67,960s][info][gc,nmethod  ] GC(1) Y: NMethods: 1608 registered, 182 unregistered
[67,960s][info][gc,metaspace] GC(1) Y: Metaspace: 14M used, 14M committed, 1088M reserved
[67,960s][info][gc,reloc    ] GC(1) Y:                        Candidates     Selected     In-Place         Size        Empty    Relocated 
[67,960s][info][gc,reloc    ] GC(1) Y: Small Pages:                 4097           23            0        8194M          62M          15M 
[67,960s][info][gc,reloc    ] GC(1) Y: Medium Pages:                   0            0            0           0M           0M           0M 
[67,960s][info][gc,reloc    ] GC(1) Y: Large Pages:                    0            0            0           0M           0M           0M 
[67,960s][info][gc,reloc    ] GC(1) Y: Forwarding Usage: 17M
[67,960s][info][gc,reloc    ] GC(1) Y: Age Table:
[67,960s][info][gc,reloc    ] GC(1) Y:                    Live             Garbage             Small              Medium             Large        
[67,960s][info][gc,reloc    ] GC(1) Y: Eden            4095M (10%)          56M (0%)        2076 / 11             0 / 0              0 / 0        
[67,960s][info][gc,reloc    ] GC(1) Y: Survivor 1      3964M (10%)          77M (0%)        2021 / 12             0 / 0              0 / 0        
[67,960s][info][gc,heap     ] GC(1) Y: Min Capacity: 1024M(2%)
[67,960s][info][gc,heap     ] GC(1) Y: Max Capacity: 40960M(100%)
[67,960s][info][gc,heap     ] GC(1) Y: Soft Max Capacity: 40960M(100%)
[67,960s][info][gc,heap     ] GC(1) Y: Heap Statistics:
[67,960s][info][gc,heap     ] GC(1) Y:                Mark Start          Mark End        Relocate Start      Relocate End           High               Low         
[67,960s][info][gc,heap     ] GC(1) Y:  Capacity:     8194M (20%)       12046M (29%)       12198M (30%)       12458M (30%)       12458M (30%)        8194M (20%)    
[67,960s][info][gc,heap     ] GC(1) Y:      Free:    32766M (80%)       28914M (71%)       28762M (70%)       28502M (70%)       32766M (80%)       28502M (70%)    
[67,960s][info][gc,heap     ] GC(1) Y:      Used:     8194M (20%)       12046M (29%)       12198M (30%)       12458M (30%)       12458M (30%)        8194M (20%)    
[67,960s][info][gc,heap     ] GC(1) Y: Young Generation Statistics:
[67,960s][info][gc,heap     ] GC(1) Y:                Mark Start          Mark End        Relocate Start      Relocate End    
[67,960s][info][gc,heap     ] GC(1) Y:      Used:     8194M (20%)       12046M (29%)        8244M (20%)        8470M (21%)    
[67,960s][info][gc,heap     ] GC(1) Y:      Live:         -              8059M (20%)        4116M (10%)        4095M (10%)    
[67,960s][info][gc,heap     ] GC(1) Y:   Garbage:         -               134M (0%)           61M (0%)           10M (0%)     
[67,960s][info][gc,heap     ] GC(1) Y: Allocated:         -              3852M (9%)         4066M (10%)        4364M (11%)    
[67,960s][info][gc,heap     ] GC(1) Y: Reclaimed:         -                  -                72M (0%)          124M (0%)     
[67,960s][info][gc,heap     ] GC(1) Y:  Promoted:         -                  -              3943M (10%)        3964M (10%)    
[67,960s][info][gc,heap     ] GC(1) Y: Compacted:         -                  -                  -                13M (0%)     
[67,960s][info][gc,phases   ] GC(1) Y: Young Generation 8194M(20%)->12458M(30%) 32,244s
[67,960s][info][gc,phases   ] GC(1) O: Old Generation
[67,962s][info][gc,phases   ] GC(1) O: Concurrent Mark 1,786ms
[67,962s][info][gc,phases   ] GC(1) O: Pause Mark End 0,024ms
[67,962s][info][gc,phases   ] GC(1) O: Concurrent Mark Free 0,003ms
[67,963s][info][gc          ] GC(2) Minor Collection (Allocation Rate)
[67,964s][info][gc,task     ] GC(2) Using 5 Workers for Young Generation
[67,964s][info][gc,phases   ] GC(2) y: Young Generation
[67,964s][info][gc,phases   ] GC(2) y: Pause Mark Start 0,031ms
[67,968s][info][gc,phases   ] GC(1) O: Concurrent Process Non-Strong 6,109ms
[67,968s][info][gc,phases   ] GC(1) O: Concurrent Reset Relocation Set 0,001ms
[67,970s][info][gc,phases   ] GC(1) O: Concurrent Select Relocation Set 2,010ms
[98,044s][info][gc,phases   ] GC(2) y: Concurrent Mark 30080,470ms
[98,045s][info][gc,phases   ] GC(2) y: Pause Mark End 0,023ms
[98,045s][info][gc,phases   ] GC(2) y: Concurrent Mark Continue 0,401ms
[98,045s][info][gc,phases   ] GC(2) y: Pause Mark End 0,015ms
[98,045s][info][gc,phases   ] GC(2) y: Concurrent Mark Free 0,001ms
[98,047s][info][gc,phases   ] GC(2) y: Concurrent Reset Relocation Set 1,381ms
[98,050s][info][gc,reloc    ] GC(2) y: Using tenuring threshold: 1 (Computed)
[98,742s][info][gc,phases   ] GC(2) y: Concurrent Select Relocation Set 695,548ms
[98,743s][info][gc,phases   ] GC(2) y: Pause Relocate Start 0,033ms
[100,247s][info][gc,phases   ] GC(2) y: Concurrent Relocate 1503,687ms
[100,247s][info][gc,alloc    ] GC(2) y:                         Mark Start        Mark End      Relocate Start    Relocate End   
[100,247s][info][gc,alloc    ] GC(2) y: Allocation Stalls:          0                0                0                0         
[100,247s][info][gc,load     ] GC(2) y: Load: 3,85 (19%) / 1,78 (9%) / 1,94 (10%)
[100,247s][info][gc,mmu      ] GC(2) y: MMU: 2ms/97,2%, 5ms/98,9%, 10ms/99,4%, 20ms/99,6%, 50ms/99,8%, 100ms/99,9%
[100,247s][info][gc,marking  ] GC(2) y: Mark: 4 stripe(s), 11 proactive flush(es), 2 terminate flush(es), 0 completion(s), 1 continuation(s) 
[100,247s][info][gc,marking  ] GC(2) y: Mark Stack Usage: 32M
[100,247s][info][gc,nmethod  ] GC(2) y: NMethods: 1602 registered, 198 unregistered
[100,247s][info][gc,metaspace] GC(2) y: Metaspace: 14M used, 14M committed, 1088M reserved
[100,247s][info][gc,reloc    ] GC(2) y:                        Candidates     Selected     In-Place         Size        Empty    Relocated 
[100,247s][info][gc,reloc    ] GC(2) y: Small Pages:                 4235           22            0        8470M          28M          16M 
[100,247s][info][gc,reloc    ] GC(2) y: Medium Pages:                   0            0            0           0M           0M           0M 
[100,247s][info][gc,reloc    ] GC(2) y: Large Pages:                    0            0            0           0M           0M           0M 
[100,247s][info][gc,reloc    ] GC(2) y: Forwarding Usage: 18M
[100,247s][info][gc,reloc    ] GC(2) y: Age Table:
[100,247s][info][gc,reloc    ] GC(2) y:                    Live             Garbage             Small              Medium             Large        
[100,247s][info][gc,reloc    ] GC(2) y: Eden            4295M (10%)          66M (0%)        2181 / 18             0 / 0              0 / 0        
[100,247s][info][gc,reloc    ] GC(2) y: Survivor 1      4077M (10%)          30M (0%)        2054 / 4              0 / 0              0 / 0        
[100,247s][info][gc,heap     ] GC(2) y: Min Capacity: 1024M(2%)
[100,247s][info][gc,heap     ] GC(2) y: Max Capacity: 40960M(100%)
[100,247s][info][gc,heap     ] GC(2) y: Soft Max Capacity: 40960M(100%)
[100,247s][info][gc,heap     ] GC(2) y: Heap Statistics:
[100,247s][info][gc,heap     ] GC(2) y:                Mark Start          Mark End        Relocate Start      Relocate End           High               Low         
[100,247s][info][gc,heap     ] GC(2) y:  Capacity:    12458M (30%)       14608M (36%)       14608M (36%)       14608M (36%)       14608M (36%)       12458M (30%)    
[100,247s][info][gc,heap     ] GC(2) y:      Free:    28502M (70%)       26352M (64%)       26380M (64%)       26410M (64%)       28502M (70%)       26352M (64%)    
[100,247s][info][gc,heap     ] GC(2) y:      Used:    12458M (30%)       14608M (36%)       14580M (36%)       14550M (36%)       14608M (36%)       12458M (30%)    
[100,247s][info][gc,heap     ] GC(2) y: Young Generation Statistics:
[100,247s][info][gc,heap     ] GC(2) y:                Mark Start          Mark End        Relocate Start      Relocate End    
[100,247s][info][gc,heap     ] GC(2) y:      Used:     8470M (21%)       10620M (26%)        6506M (16%)        6466M (16%)    
[100,247s][info][gc,heap     ] GC(2) y:      Live:         -              8372M (20%)        4296M (10%)        4295M (10%)    
[100,247s][info][gc,heap     ] GC(2) y:   Garbage:         -                97M (0%)           59M (0%)           10M (0%)     
[100,247s][info][gc,heap     ] GC(2) y: Allocated:         -              2150M (5%)         2150M (5%)         2160M (5%)     
[100,247s][info][gc,heap     ] GC(2) y: Reclaimed:         -                  -                37M (0%)           86M (0%)     
[100,247s][info][gc,heap     ] GC(2) y:  Promoted:         -                  -              4076M (10%)        4077M (10%)    
[100,247s][info][gc,heap     ] GC(2) y: Compacted:         -                  -                  -                33M (0%)     
[100,247s][info][gc,phases   ] GC(2) y: Young Generation 12458M(30%)->14550M(36%) 32,283s
[100,247s][info][gc          ] GC(2) Minor Collection (Allocation Rate) 12458M(30%)->14550M(36%) 32,284s
[100,247s][info][gc,task     ] GC(1) O: Using 5 Workers for Old Generation
[100,274s][info][gc,task     ] GC(1) O: Using 1 Workers for Old Generation
[100,274s][info][gc,phases   ] GC(1) O: Concurrent Remap Roots 26,504ms
[100,274s][info][gc,phases   ] GC(1) O: Pause Relocate Start 0,022ms
[100,274s][info][gc          ] GC(3) Minor Collection (Allocation Rate)
[100,274s][info][gc,task     ] GC(3) Using 5 Workers for Young Generation
[100,275s][info][gc,phases   ] GC(3) y: Young Generation
[100,275s][info][gc,phases   ] GC(3) y: Pause Mark Start 0,025ms
[100,275s][info][gc,phases   ] GC(1) O: Concurrent Relocate 0,776ms
[114,731s][info][gc,phases   ] GC(3) y: Concurrent Mark 14456,016ms
[114,731s][info][gc,phases   ] GC(3) y: Pause Mark End 0,027ms
[114,731s][info][gc,phases   ] GC(3) y: Concurrent Mark Free 0,002ms
[114,733s][info][gc,phases   ] GC(3) y: Concurrent Reset Relocation Set 1,180ms
[114,735s][info][gc,reloc    ] GC(3) y: Using tenuring threshold: 1 (Computed)
[115,450s][info][gc,phases   ] GC(3) y: Concurrent Select Relocation Set 717,345ms
[115,450s][info][gc,phases   ] GC(3) y: Pause Relocate Start 0,027ms
[117,021s][info][gc,phases   ] GC(3) y: Concurrent Relocate 1570,716ms
[117,021s][info][gc,alloc    ] GC(3) y:                         Mark Start        Mark End      Relocate Start    Relocate End   
[117,021s][info][gc,alloc    ] GC(3) y: Allocation Stalls:          0                0                0                0         
[117,021s][info][gc,load     ] GC(3) y: Load: 4,14 (21%) / 1,98 (10%) / 2,00 (10%)
[117,021s][info][gc,mmu      ] GC(3) y: MMU: 2ms/97,2%, 5ms/98,9%, 10ms/99,4%, 20ms/99,6%, 50ms/99,8%, 100ms/99,9%
[117,021s][info][gc,marking  ] GC(3) y: Mark: 4 stripe(s), 10 proactive flush(es), 1 terminate flush(es), 0 completion(s), 0 continuation(s) 
[117,021s][info][gc,marking  ] GC(3) y: Mark Stack Usage: 32M
[117,021s][info][gc,nmethod  ] GC(3) y: NMethods: 1604 registered, 198 unregistered
[117,021s][info][gc,metaspace] GC(3) y: Metaspace: 14M used, 14M committed, 1088M reserved
[117,021s][info][gc,reloc    ] GC(3) y:                        Candidates     Selected     In-Place         Size        Empty    Relocated 
[117,021s][info][gc,reloc    ] GC(3) y: Small Pages:                 3233           21            0        6466M           8M          16M 
[117,021s][info][gc,reloc    ] GC(3) y: Medium Pages:                   0            0            0           0M           0M           0M 
[117,021s][info][gc,reloc    ] GC(3) y: Large Pages:                    0            0            0           0M           0M           0M 
[117,021s][info][gc,reloc    ] GC(3) y: Forwarding Usage: 19M
[117,021s][info][gc,reloc    ] GC(3) y: Age Table:
[117,021s][info][gc,reloc    ] GC(3) y:                    Live             Garbage             Small              Medium             Large        
[117,021s][info][gc,reloc    ] GC(3) y: Eden            2116M (5%)           39M (0%)        1078 / 16             0 / 0              0 / 0        
[117,021s][info][gc,reloc    ] GC(3) y: Survivor 1      4277M (10%)          32M (0%)        2155 / 5              0 / 0              0 / 0        
[117,021s][info][gc,heap     ] GC(3) y: Min Capacity: 1024M(2%)
[117,021s][info][gc,heap     ] GC(3) y: Max Capacity: 40960M(100%)
[117,021s][info][gc,heap     ] GC(3) y: Soft Max Capacity: 40960M(100%)
[117,021s][info][gc,heap     ] GC(3) y: Heap Statistics:
[117,021s][info][gc,heap     ] GC(3) y:                Mark Start          Mark End        Relocate Start      Relocate End           High               Low         
[117,021s][info][gc,heap     ] GC(3) y:  Capacity:    14608M (36%)       14608M (36%)       14608M (36%)       14608M (36%)       14608M (36%)       14608M (36%)    
[117,021s][info][gc,heap     ] GC(3) y:      Free:    26410M (64%)       26388M (64%)       26392M (64%)       26426M (65%)       26432M (65%)       26382M (64%)    
[117,021s][info][gc,heap     ] GC(3) y:      Used:    14550M (36%)       14572M (36%)       14568M (36%)       14534M (35%)       14578M (36%)       14528M (35%)    
[117,021s][info][gc,heap     ] GC(3) y: Young Generation Statistics:
[117,021s][info][gc,heap     ] GC(3) y:                Mark Start          Mark End        Relocate Start      Relocate End    
[117,021s][info][gc,heap     ] GC(3) y:      Used:     6466M (16%)        6488M (16%)        2200M (5%)         2156M (5%)     
[117,022s][info][gc,heap     ] GC(3) y:      Live:         -              6393M (16%)        2121M (5%)         2116M (5%)     
[117,022s][info][gc,heap     ] GC(3) y:   Garbage:         -                72M (0%)           52M (0%)            5M (0%)     
[117,022s][info][gc,heap     ] GC(3) y: Allocated:         -                22M (0%)           26M (0%)           34M (0%)     
[117,022s][info][gc,heap     ] GC(3) y: Reclaimed:         -                  -                19M (0%)           67M (0%)     
[117,022s][info][gc,heap     ] GC(3) y:  Promoted:         -                  -              4272M (10%)        4277M (10%)    
[117,022s][info][gc,heap     ] GC(3) y: Compacted:         -                  -                  -                29M (0%)     
[117,022s][info][gc,phases   ] GC(3) y: Young Generation 14550M(36%)->14534M(35%) 16,747s
[117,022s][info][gc          ] GC(3) Minor Collection (Allocation Rate) 14550M(36%)->14534M(35%) 16,747s
[117,022s][info][gc,alloc    ] GC(1) O:                         Mark Start        Mark End      Relocate Start    Relocate End   
[117,022s][info][gc,alloc    ] GC(1) O: Allocation Stalls:          0                0                0                0         
[117,022s][info][gc,load     ] GC(1) O: Load: 4,14 (21%) / 1,98 (10%) / 2,00 (10%)
[117,022s][info][gc,mmu      ] GC(1) O: MMU: 2ms/97,2%, 5ms/98,9%, 10ms/99,4%, 20ms/99,6%, 50ms/99,8%, 100ms/99,9%
[117,022s][info][gc,marking  ] GC(1) O: Mark: 1 stripe(s), 1 proactive flush(es), 1 terminate flush(es), 0 completion(s), 0 continuation(s) 
[117,022s][info][gc,marking  ] GC(1) O: Mark Stack Usage: 0M
[117,022s][info][gc,nmethod  ] GC(1) O: NMethods: 1604 registered, 198 unregistered
[117,022s][info][gc,metaspace] GC(1) O: Metaspace: 14M used, 14M committed, 1088M reserved
[117,022s][info][gc,ref      ] GC(1) O:                       Encountered   Discovered     Enqueued 
[117,022s][info][gc,ref      ] GC(1) O: Soft References:             3531            0            0 
[117,022s][info][gc,ref      ] GC(1) O: Weak References:             1261            0            0 
[117,022s][info][gc,ref      ] GC(1) O: Final References:               0            0            0 
[117,022s][info][gc,ref      ] GC(1) O: Phantom References:           170            0            0 
[117,022s][info][gc,heap     ] GC(1) O: Min Capacity: 1024M(2%)
[117,022s][info][gc,heap     ] GC(1) O: Max Capacity: 40960M(100%)
[117,022s][info][gc,heap     ] GC(1) O: Soft Max Capacity: 40960M(100%)
[117,022s][info][gc,heap     ] GC(1) O: Heap Statistics:
[117,022s][info][gc,heap     ] GC(1) O:                Mark Start          Mark End        Relocate Start      Relocate End           High               Low         
[117,022s][info][gc,heap     ] GC(1) O:  Capacity:     8194M (20%)       12458M (30%)       14608M (36%)       14608M (36%)       14608M (36%)        8194M (20%)    
[117,022s][info][gc,heap     ] GC(1) O:      Free:    32766M (80%)       28502M (70%)       26410M (64%)       26410M (64%)       32766M (80%)       26352M (64%)    
[117,022s][info][gc,heap     ] GC(1) O:      Used:     8194M (20%)       12458M (30%)       14550M (36%)       14550M (36%)       14608M (36%)        8194M (20%)    
[117,022s][info][gc,heap     ] GC(1) O: Old Generation Statistics:
[117,022s][info][gc,heap     ] GC(1) O:                Mark Start          Mark End        Relocate Start      Relocate End    
[117,022s][info][gc,heap     ] GC(1) O:      Used:        0M (0%)         3988M (10%)        8084M (20%)        8084M (20%)    
[117,022s][info][gc,heap     ] GC(1) O:      Live:         -                 0M (0%)            0M (0%)            0M (0%)     
[117,022s][info][gc,heap     ] GC(1) O:   Garbage:         -                 0M (0%)            0M (0%)            0M (0%)     
[117,022s][info][gc,heap     ] GC(1) O: Allocated:         -              3988M (10%)        8084M (20%)        8084M (20%)    
[117,022s][info][gc,heap     ] GC(1) O: Reclaimed:         -                  -                 0M (0%)            0M (0%)     
[117,022s][info][gc,heap     ] GC(1) O: Compacted:         -                  -                  -                 0M (0%)     
[117,022s][info][gc,phases   ] GC(1) O: Old Generation 12458M(30%)->14550M(36%) 49,062s
[117,022s][info][gc          ] GC(1) Major Collection (Warmup) 8194M(20%)->14534M(35%) 81,307s
[117,032s][info][gc          ] GC(4) Major Collection (Warmup)
[117,032s][info][gc,task     ] GC(4) Using 5 Workers for Young Generation
[117,032s][info][gc,task     ] GC(4) Using 1 Workers for Old Generation
[117,032s][info][gc,phases   ] GC(4) Y: Young Generation
[117,033s][info][gc,phases   ] GC(4) Y: Pause Mark Start (Major) 0,036ms
[124,484s][info][gc,phases   ] GC(4) Y: Concurrent Mark 7451,628ms
[124,485s][info][gc,phases   ] GC(4) Y: Pause Mark End 0,027ms
[124,485s][info][gc,phases   ] GC(4) Y: Concurrent Mark Free 0,002ms
[124,486s][info][gc,phases   ] GC(4) Y: Concurrent Reset Relocation Set 1,292ms
[124,488s][info][gc,reloc    ] GC(4) Y: Using tenuring threshold: 1 (Computed)
[124,897s][info][gc,phases   ] GC(4) Y: Concurrent Select Relocation Set 410,537ms
[124,897s][info][gc,phases   ] GC(4) Y: Pause Relocate Start 0,058ms
[125,720s][info][gc,phases   ] GC(4) Y: Concurrent Relocate 822,748ms
[125,720s][info][gc,alloc    ] GC(4) Y:                         Mark Start        Mark End      Relocate Start    Relocate End   
[125,720s][info][gc,alloc    ] GC(4) Y: Allocation Stalls:          0                0                0                0         
[125,720s][info][gc,load     ] GC(4) Y: Load: 4,05 (20%) / 2,00 (10%) / 2,01 (10%)
[125,720s][info][gc,mmu      ] GC(4) Y: MMU: 2ms/97,1%, 5ms/98,8%, 10ms/99,4%, 20ms/99,6%, 50ms/99,8%, 100ms/99,9%
[125,720s][info][gc,marking  ] GC(4) Y: Mark: 4 stripe(s), 10 proactive flush(es), 1 terminate flush(es), 0 completion(s), 0 continuation(s) 
[125,720s][info][gc,marking  ] GC(4) Y: Mark Stack Usage: 32M
[125,720s][info][gc,nmethod  ] GC(4) Y: NMethods: 1604 registered, 198 unregistered
[125,720s][info][gc,metaspace] GC(4) Y: Metaspace: 14M used, 14M committed, 1088M reserved
[125,720s][info][gc,reloc    ] GC(4) Y:                        Candidates     Selected     In-Place         Size        Empty    Relocated 
[125,720s][info][gc,reloc    ] GC(4) Y: Small Pages:                 1078            8            0        2156M           0M           7M 
[125,720s][info][gc,reloc    ] GC(4) Y: Medium Pages:                   0            0            0           0M           0M           0M 
[125,720s][info][gc,reloc    ] GC(4) Y: Large Pages:                    0            0            0           0M           0M           0M 
[125,720s][info][gc,reloc    ] GC(4) Y: Forwarding Usage: 9M
[125,720s][info][gc,reloc    ] GC(4) Y: Age Table:
[125,720s][info][gc,reloc    ] GC(4) Y:                    Live             Garbage             Small              Medium             Large        
[125,720s][info][gc,reloc    ] GC(4) Y: Eden              27M (0%)            4M (0%)          16 / 2              0 / 0              0 / 0        
[125,720s][info][gc,reloc    ] GC(4) Y: Survivor 1      2104M (5%)           19M (0%)        1062 / 6              0 / 0              0 / 0        
[125,720s][info][gc,heap     ] GC(4) Y: Min Capacity: 1024M(2%)
[125,720s][info][gc,heap     ] GC(4) Y: Max Capacity: 40960M(100%)
[125,720s][info][gc,heap     ] GC(4) Y: Soft Max Capacity: 40960M(100%)
[125,720s][info][gc,heap     ] GC(4) Y: Heap Statistics:
[125,720s][info][gc,heap     ] GC(4) Y:                Mark Start          Mark End        Relocate Start      Relocate End           High               Low         
[125,720s][info][gc,heap     ] GC(4) Y:  Capacity:    14608M (36%)       14608M (36%)       14608M (36%)       14608M (36%)       14608M (36%)       14608M (36%)    
[125,720s][info][gc,heap     ] GC(4) Y:      Free:    26426M (65%)       26416M (64%)       26416M (64%)       26428M (65%)       26428M (65%)       26406M (64%)    
[125,720s][info][gc,heap     ] GC(4) Y:      Used:    14534M (35%)       14544M (36%)       14544M (36%)       14532M (35%)       14554M (36%)       14532M (35%)    
[125,720s][info][gc,heap     ] GC(4) Y: Young Generation Statistics:
[125,720s][info][gc,heap     ] GC(4) Y:                Mark Start          Mark End        Relocate Start      Relocate End    
[125,720s][info][gc,heap     ] GC(4) Y:      Used:     2156M (5%)         2166M (5%)           70M (0%)           40M (0%)     
[125,720s][info][gc,heap     ] GC(4) Y:      Live:         -              2131M (5%)           41M (0%)           27M (0%)     
[125,720s][info][gc,heap     ] GC(4) Y:   Garbage:         -                24M (0%)           18M (0%)            0M (0%)     
[125,720s][info][gc,heap     ] GC(4) Y: Allocated:         -                10M (0%)           10M (0%)           12M (0%)     
[125,720s][info][gc,heap     ] GC(4) Y: Reclaimed:         -                  -                 6M (0%)           24M (0%)     
[125,720s][info][gc,heap     ] GC(4) Y:  Promoted:         -                  -              2089M (5%)         2104M (5%)     
[125,720s][info][gc,heap     ] GC(4) Y: Compacted:         -                  -                  -                 1M (0%)     
[125,720s][info][gc,phases   ] GC(4) Y: Young Generation 14534M(35%)->14532M(35%) 8,688s
[125,720s][info][gc,phases   ] GC(4) O: Old Generation
[154,504s][info][gc,phases   ] GC(4) O: Concurrent Mark 28783,351ms
[154,504s][info][gc,phases   ] GC(4) O: Pause Mark End 0,028ms
[154,514s][info][gc,phases   ] GC(4) O: Concurrent Mark Free 0,003ms
[154,520s][info][gc,phases   ] GC(4) O: Concurrent Process Non-Strong 6,037ms
[154,520s][info][gc,phases   ] GC(4) O: Concurrent Reset Relocation Set 0,001ms
[154,556s][info][gc,phases   ] GC(4) O: Concurrent Select Relocation Set 35,863ms
[154,556s][info][gc,task     ] GC(4) O: Using 5 Workers for Old Generation
[154,591s][info][gc,task     ] GC(4) O: Using 1 Workers for Old Generation
[154,591s][info][gc,phases   ] GC(4) O: Concurrent Remap Roots 35,056ms
[154,591s][info][gc,phases   ] GC(4) O: Pause Relocate Start 0,069ms
[154,845s][info][gc,phases   ] GC(4) O: Concurrent Relocate 253,951ms
[154,845s][info][gc,alloc    ] GC(4) O:                         Mark Start        Mark End      Relocate Start    Relocate End   
[154,845s][info][gc,alloc    ] GC(4) O: Allocation Stalls:          0                0                0                0         
[154,846s][info][gc,load     ] GC(4) O: Load: 3,29 (16%) / 2,03 (10%) / 2,02 (10%)
[154,846s][info][gc,mmu      ] GC(4) O: MMU: 2ms/96,6%, 5ms/98,6%, 10ms/99,3%, 20ms/99,6%, 50ms/99,8%, 100ms/99,9%
[154,846s][info][gc,marking  ] GC(4) O: Mark: 1 stripe(s), 2 proactive flush(es), 1 terminate flush(es), 0 completion(s), 0 continuation(s) 
[154,846s][info][gc,marking  ] GC(4) O: Mark Stack Usage: 1376M
[154,846s][info][gc,nmethod  ] GC(4) O: NMethods: 1613 registered, 204 unregistered
[154,846s][info][gc,metaspace] GC(4) O: Metaspace: 14M used, 14M committed, 1088M reserved
[154,846s][info][gc,ref      ] GC(4) O:                       Encountered   Discovered     Enqueued 
[154,846s][info][gc,ref      ] GC(4) O: Soft References:             3531            0            0 
[154,846s][info][gc,ref      ] GC(4) O: Weak References:             1261          951          364 
[154,846s][info][gc,ref      ] GC(4) O: Final References:               0            0            0 
[154,846s][info][gc,ref      ] GC(4) O: Phantom References:           170          163          150 
[154,846s][info][gc,reloc    ] GC(4) O:                        Candidates     Selected     In-Place         Size        Empty    Relocated 
[154,846s][info][gc,reloc    ] GC(4) O: Small Pages:                 6189           43            0       12378M          98M          35M 
[154,846s][info][gc,reloc    ] GC(4) O: Medium Pages:                   0            0            0           0M           0M           0M 
[154,846s][info][gc,reloc    ] GC(4) O: Large Pages:                    0            0            0           0M           0M           0M 
[154,846s][info][gc,reloc    ] GC(4) O: Forwarding Usage: 42M
[154,846s][info][gc,heap     ] GC(4) O: Min Capacity: 1024M(2%)
[154,846s][info][gc,heap     ] GC(4) O: Max Capacity: 40960M(100%)
[154,846s][info][gc,heap     ] GC(4) O: Soft Max Capacity: 40960M(100%)
[154,846s][info][gc,heap     ] GC(4) O: Heap Statistics:
[154,846s][info][gc,heap     ] GC(4) O:                Mark Start          Mark End        Relocate Start      Relocate End           High               Low         
[154,846s][info][gc,heap     ] GC(4) O:  Capacity:    14608M (36%)       15286M (37%)       15286M (37%)       15286M (37%)       15286M (37%)       14608M (36%)    
[154,846s][info][gc,heap     ] GC(4) O:      Free:    26426M (65%)       25674M (63%)       25772M (63%)       25862M (63%)       26428M (65%)       25674M (63%)    
[154,846s][info][gc,heap     ] GC(4) O:      Used:    14534M (35%)       15286M (37%)       15188M (37%)       15098M (37%)       15286M (37%)       14532M (35%)    
[154,846s][info][gc,heap     ] GC(4) O: Old Generation Statistics:
[154,846s][info][gc,heap     ] GC(4) O:                Mark Start          Mark End        Relocate Start      Relocate End    
[154,846s][info][gc,heap     ] GC(4) O:      Used:    12378M (30%)       14492M (35%)       14394M (35%)       14304M (35%)    
[154,846s][info][gc,heap     ] GC(4) O:      Live:         -             12151M (30%)       12151M (30%)       12151M (30%)    
[154,846s][info][gc,heap     ] GC(4) O:   Garbage:         -               226M (1%)          128M (0%)           29M (0%)     
[154,846s][info][gc,heap     ] GC(4) O: Allocated:         -              2114M (5%)         2114M (5%)         2123M (5%)     
[154,846s][info][gc,heap     ] GC(4) O: Reclaimed:         -                  -                98M (0%)          197M (0%)     
[154,846s][info][gc,heap     ] GC(4) O: Compacted:         -                  -                  -                90M (0%)     
[154,846s][info][gc,phases   ] GC(4) O: Old Generation 14532M(35%)->15098M(37%) 29,125s
[154,846s][info][gc          ] GC(4) Major Collection (Warmup) 14534M(35%)->15098M(37%) 37,814s
[200,851s][info][gc          ] GC(5) Major Collection (Allocation Rate)
[200,851s][info][gc,task     ] GC(5) Using 5 Workers for Young Generation
[200,851s][info][gc,task     ] GC(5) Using 4 Workers for Old Generation
[200,851s][info][gc,phases   ] GC(5) Y: Young Generation
[200,852s][info][gc,phases   ] GC(5) Y: Pause Mark Start (Major) 0,027ms
[205,449s][info][gc,phases   ] GC(5) Y: Concurrent Mark 4597,303ms
[205,449s][info][gc,phases   ] GC(5) Y: Pause Mark End 0,029ms
[205,450s][info][gc,phases   ] GC(5) Y: Concurrent Mark Free 0,003ms
[205,450s][info][gc,phases   ] GC(5) Y: Concurrent Reset Relocation Set 0,612ms
[205,452s][info][gc,reloc    ] GC(5) Y: Using tenuring threshold: 2 (Computed)
[205,459s][info][gc,phases   ] GC(5) Y: Concurrent Select Relocation Set 8,782ms
[205,459s][info][gc,phases   ] GC(5) Y: Pause Relocate Start 0,021ms
[205,505s][info][gc,phases   ] GC(5) Y: Concurrent Relocate 46,143ms
[205,506s][info][gc,alloc    ] GC(5) Y:                         Mark Start        Mark End      Relocate Start    Relocate End   
[205,506s][info][gc,alloc    ] GC(5) Y: Allocation Stalls:          0                0                0                0         
[205,506s][info][gc,load     ] GC(5) Y: Load: 2,55 (13%) / 1,98 (10%) / 2,00 (10%)
[205,506s][info][gc,mmu      ] GC(5) Y: MMU: 2ms/96,6%, 5ms/98,6%, 10ms/99,3%, 20ms/99,6%, 50ms/99,8%, 100ms/99,9%
[205,506s][info][gc,marking  ] GC(5) Y: Mark: 4 stripe(s), 10 proactive flush(es), 1 terminate flush(es), 0 completion(s), 0 continuation(s) 
[205,506s][info][gc,marking  ] GC(5) Y: Mark Stack Usage: 32M
[205,506s][info][gc,nmethod  ] GC(5) Y: NMethods: 1636 registered, 204 unregistered
[205,506s][info][gc,metaspace] GC(5) Y: Metaspace: 14M used, 14M committed, 1088M reserved
[205,506s][info][gc,reloc    ] GC(5) Y:                        Candidates     Selected     In-Place         Size        Empty    Relocated 
[205,506s][info][gc,reloc    ] GC(5) Y: Small Pages:                 1026           40            0        2052M           0M          34M 
[205,506s][info][gc,reloc    ] GC(5) Y: Medium Pages:                   0            0            0           0M           0M           0M 
[205,506s][info][gc,reloc    ] GC(5) Y: Large Pages:                    0            0            0           0M           0M           0M 
[205,506s][info][gc,reloc    ] GC(5) Y: Forwarding Usage: 39M
[205,506s][info][gc,reloc    ] GC(5) Y: Age Table:
[205,506s][info][gc,reloc    ] GC(5) Y:                    Live             Garbage             Small              Medium             Large        
[205,506s][info][gc,reloc    ] GC(5) Y: Eden            1943M (5%)           78M (0%)        1011 / 33             0 / 0              0 / 0        
[205,506s][info][gc,reloc    ] GC(5) Y: Survivor 1        12M (0%)           17M (0%)          15 / 7              0 / 0              0 / 0        
[205,506s][info][gc,heap     ] GC(5) Y: Min Capacity: 1024M(2%)
[205,506s][info][gc,heap     ] GC(5) Y: Max Capacity: 40960M(100%)
[205,506s][info][gc,heap     ] GC(5) Y: Soft Max Capacity: 40960M(100%)
[205,506s][info][gc,heap     ] GC(5) Y: Heap Statistics:
[205,506s][info][gc,heap     ] GC(5) Y:                Mark Start          Mark End        Relocate Start      Relocate End           High               Low         
[205,506s][info][gc,heap     ] GC(5) Y:  Capacity:    16356M (40%)       16590M (41%)       16590M (41%)       16600M (41%)       16600M (41%)       16356M (40%)    
[205,506s][info][gc,heap     ] GC(5) Y:      Free:    24604M (60%)       24370M (59%)       24370M (59%)       24454M (60%)       24604M (60%)       24360M (59%)    
[205,506s][info][gc,heap     ] GC(5) Y:      Used:    16356M (40%)       16590M (41%)       16590M (41%)       16506M (40%)       16600M (41%)       16356M (40%)    
[205,506s][info][gc,heap     ] GC(5) Y: Young Generation Statistics:
[205,506s][info][gc,heap     ] GC(5) Y:                Mark Start          Mark End        Relocate Start      Relocate End    
[205,506s][info][gc,heap     ] GC(5) Y:      Used:     2052M (5%)         2286M (6%)         2286M (6%)         2202M (5%)     
[205,506s][info][gc,heap     ] GC(5) Y:      Live:         -              1955M (5%)         1955M (5%)         1955M (5%)     
[205,506s][info][gc,heap     ] GC(5) Y:   Garbage:         -                96M (0%)           96M (0%)            5M (0%)     
[205,506s][info][gc,heap     ] GC(5) Y: Allocated:         -               234M (1%)          234M (1%)          241M (1%)     
[205,506s][info][gc,heap     ] GC(5) Y: Reclaimed:         -                  -                 0M (0%)           91M (0%)     
[205,506s][info][gc,heap     ] GC(5) Y:  Promoted:         -                  -                 0M (0%)            0M (0%)     
[205,506s][info][gc,heap     ] GC(5) Y: Compacted:         -                  -                  -                78M (0%)     
[205,506s][info][gc,phases   ] GC(5) Y: Young Generation 16356M(40%)->16506M(40%) 4,654s
[205,506s][info][gc,phases   ] GC(5) O: Old Generation
[226,325s][info][gc,phases   ] GC(5) O: Concurrent Mark 20818,657ms
[226,325s][info][gc,phases   ] GC(5) O: Pause Mark End 0,026ms
[226,376s][info][gc,phases   ] GC(5) O: Concurrent Mark Free 51,646ms
[226,378s][info][gc,phases   ] GC(5) O: Concurrent Process Non-Strong 1,513ms
[226,378s][info][gc,phases   ] GC(5) O: Concurrent Reset Relocation Set 0,006ms
[226,383s][info][gc,phases   ] GC(5) O: Concurrent Select Relocation Set 4,800ms
[226,383s][info][gc,task     ] GC(5) O: Using 5 Workers for Old Generation
[226,401s][info][gc,task     ] GC(5) O: Using 4 Workers for Old Generation
[226,401s][info][gc,phases   ] GC(5) O: Concurrent Remap Roots 17,928ms
[226,401s][info][gc,phases   ] GC(5) O: Pause Relocate Start 0,147ms
[226,474s][info][gc,phases   ] GC(5) O: Concurrent Relocate 73,017ms
[226,474s][info][gc,alloc    ] GC(5) O:                         Mark Start        Mark End      Relocate Start    Relocate End   
[226,474s][info][gc,alloc    ] GC(5) O: Allocation Stalls:          0                0                0                0         
[226,474s][info][gc,load     ] GC(5) O: Load: 3,29 (16%) / 2,20 (11%) / 2,07 (10%)
[226,474s][info][gc,mmu      ] GC(5) O: MMU: 2ms/92,7%, 5ms/97,1%, 10ms/98,5%, 20ms/99,3%, 50ms/99,7%, 100ms/99,8%
[226,474s][info][gc,marking  ] GC(5) O: Mark: 4 stripe(s), 10 proactive flush(es), 1 terminate flush(es), 0 completion(s), 0 continuation(s) 
[226,474s][info][gc,marking  ] GC(5) O: Mark Stack Usage: 32M
[226,474s][info][gc,nmethod  ] GC(5) O: NMethods: 1658 registered, 208 unregistered
[226,474s][info][gc,metaspace] GC(5) O: Metaspace: 14M used, 14M committed, 1088M reserved
[226,474s][info][gc,ref      ] GC(5) O:                       Encountered   Discovered     Enqueued 
[226,474s][info][gc,ref      ] GC(5) O: Soft References:             3531            0            0 
[226,474s][info][gc,ref      ] GC(5) O: Weak References:              897          569            0 
[226,474s][info][gc,ref      ] GC(5) O: Final References:               0            0            0 
[226,474s][info][gc,ref      ] GC(5) O: Phantom References:            20           12            0 
[226,474s][info][gc,reloc    ] GC(5) O:                        Candidates     Selected     In-Place         Size        Empty    Relocated 
[226,474s][info][gc,reloc    ] GC(5) O: Small Pages:                 7152           47            0       14304M         104M          40M 
[226,474s][info][gc,reloc    ] GC(5) O: Medium Pages:                   0            0            0           0M           0M           0M 
[226,474s][info][gc,reloc    ] GC(5) O: Large Pages:                    0            0            0           0M           0M           0M 
[226,474s][info][gc,reloc    ] GC(5) O: Forwarding Usage: 49M
[226,474s][info][gc,heap     ] GC(5) O: Min Capacity: 1024M(2%)
[226,474s][info][gc,heap     ] GC(5) O: Max Capacity: 40960M(100%)
[226,474s][info][gc,heap     ] GC(5) O: Soft Max Capacity: 40960M(100%)
[226,474s][info][gc,heap     ] GC(5) O: Heap Statistics:
[226,474s][info][gc,heap     ] GC(5) O:                Mark Start          Mark End        Relocate Start      Relocate End           High               Low         
[226,474s][info][gc,heap     ] GC(5) O:  Capacity:    16356M (40%)       16600M (41%)       16600M (41%)       16600M (41%)       16600M (41%)       16356M (40%)    
[226,475s][info][gc,heap     ] GC(5) O:      Free:    24604M (60%)       24418M (60%)       24522M (60%)       24628M (60%)       24628M (60%)       24360M (59%)    
[226,475s][info][gc,heap     ] GC(5) O:      Used:    16356M (40%)       16542M (40%)       16438M (40%)       16332M (40%)       16600M (41%)       16332M (40%)    
[226,475s][info][gc,heap     ] GC(5) O: Old Generation Statistics:
[226,475s][info][gc,heap     ] GC(5) O:                Mark Start          Mark End        Relocate Start      Relocate End    
[226,475s][info][gc,heap     ] GC(5) O:      Used:    14304M (35%)       14304M (35%)       14200M (35%)       14094M (34%)    
[226,475s][info][gc,heap     ] GC(5) O:      Live:         -             14056M (34%)       14056M (34%)       14056M (34%)    
[226,475s][info][gc,heap     ] GC(5) O:   Garbage:         -               247M (1%)          143M (0%)           34M (0%)     
[226,475s][info][gc,heap     ] GC(5) O: Allocated:         -                 0M (0%)            0M (0%)            3M (0%)     
[226,475s][info][gc,heap     ] GC(5) O: Reclaimed:         -                  -               104M (0%)          213M (1%)     
[226,475s][info][gc,heap     ] GC(5) O: Compacted:         -                  -                  -               108M (0%)     
[226,475s][info][gc,phases   ] GC(5) O: Old Generation 16506M(40%)->16332M(40%) 20,968s
[226,475s][info][gc          ] GC(5) Major Collection (Allocation Rate) 16356M(40%)->16332M(40%) 25,624s
[279,382s][info][gc          ] GC(6) Major Collection (Allocation Rate)
[279,382s][info][gc,task     ] GC(6) Using 5 Workers for Young Generation
[279,382s][info][gc,task     ] GC(6) Using 4 Workers for Old Generation
[279,382s][info][gc,phases   ] GC(6) Y: Young Generation
[279,382s][info][gc,phases   ] GC(6) Y: Pause Mark Start (Major) 0,059ms
[289,786s][info][gc,phases   ] GC(6) Y: Concurrent Mark 10403,174ms
[289,786s][info][gc,phases   ] GC(6) Y: Pause Mark End 0,031ms
[289,786s][info][gc,phases   ] GC(6) Y: Concurrent Mark Free 0,004ms
[289,786s][info][gc,phases   ] GC(6) Y: Concurrent Reset Relocation Set 0,015ms
[289,788s][info][gc,reloc    ] GC(6) Y: Using tenuring threshold: 1 (Computed)
[290,118s][info][gc,phases   ] GC(6) Y: Concurrent Select Relocation Set 331,676ms
[290,118s][info][gc,phases   ] GC(6) Y: Pause Relocate Start 0,025ms
[290,854s][info][gc,phases   ] GC(6) Y: Concurrent Relocate 735,841ms
[290,854s][info][gc,alloc    ] GC(6) Y:                         Mark Start        Mark End      Relocate Start    Relocate End   
[290,854s][info][gc,alloc    ] GC(6) Y: Allocation Stalls:          0                0                0                0         
[290,854s][info][gc,load     ] GC(6) Y: Load: 2,16 (11%) / 2,07 (10%) / 2,03 (10%)
[290,854s][info][gc,mmu      ] GC(6) Y: MMU: 2ms/92,7%, 5ms/97,1%, 10ms/98,5%, 20ms/99,3%, 50ms/99,7%, 100ms/99,8%
[290,854s][info][gc,marking  ] GC(6) Y: Mark: 4 stripe(s), 10 proactive flush(es), 1 terminate flush(es), 0 completion(s), 0 continuation(s) 
[290,854s][info][gc,marking  ] GC(6) Y: Mark Stack Usage: 32M
[290,854s][info][gc,nmethod  ] GC(6) Y: NMethods: 1662 registered, 208 unregistered
[290,854s][info][gc,metaspace] GC(6) Y: Metaspace: 14M used, 14M committed, 1088M reserved
[290,854s][info][gc,reloc    ] GC(6) Y:                        Candidates     Selected     In-Place         Size        Empty    Relocated 
[290,854s][info][gc,reloc    ] GC(6) Y: Small Pages:                 1593           45            0        3186M          36M          33M 
[290,854s][info][gc,reloc    ] GC(6) Y: Medium Pages:                   0            0            0           0M           0M           0M 
[290,854s][info][gc,reloc    ] GC(6) Y: Large Pages:                    0            0            0           0M           0M           0M 
[290,854s][info][gc,reloc    ] GC(6) Y: Forwarding Usage: 38M
[290,854s][info][gc,reloc    ] GC(6) Y: Age Table:
[290,854s][info][gc,reloc    ] GC(6) Y:                    Live             Garbage             Small              Medium             Large        
[290,854s][info][gc,reloc    ] GC(6) Y: Eden            1152M (3%)           65M (0%)         609 / 27             0 / 0              0 / 0        
[290,854s][info][gc,reloc    ] GC(6) Y: Survivor 1      1886M (5%)           65M (0%)         976 / 16             0 / 0              0 / 0        
[290,854s][info][gc,reloc    ] GC(6) Y: Survivor 2         0M (0%)           15M (0%)           8 / 2              0 / 0              0 / 0        
[290,854s][info][gc,heap     ] GC(6) Y: Min Capacity: 1024M(2%)
[290,854s][info][gc,heap     ] GC(6) Y: Max Capacity: 40960M(100%)
[290,854s][info][gc,heap     ] GC(6) Y: Soft Max Capacity: 40960M(100%)
[290,854s][info][gc,heap     ] GC(6) Y: Heap Statistics:
[290,854s][info][gc,heap     ] GC(6) Y:                Mark Start          Mark End        Relocate Start      Relocate End           High               Low         
[290,854s][info][gc,heap     ] GC(6) Y:  Capacity:    17280M (42%)       17832M (44%)       17832M (44%)       17832M (44%)       17832M (44%)       17280M (42%)    
[290,854s][info][gc,heap     ] GC(6) Y:      Free:    23680M (58%)       23128M (56%)       23164M (57%)       23256M (57%)       23680M (58%)       23128M (56%)    
[290,854s][info][gc,heap     ] GC(6) Y:      Used:    17280M (42%)       17832M (44%)       17796M (43%)       17704M (43%)       17832M (44%)       17280M (42%)    
[290,854s][info][gc,heap     ] GC(6) Y: Young Generation Statistics:
[290,854s][info][gc,heap     ] GC(6) Y:                Mark Start          Mark End        Relocate Start      Relocate End    
[290,854s][info][gc,heap     ] GC(6) Y:      Used:     3186M (8%)         3738M (9%)         1830M (4%)         1716M (4%)     
[290,854s][info][gc,heap     ] GC(6) Y:      Live:         -              3039M (7%)         1173M (3%)         1152M (3%)     
[290,854s][info][gc,heap     ] GC(6) Y:   Garbage:         -               146M (0%)          104M (0%)            3M (0%)     
[290,854s][info][gc,heap     ] GC(6) Y: Allocated:         -               552M (1%)          552M (1%)          559M (1%)     
[290,854s][info][gc,heap     ] GC(6) Y: Reclaimed:         -                  -                41M (0%)          142M (0%)     
[290,854s][info][gc,heap     ] GC(6) Y:  Promoted:         -                  -              1866M (5%)         1886M (5%)     
[290,854s][info][gc,heap     ] GC(6) Y: Compacted:         -                  -                  -                54M (0%)     
[290,854s][info][gc,phases   ] GC(6) Y: Young Generation 17280M(42%)->17704M(43%) 11,472s
[290,854s][info][gc,phases   ] GC(6) O: Old Generation
[328,339s][info][gc,phases   ] GC(6) O: Concurrent Mark 37484,884ms
[328,340s][info][gc,phases   ] GC(6) O: Pause Mark End 0,029ms
[328,340s][info][gc,phases   ] GC(6) O: Concurrent Mark Free 0,003ms
[328,342s][info][gc,phases   ] GC(6) O: Concurrent Process Non-Strong 2,031ms
[328,342s][info][gc,phases   ] GC(6) O: Concurrent Reset Relocation Set 0,015ms
[328,347s][info][gc,phases   ] GC(6) O: Concurrent Select Relocation Set 5,046ms
[328,347s][info][gc,task     ] GC(6) O: Using 5 Workers for Old Generation
[328,381s][info][gc,task     ] GC(6) O: Using 4 Workers for Old Generation
[328,381s][info][gc,phases   ] GC(6) O: Concurrent Remap Roots 33,705ms
[328,381s][info][gc,phases   ] GC(6) O: Pause Relocate Start 0,023ms
[328,443s][info][gc,phases   ] GC(6) O: Concurrent Relocate 61,492ms
[328,443s][info][gc,alloc    ] GC(6) O:                         Mark Start        Mark End      Relocate Start    Relocate End   
[328,443s][info][gc,alloc    ] GC(6) O: Allocation Stalls:          0                0                0                0         
[328,443s][info][gc,load     ] GC(6) O: Load: 3,62 (18%) / 2,47 (12%) / 2,17 (11%)
[328,443s][info][gc,mmu      ] GC(6) O: MMU: 2ms/92,7%, 5ms/97,1%, 10ms/98,5%, 20ms/99,3%, 50ms/99,7%, 100ms/99,8%
[328,443s][info][gc,marking  ] GC(6) O: Mark: 4 stripe(s), 10 proactive flush(es), 1 terminate flush(es), 0 completion(s), 0 continuation(s) 
[328,443s][info][gc,marking  ] GC(6) O: Mark Stack Usage: 64M
[328,443s][info][gc,nmethod  ] GC(6) O: NMethods: 1669 registered, 208 unregistered
[328,443s][info][gc,metaspace] GC(6) O: Metaspace: 14M used, 14M committed, 1088M reserved
[328,443s][info][gc,ref      ] GC(6) O:                       Encountered   Discovered     Enqueued 
[328,443s][info][gc,ref      ] GC(6) O: Soft References:             3531            0            0 
[328,443s][info][gc,ref      ] GC(6) O: Weak References:              897          319            0 
[328,443s][info][gc,ref      ] GC(6) O: Final References:               0            0            0 
[328,443s][info][gc,ref      ] GC(6) O: Phantom References:            20           14            0 
[328,443s][info][gc,reloc    ] GC(6) O:                        Candidates     Selected     In-Place         Size        Empty    Relocated 
[328,443s][info][gc,reloc    ] GC(6) O: Small Pages:                 7047           35            0       14094M          54M          34M 
[328,443s][info][gc,reloc    ] GC(6) O: Medium Pages:                   0            0            0           0M           0M           0M 
[328,443s][info][gc,reloc    ] GC(6) O: Large Pages:                    0            0            0           0M           0M           0M 
[328,443s][info][gc,reloc    ] GC(6) O: Forwarding Usage: 41M
[328,443s][info][gc,heap     ] GC(6) O: Min Capacity: 1024M(2%)
[328,443s][info][gc,heap     ] GC(6) O: Max Capacity: 40960M(100%)
[328,443s][info][gc,heap     ] GC(6) O: Soft Max Capacity: 40960M(100%)
[328,443s][info][gc,heap     ] GC(6) O: Heap Statistics:
[328,443s][info][gc,heap     ] GC(6) O:                Mark Start          Mark End        Relocate Start      Relocate End           High               Low         
[328,443s][info][gc,heap     ] GC(6) O:  Capacity:    17280M (42%)       18464M (45%)       18464M (45%)       18464M (45%)       18464M (45%)       17280M (42%)    
[328,443s][info][gc,heap     ] GC(6) O:      Free:    23680M (58%)       22496M (55%)       22550M (55%)       22628M (55%)       23680M (58%)       22496M (55%)    
[328,443s][info][gc,heap     ] GC(6) O:      Used:    17280M (42%)       18464M (45%)       18410M (45%)       18332M (45%)       18464M (45%)       17280M (42%)    
[328,443s][info][gc,heap     ] GC(6) O: Old Generation Statistics:
[328,443s][info][gc,heap     ] GC(6) O:                Mark Start          Mark End        Relocate Start      Relocate End    
[328,443s][info][gc,heap     ] GC(6) O:      Used:    14094M (34%)       15988M (39%)       15934M (39%)       15856M (39%)    
[328,443s][info][gc,heap     ] GC(6) O:      Live:         -             13922M (34%)       13922M (34%)       13922M (34%)    
[328,443s][info][gc,heap     ] GC(6) O:   Garbage:         -               171M (0%)          117M (0%)           34M (0%)     
[328,443s][info][gc,heap     ] GC(6) O: Allocated:         -              1894M (5%)         1894M (5%)         1899M (5%)     
[328,443s][info][gc,heap     ] GC(6) O: Reclaimed:         -                  -                54M (0%)          137M (0%)     
[328,443s][info][gc,heap     ] GC(6) O: Compacted:         -                  -                  -                92M (0%)     
[328,443s][info][gc,phases   ] GC(6) O: Old Generation 17704M(43%)->18332M(45%) 37,588s
[328,443s][info][gc          ] GC(6) Major Collection (Allocation Rate) 17280M(42%)->18332M(45%) 49,061s
[354,008s][info][gc          ] GC(7) Minor Collection (Allocation Rate)
[354,009s][info][gc,task     ] GC(7) Using 5 Workers for Young Generation
[354,009s][info][gc,phases   ] GC(7) y: Young Generation
[354,009s][info][gc,phases   ] GC(7) y: Pause Mark Start 0,030ms
[362,610s][info][gc,phases   ] GC(7) y: Concurrent Mark 8600,448ms
[362,610s][info][gc,phases   ] GC(7) y: Pause Mark End 0,029ms
[362,610s][info][gc,phases   ] GC(7) y: Concurrent Mark Free 0,002ms
[362,616s][info][gc,phases   ] GC(7) y: Concurrent Reset Relocation Set 6,083ms
[362,618s][info][gc,reloc    ] GC(7) y: Using tenuring threshold: 1 (Computed)
[362,808s][info][gc,phases   ] GC(7) y: Concurrent Select Relocation Set 191,457ms
[362,808s][info][gc,phases   ] GC(7) y: Pause Relocate Start 0,024ms
[363,271s][info][gc,phases   ] GC(7) y: Concurrent Relocate 463,005ms
[363,271s][info][gc,alloc    ] GC(7) y:                         Mark Start        Mark End      Relocate Start    Relocate End   
[363,271s][info][gc,alloc    ] GC(7) y: Allocation Stalls:          0                0                0                0         
[363,271s][info][gc,load     ] GC(7) y: Load: 3,24 (16%) / 2,48 (12%) / 2,19 (11%)
[363,271s][info][gc,mmu      ] GC(7) y: MMU: 2ms/92,7%, 5ms/97,1%, 10ms/98,5%, 20ms/99,3%, 50ms/99,7%, 100ms/99,8%
[363,271s][info][gc,marking  ] GC(7) y: Mark: 4 stripe(s), 10 proactive flush(es), 1 terminate flush(es), 0 completion(s), 0 continuation(s) 
[363,271s][info][gc,marking  ] GC(7) y: Mark Stack Usage: 32M
[363,271s][info][gc,nmethod  ] GC(7) y: NMethods: 1670 registered, 208 unregistered
[363,271s][info][gc,metaspace] GC(7) y: Metaspace: 14M used, 14M committed, 1088M reserved
[363,271s][info][gc,reloc    ] GC(7) y:                        Candidates     Selected     In-Place         Size        Empty    Relocated 
[363,271s][info][gc,reloc    ] GC(7) y: Small Pages:                 1356           34            0        2712M           0M          30M 
[363,271s][info][gc,reloc    ] GC(7) y: Medium Pages:                   0            0            0           0M           0M           0M 
[363,271s][info][gc,reloc    ] GC(7) y: Large Pages:                    0            0            0           0M           0M           0M 
[363,271s][info][gc,reloc    ] GC(7) y: Forwarding Usage: 34M
[363,271s][info][gc,reloc    ] GC(7) y: Age Table:
[363,271s][info][gc,reloc    ] GC(7) y:                    Live             Garbage             Small              Medium             Large        
[363,271s][info][gc,reloc    ] GC(7) y: Eden            1488M (4%)           61M (0%)         775 / 25             0 / 0              0 / 0        
[363,271s][info][gc,reloc    ] GC(7) y: Survivor 1      1137M (3%)           24M (0%)         581 / 9              0 / 0              0 / 0        
[363,271s][info][gc,heap     ] GC(7) y: Min Capacity: 1024M(2%)
[363,271s][info][gc,heap     ] GC(7) y: Max Capacity: 40960M(100%)
[363,271s][info][gc,heap     ] GC(7) y: Soft Max Capacity: 40960M(100%)
[363,271s][info][gc,heap     ] GC(7) y: Heap Statistics:
[363,271s][info][gc,heap     ] GC(7) y:                Mark Start          Mark End        Relocate Start      Relocate End           High               Low         
[363,271s][info][gc,heap     ] GC(7) y:  Capacity:    18568M (45%)       19076M (47%)       19076M (47%)       19086M (47%)       19086M (47%)       18568M (45%)    
[363,271s][info][gc,heap     ] GC(7) y:      Free:    22392M (55%)       21884M (53%)       21884M (53%)       21954M (54%)       22392M (55%)       21874M (53%)    
[363,271s][info][gc,heap     ] GC(7) y:      Used:    18568M (45%)       19076M (47%)       19076M (47%)       19006M (46%)       19086M (47%)       18568M (45%)    
[363,271s][info][gc,heap     ] GC(7) y: Young Generation Statistics:
[363,271s][info][gc,heap     ] GC(7) y:                Mark Start          Mark End        Relocate Start      Relocate End    
[363,271s][info][gc,heap     ] GC(7) y:      Used:     2712M (7%)         3220M (8%)         2098M (5%)         2006M (5%)     
[363,271s][info][gc,heap     ] GC(7) y:      Live:         -              2626M (6%)         1507M (4%)         1488M (4%)     
[363,271s][info][gc,heap     ] GC(7) y:   Garbage:         -                85M (0%)           82M (0%)            4M (0%)     
[363,271s][info][gc,heap     ] GC(7) y: Allocated:         -               508M (1%)          508M (1%)          512M (1%)     
[363,271s][info][gc,heap     ] GC(7) y: Reclaimed:         -                  -                 2M (0%)           81M (0%)     
[363,271s][info][gc,heap     ] GC(7) y:  Promoted:         -                  -              1119M (3%)         1137M (3%)     
[363,271s][info][gc,heap     ] GC(7) y: Compacted:         -                  -                  -                49M (0%)     
[363,271s][info][gc,phases   ] GC(7) y: Young Generation 18568M(45%)->19006M(46%) 9,262s
[363,271s][info][gc          ] GC(7) Minor Collection (Allocation Rate) 18568M(45%)->19006M(46%) 9,263s
[406,058s][info][gc          ] GC(8) Major Collection (Allocation Rate)
[406,058s][info][gc,task     ] GC(8) Using 4 Workers for Young Generation
[406,058s][info][gc,task     ] GC(8) Using 1 Workers for Old Generation
[406,058s][info][gc,phases   ] GC(8) Y: Young Generation
[406,058s][info][gc,phases   ] GC(8) Y: Pause Mark Start (Major) 0,030ms
[413,647s][info][gc,phases   ] GC(8) Y: Concurrent Mark 7588,688ms
[413,647s][info][gc,phases   ] GC(8) Y: Pause Mark End 0,027ms
[413,657s][info][gc,phases   ] GC(8) Y: Concurrent Mark Free 0,004ms
[413,657s][info][gc,phases   ] GC(8) Y: Concurrent Reset Relocation Set 0,481ms
[413,660s][info][gc,reloc    ] GC(8) Y: Using tenuring threshold: 2 (Computed)
[413,663s][info][gc,phases   ] GC(8) Y: Concurrent Select Relocation Set 5,217ms
[413,663s][info][gc,phases   ] GC(8) Y: Pause Relocate Start 0,039ms
[413,695s][info][gc,phases   ] GC(8) Y: Concurrent Relocate 32,435ms
[413,696s][info][gc,alloc    ] GC(8) Y:                         Mark Start        Mark End      Relocate Start    Relocate End   
[413,696s][info][gc,alloc    ] GC(8) Y: Allocation Stalls:          0                0                0                0         
[413,696s][info][gc,load     ] GC(8) Y: Load: 2,68 (13%) / 2,44 (12%) / 2,19 (11%)
[413,696s][info][gc,mmu      ] GC(8) Y: MMU: 2ms/92,7%, 5ms/97,1%, 10ms/98,5%, 20ms/99,3%, 50ms/99,7%, 100ms/99,8%
[413,696s][info][gc,marking  ] GC(8) Y: Mark: 4 stripe(s), 10 proactive flush(es), 1 terminate flush(es), 0 completion(s), 0 continuation(s) 
[413,696s][info][gc,marking  ] GC(8) Y: Mark Stack Usage: 32M
[413,696s][info][gc,nmethod  ] GC(8) Y: NMethods: 1681 registered, 208 unregistered
[413,696s][info][gc,metaspace] GC(8) Y: Metaspace: 14M used, 14M committed, 1088M reserved
[413,696s][info][gc,reloc    ] GC(8) Y:                        Candidates     Selected     In-Place         Size        Empty    Relocated 
[413,696s][info][gc,reloc    ] GC(8) Y: Small Pages:                 1377           22            0        2754M           0M          17M 
[413,696s][info][gc,reloc    ] GC(8) Y: Medium Pages:                   0            0            0           0M           0M           0M 
[413,696s][info][gc,reloc    ] GC(8) Y: Large Pages:                    0            0            0           0M           0M           0M 
[413,696s][info][gc,reloc    ] GC(8) Y: Forwarding Usage: 20M
[413,696s][info][gc,reloc    ] GC(8) Y: Age Table:
[413,696s][info][gc,reloc    ] GC(8) Y:                    Live             Garbage             Small              Medium             Large        
[413,696s][info][gc,reloc    ] GC(8) Y: Eden            1222M (3%)           33M (0%)         628 / 12             0 / 0              0 / 0        
[413,696s][info][gc,reloc    ] GC(8) Y: Survivor 1      1473M (4%)           24M (0%)         749 / 10             0 / 0              0 / 0        
[413,696s][info][gc,heap     ] GC(8) Y: Min Capacity: 1024M(2%)
[413,696s][info][gc,heap     ] GC(8) Y: Max Capacity: 40960M(100%)
[413,696s][info][gc,heap     ] GC(8) Y: Soft Max Capacity: 40960M(100%)
[413,696s][info][gc,heap     ] GC(8) Y: Heap Statistics:
[413,696s][info][gc,heap     ] GC(8) Y:                Mark Start          Mark End        Relocate Start      Relocate End           High               Low         
[413,696s][info][gc,heap     ] GC(8) Y:  Capacity:    19754M (48%)       19778M (48%)       19778M (48%)       19786M (48%)       19786M (48%)       19754M (48%)    
[413,696s][info][gc,heap     ] GC(8) Y:      Free:    21206M (52%)       21182M (52%)       21182M (52%)       21224M (52%)       21224M (52%)       21174M (52%)    
[413,696s][info][gc,heap     ] GC(8) Y:      Used:    19754M (48%)       19778M (48%)       19778M (48%)       19736M (48%)       19786M (48%)       19736M (48%)    
[413,696s][info][gc,heap     ] GC(8) Y: Young Generation Statistics:
[413,696s][info][gc,heap     ] GC(8) Y:                Mark Start          Mark End        Relocate Start      Relocate End    
[413,696s][info][gc,heap     ] GC(8) Y:      Used:     2754M (7%)         2778M (7%)         2778M (7%)         2736M (7%)     
[413,696s][info][gc,heap     ] GC(8) Y:      Live:         -              2696M (7%)         2696M (7%)         2696M (7%)     
[413,696s][info][gc,heap     ] GC(8) Y:   Garbage:         -                57M (0%)           57M (0%)            7M (0%)     
[413,696s][info][gc,heap     ] GC(8) Y: Allocated:         -                24M (0%)           24M (0%)           32M (0%)     
[413,696s][info][gc,heap     ] GC(8) Y: Reclaimed:         -                  -                 0M (0%)           50M (0%)     
[413,696s][info][gc,heap     ] GC(8) Y:  Promoted:         -                  -                 0M (0%)            0M (0%)     
[413,696s][info][gc,heap     ] GC(8) Y: Compacted:         -                  -                  -                39M (0%)     
[413,696s][info][gc,phases   ] GC(8) Y: Young Generation 19754M(48%)->19736M(48%) 7,638s
[413,696s][info][gc,phases   ] GC(8) O: Old Generation
[456,144s][info][gc,phases   ] GC(8) O: Concurrent Mark 42447,850ms
[456,144s][info][gc,phases   ] GC(8) O: Pause Mark End 0,021ms
[456,144s][info][gc,phases   ] GC(8) O: Concurrent Mark Free 0,003ms
[456,149s][info][gc,phases   ] GC(8) O: Concurrent Process Non-Strong 4,606ms
[456,149s][info][gc,phases   ] GC(8) O: Concurrent Reset Relocation Set 0,011ms
[456,171s][info][gc,phases   ] GC(8) O: Concurrent Select Relocation Set 21,710ms
[456,171s][info][gc,task     ] GC(8) O: Using 5 Workers for Old Generation
[456,198s][info][gc,task     ] GC(8) O: Using 1 Workers for Old Generation
[456,198s][info][gc,phases   ] GC(8) O: Concurrent Remap Roots 26,960ms
[456,198s][info][gc,phases   ] GC(8) O: Pause Relocate Start 0,035ms
[456,517s][info][gc,phases   ] GC(8) O: Concurrent Relocate 319,300ms
[456,517s][info][gc,alloc    ] GC(8) O:                         Mark Start        Mark End      Relocate Start    Relocate End   
[456,517s][info][gc,alloc    ] GC(8) O: Allocation Stalls:          0                0                0                0         
[456,517s][info][gc,load     ] GC(8) O: Load: 2,53 (13%) / 2,44 (12%) / 2,20 (11%)
[456,517s][info][gc,mmu      ] GC(8) O: MMU: 2ms/92,7%, 5ms/97,1%, 10ms/98,5%, 20ms/99,3%, 50ms/99,7%, 100ms/99,8%
[456,517s][info][gc,marking  ] GC(8) O: Mark: 1 stripe(s), 2 proactive flush(es), 1 terminate flush(es), 0 completion(s), 0 continuation(s) 
[456,517s][info][gc,marking  ] GC(8) O: Mark Stack Usage: 1856M
[456,517s][info][gc,nmethod  ] GC(8) O: NMethods: 1684 registered, 209 unregistered
[456,517s][info][gc,metaspace] GC(8) O: Metaspace: 14M used, 14M committed, 1088M reserved
[456,517s][info][gc,ref      ] GC(8) O:                       Encountered   Discovered     Enqueued 
[456,517s][info][gc,ref      ] GC(8) O: Soft References:             3531            0            0 
[456,517s][info][gc,ref      ] GC(8) O: Weak References:              897          587            0 
[456,517s][info][gc,ref      ] GC(8) O: Final References:               0            0            0 
[456,517s][info][gc,ref      ] GC(8) O: Phantom References:            20           13            0 
[456,517s][info][gc,reloc    ] GC(8) O:                        Candidates     Selected     In-Place         Size        Empty    Relocated 
[456,517s][info][gc,reloc    ] GC(8) O: Small Pages:                 8500           64            0       17000M         112M          53M 
[456,517s][info][gc,reloc    ] GC(8) O: Medium Pages:                   0            0            0           0M           0M           0M 
[456,517s][info][gc,reloc    ] GC(8) O: Large Pages:                    0            0            0           0M           0M           0M 
[456,517s][info][gc,reloc    ] GC(8) O: Forwarding Usage: 65M
[456,517s][info][gc,heap     ] GC(8) O: Min Capacity: 1024M(2%)
[456,517s][info][gc,heap     ] GC(8) O: Max Capacity: 40960M(100%)
[456,517s][info][gc,heap     ] GC(8) O: Soft Max Capacity: 40960M(100%)
[456,517s][info][gc,heap     ] GC(8) O: Heap Statistics:
[456,517s][info][gc,heap     ] GC(8) O:                Mark Start          Mark End        Relocate Start      Relocate End           High               Low         
[456,517s][info][gc,heap     ] GC(8) O:  Capacity:    19754M (48%)       20490M (50%)       20490M (50%)       20490M (50%)       20490M (50%)       19754M (48%)    
[456,518s][info][gc,heap     ] GC(8) O:      Free:    21206M (52%)       20470M (50%)       20582M (50%)       20722M (51%)       21224M (52%)       20470M (50%)    
[456,518s][info][gc,heap     ] GC(8) O:      Used:    19754M (48%)       20490M (50%)       20378M (50%)       20238M (49%)       20490M (50%)       19736M (48%)    
[456,518s][info][gc,heap     ] GC(8) O: Old Generation Statistics:
[456,518s][info][gc,heap     ] GC(8) O:                Mark Start          Mark End        Relocate Start      Relocate End    
[456,518s][info][gc,heap     ] GC(8) O:      Used:    17000M (42%)       17000M (42%)       16888M (41%)       16744M (41%)    
[456,518s][info][gc,heap     ] GC(8) O:      Live:         -             16698M (41%)       16698M (41%)       16698M (41%)    
[456,518s][info][gc,heap     ] GC(8) O:   Garbage:         -               301M (1%)          189M (0%)           40M (0%)     
[456,518s][info][gc,heap     ] GC(8) O: Allocated:         -                 0M (0%)            0M (0%)            4M (0%)     
[456,518s][info][gc,heap     ] GC(8) O: Reclaimed:         -                  -               112M (0%)          260M (1%)     
[456,518s][info][gc,heap     ] GC(8) O: Compacted:         -                  -                  -               141M (0%)     
[456,518s][info][gc,phases   ] GC(8) O: Old Generation 19736M(48%)->20238M(49%) 42,821s
[456,518s][info][gc          ] GC(8) Major Collection (Allocation Rate) 19754M(48%)->20238M(49%) 50,460s
[527,822s][info][gc          ] GC(9) Major Collection (Allocation Rate)
[527,822s][info][gc,task     ] GC(9) Using 4 Workers for Young Generation
[527,822s][info][gc,task     ] GC(9) Using 3 Workers for Old Generation
[527,822s][info][gc,phases   ] GC(9) Y: Young Generation
[527,822s][info][gc,phases   ] GC(9) Y: Pause Mark Start (Major) 0,056ms
[542,072s][info][gc,phases   ] GC(9) Y: Concurrent Mark 14249,576ms
[542,072s][info][gc,phases   ] GC(9) Y: Pause Mark End 0,027ms
[542,072s][info][gc,phases   ] GC(9) Y: Concurrent Mark Free 0,001ms
[542,072s][info][gc,phases   ] GC(9) Y: Concurrent Reset Relocation Set 0,011ms
[542,075s][info][gc,reloc    ] GC(9) Y: Using tenuring threshold: 1 (Computed)
[542,645s][info][gc,phases   ] GC(9) Y: Concurrent Select Relocation Set 572,816ms
[542,646s][info][gc,phases   ] GC(9) Y: Pause Relocate Start 0,021ms
[543,996s][info][gc,phases   ] GC(9) Y: Concurrent Relocate 1349,837ms
[543,996s][info][gc,alloc    ] GC(9) Y:                         Mark Start        Mark End      Relocate Start    Relocate End   
[543,996s][info][gc,alloc    ] GC(9) Y: Allocation Stalls:          0                0                0                0         
[543,996s][info][gc,load     ] GC(9) Y: Load: 2,35 (12%) / 2,29 (11%) / 2,16 (11%)
[543,996s][info][gc,mmu      ] GC(9) Y: MMU: 2ms/92,7%, 5ms/97,1%, 10ms/98,5%, 20ms/99,3%, 50ms/99,7%, 100ms/99,8%
[543,996s][info][gc,marking  ] GC(9) Y: Mark: 4 stripe(s), 10 proactive flush(es), 1 terminate flush(es), 0 completion(s), 0 continuation(s) 
[543,996s][info][gc,marking  ] GC(9) Y: Mark Stack Usage: 32M
[543,996s][info][gc,nmethod  ] GC(9) Y: NMethods: 1728 registered, 209 unregistered
[543,996s][info][gc,metaspace] GC(9) Y: Metaspace: 14M used, 14M committed, 1088M reserved
[543,996s][info][gc,reloc    ] GC(9) Y:                        Candidates     Selected     In-Place         Size        Empty    Relocated 
[543,996s][info][gc,reloc    ] GC(9) Y: Small Pages:                 2522           72            0        5044M          16M          60M 
[543,996s][info][gc,reloc    ] GC(9) Y: Medium Pages:                   0            0            0           0M           0M           0M 
[543,996s][info][gc,reloc    ] GC(9) Y: Large Pages:                    0            0            0           0M           0M           0M 
[543,996s][info][gc,reloc    ] GC(9) Y: Forwarding Usage: 70M
[543,996s][info][gc,reloc    ] GC(9) Y: Age Table:
[543,996s][info][gc,reloc    ] GC(9) Y:                    Live             Garbage             Small              Medium             Large        
[543,996s][info][gc,reloc    ] GC(9) Y: Eden            2201M (5%)          130M (0%)        1166 / 55             0 / 0              0 / 0        
[543,996s][info][gc,reloc    ] GC(9) Y: Survivor 1      1207M (3%)           22M (0%)         615 / 8              0 / 0              0 / 0        
[543,996s][info][gc,reloc    ] GC(9) Y: Survivor 2      1441M (4%)           40M (0%)         741 / 9              0 / 0              0 / 0        
[543,996s][info][gc,heap     ] GC(9) Y: Min Capacity: 1024M(2%)
[543,996s][info][gc,heap     ] GC(9) Y: Max Capacity: 40960M(100%)
[543,996s][info][gc,heap     ] GC(9) Y: Soft Max Capacity: 40960M(100%)
[543,996s][info][gc,heap     ] GC(9) Y: Heap Statistics:
[543,996s][info][gc,heap     ] GC(9) Y:                Mark Start          Mark End        Relocate Start      Relocate End           High               Low         
[543,996s][info][gc,heap     ] GC(9) Y:  Capacity:    21788M (53%)       22518M (55%)       22518M (55%)       22518M (55%)       22518M (55%)       21788M (53%)    
[543,996s][info][gc,heap     ] GC(9) Y:      Free:    19172M (47%)       18442M (45%)       18458M (45%)       18614M (45%)       19172M (47%)       18442M (45%)    
[543,996s][info][gc,heap     ] GC(9) Y:      Used:    21788M (53%)       22518M (55%)       22502M (55%)       22346M (55%)       22518M (55%)       21788M (53%)    
[543,996s][info][gc,heap     ] GC(9) Y: Young Generation Statistics:
[543,996s][info][gc,heap     ] GC(9) Y:                Mark Start          Mark End        Relocate Start      Relocate End    
[543,996s][info][gc,heap     ] GC(9) Y:      Used:     5044M (12%)        5774M (14%)        3124M (8%)         2942M (7%)     
[543,996s][info][gc,heap     ] GC(9) Y:      Live:         -              4850M (12%)        2224M (5%)         2201M (5%)     
[543,996s][info][gc,heap     ] GC(9) Y:   Garbage:         -               193M (0%)          169M (0%)            5M (0%)     
[543,996s][info][gc,heap     ] GC(9) Y: Allocated:         -               730M (2%)          730M (2%)          734M (2%)     
[543,996s][info][gc,heap     ] GC(9) Y: Reclaimed:         -                  -                24M (0%)          188M (0%)     
[543,996s][info][gc,heap     ] GC(9) Y:  Promoted:         -                  -              2625M (6%)         2648M (6%)     
[543,996s][info][gc,heap     ] GC(9) Y: Compacted:         -                  -                  -               115M (0%)     
[543,996s][info][gc,phases   ] GC(9) Y: Young Generation 21788M(53%)->22346M(55%) 16,174s
[543,996s][info][gc,phases   ] GC(9) O: Old Generation
[544,002s][info][gc          ] GC(10) Minor Collection (Allocation Rate)
[544,002s][info][gc,task     ] GC(10) Using 2 Workers for Young Generation
[544,002s][info][gc,phases   ] GC(10) y: Young Generation
[544,003s][info][gc,phases   ] GC(10) y: Pause Mark Start 0,188ms
[550,827s][info][gc,phases   ] GC(10) y: Concurrent Mark 6824,139ms
[550,827s][info][gc,phases   ] GC(10) y: Pause Mark End 0,044ms
[550,827s][info][gc,phases   ] GC(10) y: Concurrent Mark Free 0,002ms
[550,829s][info][gc,phases   ] GC(10) y: Concurrent Reset Relocation Set 1,070ms
[550,832s][info][gc,reloc    ] GC(10) y: Using tenuring threshold: 1 (Computed)
[551,761s][info][gc,phases   ] GC(10) y: Concurrent Select Relocation Set 932,449ms
[551,761s][info][gc,phases   ] GC(10) y: Pause Relocate Start 0,038ms
[553,761s][info][gc,phases   ] GC(10) y: Concurrent Relocate 1999,410ms
[553,761s][info][gc,alloc    ] GC(10) y:                         Mark Start        Mark End      Relocate Start    Relocate End   
[553,761s][info][gc,alloc    ] GC(10) y: Allocation Stalls:          0                0                0                0         
[553,761s][info][gc,load     ] GC(10) y: Load: 2,91 (15%) / 2,41 (12%) / 2,20 (11%)
[553,761s][info][gc,mmu      ] GC(10) y: MMU: 2ms/90,6%, 5ms/96,2%, 10ms/98,1%, 20ms/99,1%, 50ms/99,6%, 100ms/99,8%
[553,761s][info][gc,marking  ] GC(10) y: Mark: 2 stripe(s), 10 proactive flush(es), 1 terminate flush(es), 0 completion(s), 0 continuation(s) 
[553,761s][info][gc,marking  ] GC(10) y: Mark Stack Usage: 32M
[553,761s][info][gc,nmethod  ] GC(10) y: NMethods: 1728 registered, 209 unregistered
[553,761s][info][gc,metaspace] GC(10) y: Metaspace: 14M used, 14M committed, 1088M reserved
[553,761s][info][gc,reloc    ] GC(10) y:                        Candidates     Selected     In-Place         Size        Empty    Relocated 
[553,761s][info][gc,reloc    ] GC(10) y: Small Pages:                 1471           10            0        2942M           0M           9M 
[553,761s][info][gc,reloc    ] GC(10) y: Medium Pages:                   0            0            0           0M           0M           0M 
[553,761s][info][gc,reloc    ] GC(10) y: Large Pages:                    0            0            0           0M           0M           0M 
[553,761s][info][gc,reloc    ] GC(10) y: Forwarding Usage: 9M
[553,761s][info][gc,reloc    ] GC(10) y: Age Table:
[553,761s][info][gc,reloc    ] GC(10) y:                    Live             Garbage             Small              Medium             Large        
[553,761s][info][gc,reloc    ] GC(10) y: Eden             721M (2%)           10M (0%)         366 / 3              0 / 0              0 / 0        
[553,761s][info][gc,reloc    ] GC(10) y: Survivor 1      2188M (5%)           21M (0%)        1105 / 7              0 / 0              0 / 0        
[553,761s][info][gc,heap     ] GC(10) y: Min Capacity: 1024M(2%)
[553,761s][info][gc,heap     ] GC(10) y: Max Capacity: 40960M(100%)
[553,761s][info][gc,heap     ] GC(10) y: Soft Max Capacity: 40960M(100%)
[553,761s][info][gc,heap     ] GC(10) y: Heap Statistics:
[553,761s][info][gc,heap     ] GC(10) y:                Mark Start          Mark End        Relocate Start      Relocate End           High               Low         
[553,761s][info][gc,heap     ] GC(10) y:  Capacity:    22518M (55%)       22518M (55%)       22518M (55%)       22518M (55%)       22518M (55%)       22518M (55%)    
[553,761s][info][gc,heap     ] GC(10) y:      Free:    18614M (45%)       18608M (45%)       18606M (45%)       18620M (45%)       18626M (45%)       18604M (45%)    
[553,761s][info][gc,heap     ] GC(10) y:      Used:    22346M (55%)       22352M (55%)       22354M (55%)       22340M (55%)       22356M (55%)       22334M (55%)    
[553,761s][info][gc,heap     ] GC(10) y: Young Generation Statistics:
[553,761s][info][gc,heap     ] GC(10) y:                Mark Start          Mark End        Relocate Start      Relocate End    
[553,761s][info][gc,heap     ] GC(10) y:      Used:     2942M (7%)         2948M (7%)          772M (2%)          742M (2%)     
[553,761s][info][gc,heap     ] GC(10) y:      Live:         -              2909M (7%)          737M (2%)          721M (2%)     
[553,761s][info][gc,heap     ] GC(10) y:   Garbage:         -                32M (0%)           26M (0%)            3M (0%)     
[553,761s][info][gc,heap     ] GC(10) y: Allocated:         -                 6M (0%)            8M (0%)           16M (0%)     
[553,761s][info][gc,heap     ] GC(10) y: Reclaimed:         -                  -                 5M (0%)           28M (0%)     
[553,762s][info][gc,heap     ] GC(10) y:  Promoted:         -                  -              2172M (5%)         2188M (5%)     
[553,762s][info][gc,heap     ] GC(10) y: Compacted:         -                  -                  -                 3M (0%)     
[553,762s][info][gc,phases   ] GC(10) y: Young Generation 22346M(55%)->22340M(55%) 9,759s
[553,762s][info][gc          ] GC(10) Minor Collection (Allocation Rate) 22346M(55%)->22340M(55%) 9,759s
[569,536s][info][gc,phases   ] GC(9) O: Concurrent Mark 25539,679ms
[569,536s][info][gc,phases   ] GC(9) O: Pause Mark End 0,025ms
[569,603s][info][gc,phases   ] GC(9) O: Concurrent Mark Free 66,935ms
[569,605s][info][gc,phases   ] GC(9) O: Concurrent Process Non-Strong 1,685ms
[569,605s][info][gc,phases   ] GC(9) O: Concurrent Reset Relocation Set 0,009ms
[569,612s][info][gc,phases   ] GC(9) O: Concurrent Select Relocation Set 6,852ms
[569,612s][info][gc,task     ] GC(9) O: Using 5 Workers for Old Generation
[569,644s][info][gc,task     ] GC(9) O: Using 3 Workers for Old Generation
[569,644s][info][gc,phases   ] GC(9) O: Concurrent Remap Roots 32,211ms
[569,644s][info][gc,phases   ] GC(9) O: Pause Relocate Start 0,023ms
[569,780s][info][gc,phases   ] GC(9) O: Concurrent Relocate 136,005ms
[569,780s][info][gc,alloc    ] GC(9) O:                         Mark Start        Mark End      Relocate Start    Relocate End   
[569,780s][info][gc,alloc    ] GC(9) O: Allocation Stalls:          0                0                0                0         
[569,780s][info][gc,load     ] GC(9) O: Load: 3,46 (17%) / 2,56 (13%) / 2,25 (11%)
[569,780s][info][gc,mmu      ] GC(9) O: MMU: 2ms/90,6%, 5ms/96,2%, 10ms/98,1%, 20ms/99,1%, 50ms/99,6%, 100ms/99,8%
[569,780s][info][gc,marking  ] GC(9) O: Mark: 2 stripe(s), 10 proactive flush(es), 1 terminate flush(es), 0 completion(s), 0 continuation(s) 
[569,780s][info][gc,marking  ] GC(9) O: Mark Stack Usage: 64M
[569,780s][info][gc,nmethod  ] GC(9) O: NMethods: 1726 registered, 211 unregistered
[569,780s][info][gc,metaspace] GC(9) O: Metaspace: 14M used, 14M committed, 1088M reserved
[569,780s][info][gc,ref      ] GC(9) O:                       Encountered   Discovered     Enqueued 
[569,780s][info][gc,ref      ] GC(9) O: Soft References:             3531            0            0 
[569,780s][info][gc,ref      ] GC(9) O: Weak References:              897          351            0 
[569,780s][info][gc,ref      ] GC(9) O: Final References:               0            0            0 
[569,780s][info][gc,ref      ] GC(9) O: Phantom References:            20           13            0 
[569,780s][info][gc,reloc    ] GC(9) O:                        Candidates     Selected     In-Place         Size        Empty    Relocated 
[569,780s][info][gc,reloc    ] GC(9) O: Small Pages:                 8372           61            0       16744M         130M          62M 
[569,780s][info][gc,reloc    ] GC(9) O: Medium Pages:                   0            0            0           0M           0M           0M 
[569,780s][info][gc,reloc    ] GC(9) O: Large Pages:                    0            0            0           0M           0M           0M 
[569,780s][info][gc,reloc    ] GC(9) O: Forwarding Usage: 74M
[569,780s][info][gc,heap     ] GC(9) O: Min Capacity: 1024M(2%)
[569,780s][info][gc,heap     ] GC(9) O: Max Capacity: 40960M(100%)
[569,780s][info][gc,heap     ] GC(9) O: Soft Max Capacity: 40960M(100%)
[569,780s][info][gc,heap     ] GC(9) O: Heap Statistics:
[569,780s][info][gc,heap     ] GC(9) O:                Mark Start          Mark End        Relocate Start      Relocate End           High               Low         
[569,780s][info][gc,heap     ] GC(9) O:  Capacity:    21788M (53%)       22518M (55%)       22518M (55%)       22518M (55%)       22518M (55%)       21788M (53%)    
[569,780s][info][gc,heap     ] GC(9) O:      Free:    19172M (47%)       18596M (45%)       18722M (46%)       18864M (46%)       19172M (47%)       18442M (45%)    
[569,780s][info][gc,heap     ] GC(9) O:      Used:    21788M (53%)       22364M (55%)       22238M (54%)       22096M (54%)       22518M (55%)       21788M (53%)    
[569,780s][info][gc,heap     ] GC(9) O: Old Generation Statistics:
[569,780s][info][gc,heap     ] GC(9) O:                Mark Start          Mark End        Relocate Start      Relocate End    
[569,780s][info][gc,heap     ] GC(9) O:      Used:    16744M (41%)       21598M (53%)       21468M (52%)       21326M (52%)    
[569,780s][info][gc,heap     ] GC(9) O:      Live:         -             16427M (40%)       16427M (40%)       16427M (40%)    
[569,780s][info][gc,heap     ] GC(9) O:   Garbage:         -               316M (1%)          186M (0%)           40M (0%)     
[569,780s][info][gc,heap     ] GC(9) O: Allocated:         -              4854M (12%)        4854M (12%)        4858M (12%)    
[569,781s][info][gc,heap     ] GC(9) O: Reclaimed:         -                  -               130M (0%)          276M (1%)     
[569,781s][info][gc,heap     ] GC(9) O: Compacted:         -                  -                  -               165M (0%)     
[569,781s][info][gc,phases   ] GC(9) O: Old Generation 22346M(55%)->22096M(54%) 25,784s
[569,781s][info][gc          ] GC(9) Major Collection (Allocation Rate) 21788M(53%)->22096M(54%) 41,959s
[645,422s][info][gc          ] GC(11) Major Collection (Allocation Rate)
[645,422s][info][gc,task     ] GC(11) Using 5 Workers for Young Generation
[645,422s][info][gc,task     ] GC(11) Using 4 Workers for Old Generation
[645,422s][info][gc,phases   ] GC(11) Y: Young Generation
[645,423s][info][gc,phases   ] GC(11) Y: Pause Mark Start (Major) 0,032ms
[652,024s][info][gc,phases   ] GC(11) Y: Concurrent Mark 6601,636ms
[652,025s][info][gc,phases   ] GC(11) Y: Pause Mark End 0,027ms
[652,025s][info][gc,phases   ] GC(11) Y: Concurrent Mark Free 0,001ms
[652,025s][info][gc,phases   ] GC(11) Y: Concurrent Reset Relocation Set 0,760ms
[652,027s][info][gc,reloc    ] GC(11) Y: Using tenuring threshold: 2 (Computed)
[652,035s][info][gc,phases   ] GC(11) Y: Concurrent Select Relocation Set 9,081ms
[652,035s][info][gc,phases   ] GC(11) Y: Pause Relocate Start 0,017ms
[652,081s][info][gc,phases   ] GC(11) Y: Concurrent Relocate 46,654ms
[652,082s][info][gc,alloc    ] GC(11) Y:                         Mark Start        Mark End      Relocate Start    Relocate End   
[652,082s][info][gc,alloc    ] GC(11) Y: Allocation Stalls:          0                0                0                0         
[652,082s][info][gc,load     ] GC(11) Y: Load: 2,70 (13%) / 2,52 (13%) / 2,26 (11%)
[652,082s][info][gc,mmu      ] GC(11) Y: MMU: 2ms/90,6%, 5ms/96,2%, 10ms/98,1%, 20ms/99,1%, 50ms/99,6%, 100ms/99,8%
[652,082s][info][gc,marking  ] GC(11) Y: Mark: 4 stripe(s), 10 proactive flush(es), 1 terminate flush(es), 0 completion(s), 0 continuation(s) 
[652,082s][info][gc,marking  ] GC(11) Y: Mark Stack Usage: 32M
[652,082s][info][gc,nmethod  ] GC(11) Y: NMethods: 1730 registered, 211 unregistered
[652,082s][info][gc,metaspace] GC(11) Y: Metaspace: 14M used, 14M committed, 1088M reserved
[652,082s][info][gc,reloc    ] GC(11) Y:                        Candidates     Selected     In-Place         Size        Empty    Relocated 
[652,082s][info][gc,reloc    ] GC(11) Y: Small Pages:                 1026           35            0        2052M           0M          33M 
[652,082s][info][gc,reloc    ] GC(11) Y: Medium Pages:                   0            0            0           0M           0M           0M 
[652,082s][info][gc,reloc    ] GC(11) Y: Large Pages:                    0            0            0           0M           0M           0M 
[652,082s][info][gc,reloc    ] GC(11) Y: Forwarding Usage: 39M
[652,082s][info][gc,reloc    ] GC(11) Y: Age Table:
[652,082s][info][gc,reloc    ] GC(11) Y:                    Live             Garbage             Small              Medium             Large        
[652,082s][info][gc,reloc    ] GC(11) Y: Eden            1257M (3%)           66M (0%)         662 / 25             0 / 0              0 / 0        
[652,082s][info][gc,reloc    ] GC(11) Y: Survivor 1       706M (2%)           21M (0%)         364 / 10             0 / 0              0 / 0        
[652,082s][info][gc,heap     ] GC(11) Y: Min Capacity: 1024M(2%)
[652,082s][info][gc,heap     ] GC(11) Y: Max Capacity: 40960M(100%)
[652,082s][info][gc,heap     ] GC(11) Y: Soft Max Capacity: 40960M(100%)
[652,082s][info][gc,heap     ] GC(11) Y: Heap Statistics:
[652,082s][info][gc,heap     ] GC(11) Y:                Mark Start          Mark End        Relocate Start      Relocate End           High               Low         
[652,082s][info][gc,heap     ] GC(11) Y:  Capacity:    23378M (57%)       23600M (58%)       23600M (58%)       23610M (58%)       23610M (58%)       23378M (57%)    
[652,082s][info][gc,heap     ] GC(11) Y:      Free:    17582M (43%)       17360M (42%)       17360M (42%)       17434M (43%)       17582M (43%)       17350M (42%)    
[652,082s][info][gc,heap     ] GC(11) Y:      Used:    23378M (57%)       23600M (58%)       23600M (58%)       23526M (57%)       23610M (58%)       23378M (57%)    
[652,082s][info][gc,heap     ] GC(11) Y: Young Generation Statistics:
[652,082s][info][gc,heap     ] GC(11) Y:                Mark Start          Mark End        Relocate Start      Relocate End    
[652,082s][info][gc,heap     ] GC(11) Y:      Used:     2052M (5%)         2274M (6%)         2274M (6%)         2200M (5%)     
[652,082s][info][gc,heap     ] GC(11) Y:      Live:         -              1964M (5%)         1964M (5%)         1964M (5%)     
[652,082s][info][gc,heap     ] GC(11) Y:   Garbage:         -                87M (0%)           87M (0%)            6M (0%)     
[652,082s][info][gc,heap     ] GC(11) Y: Allocated:         -               222M (1%)          222M (1%)          229M (1%)     
[652,082s][info][gc,heap     ] GC(11) Y: Reclaimed:         -                  -                 0M (0%)           81M (0%)     
[652,082s][info][gc,heap     ] GC(11) Y:  Promoted:         -                  -                 0M (0%)            0M (0%)     
[652,082s][info][gc,heap     ] GC(11) Y: Compacted:         -                  -                  -                76M (0%)     
[652,082s][info][gc,phases   ] GC(11) Y: Young Generation 23378M(57%)->23526M(57%) 6,659s
[652,082s][info][gc,phases   ] GC(11) O: Old Generation
[708,129s][info][gc,phases   ] GC(11) O: Concurrent Mark 56047,228ms
[708,129s][info][gc,phases   ] GC(11) O: Pause Mark End 0,024ms
[708,131s][info][gc,phases   ] GC(11) O: Concurrent Mark Free 1,907ms
[708,133s][info][gc,phases   ] GC(11) O: Concurrent Process Non-Strong 1,427ms
[708,133s][info][gc,phases   ] GC(11) O: Concurrent Reset Relocation Set 0,012ms
[708,138s][info][gc,phases   ] GC(11) O: Concurrent Select Relocation Set 5,605ms
[708,138s][info][gc,task     ] GC(11) O: Using 5 Workers for Old Generation
[708,168s][info][gc,task     ] GC(11) O: Using 4 Workers for Old Generation
[708,168s][info][gc,phases   ] GC(11) O: Concurrent Remap Roots 29,332ms
[708,168s][info][gc,phases   ] GC(11) O: Pause Relocate Start 0,021ms
[708,255s][info][gc,phases   ] GC(11) O: Concurrent Relocate 87,256ms
[708,255s][info][gc,alloc    ] GC(11) O:                         Mark Start        Mark End      Relocate Start    Relocate End   
[708,255s][info][gc,alloc    ] GC(11) O: Allocation Stalls:          0                0                0                0         
[708,255s][info][gc,load     ] GC(11) O: Load: 3,78 (19%) / 2,88 (14%) / 2,40 (12%)
[708,255s][info][gc,mmu      ] GC(11) O: MMU: 2ms/90,6%, 5ms/96,2%, 10ms/98,1%, 20ms/99,1%, 50ms/99,6%, 100ms/99,8%
[708,255s][info][gc,marking  ] GC(11) O: Mark: 4 stripe(s), 10 proactive flush(es), 1 terminate flush(es), 0 completion(s), 0 continuation(s) 
[708,255s][info][gc,marking  ] GC(11) O: Mark Stack Usage: 32M
[708,255s][info][gc,nmethod  ] GC(11) O: NMethods: 1732 registered, 211 unregistered
[708,255s][info][gc,metaspace] GC(11) O: Metaspace: 14M used, 14M committed, 1088M reserved
[708,255s][info][gc,ref      ] GC(11) O:                       Encountered   Discovered     Enqueued 
[708,255s][info][gc,ref      ] GC(11) O: Soft References:             3531            0            0 
[708,255s][info][gc,ref      ] GC(11) O: Weak References:              897          243            0 
[708,255s][info][gc,ref      ] GC(11) O: Final References:               0            0            0 
[708,256s][info][gc,ref      ] GC(11) O: Phantom References:            20           11            0 
[708,256s][info][gc,reloc    ] GC(11) O:                        Candidates     Selected     In-Place         Size        Empty    Relocated 
[708,256s][info][gc,reloc    ] GC(11) O: Small Pages:                10663           51            0       21326M         110M          48M 
[708,256s][info][gc,reloc    ] GC(11) O: Medium Pages:                   0            0            0           0M           0M           0M 
[708,256s][info][gc,reloc    ] GC(11) O: Large Pages:                    0            0            0           0M           0M           0M 
[708,256s][info][gc,reloc    ] GC(11) O: Forwarding Usage: 58M
[708,256s][info][gc,heap     ] GC(11) O: Min Capacity: 1024M(2%)
[708,256s][info][gc,heap     ] GC(11) O: Max Capacity: 40960M(100%)
[708,256s][info][gc,heap     ] GC(11) O: Soft Max Capacity: 40960M(100%)
[708,256s][info][gc,heap     ] GC(11) O: Heap Statistics:
[708,256s][info][gc,heap     ] GC(11) O:                Mark Start          Mark End        Relocate Start      Relocate End           High               Low         
[708,256s][info][gc,heap     ] GC(11) O:  Capacity:    23378M (57%)       24320M (59%)       24320M (59%)       24320M (59%)       24320M (59%)       23378M (57%)    
[708,256s][info][gc,heap     ] GC(11) O:      Free:    17582M (43%)       16640M (41%)       16750M (41%)       16866M (41%)       17582M (43%)       16640M (41%)    
[708,256s][info][gc,heap     ] GC(11) O:      Used:    23378M (57%)       24320M (59%)       24210M (59%)       24094M (59%)       24320M (59%)       23378M (57%)    
[708,256s][info][gc,heap     ] GC(11) O: Old Generation Statistics:
[708,256s][info][gc,heap     ] GC(11) O:                Mark Start          Mark End        Relocate Start      Relocate End    
[708,256s][info][gc,heap     ] GC(11) O:      Used:    21326M (52%)       21326M (52%)       21216M (52%)       21100M (52%)    
[708,256s][info][gc,heap     ] GC(11) O:      Live:         -             21042M (51%)       21042M (51%)       21042M (51%)    
[708,256s][info][gc,heap     ] GC(11) O:   Garbage:         -               283M (1%)          173M (0%)           52M (0%)     
[708,256s][info][gc,heap     ] GC(11) O: Allocated:         -                 0M (0%)            0M (0%)            4M (0%)     
[708,256s][info][gc,heap     ] GC(11) O: Reclaimed:         -                  -               110M (0%)          230M (1%)     
[708,256s][info][gc,heap     ] GC(11) O: Compacted:         -                  -                  -               127M (0%)     
[708,256s][info][gc,phases   ] GC(11) O: Old Generation 23526M(57%)->24094M(59%) 56,174s
[708,256s][info][gc          ] GC(11) Major Collection (Allocation Rate) 23378M(57%)->24094M(59%) 62,834s
[815,937s][info][gc          ] GC(12) Minor Collection (Allocation Rate)
[815,937s][info][gc,task     ] GC(12) Using 5 Workers for Young Generation
[815,937s][info][gc,phases   ] GC(12) y: Young Generation
[815,937s][info][gc,phases   ] GC(12) y: Pause Mark Start 0,049ms
[831,099s][info][gc,phases   ] GC(12) y: Concurrent Mark 15160,879ms
[831,099s][info][gc,phases   ] GC(12) y: Pause Mark End 0,029ms
[831,099s][info][gc,phases   ] GC(12) y: Concurrent Mark Free 0,001ms
[831,099s][info][gc,phases   ] GC(12) y: Concurrent Reset Relocation Set 0,008ms
[831,101s][info][gc,reloc    ] GC(12) y: Using tenuring threshold: 2 (Computed)
[831,227s][info][gc,phases   ] GC(12) y: Concurrent Select Relocation Set 127,675ms
[831,227s][info][gc,phases   ] GC(12) y: Pause Relocate Start 0,023ms
[831,578s][info][gc,phases   ] GC(12) y: Concurrent Relocate 350,963ms
[831,578s][info][gc,alloc    ] GC(12) y:                         Mark Start        Mark End      Relocate Start    Relocate End   
[831,578s][info][gc,alloc    ] GC(12) y: Allocation Stalls:          0                0                0                0         
[831,578s][info][gc,load     ] GC(12) y: Load: 2,49 (12%) / 2,63 (13%) / 2,37 (12%)
[831,578s][info][gc,mmu      ] GC(12) y: MMU: 2ms/90,6%, 5ms/96,2%, 10ms/98,1%, 20ms/99,1%, 50ms/99,6%, 100ms/99,8%
[831,578s][info][gc,marking  ] GC(12) y: Mark: 4 stripe(s), 10 proactive flush(es), 1 terminate flush(es), 0 completion(s), 0 continuation(s) 
[831,578s][info][gc,marking  ] GC(12) y: Mark Stack Usage: 32M
[831,578s][info][gc,nmethod  ] GC(12) y: NMethods: 1738 registered, 211 unregistered
[831,578s][info][gc,metaspace] GC(12) y: Metaspace: 14M used, 14M committed, 1088M reserved
[831,578s][info][gc,reloc    ] GC(12) y:                        Candidates     Selected     In-Place         Size        Empty    Relocated 
[831,578s][info][gc,reloc    ] GC(12) y: Small Pages:                 2433           69            0        4866M           0M          64M 
[831,578s][info][gc,reloc    ] GC(12) y: Medium Pages:                   0            0            0           0M           0M           0M 
[831,578s][info][gc,reloc    ] GC(12) y: Large Pages:                    0            0            0           0M           0M           0M 
[831,578s][info][gc,reloc    ] GC(12) y: Forwarding Usage: 73M
[831,578s][info][gc,reloc    ] GC(12) y: Age Table:
[831,578s][info][gc,reloc    ] GC(12) y:                    Live             Garbage             Small              Medium             Large        
[831,578s][info][gc,reloc    ] GC(12) y: Eden            2744M (7%)          143M (0%)        1444 / 58             0 / 0              0 / 0        
[831,578s][info][gc,reloc    ] GC(12) y: Survivor 1      1240M (3%)           25M (0%)         633 / 9              0 / 0              0 / 0        
[831,578s][info][gc,reloc    ] GC(12) y: Survivor 2       706M (2%)            5M (0%)         356 / 2              0 / 0              0 / 0        
[831,578s][info][gc,heap     ] GC(12) y: Min Capacity: 1024M(2%)
[831,578s][info][gc,heap     ] GC(12) y: Max Capacity: 40960M(100%)
[831,578s][info][gc,heap     ] GC(12) y: Soft Max Capacity: 40960M(100%)
[831,578s][info][gc,heap     ] GC(12) y: Heap Statistics:
[831,578s][info][gc,heap     ] GC(12) y:                Mark Start          Mark End        Relocate Start      Relocate End           High               Low         
[831,578s][info][gc,heap     ] GC(12) y:  Capacity:    25966M (63%)       26374M (64%)       26374M (64%)       26384M (64%)       26384M (64%)       25966M (63%)    
[831,578s][info][gc,heap     ] GC(12) y:      Free:    14994M (37%)       14586M (36%)       14586M (36%)       14734M (36%)       14994M (37%)       14576M (36%)    
[831,578s][info][gc,heap     ] GC(12) y:      Used:    25966M (63%)       26374M (64%)       26374M (64%)       26226M (64%)       26384M (64%)       25966M (63%)    
[831,578s][info][gc,heap     ] GC(12) y: Young Generation Statistics:
[831,578s][info][gc,heap     ] GC(12) y:                Mark Start          Mark End        Relocate Start      Relocate End    
[831,578s][info][gc,heap     ] GC(12) y:      Used:     4866M (12%)        5274M (13%)        4568M (11%)        4414M (11%)    
[831,578s][info][gc,heap     ] GC(12) y:      Live:         -              4691M (11%)        3987M (10%)        3985M (10%)    
[831,578s][info][gc,heap     ] GC(12) y:   Garbage:         -               174M (0%)          172M (0%)           13M (0%)     
[831,578s][info][gc,heap     ] GC(12) y: Allocated:         -               408M (1%)          408M (1%)          415M (1%)     
[831,578s][info][gc,heap     ] GC(12) y: Reclaimed:         -                  -                 1M (0%)          160M (0%)     
[831,578s][info][gc,heap     ] GC(12) y:  Promoted:         -                  -               704M (2%)          706M (2%)     
[831,578s][info][gc,heap     ] GC(12) y: Compacted:         -                  -                  -               144M (0%)     
[831,578s][info][gc,phases   ] GC(12) y: Young Generation 25966M(63%)->26226M(64%) 15,641s
[831,578s][info][gc          ] GC(12) Minor Collection (Allocation Rate) 25966M(63%)->26226M(64%) 15,641s
[831,579s][info][gc          ] GC(13) Major Collection (Allocation Rate)
[831,579s][info][gc,task     ] GC(13) Using 5 Workers for Young Generation
[831,579s][info][gc,task     ] GC(13) Using 2 Workers for Old Generation
[831,579s][info][gc,phases   ] GC(13) Y: Young Generation
[831,579s][info][gc,phases   ] GC(13) Y: Pause Mark Start (Major) 0,037ms
[846,605s][info][gc,phases   ] GC(13) Y: Concurrent Mark 15026,483ms
[846,606s][info][gc,phases   ] GC(13) Y: Pause Mark End 0,027ms
[846,606s][info][gc,phases   ] GC(13) Y: Concurrent Mark Free 0,003ms
[846,606s][info][gc,phases   ] GC(13) Y: Concurrent Reset Relocation Set 0,287ms
[846,610s][info][gc,reloc    ] GC(13) Y: Using tenuring threshold: 1 (Computed)
[847,382s][info][gc,phases   ] GC(13) Y: Concurrent Select Relocation Set 775,514ms
[847,382s][info][gc,phases   ] GC(13) Y: Pause Relocate Start 0,021ms
[848,943s][info][gc,phases   ] GC(13) Y: Concurrent Relocate 1560,663ms
[848,943s][info][gc,alloc    ] GC(13) Y:                         Mark Start        Mark End      Relocate Start    Relocate End   
[848,943s][info][gc,alloc    ] GC(13) Y: Allocation Stalls:          0                0                0                0         
[848,943s][info][gc,load     ] GC(13) Y: Load: 3,58 (18%) / 2,87 (14%) / 2,45 (12%)
[848,943s][info][gc,mmu      ] GC(13) Y: MMU: 2ms/90,6%, 5ms/96,2%, 10ms/98,1%, 20ms/99,1%, 50ms/99,6%, 100ms/99,8%
[848,943s][info][gc,marking  ] GC(13) Y: Mark: 4 stripe(s), 10 proactive flush(es), 1 terminate flush(es), 0 completion(s), 0 continuation(s) 
[848,943s][info][gc,marking  ] GC(13) Y: Mark Stack Usage: 32M
[848,943s][info][gc,nmethod  ] GC(13) Y: NMethods: 1738 registered, 211 unregistered
[848,943s][info][gc,metaspace] GC(13) Y: Metaspace: 14M used, 14M committed, 1088M reserved
[848,943s][info][gc,reloc    ] GC(13) Y:                        Candidates     Selected     In-Place         Size        Empty    Relocated 
[848,943s][info][gc,reloc    ] GC(13) Y: Small Pages:                 2207           13            0        4414M           0M          13M 
[848,943s][info][gc,reloc    ] GC(13) Y: Medium Pages:                   0            0            0           0M           0M           0M 
[848,943s][info][gc,reloc    ] GC(13) Y: Large Pages:                    0            0            0           0M           0M           0M 
[848,943s][info][gc,reloc    ] GC(13) Y: Forwarding Usage: 16M
[848,943s][info][gc,reloc    ] GC(13) Y: Age Table:
[848,943s][info][gc,reloc    ] GC(13) Y:                    Live             Garbage             Small              Medium             Large        
[848,943s][info][gc,reloc    ] GC(13) Y: Eden             401M (1%)            6M (0%)         204 / 0              0 / 0              0 / 0        
[848,943s][info][gc,reloc    ] GC(13) Y: Survivor 1      2728M (7%)           27M (0%)        1378 / 9              0 / 0              0 / 0        
[848,943s][info][gc,reloc    ] GC(13) Y: Survivor 2      1240M (3%)            9M (0%)         625 / 4              0 / 0              0 / 0        
[848,943s][info][gc,heap     ] GC(13) Y: Min Capacity: 1024M(2%)
[848,943s][info][gc,heap     ] GC(13) Y: Max Capacity: 40960M(100%)
[848,943s][info][gc,heap     ] GC(13) Y: Soft Max Capacity: 40960M(100%)
[848,943s][info][gc,heap     ] GC(13) Y: Heap Statistics:
[848,943s][info][gc,heap     ] GC(13) Y:                Mark Start          Mark End        Relocate Start      Relocate End           High               Low         
[848,943s][info][gc,heap     ] GC(13) Y:  Capacity:    26384M (64%)       26384M (64%)       26384M (64%)       26384M (64%)       26384M (64%)       26384M (64%)    
[848,943s][info][gc,heap     ] GC(13) Y:      Free:    14734M (36%)       14718M (36%)       14718M (36%)       14740M (36%)       14740M (36%)       14708M (36%)    
[848,943s][info][gc,heap     ] GC(13) Y:      Used:    26226M (64%)       26242M (64%)       26242M (64%)       26220M (64%)       26252M (64%)       26220M (64%)    
[848,943s][info][gc,heap     ] GC(13) Y: Young Generation Statistics:
[848,943s][info][gc,heap     ] GC(13) Y:                Mark Start          Mark End        Relocate Start      Relocate End    
[848,943s][info][gc,heap     ] GC(13) Y:      Used:     4414M (11%)        4430M (11%)         474M (1%)          422M (1%)     
[848,943s][info][gc,heap     ] GC(13) Y:      Live:         -              4371M (11%)         426M (1%)          401M (1%)     
[848,943s][info][gc,heap     ] GC(13) Y:   Garbage:         -                42M (0%)           31M (0%)            1M (0%)     
[848,943s][info][gc,heap     ] GC(13) Y: Allocated:         -                16M (0%)           16M (0%)           19M (0%)     
[848,943s][info][gc,heap     ] GC(13) Y: Reclaimed:         -                  -                10M (0%)           41M (0%)     
[848,943s][info][gc,heap     ] GC(13) Y:  Promoted:         -                  -              3945M (10%)        3969M (10%)    
[848,943s][info][gc,heap     ] GC(13) Y: Compacted:         -                  -                  -                 4M (0%)     
[848,943s][info][gc,phases   ] GC(13) Y: Young Generation 26226M(64%)->26220M(64%) 17,364s
[848,943s][info][gc,phases   ] GC(13) O: Old Generation
[884,714s][info][gc,phases   ] GC(13) O: Concurrent Mark 35770,748ms
[884,714s][info][gc,phases   ] GC(13) O: Pause Mark End 0,019ms
[884,714s][info][gc,phases   ] GC(13) O: Concurrent Mark Free 0,001ms
[884,717s][info][gc,phases   ] GC(13) O: Concurrent Process Non-Strong 2,412ms
[884,717s][info][gc,phases   ] GC(13) O: Concurrent Reset Relocation Set 0,017ms
[884,739s][info][gc,phases   ] GC(13) O: Concurrent Select Relocation Set 22,216ms
[884,739s][info][gc,task     ] GC(13) O: Using 5 Workers for Old Generation
[884,782s][info][gc,task     ] GC(13) O: Using 2 Workers for Old Generation
[884,782s][info][gc,phases   ] GC(13) O: Concurrent Remap Roots 42,756ms
[884,782s][info][gc,phases   ] GC(13) O: Pause Relocate Start 0,021ms
[885,029s][info][gc,phases   ] GC(13) O: Concurrent Relocate 247,063ms
[885,029s][info][gc,alloc    ] GC(13) O:                         Mark Start        Mark End      Relocate Start    Relocate End   
[885,029s][info][gc,alloc    ] GC(13) O: Allocation Stalls:          0                0                0                0         
[885,029s][info][gc,load     ] GC(13) O: Load: 3,29 (16%) / 2,88 (14%) / 2,47 (12%)
[885,029s][info][gc,mmu      ] GC(13) O: MMU: 2ms/90,6%, 5ms/96,2%, 10ms/98,1%, 20ms/99,1%, 50ms/99,6%, 100ms/99,8%
[885,029s][info][gc,marking  ] GC(13) O: Mark: 2 stripe(s), 10 proactive flush(es), 1 terminate flush(es), 0 completion(s), 0 continuation(s) 
[885,029s][info][gc,marking  ] GC(13) O: Mark Stack Usage: 64M
[885,029s][info][gc,nmethod  ] GC(13) O: NMethods: 1738 registered, 212 unregistered
[885,029s][info][gc,metaspace] GC(13) O: Metaspace: 14M used, 14M committed, 1088M reserved
[885,029s][info][gc,ref      ] GC(13) O:                       Encountered   Discovered     Enqueued 
[885,029s][info][gc,ref      ] GC(13) O: Soft References:             3531            0            0 
[885,029s][info][gc,ref      ] GC(13) O: Weak References:              897          622            0 
[885,029s][info][gc,ref      ] GC(13) O: Final References:               0            0            0 
[885,029s][info][gc,ref      ] GC(13) O: Phantom References:            20           12            0 
[885,029s][info][gc,reloc    ] GC(13) O:                        Candidates     Selected     In-Place         Size        Empty    Relocated 
[885,029s][info][gc,reloc    ] GC(13) O: Small Pages:                10906           82            0       21812M         192M          81M 
[885,029s][info][gc,reloc    ] GC(13) O: Medium Pages:                   0            0            0           0M           0M           0M 
[885,029s][info][gc,reloc    ] GC(13) O: Large Pages:                    0            0            0           0M           0M           0M 
[885,029s][info][gc,reloc    ] GC(13) O: Forwarding Usage: 101M
[885,029s][info][gc,heap     ] GC(13) O: Min Capacity: 1024M(2%)
[885,029s][info][gc,heap     ] GC(13) O: Max Capacity: 40960M(100%)
[885,029s][info][gc,heap     ] GC(13) O: Soft Max Capacity: 40960M(100%)
[885,029s][info][gc,heap     ] GC(13) O: Heap Statistics:
[885,029s][info][gc,heap     ] GC(13) O:                Mark Start          Mark End        Relocate Start      Relocate End           High               Low         
[885,029s][info][gc,heap     ] GC(13) O:  Capacity:    26384M (64%)       26994M (66%)       26994M (66%)       26994M (66%)       26994M (66%)       26384M (64%)    
[885,029s][info][gc,heap     ] GC(13) O:      Free:    14734M (36%)       13966M (34%)       14158M (35%)       14348M (35%)       14740M (36%)       13966M (34%)    
[885,030s][info][gc,heap     ] GC(13) O:      Used:    26226M (64%)       26994M (66%)       26802M (65%)       26612M (65%)       26994M (66%)       26220M (64%)    
[885,030s][info][gc,heap     ] GC(13) O: Old Generation Statistics:
[885,030s][info][gc,heap     ] GC(13) O:                Mark Start          Mark End        Relocate Start      Relocate End    
[885,030s][info][gc,heap     ] GC(13) O:      Used:    21812M (53%)       25798M (63%)       25606M (63%)       25416M (62%)    
[885,030s][info][gc,heap     ] GC(13) O:      Live:         -             21371M (52%)       21371M (52%)       21371M (52%)    
[885,030s][info][gc,heap     ] GC(13) O:   Garbage:         -               440M (1%)          248M (1%)           53M (0%)     
[885,030s][info][gc,heap     ] GC(13) O: Allocated:         -              3986M (10%)        3986M (10%)        3991M (10%)    
[885,030s][info][gc,heap     ] GC(13) O: Reclaimed:         -                  -               192M (0%)          387M (1%)     
[885,030s][info][gc,heap     ] GC(13) O: Compacted:         -                  -                  -               220M (1%)     
[885,030s][info][gc,phases   ] GC(13) O: Old Generation 26220M(64%)->26612M(65%) 36,086s
[885,030s][info][gc          ] GC(13) Major Collection (Allocation Rate) 26226M(64%)->26612M(65%) 53,451s
[958,612s][info][gc          ] GC(14) Major Collection (Allocation Rate)
[958,613s][info][gc,task     ] GC(14) Using 5 Workers for Young Generation
[958,613s][info][gc,task     ] GC(14) Using 4 Workers for Old Generation
[958,613s][info][gc,phases   ] GC(14) Y: Young Generation
[958,613s][info][gc,phases   ] GC(14) Y: Pause Mark Start (Major) 0,027ms
[965,102s][info][gc,phases   ] GC(14) Y: Concurrent Mark 6489,029ms
[965,102s][info][gc,phases   ] GC(14) Y: Pause Mark End 0,025ms
[965,102s][info][gc,phases   ] GC(14) Y: Concurrent Mark Free 0,002ms
[965,103s][info][gc,phases   ] GC(14) Y: Concurrent Reset Relocation Set 1,354ms
[965,105s][info][gc,reloc    ] GC(14) Y: Using tenuring threshold: 2 (Computed)
[965,114s][info][gc,phases   ] GC(14) Y: Concurrent Select Relocation Set 10,057ms
[965,114s][info][gc,phases   ] GC(14) Y: Pause Relocate Start 0,017ms
[965,170s][info][gc,phases   ] GC(14) Y: Concurrent Relocate 55,997ms
[965,170s][info][gc,alloc    ] GC(14) Y:                         Mark Start        Mark End      Relocate Start    Relocate End   
[965,170s][info][gc,alloc    ] GC(14) Y: Allocation Stalls:          0                0                0                0         
[965,170s][info][gc,load     ] GC(14) Y: Load: 2,57 (13%) / 2,77 (14%) / 2,47 (12%)
[965,170s][info][gc,mmu      ] GC(14) Y: MMU: 2ms/90,6%, 5ms/96,2%, 10ms/98,1%, 20ms/99,1%, 50ms/99,6%, 100ms/99,8%
[965,170s][info][gc,marking  ] GC(14) Y: Mark: 4 stripe(s), 10 proactive flush(es), 1 terminate flush(es), 0 completion(s), 0 continuation(s) 
[965,170s][info][gc,marking  ] GC(14) Y: Mark Stack Usage: 32M
[965,170s][info][gc,nmethod  ] GC(14) Y: NMethods: 1758 registered, 212 unregistered
[965,170s][info][gc,metaspace] GC(14) Y: Metaspace: 14M used, 14M committed, 1088M reserved
[965,170s][info][gc,reloc    ] GC(14) Y:                        Candidates     Selected     In-Place         Size        Empty    Relocated 
[965,170s][info][gc,reloc    ] GC(14) Y: Small Pages:                 1026           47            0        2052M           0M          41M 
[965,170s][info][gc,reloc    ] GC(14) Y: Medium Pages:                   0            0            0           0M           0M           0M 
[965,170s][info][gc,reloc    ] GC(14) Y: Large Pages:                    0            0            0           0M           0M           0M 
[965,170s][info][gc,reloc    ] GC(14) Y: Forwarding Usage: 47M
[965,170s][info][gc,reloc    ] GC(14) Y: Age Table:
[965,170s][info][gc,reloc    ] GC(14) Y:                    Live             Garbage             Small              Medium             Large        
[965,170s][info][gc,reloc    ] GC(14) Y: Eden            1551M (4%)           94M (0%)         823 / 39             0 / 0              0 / 0        
[965,170s][info][gc,reloc    ] GC(14) Y: Survivor 1       386M (1%)           19M (0%)         203 / 8              0 / 0              0 / 0        
[965,170s][info][gc,heap     ] GC(14) Y: Min Capacity: 1024M(2%)
[965,170s][info][gc,heap     ] GC(14) Y: Max Capacity: 40960M(100%)
[965,170s][info][gc,heap     ] GC(14) Y: Soft Max Capacity: 40960M(100%)
[965,170s][info][gc,heap     ] GC(14) Y: Heap Statistics:
[965,170s][info][gc,heap     ] GC(14) Y:                Mark Start          Mark End        Relocate Start      Relocate End           High               Low         
[965,170s][info][gc,heap     ] GC(14) Y:  Capacity:    27468M (67%)       28102M (69%)       28102M (69%)       28112M (69%)       28112M (69%)       27468M (67%)    
[965,170s][info][gc,heap     ] GC(14) Y:      Free:    13492M (33%)       12858M (31%)       12858M (31%)       12958M (32%)       13492M (33%)       12848M (31%)    
[965,170s][info][gc,heap     ] GC(14) Y:      Used:    27468M (67%)       28102M (69%)       28102M (69%)       28002M (68%)       28112M (69%)       27468M (67%)    
[965,170s][info][gc,heap     ] GC(14) Y: Young Generation Statistics:
[965,170s][info][gc,heap     ] GC(14) Y:                Mark Start          Mark End        Relocate Start      Relocate End    
[965,170s][info][gc,heap     ] GC(14) Y:      Used:     2052M (5%)         2686M (7%)         2686M (7%)         2586M (6%)     
[965,170s][info][gc,heap     ] GC(14) Y:      Live:         -              1938M (5%)         1938M (5%)         1938M (5%)     
[965,170s][info][gc,heap     ] GC(14) Y:   Garbage:         -               113M (0%)          113M (0%)            5M (0%)     
[965,170s][info][gc,heap     ] GC(14) Y: Allocated:         -               634M (2%)          634M (2%)          641M (2%)     
[965,170s][info][gc,heap     ] GC(14) Y: Reclaimed:         -                  -                 0M (0%)          107M (0%)     
[965,170s][info][gc,heap     ] GC(14) Y:  Promoted:         -                  -                 0M (0%)            0M (0%)     
[965,170s][info][gc,heap     ] GC(14) Y: Compacted:         -                  -                  -                94M (0%)     
[965,170s][info][gc,phases   ] GC(14) Y: Young Generation 27468M(67%)->28002M(68%) 6,557s
[965,170s][info][gc,phases   ] GC(14) O: Old Generation
[965,179s][info][gc,task     ] Adjusting Workers for Old Generation: 4 -> 3
[965,179s][info][gc          ] GC(15) Minor Collection (Allocation Rate)
[965,179s][info][gc,task     ] GC(15) Using 2 Workers for Young Generation
[965,179s][info][gc,phases   ] GC(15) y: Young Generation
[965,179s][info][gc,phases   ] GC(15) y: Pause Mark Start 0,069ms
[971,279s][info][gc,phases   ] GC(15) y: Concurrent Mark 6099,620ms
[971,279s][info][gc,phases   ] GC(15) y: Pause Mark End 0,043ms
[971,279s][info][gc,phases   ] GC(15) y: Concurrent Mark Free 0,003ms
[971,280s][info][gc,phases   ] GC(15) y: Concurrent Reset Relocation Set 0,019ms
[971,284s][info][gc,reloc    ] GC(15) y: Using tenuring threshold: 3 (Computed)
[971,288s][info][gc,phases   ] GC(15) y: Concurrent Select Relocation Set 8,611ms
[971,288s][info][gc,phases   ] GC(15) y: Pause Relocate Start 0,057ms
[971,313s][info][gc,phases   ] GC(15) y: Concurrent Relocate 24,922ms
[971,314s][info][gc,alloc    ] GC(15) y:                         Mark Start        Mark End      Relocate Start    Relocate End   
[971,314s][info][gc,alloc    ] GC(15) y: Allocation Stalls:          0                0                0                0         
[971,314s][info][gc,load     ] GC(15) y: Load: 2,92 (15%) / 2,84 (14%) / 2,49 (12%)
[971,314s][info][gc,mmu      ] GC(15) y: MMU: 2ms/90,6%, 5ms/96,2%, 10ms/98,1%, 20ms/99,1%, 50ms/99,6%, 100ms/99,8%
[971,314s][info][gc,marking  ] GC(15) y: Mark: 2 stripe(s), 10 proactive flush(es), 1 terminate flush(es), 0 completion(s), 0 continuation(s) 
[971,314s][info][gc,marking  ] GC(15) y: Mark Stack Usage: 32M
[971,314s][info][gc,nmethod  ] GC(15) y: NMethods: 1758 registered, 212 unregistered
[971,314s][info][gc,metaspace] GC(15) y: Metaspace: 14M used, 14M committed, 1088M reserved
[971,314s][info][gc,reloc    ] GC(15) y:                        Candidates     Selected     In-Place         Size        Empty    Relocated 
[971,314s][info][gc,reloc    ] GC(15) y: Small Pages:                 1293            8            0        2586M           0M           7M 
[971,314s][info][gc,reloc    ] GC(15) y: Medium Pages:                   0            0            0           0M           0M           0M 
[971,314s][info][gc,reloc    ] GC(15) y: Large Pages:                    0            0            0           0M           0M           0M 
[971,314s][info][gc,reloc    ] GC(15) y: Forwarding Usage: 9M
[971,314s][info][gc,reloc    ] GC(15) y: Age Table:
[971,314s][info][gc,reloc    ] GC(15) y:                    Live             Garbage             Small              Medium             Large        
[971,314s][info][gc,reloc    ] GC(15) y: Eden             628M (2%)            5M (0%)         317 / 2              0 / 0              0 / 0        
[971,314s][info][gc,reloc    ] GC(15) y: Survivor 1      1545M (4%)           14M (0%)         780 / 4              0 / 0              0 / 0        
[971,314s][info][gc,reloc    ] GC(15) y: Survivor 2       386M (1%)            5M (0%)         196 / 2              0 / 0              0 / 0        
[971,314s][info][gc,heap     ] GC(15) y: Min Capacity: 1024M(2%)
[971,314s][info][gc,heap     ] GC(15) y: Max Capacity: 40960M(100%)
[971,314s][info][gc,heap     ] GC(15) y: Soft Max Capacity: 40960M(100%)
[971,314s][info][gc,heap     ] GC(15) y: Heap Statistics:
[971,314s][info][gc,heap     ] GC(15) y:                Mark Start          Mark End        Relocate Start      Relocate End           High               Low         
[971,314s][info][gc,heap     ] GC(15) y:  Capacity:    28112M (69%)       28112M (69%)       28112M (69%)       28112M (69%)       28112M (69%)       28112M (69%)    
[971,314s][info][gc,heap     ] GC(15) y:      Free:    12958M (32%)       12958M (32%)       12958M (32%)       12968M (32%)       12968M (32%)       12952M (32%)    
[971,314s][info][gc,heap     ] GC(15) y:      Used:    28002M (68%)       28002M (68%)       28002M (68%)       27992M (68%)       28008M (68%)       27992M (68%)    
[971,314s][info][gc,heap     ] GC(15) y: Young Generation Statistics:
[971,314s][info][gc,heap     ] GC(15) y:                Mark Start          Mark End        Relocate Start      Relocate End    
[971,314s][info][gc,heap     ] GC(15) y:      Used:     2586M (6%)         2586M (6%)         2586M (6%)         2576M (6%)     
[971,314s][info][gc,heap     ] GC(15) y:      Live:         -              2560M (6%)         2560M (6%)         2560M (6%)     
[971,314s][info][gc,heap     ] GC(15) y:   Garbage:         -                25M (0%)           25M (0%)            6M (0%)     
[971,314s][info][gc,heap     ] GC(15) y: Allocated:         -                 0M (0%)            0M (0%)            8M (0%)     
[971,314s][info][gc,heap     ] GC(15) y: Reclaimed:         -                  -                 0M (0%)           18M (0%)     
[971,314s][info][gc,heap     ] GC(15) y:  Promoted:         -                  -                 0M (0%)            0M (0%)     
[971,314s][info][gc,heap     ] GC(15) y: Compacted:         -                  -                  -                15M (0%)     
[971,314s][info][gc,phases   ] GC(15) y: Young Generation 28002M(68%)->27992M(68%) 6,135s
[971,314s][info][gc          ] GC(15) Minor Collection (Allocation Rate) 28002M(68%)->27992M(68%) 6,135s
[971,314s][info][gc,task     ] Adjusting Workers for Old Generation: 3 -> 4
[971,314s][info][gc          ] GC(16) Minor Collection (Allocation Rate)
[971,314s][info][gc,task     ] GC(16) Using 1 Workers for Young Generation
[971,314s][info][gc,phases   ] GC(16) y: Young Generation
[971,315s][info][gc,phases   ] GC(16) y: Pause Mark Start 0,061ms
[980,284s][info][gc,phases   ] GC(16) y: Concurrent Mark 8969,571ms
[980,285s][info][gc,phases   ] GC(16) y: Pause Mark End 0,023ms
[980,285s][info][gc,phases   ] GC(16) y: Concurrent Mark Free 0,001ms
[980,285s][info][gc,phases   ] GC(16) y: Concurrent Reset Relocation Set 0,005ms
[980,289s][info][gc,reloc    ] GC(16) y: Using tenuring threshold: 1 (Computed)
[982,461s][info][gc,phases   ] GC(16) y: Concurrent Select Relocation Set 2175,791ms
[982,461s][info][gc,phases   ] GC(16) y: Pause Relocate Start 0,021ms
[987,055s][info][gc,phases   ] GC(16) y: Concurrent Relocate 4593,958ms
[987,055s][info][gc,alloc    ] GC(16) y:                         Mark Start        Mark End      Relocate Start    Relocate End   
[987,055s][info][gc,alloc    ] GC(16) y: Allocation Stalls:          0                0                0                0         
[987,055s][info][gc,load     ] GC(16) y: Load: 3,88 (19%) / 3,06 (15%) / 2,57 (13%)
[987,055s][info][gc,mmu      ] GC(16) y: MMU: 2ms/90,6%, 5ms/96,2%, 10ms/98,1%, 20ms/99,1%, 50ms/99,6%, 100ms/99,8%
[987,055s][info][gc,marking  ] GC(16) y: Mark: 1 stripe(s), 2 proactive flush(es), 1 terminate flush(es), 0 completion(s), 0 continuation(s) 
[987,055s][info][gc,marking  ] GC(16) y: Mark Stack Usage: 288M
[987,055s][info][gc,nmethod  ] GC(16) y: NMethods: 1766 registered, 212 unregistered
[987,055s][info][gc,metaspace] GC(16) y: Metaspace: 14M used, 14M committed, 1088M reserved
[987,055s][info][gc,reloc    ] GC(16) y:                        Candidates     Selected     In-Place         Size        Empty    Relocated 
[987,055s][info][gc,reloc    ] GC(16) y: Small Pages:                 1288            3            0        2576M           0M           0M 
[987,055s][info][gc,reloc    ] GC(16) y: Medium Pages:                   0            0            0           0M           0M           0M 
[987,055s][info][gc,reloc    ] GC(16) y: Large Pages:                    0            0            0           0M           0M           0M 
[987,055s][info][gc,reloc    ] GC(16) y: Forwarding Usage: 0M
[987,055s][info][gc,reloc    ] GC(16) y: Age Table:
[987,055s][info][gc,reloc    ] GC(16) y:                    Live             Garbage             Small              Medium             Large        
[987,055s][info][gc,reloc    ] GC(16) y: Eden                -                 0M (0%)           0 / 0              0 / 0              0 / 0        
[987,055s][info][gc,reloc    ] GC(16) y: Survivor 1       628M (2%)            5M (0%)         317 / 1              0 / 0              0 / 0        
[987,055s][info][gc,reloc    ] GC(16) y: Survivor 2      1545M (4%)            6M (0%)         776 / 1              0 / 0              0 / 0        
[987,055s][info][gc,reloc    ] GC(16) y: Survivor 3       386M (1%)            3M (0%)         195 / 1              0 / 0              0 / 0        
[987,055s][info][gc,heap     ] GC(16) y: Min Capacity: 1024M(2%)
[987,055s][info][gc,heap     ] GC(16) y: Max Capacity: 40960M(100%)
[987,055s][info][gc,heap     ] GC(16) y: Soft Max Capacity: 40960M(100%)
[987,055s][info][gc,heap     ] GC(16) y: Heap Statistics:
[987,055s][info][gc,heap     ] GC(16) y:                Mark Start          Mark End        Relocate Start      Relocate End           High               Low         
[987,055s][info][gc,heap     ] GC(16) y:  Capacity:    28112M (69%)       28112M (69%)       28112M (69%)       28112M (69%)       28112M (69%)       28112M (69%)    
[987,055s][info][gc,heap     ] GC(16) y:      Free:    12968M (32%)       12956M (32%)       12946M (32%)       12936M (32%)       12968M (32%)       12936M (32%)    
[987,055s][info][gc,heap     ] GC(16) y:      Used:    27992M (68%)       28004M (68%)       28014M (68%)       28024M (68%)       28024M (68%)       27992M (68%)    
[987,055s][info][gc,heap     ] GC(16) y: Young Generation Statistics:
[987,055s][info][gc,heap     ] GC(16) y:                Mark Start          Mark End        Relocate Start      Relocate End    
[987,055s][info][gc,heap     ] GC(16) y:      Used:     2576M (6%)         2588M (6%)           30M (0%)           38M (0%)     
[987,055s][info][gc,heap     ] GC(16) y:      Live:         -              2560M (6%)            0M (0%)            0M (0%)     
[987,055s][info][gc,heap     ] GC(16) y:   Garbage:         -                15M (0%)            7M (0%)            0M (0%)     
[987,055s][info][gc,heap     ] GC(16) y: Allocated:         -                12M (0%)           22M (0%)           38M (0%)     
[987,055s][info][gc,heap     ] GC(16) y: Reclaimed:         -                  -                 7M (0%)           15M (0%)     
[987,055s][info][gc,heap     ] GC(16) y:  Promoted:         -                  -              2560M (6%)         2560M (6%)     
[987,055s][info][gc,heap     ] GC(16) y: Compacted:         -                  -                  -                 0M (0%)     
[987,055s][info][gc,phases   ] GC(16) y: Young Generation 27992M(68%)->28024M(68%) 15,740s
[987,055s][info][gc          ] GC(16) Minor Collection (Allocation Rate) 27992M(68%)->28024M(68%) 15,741s
[997,607s][info][gc,phases   ] GC(14) O: Concurrent Mark 32436,924ms
[997,607s][info][gc,phases   ] GC(14) O: Pause Mark End 0,027ms
[997,608s][info][gc,phases   ] GC(14) O: Concurrent Mark Free 0,001ms
[997,610s][info][gc,phases   ] GC(14) O: Concurrent Process Non-Strong 2,087ms
[997,610s][info][gc,phases   ] GC(14) O: Concurrent Reset Relocation Set 0,037ms
[997,620s][info][gc,phases   ] GC(14) O: Concurrent Select Relocation Set 10,543ms
[997,620s][info][gc,task     ] GC(14) O: Using 5 Workers for Old Generation
[997,650s][info][gc,task     ] GC(14) O: Using 4 Workers for Old Generation
[997,650s][info][gc,phases   ] GC(14) O: Concurrent Remap Roots 29,549ms
[997,650s][info][gc,phases   ] GC(14) O: Pause Relocate Start 0,024ms
[997,748s][info][gc,phases   ] GC(14) O: Concurrent Relocate 97,467ms
[997,748s][info][gc,alloc    ] GC(14) O:                         Mark Start        Mark End      Relocate Start    Relocate End   
[997,748s][info][gc,alloc    ] GC(14) O: Allocation Stalls:          0                0                0                0         
[997,748s][info][gc,load     ] GC(14) O: Load: 4,12 (21%) / 3,16 (16%) / 2,61 (13%)
[997,748s][info][gc,mmu      ] GC(14) O: MMU: 2ms/90,6%, 5ms/96,2%, 10ms/98,1%, 20ms/99,1%, 50ms/99,6%, 100ms/99,8%
[997,748s][info][gc,marking  ] GC(14) O: Mark: 4 stripe(s), 10 proactive flush(es), 1 terminate flush(es), 0 completion(s), 0 continuation(s) 
[997,748s][info][gc,marking  ] GC(14) O: Mark Stack Usage: 64M
[997,748s][info][gc,nmethod  ] GC(14) O: NMethods: 1766 registered, 212 unregistered
[997,748s][info][gc,metaspace] GC(14) O: Metaspace: 14M used, 14M committed, 1088M reserved
[997,748s][info][gc,ref      ] GC(14) O:                       Encountered   Discovered     Enqueued 
[997,748s][info][gc,ref      ] GC(14) O: Soft References:             3531            0            0 
[997,748s][info][gc,ref      ] GC(14) O: Weak References:              897          218            0 
[997,748s][info][gc,ref      ] GC(14) O: Final References:               0            0            0 
[997,748s][info][gc,ref      ] GC(14) O: Phantom References:            20            7            0 
[997,748s][info][gc,reloc    ] GC(14) O:                        Candidates     Selected     In-Place         Size        Empty    Relocated 
[997,748s][info][gc,reloc    ] GC(14) O: Small Pages:                12708           55            0       25416M          98M          50M 
[997,748s][info][gc,reloc    ] GC(14) O: Medium Pages:                   0            0            0           0M           0M           0M 
[997,748s][info][gc,reloc    ] GC(14) O: Large Pages:                    0            0            0           0M           0M           0M 
[997,748s][info][gc,reloc    ] GC(14) O: Forwarding Usage: 66M
[997,748s][info][gc,heap     ] GC(14) O: Min Capacity: 1024M(2%)
[997,748s][info][gc,heap     ] GC(14) O: Max Capacity: 40960M(100%)
[997,748s][info][gc,heap     ] GC(14) O: Soft Max Capacity: 40960M(100%)
[997,748s][info][gc,heap     ] GC(14) O: Heap Statistics:
[997,748s][info][gc,heap     ] GC(14) O:                Mark Start          Mark End        Relocate Start      Relocate End           High               Low         
[997,748s][info][gc,heap     ] GC(14) O:  Capacity:    27468M (67%)       28112M (69%)       28112M (69%)       28112M (69%)       28112M (69%)       27468M (67%)    
[997,748s][info][gc,heap     ] GC(14) O:      Free:    13492M (33%)       12934M (32%)       13032M (32%)       13154M (32%)       13492M (33%)       12848M (31%)    
[997,748s][info][gc,heap     ] GC(14) O:      Used:    27468M (67%)       28026M (68%)       27928M (68%)       27806M (68%)       28112M (69%)       27468M (67%)    
[997,748s][info][gc,heap     ] GC(14) O: Old Generation Statistics:
[997,748s][info][gc,heap     ] GC(14) O:                Mark Start          Mark End        Relocate Start      Relocate End    
[997,748s][info][gc,heap     ] GC(14) O:      Used:    25416M (62%)       27986M (68%)       27888M (68%)       27766M (68%)    
[997,748s][info][gc,heap     ] GC(14) O:      Live:         -             25125M (61%)       25125M (61%)       25125M (61%)    
[997,748s][info][gc,heap     ] GC(14) O:   Garbage:         -               290M (1%)          192M (0%)           62M (0%)     
[997,748s][info][gc,heap     ] GC(14) O: Allocated:         -              2570M (6%)         2570M (6%)         2577M (6%)     
[997,748s][info][gc,heap     ] GC(14) O: Reclaimed:         -                  -                98M (0%)          227M (1%)     
[997,748s][info][gc,heap     ] GC(14) O: Compacted:         -                  -                  -               138M (0%)     
[997,748s][info][gc,phases   ] GC(14) O: Old Generation 28002M(68%)->27806M(68%) 32,578s
[997,748s][info][gc          ] GC(14) Major Collection (Allocation Rate) 27468M(67%)->27806M(68%) 39,136s
[1087,882s][info][gc          ] GC(17) Major Collection (Allocation Rate)
[1087,882s][info][gc,task     ] GC(17) Using 5 Workers for Young Generation
[1087,882s][info][gc,task     ] GC(17) Using 4 Workers for Old Generation
[1087,882s][info][gc,phases   ] GC(17) Y: Young Generation
[1087,882s][info][gc,phases   ] GC(17) Y: Pause Mark Start (Major) 0,042ms
[1095,264s][info][gc,phases   ] GC(17) Y: Concurrent Mark 7382,375ms
[1095,265s][info][gc,phases   ] GC(17) Y: Pause Mark End 0,029ms
[1095,279s][info][gc,phases   ] GC(17) Y: Concurrent Mark Free 14,231ms
[1095,280s][info][gc,phases   ] GC(17) Y: Concurrent Reset Relocation Set 0,770ms
[1095,282s][info][gc,reloc    ] GC(17) Y: Using tenuring threshold: 1 (Computed)
[1095,290s][info][gc,phases   ] GC(17) Y: Concurrent Select Relocation Set 10,723ms
[1095,291s][info][gc,phases   ] GC(17) Y: Pause Relocate Start 0,022ms
[1095,338s][info][gc,phases   ] GC(17) Y: Concurrent Relocate 47,427ms
[1095,338s][info][gc,alloc    ] GC(17) Y:                         Mark Start        Mark End      Relocate Start    Relocate End   
[1095,338s][info][gc,alloc    ] GC(17) Y: Allocation Stalls:          0                0                0                0         
[1095,338s][info][gc,load     ] GC(17) Y: Load: 2,05 (10%) / 2,70 (14%) / 2,50 (13%)
[1095,338s][info][gc,mmu      ] GC(17) Y: MMU: 2ms/90,6%, 5ms/96,2%, 10ms/98,1%, 20ms/99,1%, 50ms/99,6%, 100ms/99,8%
[1095,338s][info][gc,marking  ] GC(17) Y: Mark: 4 stripe(s), 10 proactive flush(es), 1 terminate flush(es), 0 completion(s), 0 continuation(s) 
[1095,338s][info][gc,marking  ] GC(17) Y: Mark Stack Usage: 32M
[1095,338s][info][gc,nmethod  ] GC(17) Y: NMethods: 1768 registered, 212 unregistered
[1095,338s][info][gc,metaspace] GC(17) Y: Metaspace: 14M used, 14M committed, 1088M reserved
[1095,338s][info][gc,reloc    ] GC(17) Y:                        Candidates     Selected     In-Place         Size        Empty    Relocated 
[1095,338s][info][gc,reloc    ] GC(17) Y: Small Pages:                 1026           38            0        2052M           0M          34M 
[1095,338s][info][gc,reloc    ] GC(17) Y: Medium Pages:                   0            0            0           0M           0M           0M 
[1095,338s][info][gc,reloc    ] GC(17) Y: Large Pages:                    0            0            0           0M           0M           0M 
[1095,338s][info][gc,reloc    ] GC(17) Y: Forwarding Usage: 39M
[1095,338s][info][gc,reloc    ] GC(17) Y: Age Table:
[1095,338s][info][gc,reloc    ] GC(17) Y:                    Live             Garbage             Small              Medium             Large        
[1095,338s][info][gc,reloc    ] GC(17) Y: Eden            1958M (5%)           93M (0%)        1026 / 38             0 / 0              0 / 0        
[1095,338s][info][gc,heap     ] GC(17) Y: Min Capacity: 1024M(2%)
[1095,338s][info][gc,heap     ] GC(17) Y: Max Capacity: 40960M(100%)
[1095,338s][info][gc,heap     ] GC(17) Y: Soft Max Capacity: 40960M(100%)
[1095,338s][info][gc,heap     ] GC(17) Y: Heap Statistics:
[1095,338s][info][gc,heap     ] GC(17) Y:                Mark Start          Mark End        Relocate Start      Relocate End           High               Low         
[1095,338s][info][gc,heap     ] GC(17) Y:  Capacity:    29818M (73%)       30056M (73%)       30056M (73%)       30066M (73%)       30066M (73%)       29818M (73%)    
[1095,338s][info][gc,heap     ] GC(17) Y:      Free:    11142M (27%)       10904M (27%)       10904M (27%)       10986M (27%)       11142M (27%)       10894M (27%)    
[1095,339s][info][gc,heap     ] GC(17) Y:      Used:    29818M (73%)       30056M (73%)       30056M (73%)       29974M (73%)       30066M (73%)       29818M (73%)    
[1095,339s][info][gc,heap     ] GC(17) Y: Young Generation Statistics:
[1095,339s][info][gc,heap     ] GC(17) Y:                Mark Start          Mark End        Relocate Start      Relocate End    
[1095,339s][info][gc,heap     ] GC(17) Y:      Used:     2052M (5%)         2290M (6%)         2290M (6%)         2208M (5%)     
[1095,339s][info][gc,heap     ] GC(17) Y:      Live:         -              1958M (5%)         1958M (5%)         1958M (5%)     
[1095,339s][info][gc,heap     ] GC(17) Y:   Garbage:         -                93M (0%)           93M (0%)            5M (0%)     
[1095,339s][info][gc,heap     ] GC(17) Y: Allocated:         -               238M (1%)          238M (1%)          243M (1%)     
[1095,339s][info][gc,heap     ] GC(17) Y: Reclaimed:         -                  -                 0M (0%)           87M (0%)     
[1095,339s][info][gc,heap     ] GC(17) Y:  Promoted:         -                  -                 0M (0%)            0M (0%)     
[1095,339s][info][gc,heap     ] GC(17) Y: Compacted:         -                  -                  -                78M (0%)     
[1095,339s][info][gc,phases   ] GC(17) Y: Young Generation 29818M(73%)->29974M(73%) 7,457s
[1095,339s][info][gc,phases   ] GC(17) O: Old Generation
[1095,348s][info][gc,task     ] Adjusting Workers for Old Generation: 4 -> 3
[1095,348s][info][gc          ] GC(18) Minor Collection (Allocation Rate)
[1095,348s][info][gc,task     ] GC(18) Using 2 Workers for Young Generation
[1095,348s][info][gc,phases   ] GC(18) y: Young Generation
[1095,348s][info][gc,phases   ] GC(18) y: Pause Mark Start 0,035ms
[1100,415s][info][gc,phases   ] GC(18) y: Concurrent Mark 5067,036ms
[1100,416s][info][gc,phases   ] GC(18) y: Pause Mark End 0,027ms
[1100,416s][info][gc,phases   ] GC(18) y: Concurrent Mark Free 0,002ms
[1100,416s][info][gc,phases   ] GC(18) y: Concurrent Reset Relocation Set 0,017ms
[1100,420s][info][gc,reloc    ] GC(18) y: Using tenuring threshold: 1 (Computed)
[1101,399s][info][gc,phases   ] GC(18) y: Concurrent Select Relocation Set 983,550ms
[1101,400s][info][gc,phases   ] GC(18) y: Pause Relocate Start 0,023ms
[1103,096s][info][gc,phases   ] GC(18) y: Concurrent Relocate 1696,667ms
[1103,097s][info][gc,alloc    ] GC(18) y:                         Mark Start        Mark End      Relocate Start    Relocate End   
[1103,097s][info][gc,alloc    ] GC(18) y: Allocation Stalls:          0                0                0                0         
[1103,097s][info][gc,load     ] GC(18) y: Load: 2,96 (15%) / 2,88 (14%) / 2,56 (13%)
[1103,097s][info][gc,mmu      ] GC(18) y: MMU: 2ms/90,6%, 5ms/96,2%, 10ms/98,1%, 20ms/99,1%, 50ms/99,6%, 100ms/99,8%
[1103,097s][info][gc,marking  ] GC(18) y: Mark: 2 stripe(s), 10 proactive flush(es), 1 terminate flush(es), 0 completion(s), 0 continuation(s) 
[1103,097s][info][gc,marking  ] GC(18) y: Mark Stack Usage: 32M
[1103,097s][info][gc,nmethod  ] GC(18) y: NMethods: 1768 registered, 212 unregistered
[1103,097s][info][gc,metaspace] GC(18) y: Metaspace: 14M used, 14M committed, 1088M reserved
[1103,097s][info][gc,reloc    ] GC(18) y:                        Candidates     Selected     In-Place         Size        Empty    Relocated 
[1103,097s][info][gc,reloc    ] GC(18) y: Small Pages:                 1104            8            0        2208M           0M           7M 
[1103,097s][info][gc,reloc    ] GC(18) y: Medium Pages:                   0            0            0           0M           0M           0M 
[1103,097s][info][gc,reloc    ] GC(18) y: Large Pages:                    0            0            0           0M           0M           0M 
[1103,097s][info][gc,reloc    ] GC(18) y: Forwarding Usage: 8M
[1103,097s][info][gc,reloc    ] GC(18) y: Age Table:
[1103,097s][info][gc,reloc    ] GC(18) y:                    Live             Garbage             Small              Medium             Large        
[1103,097s][info][gc,reloc    ] GC(18) y: Eden             235M (1%)            2M (0%)         119 / 0              0 / 0              0 / 0        
[1103,097s][info][gc,reloc    ] GC(18) y: Survivor 1      1946M (5%)           23M (0%)         985 / 8              0 / 0              0 / 0        
[1103,097s][info][gc,heap     ] GC(18) y: Min Capacity: 1024M(2%)
[1103,097s][info][gc,heap     ] GC(18) y: Max Capacity: 40960M(100%)
[1103,097s][info][gc,heap     ] GC(18) y: Soft Max Capacity: 40960M(100%)
[1103,097s][info][gc,heap     ] GC(18) y: Heap Statistics:
[1103,097s][info][gc,heap     ] GC(18) y:                Mark Start          Mark End        Relocate Start      Relocate End           High               Low         
[1103,097s][info][gc,heap     ] GC(18) y:  Capacity:    30066M (73%)       30066M (73%)       30066M (73%)       30066M (73%)       30066M (73%)       30066M (73%)    
[1103,097s][info][gc,heap     ] GC(18) y:      Free:    10986M (27%)       10986M (27%)       10986M (27%)       10998M (27%)       11000M (27%)       10980M (27%)    
[1103,097s][info][gc,heap     ] GC(18) y:      Used:    29974M (73%)       29974M (73%)       29974M (73%)       29962M (73%)       29980M (73%)       29960M (73%)    
[1103,097s][info][gc,heap     ] GC(18) y: Young Generation Statistics:
[1103,097s][info][gc,heap     ] GC(18) y:                Mark Start          Mark End        Relocate Start      Relocate End    
[1103,097s][info][gc,heap     ] GC(18) y:      Used:     2208M (5%)         2208M (5%)          270M (1%)          242M (1%)     
[1103,097s][info][gc,heap     ] GC(18) y:      Live:         -              2182M (5%)          250M (1%)          235M (1%)     
[1103,097s][info][gc,heap     ] GC(18) y:   Garbage:         -                25M (0%)           19M (0%)            1M (0%)     
[1103,097s][info][gc,heap     ] GC(18) y: Allocated:         -                 0M (0%)            0M (0%)            5M (0%)     
[1103,097s][info][gc,heap     ] GC(18) y: Reclaimed:         -                  -                 6M (0%)           24M (0%)     
[1103,097s][info][gc,heap     ] GC(18) y:  Promoted:         -                  -              1931M (5%)         1946M (5%)     
[1103,097s][info][gc,heap     ] GC(18) y: Compacted:         -                  -                  -                 0M (0%)     
[1103,097s][info][gc,phases   ] GC(18) y: Young Generation 29974M(73%)->29962M(73%) 7,749s
[1103,097s][info][gc          ] GC(18) Minor Collection (Allocation Rate) 29974M(73%)->29962M(73%) 7,749s
[1132,574s][info][gc,phases   ] GC(17) O: Concurrent Mark 37235,479ms
[1132,574s][info][gc,phases   ] GC(17) O: Pause Mark End 0,026ms
[1132,577s][info][gc,phases   ] GC(17) O: Concurrent Mark Free 2,465ms
[1132,580s][info][gc,phases   ] GC(17) O: Concurrent Process Non-Strong 2,876ms
[1132,580s][info][gc,phases   ] GC(17) O: Concurrent Reset Relocation Set 0,025ms
[1132,593s][info][gc,phases   ] GC(17) O: Concurrent Select Relocation Set 13,578ms
[1132,593s][info][gc,task     ] GC(17) O: Using 5 Workers for Old Generation
[1132,632s][info][gc,task     ] GC(17) O: Using 3 Workers for Old Generation
[1132,632s][info][gc,phases   ] GC(17) O: Concurrent Remap Roots 38,383ms
[1132,632s][info][gc,phases   ] GC(17) O: Pause Relocate Start 0,024ms
[1132,787s][info][gc,phases   ] GC(17) O: Concurrent Relocate 154,341ms
[1132,787s][info][gc,alloc    ] GC(17) O:                         Mark Start        Mark End      Relocate Start    Relocate End   
[1132,787s][info][gc,alloc    ] GC(17) O: Allocation Stalls:          0                0                0                0         
[1132,787s][info][gc,load     ] GC(17) O: Load: 3,46 (17%) / 3,02 (15%) / 2,62 (13%)
[1132,787s][info][gc,mmu      ] GC(17) O: MMU: 2ms/90,6%, 5ms/96,2%, 10ms/98,1%, 20ms/99,1%, 50ms/99,6%, 100ms/99,8%
[1132,787s][info][gc,marking  ] GC(17) O: Mark: 4 stripe(s), 10 proactive flush(es), 1 terminate flush(es), 0 completion(s), 0 continuation(s) 
[1132,787s][info][gc,marking  ] GC(17) O: Mark Stack Usage: 32M
[1132,787s][info][gc,nmethod  ] GC(17) O: NMethods: 1767 registered, 213 unregistered
[1132,787s][info][gc,metaspace] GC(17) O: Metaspace: 14M used, 14M committed, 1088M reserved
[1132,787s][info][gc,ref      ] GC(17) O:                       Encountered   Discovered     Enqueued 
[1132,787s][info][gc,ref      ] GC(17) O: Soft References:             3531            0            0 
[1132,787s][info][gc,ref      ] GC(17) O: Weak References:              897          313            0 
[1132,787s][info][gc,ref      ] GC(17) O: Final References:               0            0            0 
[1132,787s][info][gc,ref      ] GC(17) O: Phantom References:            20           10            0 
[1132,787s][info][gc,reloc    ] GC(17) O:                        Candidates     Selected     In-Place         Size        Empty    Relocated 
[1132,787s][info][gc,reloc    ] GC(17) O: Small Pages:                13883           67            0       27766M         132M          63M 
[1132,787s][info][gc,reloc    ] GC(17) O: Medium Pages:                   0            0            0           0M           0M           0M 
[1132,787s][info][gc,reloc    ] GC(17) O: Large Pages:                    0            0            0           0M           0M           0M 
[1132,787s][info][gc,reloc    ] GC(17) O: Forwarding Usage: 85M
[1132,787s][info][gc,heap     ] GC(17) O: Min Capacity: 1024M(2%)
[1132,787s][info][gc,heap     ] GC(17) O: Max Capacity: 40960M(100%)
[1132,787s][info][gc,heap     ] GC(17) O: Soft Max Capacity: 40960M(100%)
[1132,787s][info][gc,heap     ] GC(17) O: Heap Statistics:
[1132,787s][info][gc,heap     ] GC(17) O:                Mark Start          Mark End        Relocate Start      Relocate End           High               Low         
[1132,787s][info][gc,heap     ] GC(17) O:  Capacity:    29818M (73%)       30066M (73%)       30066M (73%)       30066M (73%)       30066M (73%)       29818M (73%)    
[1132,787s][info][gc,heap     ] GC(17) O:      Free:    11142M (27%)       10948M (27%)       11080M (27%)       11234M (27%)       11234M (27%)       10894M (27%)    
[1132,787s][info][gc,heap     ] GC(17) O:      Used:    29818M (73%)       30012M (73%)       29880M (73%)       29726M (73%)       30066M (73%)       29726M (73%)    
[1132,787s][info][gc,heap     ] GC(17) O: Old Generation Statistics:
[1132,787s][info][gc,heap     ] GC(17) O:                Mark Start          Mark End        Relocate Start      Relocate End    
[1132,787s][info][gc,heap     ] GC(17) O:      Used:    27766M (68%)       29720M (73%)       29588M (72%)       29434M (72%)    
[1132,787s][info][gc,heap     ] GC(17) O:      Live:         -             27409M (67%)       27409M (67%)       27409M (67%)    
[1132,787s][info][gc,heap     ] GC(17) O:   Garbage:         -               356M (1%)          224M (1%)           64M (0%)     
[1132,787s][info][gc,heap     ] GC(17) O: Allocated:         -              1954M (5%)         1954M (5%)         1959M (5%)     
[1132,787s][info][gc,heap     ] GC(17) O: Reclaimed:         -                  -               132M (0%)          291M (1%)     
[1132,787s][info][gc,heap     ] GC(17) O: Compacted:         -                  -                  -               176M (0%)     
[1132,787s][info][gc,phases   ] GC(17) O: Old Generation 29974M(73%)->29726M(73%) 37,448s
[1132,787s][info][gc          ] GC(17) Major Collection (Allocation Rate) 29818M(73%)->29726M(73%) 44,905s
[1208,510s][info][gc,exit     ] Stopping ZGC
[1208,511s][info][gc,stats    ] === Garbage Collection Statistics =======================================================================================================================
[1208,511s][info][gc,stats    ]                                                              Last 10s              Last 10m              Last 10h                Total
[1208,511s][info][gc,stats    ]                                                              Avg / Max             Avg / Max             Avg / Max             Avg / Max
[1208,511s][info][gc,stats    ]        Contention: Mark Segment Reset Contention                     0 / 0                 0 / 17                0 / 23                0 / 23          ops/s
[1208,511s][info][gc,stats    ]        Contention: Mark SeqNum Reset Contention                      0 / 0                 0 / 0                 0 / 1                 0 / 1           ops/s
[1208,511s][info][gc,stats    ]          Critical: Allocation Stall                                  0 / 0                 0 / 0                 0 / 0                 0 / 0           ops/s
[1208,511s][info][gc,stats    ]          Critical: Allocation Stall                              0,000 / 0,000         0,000 / 0,000         0,000 / 0,000         0,000 / 0,000       ms
[1208,511s][info][gc,stats    ]          Critical: JNI Critical Stall                                0 / 0                 0 / 0                 0 / 0                 0 / 0           ops/s
[1208,511s][info][gc,stats    ]          Critical: JNI Critical Stall                            0,000 / 0,000         0,000 / 0,000         0,000 / 0,000         0,000 / 0,000       ms
[1208,511s][info][gc,stats    ]          Critical: Relocation Stall                                  0 / 0                 0 / 0                 0 / 0                 0 / 0           ops/s
[1208,511s][info][gc,stats    ]          Critical: Relocation Stall                              0,000 / 0,000         0,000 / 0,000         0,000 / 0,000         0,000 / 0,000       ms
[1208,511s][info][gc,stats    ]  Major Collection: Major Collection                              0,000 / 0,000     50081,484 / 62833,534 45540,905 / 81306,619 45540,905 / 81306,619   ms
[1208,511s][info][gc,stats    ]            Memory: Allocation Rate                                   0 / 4                15 / 460              28 / 484              28 / 484         MB/s
[1208,511s][info][gc,stats    ]            Memory: Defragment                                        0 / 0                 0 / 0                 0 / 0                 0 / 0           ops/s
[1208,511s][info][gc,stats    ]            Memory: Out Of Memory                                     0 / 0                 0 / 0                 0 / 0                 0 / 0           ops/s
[1208,511s][info][gc,stats    ]            Memory: Page Cache Flush                                  0 / 0                 0 / 0                 0 / 0                 0 / 0           MB/s
[1208,511s][info][gc,stats    ]            Memory: Page Cache Hit L1                                 0 / 0                 2 / 261               2 / 261               2 / 261         ops/s
[1208,511s][info][gc,stats    ]            Memory: Page Cache Hit L2                                 0 / 0                 0 / 0                 0 / 0                 0 / 0           ops/s
[1208,511s][info][gc,stats    ]            Memory: Page Cache Hit L3                                 0 / 0                 0 / 0                 0 / 210               0 / 210         ops/s
[1208,511s][info][gc,stats    ]            Memory: Page Cache Miss                                   0 / 2                 6 / 230              12 / 233              12 / 233         ops/s
[1208,511s][info][gc,stats    ]            Memory: Uncommit                                          0 / 0                 0 / 0                 0 / 0                 0 / 0           MB/s
[1208,511s][info][gc,stats    ]            Memory: Undo Object Allocation Failed                     0 / 0                 0 / 0                 0 / 0                 0 / 0           ops/s
[1208,511s][info][gc,stats    ]            Memory: Undo Object Allocation Succeeded                  0 / 0                 0 / 11                0 / 17                0 / 17          ops/s
[1208,511s][info][gc,stats    ]            Memory: Undo Page Allocation                              0 / 0                 0 / 0                 0 / 1                 0 / 1           ops/s
[1208,511s][info][gc,stats    ]  Minor Collection: Minor Collection                              0,000 / 0,000     11316,736 / 15740,988 14165,031 / 32283,720 14165,031 / 32283,720   ms
[1208,511s][info][gc,stats    ]    Old Generation: Old Generation                                0,000 / 0,000     40571,323 / 56173,534 33422,943 / 56173,534 33422,943 / 56173,534   ms
[1208,511s][info][gc,stats    ]         Old Pause: Pause Mark End                                0,000 / 0,000         0,024 / 0,027         0,025 / 0,029         0,025 / 0,029       ms
[1208,511s][info][gc,stats    ]         Old Pause: Pause Relocate Start                          0,000 / 0,000         0,023 / 0,024         0,039 / 0,147         0,039 / 0,147       ms
[1208,511s][info][gc,stats    ]         Old Phase: Concurrent Mark                               0,000 / 0,000     40372,595 / 56047,228 28778,859 / 56047,228 28778,859 / 56047,228   ms
[1208,511s][info][gc,stats    ]         Old Phase: Concurrent Mark Continue                      0,000 / 0,000         0,000 / 0,000         0,000 / 0,000         0,000 / 0,000       ms
[1208,511s][info][gc,stats    ]         Old Phase: Concurrent Mark Free                          0,000 / 0,000         1,093 / 2,465        11,182 / 66,935       11,182 / 66,935      ms
[1208,511s][info][gc,stats    ]         Old Phase: Concurrent Process Non-Strong                 0,000 / 0,000         2,200 / 2,876         3,029 / 6,109         3,029 / 6,109       ms
[1208,511s][info][gc,stats    ]         Old Phase: Concurrent Relocate                           0,000 / 0,000       146,532 / 247,063     130,067 / 319,300     130,067 / 319,300     ms
[1208,511s][info][gc,stats    ]         Old Phase: Concurrent Remap Roots                        0,000 / 0,000        35,005 / 42,756       29,470 / 42,756       29,470 / 42,756      ms
[1208,511s][info][gc,stats    ]         Old Phase: Concurrent Reset Relocation Set               0,000 / 0,000         0,022 / 0,037         0,012 / 0,037         0,012 / 0,037       ms
[1208,511s][info][gc,stats    ]         Old Phase: Concurrent Select Relocation Set              0,000 / 0,000        12,985 / 22,216       11,818 / 35,863       11,818 / 35,863      ms
[1208,511s][info][gc,stats    ]      Old Subphase: Concurrent Classes Purge                      0,000 / 0,000         0,010 / 0,018         0,036 / 0,192         0,036 / 0,192       ms
[1208,511s][info][gc,stats    ]      Old Subphase: Concurrent Classes Unlink                     0,000 / 0,000         1,330 / 1,581         1,877 / 3,886         1,877 / 3,886       ms
[1208,511s][info][gc,stats    ]      Old Subphase: Concurrent Mark Follow                        0,000 / 0,000     40372,147 / 56046,708 28778,305 / 56046,708 28778,305 / 56046,708   ms
[1208,511s][info][gc,stats    ]      Old Subphase: Concurrent Mark Root Colored                  0,000 / 0,000         0,027 / 0,056         0,040 / 0,099         0,040 / 0,099       ms
[1208,511s][info][gc,stats    ]      Old Subphase: Concurrent Mark Root Uncolored                0,000 / 0,000         0,161 / 0,300         0,185 / 0,491         0,185 / 0,491       ms
[1208,511s][info][gc,stats    ]      Old Subphase: Concurrent Mark Roots                         0,000 / 0,000         0,441 / 0,512         0,548 / 0,805         0,548 / 0,805       ms
[1208,511s][info][gc,stats    ]      Old Subphase: Concurrent References Enqueue                 0,000 / 0,000         0,000 / 0,000         0,001 / 0,004         0,001 / 0,004       ms
[1208,511s][info][gc,stats    ]      Old Subphase: Concurrent References Process                 0,000 / 0,000         0,178 / 0,282         0,178 / 0,435         0,178 / 0,435       ms
[1208,511s][info][gc,stats    ]      Old Subphase: Concurrent Remap Remembered                   0,000 / 0,000        32,615 / 41,270       27,179 / 41,270       27,179 / 41,270      ms
[1208,511s][info][gc,stats    ]      Old Subphase: Concurrent Remap Roots Colored                0,000 / 0,000         0,937 / 1,075         0,993 / 1,682         0,993 / 1,682       ms
[1208,511s][info][gc,stats    ]      Old Subphase: Concurrent Remap Roots Uncolored              0,000 / 0,000         0,298 / 0,389         0,312 / 0,587         0,312 / 0,587       ms
[1208,511s][info][gc,stats    ]      Old Subphase: Concurrent Roots ClassLoaderDataGraph         0,000 / 0,000         0,595 / 0,987         0,626 / 1,579         0,626 / 1,579       ms
[1208,512s][info][gc,stats    ]      Old Subphase: Concurrent Roots CodeCache                    0,000 / 0,000         0,273 / 0,348         0,285 / 0,491         0,285 / 0,491       ms
[1208,512s][info][gc,stats    ]      Old Subphase: Concurrent Roots JavaThreads                  0,000 / 0,000         0,059 / 0,299         0,063 / 0,490         0,063 / 0,490       ms
[1208,512s][info][gc,stats    ]      Old Subphase: Concurrent Roots OopStorageSet                0,000 / 0,000         0,010 / 0,028         0,014 / 0,066         0,014 / 0,066       ms
[1208,512s][info][gc,stats    ]      Old Subphase: Concurrent Weak Roots OopStorageSet           0,000 / 0,000         0,143 / 0,382         0,179 / 1,520         0,179 / 1,520       ms
[1208,512s][info][gc,stats    ]            System: Java Threads                                      0 / 0                18 / 18               18 / 18               18 / 18          threads
[1208,512s][info][gc,stats    ]  Young Generation: Young Generation                              0,000 / 0,000      9509,377 / 17364,337 12117,204 / 32244,049 12117,204 / 32244,049   ms
[1208,512s][info][gc,stats    ]  Young Generation: Young Generation                              0,000 / 0,000     11316,179 / 15740,489 14164,513 / 32283,214 14164,513 / 32283,214   ms
[1208,512s][info][gc,stats    ]  Young Generation: Young Generation (Collect Roots)              0,000 / 0,000         0,000 / 0,000         0,000 / 0,000         0,000 / 0,000       ms
[1208,512s][info][gc,stats    ]  Young Generation: Young Generation (Promote All)                0,000 / 0,000         0,000 / 0,000         0,000 / 0,000         0,000 / 0,000       ms
[1208,512s][info][gc,stats    ]       Young Pause: Pause Mark End                                0,000 / 0,000         0,029 / 0,043         0,028 / 0,044         0,028 / 0,044       ms
[1208,512s][info][gc,stats    ]       Young Pause: Pause Mark Start                              0,000 / 0,000         0,053 / 0,069         0,061 / 0,188         0,061 / 0,188       ms
[1208,512s][info][gc,stats    ]       Young Pause: Pause Mark Start (Major)                      0,000 / 0,000         0,034 / 0,042         0,036 / 0,059         0,036 / 0,059       ms
[1208,512s][info][gc,stats    ]       Young Pause: Pause Relocate Start                          0,000 / 0,000         0,025 / 0,057         0,028 / 0,058         0,028 / 0,058       ms
[1208,512s][info][gc,stats    ]       Young Phase: Concurrent Mark                               0,000 / 0,000      8849,579 / 15160,879 11519,164 / 30080,470 11519,164 / 30080,470   ms
[1208,512s][info][gc,stats    ]       Young Phase: Concurrent Mark Continue                      0,000 / 0,000         0,000 / 0,000         0,401 / 0,401         0,401 / 0,401       ms
[1208,512s][info][gc,stats    ]       Young Phase: Concurrent Mark Free                          0,000 / 0,000         1,781 / 14,231        0,751 / 14,231        0,751 / 14,231      ms
[1208,512s][info][gc,stats    ]       Young Phase: Concurrent Relocate                           0,000 / 0,000      1047,156 / 4593,958    998,955 / 4593,958    998,955 / 4593,958    ms
[1208,512s][info][gc,stats    ]       Young Phase: Concurrent Reset Relocation Set               0,000 / 0,000         0,403 / 1,354         0,808 / 6,083         0,808 / 6,083       ms
[1208,512s][info][gc,stats    ]       Young Phase: Concurrent Select Relocation Set              0,000 / 0,000       512,625 / 2175,791    457,651 / 2175,791    457,651 / 2175,791    ms
[1208,512s][info][gc,stats    ]    Young Subphase: Concurrent Mark Follow                        0,000 / 0,000      8847,435 / 15159,339 10941,193 / 30078,077 10941,193 / 30078,077   ms
[1208,512s][info][gc,stats    ]    Young Subphase: Concurrent Mark Root Colored                  0,000 / 0,000         1,141 / 1,322         1,272 / 1,723         1,272 / 1,723       ms
[1208,512s][info][gc,stats    ]    Young Subphase: Concurrent Mark Root Uncolored                0,000 / 0,000         0,536 / 2,166         0,514 / 2,166         0,514 / 2,166       ms
[1208,512s][info][gc,stats    ]    Young Subphase: Concurrent Mark Roots                         0,000 / 0,000         2,138 / 3,512         2,133 / 3,512         2,133 / 3,512       ms
[1208,512s][info][gc,stats    ]    Young Subphase: Concurrent Relocate Remset FP                 0,000 / 0,000      1004,563 / 4588,983    957,040 / 4588,983    957,040 / 4588,983    ms
[1208,512s][info][gc,stats    ]    Young Subphase: Concurrent Roots ClassLoaderDataGraph         0,000 / 0,000         0,869 / 1,101         1,007 / 1,438         1,007 / 1,438       ms
[1208,512s][info][gc,stats    ]    Young Subphase: Concurrent Roots CodeCache                    0,000 / 0,000         0,413 / 1,745         0,351 / 1,745         0,351 / 1,745       ms
[1208,512s][info][gc,stats    ]    Young Subphase: Concurrent Roots JavaThreads                  0,000 / 0,000         0,063 / 0,418         0,086 / 0,736         0,086 / 0,736       ms
[1208,512s][info][gc,stats    ]    Young Subphase: Concurrent Roots OopStorageSet                0,000 / 0,000         0,019 / 0,045         0,019 / 0,105         0,019 / 0,105       ms
[1208,512s][info][gc,stats    ]    Young Subphase: Concurrent Weak Roots OopStorageSet           0,000 / 0,000         0,262 / 0,859         0,254 / 0,859         0,254 / 0,859       ms
[1208,512s][info][gc,stats    ] =========================================================================================================================================================
[1208,512s][info][gc,heap,exit] Heap
[1208,512s][info][gc,heap,exit]  ZHeap           used 30496M, capacity 30496M, max capacity 40960M
[1208,512s][info][gc,heap,exit]  Metaspace       used 14478K, committed 14720K, reserved 1114112K
[1208,512s][info][gc,heap,exit]   class space    used 1477K, committed 1600K, reserved 1048576K
