[0,008s][info][gc,init] Initializing The Z Garbage Collector
[0,008s][info][gc,init] Version: 21.0.3+9-LTS (release)
[0,008s][info][gc,init] NUMA Support: Disabled
[0,008s][info][gc,init] CPUs: 20 total, 20 available
[0,008s][info][gc,init] Memory: 63964M
[0,008s][info][gc,init] Large Page Support: Disabled
[0,008s][info][gc,init] Address Space Type: Contiguous/Unrestricted/Complete
[0,008s][info][gc,init] Address Space Size: 655360M
[0,008s][info][gc,init] Heap Backing File: /memfd:java_heap
[0,008s][info][gc,init] Heap Backing Filesystem: tmpfs (0x1021994)
[0,008s][info][gc,init] Min Capacity: 1024M
[0,008s][info][gc,init] Initial Capacity: 1024M
[0,008s][info][gc,init] Max Capacity: 40960M
[0,008s][info][gc,init] Soft Max Capacity: 40960M
[0,008s][info][gc,init] Medium Page Size: 32M
[0,008s][info][gc,init] Pre-touch: Disabled
[0,008s][info][gc,init] Available space on backing filesystem: N/A
[0,010s][info][gc,init] Uncommit: Enabled
[0,010s][info][gc,init] Uncommit Delay: 300s
[0,010s][info][gc,init] GC Workers for Old Generation: 5 (dynamic)
[0,011s][info][gc,init] GC Workers for Young Generation: 5 (dynamic)
[0,421s][info][gc,init] GC Workers Max: 5 (dynamic)
[0,421s][info][gc,init] Runtime Workers: 12
[0,423s][info][gc     ] Using The Z Garbage Collector
[0,436s][info][gc,metaspace] CDS archive(s) mapped at: [0x00007fa7ab000000-0x00007fa7abcab000-0x00007fa7abcab000), size 13283328, SharedBaseAddress: 0x00007fa7ab000000, ArchiveRelocationMode: 1.
[0,436s][info][gc,metaspace] Compressed class space mapped at: 0x00007fa7ac000000-0x00007fa7ec000000, reserved size: 1073741824
[0,436s][info][gc,metaspace] Narrow klass base: 0x00007fa7ab000000, Narrow klass shift: 0, Narrow klass range: 0x100000000
[11,788s][info][gc          ] GC(0) Major Collection (Warmup)
[11,788s][info][gc,task     ] GC(0) Using 5 Workers for Young Generation
[11,788s][info][gc,task     ] GC(0) Using 4 Workers for Old Generation
[11,788s][info][gc,phases   ] GC(0) Y: Young Generation
[11,789s][info][gc,phases   ] GC(0) Y: Pause Mark Start (Major) 0,018ms
[26,328s][info][gc,phases   ] GC(0) Y: Concurrent Mark 14538,917ms
[26,329s][info][gc,phases   ] GC(0) Y: Pause Mark End 0,028ms
[26,329s][info][gc,phases   ] GC(0) Y: Concurrent Mark Free 0,003ms
[26,329s][info][gc,phases   ] GC(0) Y: Concurrent Reset Relocation Set 0,000ms
[26,336s][info][gc,reloc    ] GC(0) Y: Using tenuring threshold: 1 (Computed)
[26,338s][info][gc,phases   ] GC(0) Y: Concurrent Select Relocation Set 9,607ms
[26,339s][info][gc,phases   ] GC(0) Y: Pause Relocate Start 0,012ms
[26,346s][info][gc,phases   ] GC(0) Y: Concurrent Relocate 7,754ms
[26,346s][info][gc,alloc    ] GC(0) Y:                         Mark Start        Mark End      Relocate Start    Relocate End   
[26,346s][info][gc,alloc    ] GC(0) Y: Allocation Stalls:          0                0                0                0         
[26,346s][info][gc,load     ] GC(0) Y: Load: 1,41 (7%) / 1,78 (9%) / 2,20 (11%)
[26,346s][info][gc,mmu      ] GC(0) Y: MMU: 2ms/98,6%, 5ms/99,4%, 10ms/99,6%, 20ms/99,8%, 50ms/99,9%, 100ms/100,0%
[26,346s][info][gc,marking  ] GC(0) Y: Mark: 4 stripe(s), 10 proactive flush(es), 1 terminate flush(es), 0 completion(s), 0 continuation(s) 
[26,346s][info][gc,marking  ] GC(0) Y: Mark Stack Usage: 32M
[26,346s][info][gc,nmethod  ] GC(0) Y: NMethods: 1769 registered, 0 unregistered
[26,346s][info][gc,metaspace] GC(0) Y: Metaspace: 14M used, 14M committed, 1088M reserved
[26,346s][info][gc,reloc    ] GC(0) Y:                        Candidates     Selected     In-Place         Size        Empty    Relocated 
[26,346s][info][gc,reloc    ] GC(0) Y: Small Pages:                 2050           24            0        4100M           8M           8M 
[26,346s][info][gc,reloc    ] GC(0) Y: Medium Pages:                   0            0            0           0M           0M           0M 
[26,346s][info][gc,reloc    ] GC(0) Y: Large Pages:                    0            0            0           0M           0M           0M 
[26,346s][info][gc,reloc    ] GC(0) Y: Forwarding Usage: 6M
[26,347s][info][gc,reloc    ] GC(0) Y: Age Table:
[26,347s][info][gc,reloc    ] GC(0) Y:                    Live             Garbage             Small              Medium             Large        
[26,347s][info][gc,reloc    ] GC(0) Y: Eden            4030M (10%)          69M (0%)        2050 / 24             0 / 0              0 / 0        
[26,347s][info][gc,heap     ] GC(0) Y: Min Capacity: 1024M(2%)
[26,347s][info][gc,heap     ] GC(0) Y: Max Capacity: 40960M(100%)
[26,347s][info][gc,heap     ] GC(0) Y: Soft Max Capacity: 40960M(100%)
[26,347s][info][gc,heap     ] GC(0) Y: Heap Statistics:
[26,347s][info][gc,heap     ] GC(0) Y:                Mark Start          Mark End        Relocate Start      Relocate End           High               Low         
[26,347s][info][gc,heap     ] GC(0) Y:  Capacity:     4100M (10%)        6658M (16%)        6660M (16%)        6662M (16%)        6662M (16%)        4100M (10%)    
[26,347s][info][gc,heap     ] GC(0) Y:      Free:    36860M (90%)       34302M (84%)       34308M (84%)       34344M (84%)       36860M (90%)       34298M (84%)    
[26,347s][info][gc,heap     ] GC(0) Y:      Used:     4100M (10%)        6658M (16%)        6652M (16%)        6616M (16%)        6662M (16%)        4100M (10%)    
[26,347s][info][gc,heap     ] GC(0) Y: Young Generation Statistics:
[26,347s][info][gc,heap     ] GC(0) Y:                Mark Start          Mark End        Relocate Start      Relocate End    
[26,347s][info][gc,heap     ] GC(0) Y:      Used:     4100M (10%)        6658M (16%)        6652M (16%)        6616M (16%)    
[26,347s][info][gc,heap     ] GC(0) Y:      Live:         -              4030M (10%)        4030M (10%)        4030M (10%)    
[26,347s][info][gc,heap     ] GC(0) Y:   Garbage:         -                69M (0%)           61M (0%)           10M (0%)     
[26,347s][info][gc,heap     ] GC(0) Y: Allocated:         -              2558M (6%)         2560M (6%)         2574M (6%)     
[26,347s][info][gc,heap     ] GC(0) Y: Reclaimed:         -                  -                 8M (0%)           58M (0%)     
[26,347s][info][gc,heap     ] GC(0) Y:  Promoted:         -                  -                 0M (0%)            0M (0%)     
[26,347s][info][gc,heap     ] GC(0) Y: Compacted:         -                  -                  -                13M (0%)     
[26,347s][info][gc,phases   ] GC(0) Y: Young Generation 4100M(10%)->6616M(16%) 14,558s
[26,347s][info][gc,phases   ] GC(0) O: Old Generation
[26,347s][info][gc,phases   ] GC(0) O: Concurrent Mark 0,536ms
[26,347s][info][gc,phases   ] GC(0) O: Pause Mark End 0,017ms
[26,347s][info][gc,phases   ] GC(0) O: Concurrent Mark Free 0,046ms
[26,350s][info][gc,phases   ] GC(0) O: Concurrent Process Non-Strong 2,223ms
[26,350s][info][gc,phases   ] GC(0) O: Concurrent Reset Relocation Set 0,001ms
[26,352s][info][gc,phases   ] GC(0) O: Concurrent Select Relocation Set 1,828ms
[26,352s][info][gc,task     ] GC(0) O: Using 5 Workers for Old Generation
[26,362s][info][gc,task     ] GC(0) O: Using 4 Workers for Old Generation
[26,362s][info][gc,phases   ] GC(0) O: Concurrent Remap Roots 10,693ms
[26,362s][info][gc,phases   ] GC(0) O: Pause Relocate Start 0,025ms
[26,363s][info][gc,phases   ] GC(0) O: Concurrent Relocate 0,058ms
[26,363s][info][gc,alloc    ] GC(0) O:                         Mark Start        Mark End      Relocate Start    Relocate End   
[26,363s][info][gc,alloc    ] GC(0) O: Allocation Stalls:          0                0                0                0         
[26,363s][info][gc,load     ] GC(0) O: Load: 1,41 (7%) / 1,78 (9%) / 2,20 (11%)
[26,363s][info][gc,mmu      ] GC(0) O: MMU: 2ms/98,6%, 5ms/99,4%, 10ms/99,6%, 20ms/99,7%, 50ms/99,8%, 100ms/99,9%
[26,363s][info][gc,marking  ] GC(0) O: Mark: 4 stripe(s), 1 proactive flush(es), 1 terminate flush(es), 0 completion(s), 0 continuation(s) 
[26,363s][info][gc,marking  ] GC(0) O: Mark Stack Usage: 0M
[26,363s][info][gc,nmethod  ] GC(0) O: NMethods: 1583 registered, 186 unregistered
[26,363s][info][gc,metaspace] GC(0) O: Metaspace: 14M used, 14M committed, 1088M reserved
[26,363s][info][gc,ref      ] GC(0) O:                       Encountered   Discovered     Enqueued 
[26,363s][info][gc,ref      ] GC(0) O: Soft References:             3531            0            0 
[26,363s][info][gc,ref      ] GC(0) O: Weak References:             1244            0            0 
[26,363s][info][gc,ref      ] GC(0) O: Final References:               0            0            0 
[26,363s][info][gc,ref      ] GC(0) O: Phantom References:           169            0            0 
[26,363s][info][gc,heap     ] GC(0) O: Min Capacity: 1024M(2%)
[26,363s][info][gc,heap     ] GC(0) O: Max Capacity: 40960M(100%)
[26,363s][info][gc,heap     ] GC(0) O: Soft Max Capacity: 40960M(100%)
[26,363s][info][gc,heap     ] GC(0) O: Heap Statistics:
[26,363s][info][gc,heap     ] GC(0) O:                Mark Start          Mark End        Relocate Start      Relocate End           High               Low         
[26,363s][info][gc,heap     ] GC(0) O:  Capacity:     4100M (10%)        6662M (16%)        6662M (16%)        6662M (16%)        6662M (16%)        4100M (10%)    
[26,363s][info][gc,heap     ] GC(0) O:      Free:    36860M (90%)       34344M (84%)       34338M (84%)       34338M (84%)       36860M (90%)       34298M (84%)    
[26,363s][info][gc,heap     ] GC(0) O:      Used:     4100M (10%)        6616M (16%)        6622M (16%)        6622M (16%)        6662M (16%)        4100M (10%)    
[26,363s][info][gc,heap     ] GC(0) O: Old Generation Statistics:
[26,363s][info][gc,heap     ] GC(0) O:                Mark Start          Mark End        Relocate Start      Relocate End    
[26,363s][info][gc,heap     ] GC(0) O:      Used:        0M (0%)            0M (0%)            0M (0%)            0M (0%)     
[26,363s][info][gc,heap     ] GC(0) O:      Live:         -                 0M (0%)            0M (0%)            0M (0%)     
[26,363s][info][gc,heap     ] GC(0) O:   Garbage:         -                 0M (0%)            0M (0%)            0M (0%)     
[26,363s][info][gc,heap     ] GC(0) O: Allocated:         -                 0M (0%)            0M (0%)            0M (0%)     
[26,363s][info][gc,heap     ] GC(0) O: Reclaimed:         -                  -                 0M (0%)            0M (0%)     
[26,363s][info][gc,heap     ] GC(0) O: Compacted:         -                  -                  -                 0M (0%)     
[26,363s][info][gc,phases   ] GC(0) O: Old Generation 6616M(16%)->6622M(16%) 0,016s
[26,363s][info][gc          ] GC(0) Major Collection (Warmup) 4100M(10%)->6622M(16%) 14,575s
[34,799s][info][gc          ] GC(1) Major Collection (Warmup)
[34,799s][info][gc,task     ] GC(1) Using 5 Workers for Young Generation
[34,799s][info][gc,task     ] GC(1) Using 1 Workers for Old Generation
[34,799s][info][gc,phases   ] GC(1) Y: Young Generation
[34,799s][info][gc,phases   ] GC(1) Y: Pause Mark Start (Major) 0,031ms
[63,915s][info][gc,phases   ] GC(1) Y: Concurrent Mark 29115,952ms
[63,915s][info][gc,phases   ] GC(1) Y: Pause Mark End 0,028ms
[63,916s][info][gc,phases   ] GC(1) Y: Concurrent Mark Free 0,002ms
[63,916s][info][gc,phases   ] GC(1) Y: Concurrent Reset Relocation Set 0,005ms
[63,918s][info][gc,reloc    ] GC(1) Y: Using tenuring threshold: 1 (Computed)
[64,630s][info][gc,phases   ] GC(1) Y: Concurrent Select Relocation Set 714,336ms
[64,630s][info][gc,phases   ] GC(1) Y: Pause Relocate Start 0,022ms
[66,459s][info][gc,phases   ] GC(1) Y: Concurrent Relocate 1828,418ms
[66,459s][info][gc,alloc    ] GC(1) Y:                         Mark Start        Mark End      Relocate Start    Relocate End   
[66,459s][info][gc,alloc    ] GC(1) Y: Allocation Stalls:          0                0                0                0         
[66,459s][info][gc,load     ] GC(1) Y: Load: 3,08 (15%) / 2,13 (11%) / 2,30 (11%)
[66,459s][info][gc,mmu      ] GC(1) Y: MMU: 2ms/98,5%, 5ms/99,4%, 10ms/99,6%, 20ms/99,7%, 50ms/99,8%, 100ms/99,9%
[66,459s][info][gc,marking  ] GC(1) Y: Mark: 4 stripe(s), 10 proactive flush(es), 1 terminate flush(es), 0 completion(s), 0 continuation(s) 
[66,459s][info][gc,marking  ] GC(1) Y: Mark Stack Usage: 32M
[66,459s][info][gc,nmethod  ] GC(1) Y: NMethods: 1599 registered, 186 unregistered
[66,459s][info][gc,metaspace] GC(1) Y: Metaspace: 14M used, 14M committed, 1088M reserved
[66,459s][info][gc,reloc    ] GC(1) Y:                        Candidates     Selected     In-Place         Size        Empty    Relocated 
[66,459s][info][gc,reloc    ] GC(1) Y: Small Pages:                 4096           23            0        8192M          62M          15M 
[66,459s][info][gc,reloc    ] GC(1) Y: Medium Pages:                   0            0            0           0M           0M           0M 
[66,459s][info][gc,reloc    ] GC(1) Y: Large Pages:                    0            0            0           0M           0M           0M 
[66,459s][info][gc,reloc    ] GC(1) Y: Forwarding Usage: 17M
[66,459s][info][gc,reloc    ] GC(1) Y: Age Table:
[66,459s][info][gc,reloc    ] GC(1) Y:                    Live             Garbage             Small              Medium             Large        
[66,459s][info][gc,reloc    ] GC(1) Y: Eden            4081M (10%)          58M (0%)        2070 / 11             0 / 0              0 / 0        
[66,459s][info][gc,reloc    ] GC(1) Y: Survivor 1      3974M (10%)          77M (0%)        2026 / 12             0 / 0              0 / 0        
[66,459s][info][gc,heap     ] GC(1) Y: Min Capacity: 1024M(2%)
[66,459s][info][gc,heap     ] GC(1) Y: Max Capacity: 40960M(100%)
[66,459s][info][gc,heap     ] GC(1) Y: Soft Max Capacity: 40960M(100%)
[66,459s][info][gc,heap     ] GC(1) Y: Heap Statistics:
[66,459s][info][gc,heap     ] GC(1) Y:                Mark Start          Mark End        Relocate Start      Relocate End           High               Low         
[66,459s][info][gc,heap     ] GC(1) Y:  Capacity:     8192M (20%)       11986M (29%)       12140M (30%)       12458M (30%)       12458M (30%)        8192M (20%)    
[66,459s][info][gc,heap     ] GC(1) Y:      Free:    32768M (80%)       28974M (71%)       28820M (70%)       28502M (70%)       32768M (80%)       28502M (70%)    
[66,459s][info][gc,heap     ] GC(1) Y:      Used:     8192M (20%)       11986M (29%)       12140M (30%)       12458M (30%)       12458M (30%)        8192M (20%)    
[66,459s][info][gc,heap     ] GC(1) Y: Young Generation Statistics:
[66,459s][info][gc,heap     ] GC(1) Y:                Mark Start          Mark End        Relocate Start      Relocate End    
[66,459s][info][gc,heap     ] GC(1) Y:      Used:     8192M (20%)       11986M (29%)        8174M (20%)        8462M (21%)    
[66,459s][info][gc,heap     ] GC(1) Y:      Live:         -              8056M (20%)        4101M (10%)        4081M (10%)    
[66,459s][info][gc,heap     ] GC(1) Y:   Garbage:         -               135M (0%)           62M (0%)           10M (0%)     
[66,459s][info][gc,heap     ] GC(1) Y: Allocated:         -              3794M (9%)         4010M (10%)        4369M (11%)    
[66,459s][info][gc,heap     ] GC(1) Y: Reclaimed:         -                  -                73M (0%)          124M (0%)     
[66,459s][info][gc,heap     ] GC(1) Y:  Promoted:         -                  -              3954M (10%)        3974M (10%)    
[66,459s][info][gc,heap     ] GC(1) Y: Compacted:         -                  -                  -                14M (0%)     
[66,459s][info][gc,phases   ] GC(1) Y: Young Generation 8192M(20%)->12458M(30%) 31,660s
[66,459s][info][gc,phases   ] GC(1) O: Old Generation
[66,461s][info][gc,phases   ] GC(1) O: Concurrent Mark 1,465ms
[66,461s][info][gc,phases   ] GC(1) O: Pause Mark End 0,028ms
[66,461s][info][gc,phases   ] GC(1) O: Concurrent Mark Free 0,001ms
[66,467s][info][gc,phases   ] GC(1) O: Concurrent Process Non-Strong 5,652ms
[66,467s][info][gc,phases   ] GC(1) O: Concurrent Reset Relocation Set 0,001ms
[66,468s][info][gc          ] GC(2) Minor Collection (Allocation Rate)
[66,468s][info][gc,task     ] GC(2) Using 5 Workers for Young Generation
[66,468s][info][gc,phases   ] GC(2) y: Young Generation
[66,468s][info][gc,phases   ] GC(2) y: Pause Mark Start 0,033ms
[66,471s][info][gc,phases   ] GC(1) O: Concurrent Select Relocation Set 4,054ms
[96,052s][info][gc,phases   ] GC(2) y: Concurrent Mark 29583,901ms
[96,052s][info][gc,phases   ] GC(2) y: Pause Mark End 0,027ms
[96,052s][info][gc,phases   ] GC(2) y: Concurrent Mark Free 0,002ms
[96,054s][info][gc,phases   ] GC(2) y: Concurrent Reset Relocation Set 1,243ms
[96,056s][info][gc,reloc    ] GC(2) y: Using tenuring threshold: 1 (Computed)
[96,739s][info][gc,phases   ] GC(2) y: Concurrent Select Relocation Set 684,994ms
[96,739s][info][gc,phases   ] GC(2) y: Pause Relocate Start 0,021ms
[98,211s][info][gc,phases   ] GC(2) y: Concurrent Relocate 1472,139ms
[98,211s][info][gc,alloc    ] GC(2) y:                         Mark Start        Mark End      Relocate Start    Relocate End   
[98,211s][info][gc,alloc    ] GC(2) y: Allocation Stalls:          0                0                0                0         
[98,211s][info][gc,load     ] GC(2) y: Load: 4,15 (21%) / 2,51 (13%) / 2,42 (12%)
[98,211s][info][gc,mmu      ] GC(2) y: MMU: 2ms/98,4%, 5ms/99,3%, 10ms/99,4%, 20ms/99,7%, 50ms/99,8%, 100ms/99,9%
[98,211s][info][gc,marking  ] GC(2) y: Mark: 4 stripe(s), 10 proactive flush(es), 1 terminate flush(es), 0 completion(s), 0 continuation(s) 
[98,211s][info][gc,marking  ] GC(2) y: Mark Stack Usage: 32M
[98,211s][info][gc,nmethod  ] GC(2) y: NMethods: 1593 registered, 202 unregistered
[98,211s][info][gc,metaspace] GC(2) y: Metaspace: 14M used, 14M committed, 1088M reserved
[98,211s][info][gc,reloc    ] GC(2) y:                        Candidates     Selected     In-Place         Size        Empty    Relocated 
[98,211s][info][gc,reloc    ] GC(2) y: Small Pages:                 4231           20            0        8462M          34M          16M 
[98,211s][info][gc,reloc    ] GC(2) y: Medium Pages:                   0            0            0           0M           0M           0M 
[98,211s][info][gc,reloc    ] GC(2) y: Large Pages:                    0            0            0           0M           0M           0M 
[98,211s][info][gc,reloc    ] GC(2) y: Forwarding Usage: 18M
[98,211s][info][gc,reloc    ] GC(2) y: Age Table:
[98,211s][info][gc,reloc    ] GC(2) y:                    Live             Garbage             Small              Medium             Large        
[98,211s][info][gc,reloc    ] GC(2) y: Eden            4301M (11%)          60M (0%)        2181 / 16             0 / 0              0 / 0        
[98,211s][info][gc,reloc    ] GC(2) y: Survivor 1      4061M (10%)          38M (0%)        2050 / 4              0 / 0              0 / 0        
[98,211s][info][gc,heap     ] GC(2) y: Min Capacity: 1024M(2%)
[98,211s][info][gc,heap     ] GC(2) y: Max Capacity: 40960M(100%)
[98,211s][info][gc,heap     ] GC(2) y: Soft Max Capacity: 40960M(100%)
[98,211s][info][gc,heap     ] GC(2) y: Heap Statistics:
[98,211s][info][gc,heap     ] GC(2) y:                Mark Start          Mark End        Relocate Start      Relocate End           High               Low         
[98,211s][info][gc,heap     ] GC(2) y:  Capacity:    12458M (30%)       14606M (36%)       14606M (36%)       14606M (36%)       14606M (36%)       12458M (30%)    
[98,211s][info][gc,heap     ] GC(2) y:      Free:    28502M (70%)       26354M (64%)       26386M (64%)       26414M (64%)       28502M (70%)       26354M (64%)    
[98,211s][info][gc,heap     ] GC(2) y:      Used:    12458M (30%)       14606M (36%)       14574M (36%)       14546M (36%)       14606M (36%)       12458M (30%)    
[98,211s][info][gc,heap     ] GC(2) y: Young Generation Statistics:
[98,211s][info][gc,heap     ] GC(2) y:                Mark Start          Mark End        Relocate Start      Relocate End    
[98,211s][info][gc,heap     ] GC(2) y:      Used:     8462M (21%)       10610M (26%)        6508M (16%)        6470M (16%)    
[98,211s][info][gc,heap     ] GC(2) y:      Live:         -              8362M (20%)        4302M (11%)        4301M (11%)    
[98,211s][info][gc,heap     ] GC(2) y:   Garbage:         -                99M (0%)           55M (0%)           10M (0%)     
[98,211s][info][gc,heap     ] GC(2) y: Allocated:         -              2148M (5%)         2150M (5%)         2158M (5%)     
[98,212s][info][gc,heap     ] GC(2) y: Reclaimed:         -                  -                43M (0%)           89M (0%)     
[98,212s][info][gc,heap     ] GC(2) y:  Promoted:         -                  -              4060M (10%)        4061M (10%)    
[98,212s][info][gc,heap     ] GC(2) y: Compacted:         -                  -                  -                35M (0%)     
[98,212s][info][gc,phases   ] GC(2) y: Young Generation 12458M(30%)->14546M(36%) 31,744s
[98,212s][info][gc          ] GC(2) Minor Collection (Allocation Rate) 12458M(30%)->14546M(36%) 31,744s
[98,212s][info][gc,task     ] GC(1) O: Using 5 Workers for Old Generation
[98,239s][info][gc,task     ] GC(1) O: Using 1 Workers for Old Generation
[98,239s][info][gc,phases   ] GC(1) O: Concurrent Remap Roots 27,467ms
[98,239s][info][gc,phases   ] GC(1) O: Pause Relocate Start 0,059ms
[98,240s][info][gc          ] GC(3) Minor Collection (Allocation Rate)
[98,240s][info][gc,task     ] GC(3) Using 5 Workers for Young Generation
[98,240s][info][gc,phases   ] GC(3) y: Young Generation
[98,240s][info][gc,phases   ] GC(1) O: Concurrent Relocate 0,407ms
[98,240s][info][gc,phases   ] GC(3) y: Pause Mark Start 0,031ms
[120,182s][info][gc,phases   ] GC(3) y: Concurrent Mark 21941,404ms
[120,182s][info][gc,phases   ] GC(3) y: Pause Mark End 0,028ms
[120,182s][info][gc,phases   ] GC(3) y: Concurrent Mark Free 0,005ms
[120,183s][info][gc,phases   ] GC(3) y: Concurrent Reset Relocation Set 1,229ms
[120,185s][info][gc,reloc    ] GC(3) y: Using tenuring threshold: 1 (Computed)
[120,897s][info][gc,phases   ] GC(3) y: Concurrent Select Relocation Set 713,353ms
[120,897s][info][gc,phases   ] GC(3) y: Pause Relocate Start 0,023ms
[122,465s][info][gc,phases   ] GC(3) y: Concurrent Relocate 1567,906ms
[122,465s][info][gc,alloc    ] GC(3) y:                         Mark Start        Mark End      Relocate Start    Relocate End   
[122,465s][info][gc,alloc    ] GC(3) y: Allocation Stalls:          0                0                0                0         
[122,465s][info][gc,load     ] GC(3) y: Load: 4,08 (20%) / 2,61 (13%) / 2,46 (12%)
[122,465s][info][gc,mmu      ] GC(3) y: MMU: 2ms/95,5%, 5ms/98,2%, 10ms/99,1%, 20ms/99,6%, 50ms/99,8%, 100ms/99,9%
[122,465s][info][gc,marking  ] GC(3) y: Mark: 4 stripe(s), 10 proactive flush(es), 1 terminate flush(es), 0 completion(s), 0 continuation(s) 
[122,465s][info][gc,marking  ] GC(3) y: Mark Stack Usage: 32M
[122,465s][info][gc,nmethod  ] GC(3) y: NMethods: 1601 registered, 202 unregistered
[122,465s][info][gc,metaspace] GC(3) y: Metaspace: 14M used, 14M committed, 1088M reserved
[122,465s][info][gc,reloc    ] GC(3) y:                        Candidates     Selected     In-Place         Size        Empty    Relocated 
[122,465s][info][gc,reloc    ] GC(3) y: Small Pages:                 3235           20            0        6470M          10M          16M 
[122,465s][info][gc,reloc    ] GC(3) y: Medium Pages:                   0            0            0           0M           0M           0M 
[122,465s][info][gc,reloc    ] GC(3) y: Large Pages:                    0            0            0           0M           0M           0M 
[122,465s][info][gc,reloc    ] GC(3) y: Forwarding Usage: 19M
[122,465s][info][gc,reloc    ] GC(3) y: Age Table:
[122,465s][info][gc,reloc    ] GC(3) y:                    Live             Garbage             Small              Medium             Large        
[122,465s][info][gc,reloc    ] GC(3) y: Eden            2114M (5%)           41M (0%)        1078 / 15             0 / 0              0 / 0        
[122,465s][info][gc,reloc    ] GC(3) y: Survivor 1      4282M (10%)          31M (0%)        2157 / 5              0 / 0              0 / 0        
[122,465s][info][gc,heap     ] GC(3) y: Min Capacity: 1024M(2%)
[122,465s][info][gc,heap     ] GC(3) y: Max Capacity: 40960M(100%)
[122,465s][info][gc,heap     ] GC(3) y: Soft Max Capacity: 40960M(100%)
[122,465s][info][gc,heap     ] GC(3) y: Heap Statistics:
[122,465s][info][gc,heap     ] GC(3) y:                Mark Start          Mark End        Relocate Start      Relocate End           High               Low         
[122,465s][info][gc,heap     ] GC(3) y:  Capacity:    14606M (36%)       14606M (36%)       14606M (36%)       14606M (36%)       14606M (36%)       14606M (36%)    
[122,465s][info][gc,heap     ] GC(3) y:      Free:    26414M (64%)       26368M (64%)       26374M (64%)       26408M (64%)       26414M (64%)       26366M (64%)    
[122,465s][info][gc,heap     ] GC(3) y:      Used:    14546M (36%)       14592M (36%)       14586M (36%)       14552M (36%)       14594M (36%)       14546M (36%)    
[122,465s][info][gc,heap     ] GC(3) y: Young Generation Statistics:
[122,465s][info][gc,heap     ] GC(3) y:                Mark Start          Mark End        Relocate Start      Relocate End    
[122,465s][info][gc,heap     ] GC(3) y:      Used:     6470M (16%)        6516M (16%)        2222M (5%)         2176M (5%)     
[122,465s][info][gc,heap     ] GC(3) y:      Live:         -              6397M (16%)        2120M (5%)         2114M (5%)     
[122,465s][info][gc,heap     ] GC(3) y:   Garbage:         -                72M (0%)           51M (0%)            5M (0%)     
[122,465s][info][gc,heap     ] GC(3) y: Allocated:         -                46M (0%)           50M (0%)           55M (0%)     
[122,465s][info][gc,heap     ] GC(3) y: Reclaimed:         -                  -                20M (0%)           66M (0%)     
[122,465s][info][gc,heap     ] GC(3) y:  Promoted:         -                  -              4277M (10%)        4282M (10%)    
[122,465s][info][gc,heap     ] GC(3) y: Compacted:         -                  -                  -                30M (0%)     
[122,465s][info][gc,phases   ] GC(3) y: Young Generation 14546M(36%)->14552M(36%) 24,225s
[122,465s][info][gc          ] GC(3) Minor Collection (Allocation Rate) 14546M(36%)->14552M(36%) 24,226s
[122,465s][info][gc,alloc    ] GC(1) O:                         Mark Start        Mark End      Relocate Start    Relocate End   
[122,465s][info][gc,alloc    ] GC(1) O: Allocation Stalls:          0                0                0                0         
[122,465s][info][gc,load     ] GC(1) O: Load: 4,08 (20%) / 2,61 (13%) / 2,46 (12%)
[122,465s][info][gc,mmu      ] GC(1) O: MMU: 2ms/95,5%, 5ms/98,2%, 10ms/99,1%, 20ms/99,6%, 50ms/99,8%, 100ms/99,9%
[122,465s][info][gc,marking  ] GC(1) O: Mark: 1 stripe(s), 1 proactive flush(es), 1 terminate flush(es), 0 completion(s), 0 continuation(s) 
[122,465s][info][gc,marking  ] GC(1) O: Mark Stack Usage: 0M
[122,465s][info][gc,nmethod  ] GC(1) O: NMethods: 1601 registered, 202 unregistered
[122,465s][info][gc,metaspace] GC(1) O: Metaspace: 14M used, 14M committed, 1088M reserved
[122,465s][info][gc,ref      ] GC(1) O:                       Encountered   Discovered     Enqueued 
[122,465s][info][gc,ref      ] GC(1) O: Soft References:             3531            0            0 
[122,465s][info][gc,ref      ] GC(1) O: Weak References:             1257            0            0 
[122,466s][info][gc,ref      ] GC(1) O: Final References:               0            0            0 
[122,466s][info][gc,ref      ] GC(1) O: Phantom References:           170            0            0 
[122,466s][info][gc,heap     ] GC(1) O: Min Capacity: 1024M(2%)
[122,466s][info][gc,heap     ] GC(1) O: Max Capacity: 40960M(100%)
[122,466s][info][gc,heap     ] GC(1) O: Soft Max Capacity: 40960M(100%)
[122,466s][info][gc,heap     ] GC(1) O: Heap Statistics:
[122,466s][info][gc,heap     ] GC(1) O:                Mark Start          Mark End        Relocate Start      Relocate End           High               Low         
[122,466s][info][gc,heap     ] GC(1) O:  Capacity:     8192M (20%)       12458M (30%)       14606M (36%)       14606M (36%)       14606M (36%)        8192M (20%)    
[122,466s][info][gc,heap     ] GC(1) O:      Free:    32768M (80%)       28502M (70%)       26414M (64%)       26414M (64%)       32768M (80%)       26354M (64%)    
[122,466s][info][gc,heap     ] GC(1) O:      Used:     8192M (20%)       12458M (30%)       14546M (36%)       14546M (36%)       14606M (36%)        8192M (20%)    
[122,466s][info][gc,heap     ] GC(1) O: Old Generation Statistics:
[122,466s][info][gc,heap     ] GC(1) O:                Mark Start          Mark End        Relocate Start      Relocate End    
[122,466s][info][gc,heap     ] GC(1) O:      Used:        0M (0%)         3996M (10%)        8076M (20%)        8076M (20%)    
[122,466s][info][gc,heap     ] GC(1) O:      Live:         -                 0M (0%)            0M (0%)            0M (0%)     
[122,466s][info][gc,heap     ] GC(1) O:   Garbage:         -                 0M (0%)            0M (0%)            0M (0%)     
[122,466s][info][gc,heap     ] GC(1) O: Allocated:         -              3996M (10%)        8076M (20%)        8076M (20%)    
[122,466s][info][gc,heap     ] GC(1) O: Reclaimed:         -                  -                 0M (0%)            0M (0%)     
[122,466s][info][gc,heap     ] GC(1) O: Compacted:         -                  -                  -                 0M (0%)     
[122,466s][info][gc,phases   ] GC(1) O: Old Generation 12458M(30%)->14546M(36%) 56,006s
[122,466s][info][gc          ] GC(1) Major Collection (Warmup) 8192M(20%)->14552M(36%) 87,667s
[122,476s][info][gc          ] GC(4) Major Collection (Warmup)
[122,476s][info][gc,task     ] GC(4) Using 5 Workers for Young Generation
[122,476s][info][gc,task     ] GC(4) Using 1 Workers for Old Generation
[122,476s][info][gc,phases   ] GC(4) Y: Young Generation
[122,476s][info][gc,phases   ] GC(4) Y: Pause Mark Start (Major) 0,067ms
[130,053s][info][gc,phases   ] GC(4) Y: Concurrent Mark 7577,369ms
[130,054s][info][gc,phases   ] GC(4) Y: Pause Mark End 0,027ms
[130,054s][info][gc,phases   ] GC(4) Y: Concurrent Mark Free 0,001ms
[130,055s][info][gc,phases   ] GC(4) Y: Concurrent Reset Relocation Set 1,443ms
[130,059s][info][gc,reloc    ] GC(4) Y: Using tenuring threshold: 1 (Computed)
[130,467s][info][gc,phases   ] GC(4) Y: Concurrent Select Relocation Set 412,146ms
[130,468s][info][gc,phases   ] GC(4) Y: Pause Relocate Start 0,024ms
[131,290s][info][gc,phases   ] GC(4) Y: Concurrent Relocate 822,517ms
[131,291s][info][gc,alloc    ] GC(4) Y:                         Mark Start        Mark End      Relocate Start    Relocate End   
[131,291s][info][gc,alloc    ] GC(4) Y: Allocation Stalls:          0                0                0                0         
[131,291s][info][gc,load     ] GC(4) Y: Load: 3,93 (20%) / 2,62 (13%) / 2,46 (12%)
[131,291s][info][gc,mmu      ] GC(4) Y: MMU: 2ms/95,5%, 5ms/98,2%, 10ms/99,1%, 20ms/99,6%, 50ms/99,8%, 100ms/99,9%
[131,291s][info][gc,marking  ] GC(4) Y: Mark: 4 stripe(s), 10 proactive flush(es), 1 terminate flush(es), 0 completion(s), 0 continuation(s) 
[131,291s][info][gc,marking  ] GC(4) Y: Mark Stack Usage: 32M
[131,291s][info][gc,nmethod  ] GC(4) Y: NMethods: 1601 registered, 202 unregistered
[131,291s][info][gc,metaspace] GC(4) Y: Metaspace: 14M used, 14M committed, 1088M reserved
[131,291s][info][gc,reloc    ] GC(4) Y:                        Candidates     Selected     In-Place         Size        Empty    Relocated 
[131,291s][info][gc,reloc    ] GC(4) Y: Small Pages:                 1088           14            0        2176M           0M          12M 
[131,291s][info][gc,reloc    ] GC(4) Y: Medium Pages:                   0            0            0           0M           0M           0M 
[131,291s][info][gc,reloc    ] GC(4) Y: Large Pages:                    0            0            0           0M           0M           0M 
[131,291s][info][gc,reloc    ] GC(4) Y: Forwarding Usage: 14M
[131,291s][info][gc,reloc    ] GC(4) Y: Age Table:
[131,291s][info][gc,reloc    ] GC(4) Y:                    Live             Garbage             Small              Medium             Large        
[131,291s][info][gc,reloc    ] GC(4) Y: Eden              36M (0%)           17M (0%)          27 / 6              0 / 0              0 / 0        
[131,291s][info][gc,reloc    ] GC(4) Y: Survivor 1      2101M (5%)           20M (0%)        1061 / 8              0 / 0              0 / 0        
[131,291s][info][gc,heap     ] GC(4) Y: Min Capacity: 1024M(2%)
[131,291s][info][gc,heap     ] GC(4) Y: Max Capacity: 40960M(100%)
[131,291s][info][gc,heap     ] GC(4) Y: Soft Max Capacity: 40960M(100%)
[131,291s][info][gc,heap     ] GC(4) Y: Heap Statistics:
[131,291s][info][gc,heap     ] GC(4) Y:                Mark Start          Mark End        Relocate Start      Relocate End           High               Low         
[131,291s][info][gc,heap     ] GC(4) Y:  Capacity:    14606M (36%)       15262M (37%)       15262M (37%)       15272M (37%)       15272M (37%)       14606M (36%)    
[131,291s][info][gc,heap     ] GC(4) Y:      Free:    26408M (64%)       25698M (63%)       25698M (63%)       25726M (63%)       26408M (64%)       25688M (63%)    
[131,291s][info][gc,heap     ] GC(4) Y:      Used:    14552M (36%)       15262M (37%)       15262M (37%)       15234M (37%)       15272M (37%)       14552M (36%)    
[131,291s][info][gc,heap     ] GC(4) Y: Young Generation Statistics:
[131,291s][info][gc,heap     ] GC(4) Y:                Mark Start          Mark End        Relocate Start      Relocate End    
[131,291s][info][gc,heap     ] GC(4) Y:      Used:     2176M (5%)         2886M (7%)          794M (2%)          748M (2%)     
[131,291s][info][gc,heap     ] GC(4) Y:      Live:         -              2137M (5%)           51M (0%)           36M (0%)     
[131,291s][info][gc,heap     ] GC(4) Y:   Garbage:         -                38M (0%)           32M (0%)            0M (0%)     
[131,291s][info][gc,heap     ] GC(4) Y: Allocated:         -               710M (2%)          710M (2%)          711M (2%)     
[131,291s][info][gc,heap     ] GC(4) Y: Reclaimed:         -                  -                 5M (0%)           37M (0%)     
[131,291s][info][gc,heap     ] GC(4) Y:  Promoted:         -                  -              2086M (5%)         2101M (5%)     
[131,291s][info][gc,heap     ] GC(4) Y: Compacted:         -                  -                  -                12M (0%)     
[131,291s][info][gc,phases   ] GC(4) Y: Young Generation 14552M(36%)->15234M(37%) 8,815s
[131,291s][info][gc,phases   ] GC(4) O: Old Generation
[159,446s][info][gc,phases   ] GC(4) O: Concurrent Mark 28154,933ms
[159,446s][info][gc,phases   ] GC(4) O: Pause Mark End 0,017ms
[159,446s][info][gc,phases   ] GC(4) O: Concurrent Mark Free 0,002ms
[159,450s][info][gc,phases   ] GC(4) O: Concurrent Process Non-Strong 3,538ms
[159,450s][info][gc,phases   ] GC(4) O: Concurrent Reset Relocation Set 0,000ms
[159,472s][info][gc,phases   ] GC(4) O: Concurrent Select Relocation Set 21,849ms
[159,472s][info][gc,task     ] GC(4) O: Using 5 Workers for Old Generation
[159,499s][info][gc,task     ] GC(4) O: Using 1 Workers for Old Generation
[159,499s][info][gc,phases   ] GC(4) O: Concurrent Remap Roots 27,687ms
[159,500s][info][gc,phases   ] GC(4) O: Pause Relocate Start 0,027ms
[159,706s][info][gc,phases   ] GC(4) O: Concurrent Relocate 206,212ms
[159,706s][info][gc,alloc    ] GC(4) O:                         Mark Start        Mark End      Relocate Start    Relocate End   
[159,706s][info][gc,alloc    ] GC(4) O: Allocation Stalls:          0                0                0                0         
[159,706s][info][gc,load     ] GC(4) O: Load: 3,21 (16%) / 2,58 (13%) / 2,45 (12%)
[159,706s][info][gc,mmu      ] GC(4) O: MMU: 2ms/95,5%, 5ms/98,2%, 10ms/99,1%, 20ms/99,6%, 50ms/99,8%, 100ms/99,9%
[159,706s][info][gc,marking  ] GC(4) O: Mark: 1 stripe(s), 2 proactive flush(es), 1 terminate flush(es), 0 completion(s), 0 continuation(s) 
[159,706s][info][gc,marking  ] GC(4) O: Mark Stack Usage: 1376M
[159,706s][info][gc,nmethod  ] GC(4) O: NMethods: 1608 registered, 206 unregistered
[159,706s][info][gc,metaspace] GC(4) O: Metaspace: 14M used, 14M committed, 1088M reserved
[159,706s][info][gc,ref      ] GC(4) O:                       Encountered   Discovered     Enqueued 
[159,706s][info][gc,ref      ] GC(4) O: Soft References:             3531            0            0 
[159,706s][info][gc,ref      ] GC(4) O: Weak References:             1257          947          364 
[159,706s][info][gc,ref      ] GC(4) O: Final References:               0            0            0 
[159,706s][info][gc,ref      ] GC(4) O: Phantom References:           170          163          150 
[159,706s][info][gc,reloc    ] GC(4) O:                        Candidates     Selected     In-Place         Size        Empty    Relocated 
[159,706s][info][gc,reloc    ] GC(4) O: Small Pages:                 6188           39            0       12376M         132M          33M 
[159,706s][info][gc,reloc    ] GC(4) O: Medium Pages:                   0            0            0           0M           0M           0M 
[159,706s][info][gc,reloc    ] GC(4) O: Large Pages:                    0            0            0           0M           0M           0M 
[159,706s][info][gc,reloc    ] GC(4) O: Forwarding Usage: 39M
[159,706s][info][gc,heap     ] GC(4) O: Min Capacity: 1024M(2%)
[159,706s][info][gc,heap     ] GC(4) O: Max Capacity: 40960M(100%)
[159,706s][info][gc,heap     ] GC(4) O: Soft Max Capacity: 40960M(100%)
[159,706s][info][gc,heap     ] GC(4) O: Heap Statistics:
[159,706s][info][gc,heap     ] GC(4) O:                Mark Start          Mark End        Relocate Start      Relocate End           High               Low         
[159,706s][info][gc,heap     ] GC(4) O:  Capacity:    14606M (36%)       15294M (37%)       15294M (37%)       15294M (37%)       15294M (37%)       14606M (36%)    
[159,706s][info][gc,heap     ] GC(4) O:      Free:    26408M (64%)       25666M (63%)       25796M (63%)       25876M (63%)       26408M (64%)       25666M (63%)    
[159,706s][info][gc,heap     ] GC(4) O:      Used:    14552M (36%)       15294M (37%)       15164M (37%)       15084M (37%)       15294M (37%)       14552M (36%)    
[159,706s][info][gc,heap     ] GC(4) O: Old Generation Statistics:
[159,706s][info][gc,heap     ] GC(4) O:                Mark Start          Mark End        Relocate Start      Relocate End    
[159,706s][info][gc,heap     ] GC(4) O:      Used:    12376M (30%)       14486M (35%)       14354M (35%)       14270M (35%)    
[159,706s][info][gc,heap     ] GC(4) O:      Live:         -             12124M (30%)       12124M (30%)       12124M (30%)    
[159,706s][info][gc,heap     ] GC(4) O:   Garbage:         -               251M (1%)          119M (0%)           28M (0%)     
[159,706s][info][gc,heap     ] GC(4) O: Allocated:         -              2110M (5%)         2110M (5%)         2116M (5%)     
[159,706s][info][gc,heap     ] GC(4) O: Reclaimed:         -                  -               132M (0%)          222M (1%)     
[159,706s][info][gc,heap     ] GC(4) O: Compacted:         -                  -                  -                87M (0%)     
[159,706s][info][gc,phases   ] GC(4) O: Old Generation 15234M(37%)->15084M(37%) 28,415s
[159,706s][info][gc          ] GC(4) Major Collection (Warmup) 14552M(36%)->15084M(37%) 37,231s
[214,226s][info][gc          ] GC(5) Major Collection (Allocation Rate)
[214,226s][info][gc,task     ] GC(5) Using 5 Workers for Young Generation
[214,226s][info][gc,task     ] GC(5) Using 4 Workers for Old Generation
[214,226s][info][gc,phases   ] GC(5) Y: Young Generation
[214,227s][info][gc,phases   ] GC(5) Y: Pause Mark Start (Major) 0,029ms
[220,871s][info][gc,phases   ] GC(5) Y: Concurrent Mark 6643,853ms
[220,871s][info][gc,phases   ] GC(5) Y: Pause Mark End 0,028ms
[220,871s][info][gc,phases   ] GC(5) Y: Concurrent Mark Free 0,001ms
[220,872s][info][gc,phases   ] GC(5) Y: Concurrent Reset Relocation Set 0,678ms
[220,875s][info][gc,reloc    ] GC(5) Y: Using tenuring threshold: 2 (Computed)
[220,881s][info][gc,phases   ] GC(5) Y: Concurrent Select Relocation Set 9,494ms
[220,881s][info][gc,phases   ] GC(5) Y: Pause Relocate Start 0,021ms
[220,927s][info][gc,phases   ] GC(5) Y: Concurrent Relocate 45,790ms
[220,927s][info][gc,alloc    ] GC(5) Y:                         Mark Start        Mark End      Relocate Start    Relocate End   
[220,927s][info][gc,alloc    ] GC(5) Y: Allocation Stalls:          0                0                0                0         
[220,927s][info][gc,load     ] GC(5) Y: Load: 2,34 (12%) / 2,46 (12%) / 2,42 (12%)
[220,927s][info][gc,mmu      ] GC(5) Y: MMU: 2ms/95,5%, 5ms/98,2%, 10ms/99,1%, 20ms/99,6%, 50ms/99,8%, 100ms/99,9%
[220,927s][info][gc,marking  ] GC(5) Y: Mark: 4 stripe(s), 10 proactive flush(es), 1 terminate flush(es), 0 completion(s), 0 continuation(s) 
[220,927s][info][gc,marking  ] GC(5) Y: Mark Stack Usage: 32M
[220,927s][info][gc,nmethod  ] GC(5) Y: NMethods: 1647 registered, 206 unregistered
[220,927s][info][gc,metaspace] GC(5) Y: Metaspace: 14M used, 14M committed, 1088M reserved
[220,927s][info][gc,reloc    ] GC(5) Y:                        Candidates     Selected     In-Place         Size        Empty    Relocated 
[220,927s][info][gc,reloc    ] GC(5) Y: Small Pages:                 1027           40            0        2054M           6M          36M 
[220,927s][info][gc,reloc    ] GC(5) Y: Medium Pages:                   0            0            0           0M           0M           0M 
[220,927s][info][gc,reloc    ] GC(5) Y: Large Pages:                    0            0            0           0M           0M           0M 
[220,927s][info][gc,reloc    ] GC(5) Y: Forwarding Usage: 41M
[220,927s][info][gc,reloc    ] GC(5) Y: Age Table:
[220,927s][info][gc,reloc    ] GC(5) Y:                    Live             Garbage             Small              Medium             Large        
[220,927s][info][gc,reloc    ] GC(5) Y: Eden            1935M (5%)           80M (0%)        1008 / 34             0 / 0              0 / 0        
[220,927s][info][gc,reloc    ] GC(5) Y: Survivor 1        15M (0%)           22M (0%)          19 / 6              0 / 0              0 / 0        
[220,927s][info][gc,heap     ] GC(5) Y: Min Capacity: 1024M(2%)
[220,927s][info][gc,heap     ] GC(5) Y: Max Capacity: 40960M(100%)
[220,927s][info][gc,heap     ] GC(5) Y: Soft Max Capacity: 40960M(100%)
[220,927s][info][gc,heap     ] GC(5) Y: Heap Statistics:
[220,927s][info][gc,heap     ] GC(5) Y:                Mark Start          Mark End        Relocate Start      Relocate End           High               Low         
[220,927s][info][gc,heap     ] GC(5) Y:  Capacity:    16324M (40%)       16564M (40%)       16564M (40%)       16564M (40%)       16564M (40%)       16324M (40%)    
[220,927s][info][gc,heap     ] GC(5) Y:      Free:    24636M (60%)       24396M (60%)       24402M (60%)       24488M (60%)       24636M (60%)       24396M (60%)    
[220,927s][info][gc,heap     ] GC(5) Y:      Used:    16324M (40%)       16564M (40%)       16558M (40%)       16472M (40%)       16564M (40%)       16324M (40%)    
[220,927s][info][gc,heap     ] GC(5) Y: Young Generation Statistics:
[220,927s][info][gc,heap     ] GC(5) Y:                Mark Start          Mark End        Relocate Start      Relocate End    
[220,927s][info][gc,heap     ] GC(5) Y:      Used:     2054M (5%)         2294M (6%)         2288M (6%)         2202M (5%)     
[220,927s][info][gc,heap     ] GC(5) Y:      Live:         -              1950M (5%)         1950M (5%)         1950M (5%)     
[220,927s][info][gc,heap     ] GC(5) Y:   Garbage:         -               103M (0%)           97M (0%)            5M (0%)     
[220,927s][info][gc,heap     ] GC(5) Y: Allocated:         -               240M (1%)          240M (1%)          246M (1%)     
[220,927s][info][gc,heap     ] GC(5) Y: Reclaimed:         -                  -                 6M (0%)           98M (0%)     
[220,927s][info][gc,heap     ] GC(5) Y:  Promoted:         -                  -                 0M (0%)            0M (0%)     
[220,927s][info][gc,heap     ] GC(5) Y: Compacted:         -                  -                  -                81M (0%)     
[220,927s][info][gc,phases   ] GC(5) Y: Young Generation 16324M(40%)->16472M(40%) 6,701s
[220,927s][info][gc,phases   ] GC(5) O: Old Generation
[220,935s][info][gc          ] GC(6) Minor Collection (Allocation Rate)
[220,935s][info][gc,task     ] GC(6) Using 1 Workers for Young Generation
[220,935s][info][gc,phases   ] GC(6) y: Young Generation
[220,936s][info][gc,phases   ] GC(6) y: Pause Mark Start 0,111ms
[227,889s][info][gc,phases   ] GC(6) y: Concurrent Mark 6953,240ms
[227,889s][info][gc,phases   ] GC(6) y: Pause Mark End 0,025ms
[227,890s][info][gc,phases   ] GC(6) y: Concurrent Mark Free 0,002ms
[227,890s][info][gc,phases   ] GC(6) y: Concurrent Reset Relocation Set 0,018ms
[227,892s][info][gc,reloc    ] GC(6) y: Using tenuring threshold: 1 (Computed)
[229,503s][info][gc,phases   ] GC(6) y: Concurrent Select Relocation Set 1613,241ms
[229,503s][info][gc,phases   ] GC(6) y: Pause Relocate Start 0,029ms
[232,778s][info][gc,phases   ] GC(6) y: Concurrent Relocate 3274,692ms
[232,778s][info][gc,alloc    ] GC(6) y:                         Mark Start        Mark End      Relocate Start    Relocate End   
[232,778s][info][gc,alloc    ] GC(6) y: Allocation Stalls:          0                0                0                0         
[232,778s][info][gc,load     ] GC(6) y: Load: 2,76 (14%) / 2,55 (13%) / 2,45 (12%)
[232,778s][info][gc,mmu      ] GC(6) y: MMU: 2ms/94,4%, 5ms/97,8%, 10ms/98,9%, 20ms/99,4%, 50ms/99,8%, 100ms/99,8%
[232,778s][info][gc,marking  ] GC(6) y: Mark: 1 stripe(s), 1 proactive flush(es), 1 terminate flush(es), 0 completion(s), 0 continuation(s) 
[232,778s][info][gc,marking  ] GC(6) y: Mark Stack Usage: 256M
[232,778s][info][gc,nmethod  ] GC(6) y: NMethods: 1647 registered, 206 unregistered
[232,778s][info][gc,metaspace] GC(6) y: Metaspace: 14M used, 14M committed, 1088M reserved
[232,778s][info][gc,reloc    ] GC(6) y:                        Candidates     Selected     In-Place         Size        Empty    Relocated 
[232,778s][info][gc,reloc    ] GC(6) y: Small Pages:                 1101           10            0        2202M           0M           7M 
[232,778s][info][gc,reloc    ] GC(6) y: Medium Pages:                   0            0            0           0M           0M           0M 
[232,778s][info][gc,reloc    ] GC(6) y: Large Pages:                    0            0            0           0M           0M           0M 
[232,778s][info][gc,reloc    ] GC(6) y: Forwarding Usage: 9M
[232,778s][info][gc,reloc    ] GC(6) y: Age Table:
[232,778s][info][gc,reloc    ] GC(6) y:                    Live             Garbage             Small              Medium             Large        
[232,778s][info][gc,reloc    ] GC(6) y: Eden             234M (1%)            5M (0%)         120 / 1              0 / 0              0 / 0        
[232,778s][info][gc,reloc    ] GC(6) y: Survivor 1      1929M (5%)           14M (0%)         972 / 4              0 / 0              0 / 0        
[232,778s][info][gc,reloc    ] GC(6) y: Survivor 2         9M (0%)            8M (0%)           9 / 5              0 / 0              0 / 0        
[232,778s][info][gc,heap     ] GC(6) y: Min Capacity: 1024M(2%)
[232,778s][info][gc,heap     ] GC(6) y: Max Capacity: 40960M(100%)
[232,778s][info][gc,heap     ] GC(6) y: Soft Max Capacity: 40960M(100%)
[232,778s][info][gc,heap     ] GC(6) y: Heap Statistics:
[232,778s][info][gc,heap     ] GC(6) y:                Mark Start          Mark End        Relocate Start      Relocate End           High               Low         
[232,778s][info][gc,heap     ] GC(6) y:  Capacity:    16564M (40%)       16564M (40%)       16564M (40%)       16564M (40%)       16564M (40%)       16564M (40%)    
[232,778s][info][gc,heap     ] GC(6) y:      Free:    24488M (60%)       24466M (60%)       24462M (60%)       24482M (60%)       24488M (60%)       24460M (60%)    
[232,778s][info][gc,heap     ] GC(6) y:      Used:    16472M (40%)       16494M (40%)       16498M (40%)       16478M (40%)       16500M (40%)       16472M (40%)    
[232,778s][info][gc,heap     ] GC(6) y: Young Generation Statistics:
[232,778s][info][gc,heap     ] GC(6) y:                Mark Start          Mark End        Relocate Start      Relocate End    
[232,778s][info][gc,heap     ] GC(6) y:      Used:     2202M (5%)         2224M (5%)          298M (1%)          262M (1%)     
[232,778s][info][gc,heap     ] GC(6) y:      Live:         -              2172M (5%)          248M (1%)          234M (1%)     
[232,778s][info][gc,heap     ] GC(6) y:   Garbage:         -                29M (0%)           23M (0%)            0M (0%)     
[232,778s][info][gc,heap     ] GC(6) y: Allocated:         -                22M (0%)           26M (0%)           26M (0%)     
[232,778s][info][gc,heap     ] GC(6) y: Reclaimed:         -                  -                 5M (0%)           28M (0%)     
[232,778s][info][gc,heap     ] GC(6) y:  Promoted:         -                  -              1924M (5%)         1938M (5%)     
[232,778s][info][gc,heap     ] GC(6) y: Compacted:         -                  -                  -                 1M (0%)     
[232,778s][info][gc,phases   ] GC(6) y: Young Generation 16472M(40%)->16478M(40%) 11,843s
[232,779s][info][gc          ] GC(6) Minor Collection (Allocation Rate) 16472M(40%)->16478M(40%) 11,843s
[266,931s][info][gc,phases   ] GC(5) O: Concurrent Mark 46003,593ms
[266,931s][info][gc,phases   ] GC(5) O: Pause Mark End 0,028ms
[266,984s][info][gc,phases   ] GC(5) O: Concurrent Mark Free 52,271ms
[266,985s][info][gc,phases   ] GC(5) O: Concurrent Process Non-Strong 1,799ms
[266,985s][info][gc,phases   ] GC(5) O: Concurrent Reset Relocation Set 0,008ms
[266,990s][info][gc,phases   ] GC(5) O: Concurrent Select Relocation Set 4,833ms
[266,990s][info][gc,task     ] GC(5) O: Using 5 Workers for Old Generation
[267,024s][info][gc,task     ] GC(5) O: Using 4 Workers for Old Generation
[267,024s][info][gc,phases   ] GC(5) O: Concurrent Remap Roots 33,536ms
[267,024s][info][gc,phases   ] GC(5) O: Pause Relocate Start 0,023ms
[267,093s][info][gc,phases   ] GC(5) O: Concurrent Relocate 69,107ms
[267,093s][info][gc,alloc    ] GC(5) O:                         Mark Start        Mark End      Relocate Start    Relocate End   
[267,093s][info][gc,alloc    ] GC(5) O: Allocation Stalls:          0                0                0                0         
[267,093s][info][gc,load     ] GC(5) O: Load: 3,22 (16%) / 2,69 (13%) / 2,50 (13%)
[267,093s][info][gc,mmu      ] GC(5) O: MMU: 2ms/94,4%, 5ms/97,8%, 10ms/98,9%, 20ms/99,4%, 50ms/99,8%, 100ms/99,8%
[267,093s][info][gc,marking  ] GC(5) O: Mark: 4 stripe(s), 11 proactive flush(es), 2 terminate flush(es), 0 completion(s), 0 continuation(s) 
[267,093s][info][gc,marking  ] GC(5) O: Mark Stack Usage: 32M
[267,093s][info][gc,nmethod  ] GC(5) O: NMethods: 1646 registered, 209 unregistered
[267,093s][info][gc,metaspace] GC(5) O: Metaspace: 14M used, 14M committed, 1088M reserved
[267,094s][info][gc,ref      ] GC(5) O:                       Encountered   Discovered     Enqueued 
[267,094s][info][gc,ref      ] GC(5) O: Soft References:             3531            0            0 
[267,094s][info][gc,ref      ] GC(5) O: Weak References:              893          563            0 
[267,094s][info][gc,ref      ] GC(5) O: Final References:               0            0            0 
[267,094s][info][gc,ref      ] GC(5) O: Phantom References:            20           13            0 
[267,094s][info][gc,reloc    ] GC(5) O:                        Candidates     Selected     In-Place         Size        Empty    Relocated 
[267,094s][info][gc,reloc    ] GC(5) O: Small Pages:                 7135           41            0       14270M          98M          38M 
[267,094s][info][gc,reloc    ] GC(5) O: Medium Pages:                   0            0            0           0M           0M           0M 
[267,094s][info][gc,reloc    ] GC(5) O: Large Pages:                    0            0            0           0M           0M           0M 
[267,094s][info][gc,reloc    ] GC(5) O: Forwarding Usage: 46M
[267,094s][info][gc,heap     ] GC(5) O: Min Capacity: 1024M(2%)
[267,094s][info][gc,heap     ] GC(5) O: Max Capacity: 40960M(100%)
[267,094s][info][gc,heap     ] GC(5) O: Soft Max Capacity: 40960M(100%)
[267,094s][info][gc,heap     ] GC(5) O: Heap Statistics:
[267,094s][info][gc,heap     ] GC(5) O:                Mark Start          Mark End        Relocate Start      Relocate End           High               Low         
[267,094s][info][gc,heap     ] GC(5) O:  Capacity:    16324M (40%)       17248M (42%)       17248M (42%)       17248M (42%)       17248M (42%)       16324M (40%)    
[267,094s][info][gc,heap     ] GC(5) O:      Free:    24636M (60%)       23712M (58%)       23806M (58%)       23900M (58%)       24636M (60%)       23712M (58%)    
[267,094s][info][gc,heap     ] GC(5) O:      Used:    16324M (40%)       17248M (42%)       17154M (42%)       17060M (42%)       17248M (42%)       16324M (40%)    
[267,094s][info][gc,heap     ] GC(5) O: Old Generation Statistics:
[267,094s][info][gc,heap     ] GC(5) O:                Mark Start          Mark End        Relocate Start      Relocate End    
[267,094s][info][gc,heap     ] GC(5) O:      Used:    14270M (35%)       16216M (40%)       16118M (39%)       16024M (39%)    
[267,094s][info][gc,heap     ] GC(5) O:      Live:         -             14040M (34%)       14040M (34%)       14040M (34%)    
[267,094s][info][gc,heap     ] GC(5) O:   Garbage:         -               229M (1%)          131M (0%)           33M (0%)     
[267,094s][info][gc,heap     ] GC(5) O: Allocated:         -              1946M (5%)         1946M (5%)         1949M (5%)     
[267,094s][info][gc,heap     ] GC(5) O: Reclaimed:         -                  -                98M (0%)          195M (0%)     
[267,094s][info][gc,heap     ] GC(5) O: Compacted:         -                  -                  -               102M (0%)     
[267,094s][info][gc,phases   ] GC(5) O: Old Generation 16472M(40%)->17060M(42%) 46,166s
[267,094s][info][gc          ] GC(5) Major Collection (Allocation Rate) 16324M(40%)->17060M(42%) 52,868s
[396,520s][info][gc          ] GC(7) Major Collection (Allocation Rate)
[396,520s][info][gc,task     ] GC(7) Using 5 Workers for Young Generation
[396,520s][info][gc,task     ] GC(7) Using 3 Workers for Old Generation
[396,520s][info][gc,phases   ] GC(7) Y: Young Generation
[396,520s][info][gc,phases   ] GC(7) Y: Pause Mark Start (Major) 0,042ms
[409,253s][info][gc,phases   ] GC(7) Y: Concurrent Mark 12732,659ms
[409,253s][info][gc,phases   ] GC(7) Y: Pause Mark End 0,028ms
[409,264s][info][gc,phases   ] GC(7) Y: Concurrent Mark Free 11,262ms
[409,269s][info][gc,phases   ] GC(7) Y: Concurrent Reset Relocation Set 4,904ms
[409,271s][info][gc,reloc    ] GC(7) Y: Using tenuring threshold: 2 (Computed)
[409,285s][info][gc,phases   ] GC(7) Y: Concurrent Select Relocation Set 15,981ms
[409,285s][info][gc,phases   ] GC(7) Y: Pause Relocate Start 0,024ms
[409,381s][info][gc,phases   ] GC(7) Y: Concurrent Relocate 95,145ms
[409,381s][info][gc,alloc    ] GC(7) Y:                         Mark Start        Mark End      Relocate Start    Relocate End   
[409,381s][info][gc,alloc    ] GC(7) Y: Allocation Stalls:          0                0                0                0         
[409,381s][info][gc,load     ] GC(7) Y: Load: 2,17 (11%) / 2,33 (12%) / 2,39 (12%)
[409,381s][info][gc,mmu      ] GC(7) Y: MMU: 2ms/94,4%, 5ms/97,8%, 10ms/98,9%, 20ms/99,4%, 50ms/99,8%, 100ms/99,8%
[409,381s][info][gc,marking  ] GC(7) Y: Mark: 4 stripe(s), 10 proactive flush(es), 1 terminate flush(es), 0 completion(s), 0 continuation(s) 
[409,381s][info][gc,marking  ] GC(7) Y: Mark Stack Usage: 32M
[409,381s][info][gc,nmethod  ] GC(7) Y: NMethods: 1670 registered, 209 unregistered
[409,381s][info][gc,metaspace] GC(7) Y: Metaspace: 14M used, 14M committed, 1088M reserved
[409,381s][info][gc,reloc    ] GC(7) Y:                        Candidates     Selected     In-Place         Size        Empty    Relocated 
[409,381s][info][gc,reloc    ] GC(7) Y: Small Pages:                 2006           77            0        4012M          20M          71M 
[409,381s][info][gc,reloc    ] GC(7) Y: Medium Pages:                   0            0            0           0M           0M           0M 
[409,381s][info][gc,reloc    ] GC(7) Y: Large Pages:                    0            0            0           0M           0M           0M 
[409,381s][info][gc,reloc    ] GC(7) Y: Forwarding Usage: 82M
[409,381s][info][gc,reloc    ] GC(7) Y: Age Table:
[409,381s][info][gc,reloc    ] GC(7) Y:                    Live             Garbage             Small              Medium             Large        
[409,381s][info][gc,reloc    ] GC(7) Y: Eden            3583M (9%)          192M (0%)        1888 / 75             0 / 0              0 / 0        
[409,381s][info][gc,reloc    ] GC(7) Y: Survivor 1       219M (1%)           16M (0%)         118 / 2              0 / 0              0 / 0        
[409,381s][info][gc,heap     ] GC(7) Y: Min Capacity: 1024M(2%)
[409,381s][info][gc,heap     ] GC(7) Y: Max Capacity: 40960M(100%)
[409,381s][info][gc,heap     ] GC(7) Y: Soft Max Capacity: 40960M(100%)
[409,381s][info][gc,heap     ] GC(7) Y: Heap Statistics:
[409,381s][info][gc,heap     ] GC(7) Y:                Mark Start          Mark End        Relocate Start      Relocate End           High               Low         
[409,381s][info][gc,heap     ] GC(7) Y:  Capacity:    20036M (49%)       20118M (49%)       20118M (49%)       20118M (49%)       20118M (49%)       20036M (49%)    
[409,381s][info][gc,heap     ] GC(7) Y:      Free:    20924M (51%)       20842M (51%)       20862M (51%)       21032M (51%)       21032M (51%)       20842M (51%)    
[409,381s][info][gc,heap     ] GC(7) Y:      Used:    20036M (49%)       20118M (49%)       20098M (49%)       19928M (49%)       20118M (49%)       19928M (49%)    
[409,381s][info][gc,heap     ] GC(7) Y: Young Generation Statistics:
[409,381s][info][gc,heap     ] GC(7) Y:                Mark Start          Mark End        Relocate Start      Relocate End    
[409,381s][info][gc,heap     ] GC(7) Y:      Used:     4012M (10%)        4094M (10%)        4074M (10%)        3904M (10%)    
[409,381s][info][gc,heap     ] GC(7) Y:      Live:         -              3803M (9%)         3803M (9%)         3803M (9%)     
[409,381s][info][gc,heap     ] GC(7) Y:   Garbage:         -               208M (1%)          188M (0%)           10M (0%)     
[409,381s][info][gc,heap     ] GC(7) Y: Allocated:         -                82M (0%)           82M (0%)           90M (0%)     
[409,381s][info][gc,heap     ] GC(7) Y: Reclaimed:         -                  -                20M (0%)          198M (0%)     
[409,381s][info][gc,heap     ] GC(7) Y:  Promoted:         -                  -                 0M (0%)            0M (0%)     
[409,381s][info][gc,heap     ] GC(7) Y: Compacted:         -                  -                  -               163M (0%)     
[409,381s][info][gc,phases   ] GC(7) Y: Young Generation 20036M(49%)->19928M(49%) 12,861s
[409,381s][info][gc,phases   ] GC(7) O: Old Generation
[409,382s][info][gc,task     ] Adjusting Workers for Old Generation: 3 -> 2
[409,382s][info][gc          ] GC(8) Minor Collection (Allocation Rate)
[409,383s][info][gc,task     ] GC(8) Using 3 Workers for Young Generation
[409,383s][info][gc,phases   ] GC(8) y: Young Generation
[409,383s][info][gc,phases   ] GC(8) y: Pause Mark Start 0,075ms
[419,411s][info][gc,phases   ] GC(8) y: Concurrent Mark 10028,086ms
[419,411s][info][gc,phases   ] GC(8) y: Pause Mark End 0,025ms
[419,412s][info][gc,phases   ] GC(8) y: Concurrent Mark Free 0,001ms
[419,412s][info][gc,phases   ] GC(8) y: Concurrent Reset Relocation Set 0,032ms
[419,415s][info][gc,reloc    ] GC(8) y: Using tenuring threshold: 1 (Computed)
[420,474s][info][gc,phases   ] GC(8) y: Concurrent Select Relocation Set 1062,774ms
[420,475s][info][gc,phases   ] GC(8) y: Pause Relocate Start 0,051ms
[422,774s][info][gc,phases   ] GC(8) y: Concurrent Relocate 2298,796ms
[422,774s][info][gc,alloc    ] GC(8) y:                         Mark Start        Mark End      Relocate Start    Relocate End   
[422,774s][info][gc,alloc    ] GC(8) y: Allocation Stalls:          0                0                0                0         
[422,774s][info][gc,load     ] GC(8) y: Load: 2,69 (13%) / 2,43 (12%) / 2,42 (12%)
[422,774s][info][gc,mmu      ] GC(8) y: MMU: 2ms/94,4%, 5ms/97,8%, 10ms/98,9%, 20ms/99,4%, 50ms/99,8%, 100ms/99,8%
[422,774s][info][gc,marking  ] GC(8) y: Mark: 2 stripe(s), 10 proactive flush(es), 1 terminate flush(es), 0 completion(s), 0 continuation(s) 
[422,774s][info][gc,marking  ] GC(8) y: Mark Stack Usage: 32M
[422,774s][info][gc,nmethod  ] GC(8) y: NMethods: 1670 registered, 209 unregistered
[422,774s][info][gc,metaspace] GC(8) y: Metaspace: 14M used, 14M committed, 1088M reserved
[422,774s][info][gc,reloc    ] GC(8) y:                        Candidates     Selected     In-Place         Size        Empty    Relocated 
[422,774s][info][gc,reloc    ] GC(8) y: Small Pages:                 1952           17            0        3904M           0M          10M 
[422,774s][info][gc,reloc    ] GC(8) y: Medium Pages:                   0            0            0           0M           0M           0M 
[422,774s][info][gc,reloc    ] GC(8) y: Large Pages:                    0            0            0           0M           0M           0M 
[422,774s][info][gc,reloc    ] GC(8) y: Forwarding Usage: 13M
[422,774s][info][gc,reloc    ] GC(8) y: Age Table:
[422,774s][info][gc,reloc    ] GC(8) y:                    Live             Garbage             Small              Medium             Large        
[422,774s][info][gc,reloc    ] GC(8) y: Eden              75M (0%)            6M (0%)          41 / 4              0 / 0              0 / 0        
[422,774s][info][gc,reloc    ] GC(8) y: Survivor 1      3560M (9%)           37M (0%)        1799 / 12             0 / 0              0 / 0        
[422,774s][info][gc,reloc    ] GC(8) y: Survivor 2       219M (1%)            4M (0%)         112 / 1              0 / 0              0 / 0        
[422,774s][info][gc,heap     ] GC(8) y: Min Capacity: 1024M(2%)
[422,774s][info][gc,heap     ] GC(8) y: Max Capacity: 40960M(100%)
[422,774s][info][gc,heap     ] GC(8) y: Soft Max Capacity: 40960M(100%)
[422,774s][info][gc,heap     ] GC(8) y: Heap Statistics:
[422,774s][info][gc,heap     ] GC(8) y:                Mark Start          Mark End        Relocate Start      Relocate End           High               Low         
[422,774s][info][gc,heap     ] GC(8) y:  Capacity:    20118M (49%)       20118M (49%)       20118M (49%)       20118M (49%)       20118M (49%)       20118M (49%)    
[422,774s][info][gc,heap     ] GC(8) y:      Free:    21032M (51%)       21010M (51%)       21010M (51%)       21044M (51%)       21044M (51%)       21006M (51%)    
[422,774s][info][gc,heap     ] GC(8) y:      Used:    19928M (49%)       19950M (49%)       19950M (49%)       19916M (49%)       19954M (49%)       19916M (49%)    
[422,774s][info][gc,heap     ] GC(8) y: Young Generation Statistics:
[422,774s][info][gc,heap     ] GC(8) y:                Mark Start          Mark End        Relocate Start      Relocate End    
[422,774s][info][gc,heap     ] GC(8) y:      Used:     3904M (10%)        3926M (10%)         156M (0%)           98M (0%)     
[422,774s][info][gc,heap     ] GC(8) y:      Live:         -              3855M (9%)           96M (0%)           75M (0%)     
[422,774s][info][gc,heap     ] GC(8) y:   Garbage:         -                48M (0%)           37M (0%)            0M (0%)     
[422,774s][info][gc,heap     ] GC(8) y: Allocated:         -                22M (0%)           22M (0%)           22M (0%)     
[422,774s][info][gc,heap     ] GC(8) y: Reclaimed:         -                  -                10M (0%)           48M (0%)     
[422,774s][info][gc,heap     ] GC(8) y:  Promoted:         -                  -              3759M (9%)         3780M (9%)     
[422,774s][info][gc,heap     ] GC(8) y: Compacted:         -                  -                  -                 1M (0%)     
[422,774s][info][gc,phases   ] GC(8) y: Young Generation 19928M(49%)->19916M(49%) 13,391s
[422,774s][info][gc          ] GC(8) Minor Collection (Allocation Rate) 19928M(49%)->19916M(49%) 13,392s
[440,061s][info][gc,phases   ] GC(7) O: Concurrent Mark 30679,723ms
[440,061s][info][gc,phases   ] GC(7) O: Pause Mark End 0,024ms
[440,061s][info][gc,phases   ] GC(7) O: Concurrent Mark Free 0,001ms
[440,064s][info][gc,phases   ] GC(7) O: Concurrent Process Non-Strong 2,774ms
[440,064s][info][gc,phases   ] GC(7) O: Concurrent Reset Relocation Set 0,018ms
[440,095s][info][gc,phases   ] GC(7) O: Concurrent Select Relocation Set 30,964ms
[440,095s][info][gc,task     ] GC(7) O: Using 5 Workers for Old Generation
[440,131s][info][gc,task     ] GC(7) O: Using 2 Workers for Old Generation
[440,131s][info][gc,phases   ] GC(7) O: Concurrent Remap Roots 36,439ms
[440,131s][info][gc,phases   ] GC(7) O: Pause Relocate Start 0,021ms
[440,399s][info][gc,phases   ] GC(7) O: Concurrent Relocate 267,764ms
[440,399s][info][gc,alloc    ] GC(7) O:                         Mark Start        Mark End      Relocate Start    Relocate End   
[440,399s][info][gc,alloc    ] GC(7) O: Allocation Stalls:          0                0                0                0         
[440,399s][info][gc,load     ] GC(7) O: Load: 2,87 (14%) / 2,49 (12%) / 2,44 (12%)
[440,399s][info][gc,mmu      ] GC(7) O: MMU: 2ms/94,4%, 5ms/97,8%, 10ms/98,9%, 20ms/99,4%, 50ms/99,8%, 100ms/99,8%
[440,399s][info][gc,marking  ] GC(7) O: Mark: 2 stripe(s), 11 proactive flush(es), 2 terminate flush(es), 0 completion(s), 0 continuation(s) 
[440,399s][info][gc,marking  ] GC(7) O: Mark Stack Usage: 64M
[440,399s][info][gc,nmethod  ] GC(7) O: NMethods: 1672 registered, 211 unregistered
[440,399s][info][gc,metaspace] GC(7) O: Metaspace: 14M used, 14M committed, 1088M reserved
[440,399s][info][gc,ref      ] GC(7) O:                       Encountered   Discovered     Enqueued 
[440,399s][info][gc,ref      ] GC(7) O: Soft References:             3531            0            0 
[440,399s][info][gc,ref      ] GC(7) O: Weak References:              893          570            0 
[440,399s][info][gc,ref      ] GC(7) O: Final References:               0            0            0 
[440,399s][info][gc,ref      ] GC(7) O: Phantom References:            20           14            0 
[440,399s][info][gc,reloc    ] GC(7) O:                        Candidates     Selected     In-Place         Size        Empty    Relocated 
[440,399s][info][gc,reloc    ] GC(7) O: Small Pages:                 8012           87            0       16024M         226M          83M 
[440,399s][info][gc,reloc    ] GC(7) O: Medium Pages:                   0            0            0           0M           0M           0M 
[440,400s][info][gc,reloc    ] GC(7) O: Large Pages:                    0            0            0           0M           0M           0M 
[440,400s][info][gc,reloc    ] GC(7) O: Forwarding Usage: 102M
[440,400s][info][gc,heap     ] GC(7) O: Min Capacity: 1024M(2%)
[440,400s][info][gc,heap     ] GC(7) O: Max Capacity: 40960M(100%)
[440,400s][info][gc,heap     ] GC(7) O: Soft Max Capacity: 40960M(100%)
[440,400s][info][gc,heap     ] GC(7) O: Heap Statistics:
[440,400s][info][gc,heap     ] GC(7) O:                Mark Start          Mark End        Relocate Start      Relocate End           High               Low         
[440,400s][info][gc,heap     ] GC(7) O:  Capacity:    20036M (49%)       20652M (50%)       20652M (50%)       20652M (50%)       20652M (50%)       20036M (49%)    
[440,400s][info][gc,heap     ] GC(7) O:      Free:    20924M (51%)       20308M (50%)       20534M (50%)       20738M (51%)       21044M (51%)       20308M (50%)    
[440,400s][info][gc,heap     ] GC(7) O:      Used:    20036M (49%)       20652M (50%)       20426M (50%)       20222M (49%)       20652M (50%)       19916M (49%)    
[440,400s][info][gc,heap     ] GC(7) O: Old Generation Statistics:
[440,400s][info][gc,heap     ] GC(7) O:                Mark Start          Mark End        Relocate Start      Relocate End    
[440,400s][info][gc,heap     ] GC(7) O:      Used:    16024M (39%)       19818M (48%)       19592M (48%)       19388M (47%)    
[440,400s][info][gc,heap     ] GC(7) O:      Live:         -             15553M (38%)       15553M (38%)       15553M (38%)    
[440,400s][info][gc,heap     ] GC(7) O:   Garbage:         -               470M (1%)          244M (1%)           37M (0%)     
[440,400s][info][gc,heap     ] GC(7) O: Allocated:         -              3794M (9%)         3794M (9%)         3796M (9%)     
[440,400s][info][gc,heap     ] GC(7) O: Reclaimed:         -                  -               226M (1%)          432M (1%)     
[440,400s][info][gc,heap     ] GC(7) O: Compacted:         -                  -                  -               225M (1%)     
[440,400s][info][gc,phases   ] GC(7) O: Old Generation 19928M(49%)->20222M(49%) 31,018s
[440,400s][info][gc          ] GC(7) Major Collection (Allocation Rate) 20036M(49%)->20222M(49%) 43,880s
[505,419s][info][gc          ] GC(9) Major Collection (Allocation Rate)
[505,419s][info][gc,task     ] GC(9) Using 5 Workers for Young Generation
[505,419s][info][gc,task     ] GC(9) Using 3 Workers for Old Generation
[505,419s][info][gc,phases   ] GC(9) Y: Young Generation
[505,420s][info][gc,phases   ] GC(9) Y: Pause Mark Start (Major) 0,029ms
[512,071s][info][gc,phases   ] GC(9) Y: Concurrent Mark 6651,318ms
[512,071s][info][gc,phases   ] GC(9) Y: Pause Mark End 0,028ms
[512,071s][info][gc,phases   ] GC(9) Y: Concurrent Mark Free 0,001ms
[512,073s][info][gc,phases   ] GC(9) Y: Concurrent Reset Relocation Set 1,322ms
[512,075s][info][gc,reloc    ] GC(9) Y: Using tenuring threshold: 2 (Computed)
[512,083s][info][gc,phases   ] GC(9) Y: Concurrent Select Relocation Set 10,130ms
[512,083s][info][gc,phases   ] GC(9) Y: Pause Relocate Start 0,022ms
[512,134s][info][gc,phases   ] GC(9) Y: Concurrent Relocate 50,902ms
[512,134s][info][gc,alloc    ] GC(9) Y:                         Mark Start        Mark End      Relocate Start    Relocate End   
[512,134s][info][gc,alloc    ] GC(9) Y: Allocation Stalls:          0                0                0                0         
[512,134s][info][gc,load     ] GC(9) Y: Load: 2,32 (12%) / 2,39 (12%) / 2,41 (12%)
[512,134s][info][gc,mmu      ] GC(9) Y: MMU: 2ms/94,4%, 5ms/97,8%, 10ms/98,9%, 20ms/99,4%, 50ms/99,8%, 100ms/99,8%
[512,134s][info][gc,marking  ] GC(9) Y: Mark: 4 stripe(s), 10 proactive flush(es), 1 terminate flush(es), 0 completion(s), 0 continuation(s) 
[512,134s][info][gc,marking  ] GC(9) Y: Mark Stack Usage: 32M
[512,134s][info][gc,nmethod  ] GC(9) Y: NMethods: 1693 registered, 211 unregistered
[512,134s][info][gc,metaspace] GC(9) Y: Metaspace: 14M used, 14M committed, 1088M reserved
[512,134s][info][gc,reloc    ] GC(9) Y:                        Candidates     Selected     In-Place         Size        Empty    Relocated 
[512,134s][info][gc,reloc    ] GC(9) Y: Small Pages:                 1026           38            0        2052M           0M          36M 
[512,134s][info][gc,reloc    ] GC(9) Y: Medium Pages:                   0            0            0           0M           0M           0M 
[512,134s][info][gc,reloc    ] GC(9) Y: Large Pages:                    0            0            0           0M           0M           0M 
[512,134s][info][gc,reloc    ] GC(9) Y: Forwarding Usage: 42M
[512,134s][info][gc,reloc    ] GC(9) Y: Age Table:
[512,134s][info][gc,reloc    ] GC(9) Y:                    Live             Garbage             Small              Medium             Large        
[512,134s][info][gc,reloc    ] GC(9) Y: Eden            1898M (5%)           77M (0%)         988 / 31             0 / 0              0 / 0        
[512,134s][info][gc,reloc    ] GC(9) Y: Survivor 1        60M (0%)           15M (0%)          38 / 7              0 / 0              0 / 0        
[512,134s][info][gc,heap     ] GC(9) Y: Min Capacity: 1024M(2%)
[512,134s][info][gc,heap     ] GC(9) Y: Max Capacity: 40960M(100%)
[512,134s][info][gc,heap     ] GC(9) Y: Soft Max Capacity: 40960M(100%)
[512,134s][info][gc,heap     ] GC(9) Y: Heap Statistics:
[512,134s][info][gc,heap     ] GC(9) Y:                Mark Start          Mark End        Relocate Start      Relocate End           High               Low         
[512,134s][info][gc,heap     ] GC(9) Y:  Capacity:    21440M (52%)       21718M (53%)       21718M (53%)       21728M (53%)       21728M (53%)       21440M (52%)    
[512,134s][info][gc,heap     ] GC(9) Y:      Free:    19520M (48%)       19242M (47%)       19242M (47%)       19324M (47%)       19520M (48%)       19232M (47%)    
[512,134s][info][gc,heap     ] GC(9) Y:      Used:    21440M (52%)       21718M (53%)       21718M (53%)       21636M (53%)       21728M (53%)       21440M (52%)    
[512,134s][info][gc,heap     ] GC(9) Y: Young Generation Statistics:
[512,134s][info][gc,heap     ] GC(9) Y:                Mark Start          Mark End        Relocate Start      Relocate End    
[512,134s][info][gc,heap     ] GC(9) Y:      Used:     2052M (5%)         2330M (6%)         2330M (6%)         2248M (5%)     
[512,134s][info][gc,heap     ] GC(9) Y:      Live:         -              1958M (5%)         1958M (5%)         1958M (5%)     
[512,134s][info][gc,heap     ] GC(9) Y:   Garbage:         -                93M (0%)           93M (0%)            5M (0%)     
[512,134s][info][gc,heap     ] GC(9) Y: Allocated:         -               278M (1%)          278M (1%)          284M (1%)     
[512,134s][info][gc,heap     ] GC(9) Y: Reclaimed:         -                  -                 0M (0%)           88M (0%)     
[512,134s][info][gc,heap     ] GC(9) Y:  Promoted:         -                  -                 0M (0%)            0M (0%)     
[512,134s][info][gc,heap     ] GC(9) Y: Compacted:         -                  -                  -                83M (0%)     
[512,134s][info][gc,phases   ] GC(9) Y: Young Generation 21440M(52%)->21636M(53%) 6,715s
[512,134s][info][gc,phases   ] GC(9) O: Old Generation
[542,301s][info][gc          ] GC(10) Minor Collection (Allocation Rate)
[542,301s][info][gc,task     ] GC(10) Using 2 Workers for Young Generation
[542,301s][info][gc,phases   ] GC(10) y: Young Generation
[542,301s][info][gc,phases   ] GC(10) y: Pause Mark Start 0,030ms
[547,494s][info][gc,phases   ] GC(10) y: Concurrent Mark 5192,445ms
[547,494s][info][gc,phases   ] GC(10) y: Pause Mark End 0,025ms
[547,494s][info][gc,phases   ] GC(10) y: Concurrent Mark Free 0,002ms
[547,494s][info][gc,phases   ] GC(10) y: Concurrent Reset Relocation Set 0,011ms
[547,496s][info][gc,reloc    ] GC(10) y: Using tenuring threshold: 1 (Computed)
[548,308s][info][gc,phases   ] GC(10) y: Concurrent Select Relocation Set 813,609ms
[548,308s][info][gc,phases   ] GC(10) y: Pause Relocate Start 0,025ms
[550,089s][info][gc,phases   ] GC(10) y: Concurrent Relocate 1781,146ms
[550,089s][info][gc,alloc    ] GC(10) y:                         Mark Start        Mark End      Relocate Start    Relocate End   
[550,089s][info][gc,alloc    ] GC(10) y: Allocation Stalls:          0                0                0                0         
[550,089s][info][gc,load     ] GC(10) y: Load: 3,73 (19%) / 2,72 (14%) / 2,52 (13%)
[550,089s][info][gc,mmu      ] GC(10) y: MMU: 2ms/94,4%, 5ms/97,8%, 10ms/98,9%, 20ms/99,4%, 50ms/99,8%, 100ms/99,8%
[550,089s][info][gc,marking  ] GC(10) y: Mark: 2 stripe(s), 10 proactive flush(es), 1 terminate flush(es), 0 completion(s), 0 continuation(s) 
[550,089s][info][gc,marking  ] GC(10) y: Mark Stack Usage: 32M
[550,089s][info][gc,nmethod  ] GC(10) y: NMethods: 1701 registered, 211 unregistered
[550,089s][info][gc,metaspace] GC(10) y: Metaspace: 14M used, 14M committed, 1088M reserved
[550,089s][info][gc,reloc    ] GC(10) y:                        Candidates     Selected     In-Place         Size        Empty    Relocated 
[550,089s][info][gc,reloc    ] GC(10) y: Small Pages:                 1208           17            0        2416M           0M          11M 
[550,089s][info][gc,reloc    ] GC(10) y: Medium Pages:                   0            0            0           0M           0M           0M 
[550,089s][info][gc,reloc    ] GC(10) y: Large Pages:                    0            0            0           0M           0M           0M 
[550,089s][info][gc,reloc    ] GC(10) y: Forwarding Usage: 11M
[550,089s][info][gc,reloc    ] GC(10) y: Age Table:
[550,090s][info][gc,reloc    ] GC(10) y:                    Live             Garbage             Small              Medium             Large        
[550,090s][info][gc,reloc    ] GC(10) y: Eden             428M (1%)           17M (0%)         223 / 7              0 / 0              0 / 0        
[550,090s][info][gc,reloc    ] GC(10) y: Survivor 1      1882M (5%)           23M (0%)         953 / 8              0 / 0              0 / 0        
[550,090s][info][gc,reloc    ] GC(10) y: Survivor 2        60M (0%)            3M (0%)          32 / 2              0 / 0              0 / 0        
[550,090s][info][gc,heap     ] GC(10) y: Min Capacity: 1024M(2%)
[550,090s][info][gc,heap     ] GC(10) y: Max Capacity: 40960M(100%)
[550,090s][info][gc,heap     ] GC(10) y: Soft Max Capacity: 40960M(100%)
[550,090s][info][gc,heap     ] GC(10) y: Heap Statistics:
[550,090s][info][gc,heap     ] GC(10) y:                Mark Start          Mark End        Relocate Start      Relocate End           High               Low         
[550,090s][info][gc,heap     ] GC(10) y:  Capacity:    21804M (53%)       22376M (55%)       22380M (55%)       22384M (55%)       22384M (55%)       21804M (53%)    
[550,090s][info][gc,heap     ] GC(10) y:      Free:    19156M (47%)       18584M (45%)       18580M (45%)       18612M (45%)       19156M (47%)       18576M (45%)    
[550,090s][info][gc,heap     ] GC(10) y:      Used:    21804M (53%)       22376M (55%)       22380M (55%)       22348M (55%)       22384M (55%)       21804M (53%)    
[550,090s][info][gc,heap     ] GC(10) y: Young Generation Statistics:
[550,090s][info][gc,heap     ] GC(10) y:                Mark Start          Mark End        Relocate Start      Relocate End    
[550,090s][info][gc,heap     ] GC(10) y:      Used:     2416M (6%)         2988M (7%)         1064M (3%)         1012M (2%)     
[550,090s][info][gc,heap     ] GC(10) y:      Live:         -              2371M (6%)          447M (1%)          428M (1%)     
[550,090s][info][gc,heap     ] GC(10) y:   Garbage:         -                44M (0%)           40M (0%)            3M (0%)     
[550,090s][info][gc,heap     ] GC(10) y: Allocated:         -               572M (1%)          576M (1%)          580M (1%)     
[550,090s][info][gc,heap     ] GC(10) y: Reclaimed:         -                  -                 4M (0%)           41M (0%)     
[550,090s][info][gc,heap     ] GC(10) y:  Promoted:         -                  -              1923M (5%)         1942M (5%)     
[550,090s][info][gc,heap     ] GC(10) y: Compacted:         -                  -                  -                 3M (0%)     
[550,090s][info][gc,phases   ] GC(10) y: Young Generation 21804M(53%)->22348M(55%) 7,789s
[550,090s][info][gc          ] GC(10) Minor Collection (Allocation Rate) 21804M(53%)->22348M(55%) 7,789s
[560,331s][info][gc,phases   ] GC(9) O: Concurrent Mark 48196,833ms
[560,331s][info][gc,phases   ] GC(9) O: Pause Mark End 0,026ms
[560,333s][info][gc,phases   ] GC(9) O: Concurrent Mark Free 1,685ms
[560,336s][info][gc,phases   ] GC(9) O: Concurrent Process Non-Strong 2,348ms
[560,336s][info][gc,phases   ] GC(9) O: Concurrent Reset Relocation Set 0,036ms
[560,345s][info][gc,phases   ] GC(9) O: Concurrent Select Relocation Set 9,595ms
[560,345s][info][gc,task     ] GC(9) O: Using 5 Workers for Old Generation
[560,381s][info][gc,task     ] GC(9) O: Using 3 Workers for Old Generation
[560,381s][info][gc,phases   ] GC(9) O: Concurrent Remap Roots 35,473ms
[560,381s][info][gc,phases   ] GC(9) O: Pause Relocate Start 0,056ms
[560,500s][info][gc,phases   ] GC(9) O: Concurrent Relocate 118,547ms
[560,500s][info][gc,alloc    ] GC(9) O:                         Mark Start        Mark End      Relocate Start    Relocate End   
[560,500s][info][gc,alloc    ] GC(9) O: Allocation Stalls:          0                0                0                0         
[560,500s][info][gc,load     ] GC(9) O: Load: 3,92 (20%) / 2,80 (14%) / 2,55 (13%)
[560,500s][info][gc,mmu      ] GC(9) O: MMU: 2ms/94,4%, 5ms/97,8%, 10ms/98,9%, 20ms/99,4%, 50ms/99,8%, 100ms/99,8%
[560,500s][info][gc,marking  ] GC(9) O: Mark: 2 stripe(s), 10 proactive flush(es), 1 terminate flush(es), 0 completion(s), 0 continuation(s) 
[560,500s][info][gc,marking  ] GC(9) O: Mark Stack Usage: 32M
[560,500s][info][gc,nmethod  ] GC(9) O: NMethods: 1701 registered, 211 unregistered
[560,500s][info][gc,metaspace] GC(9) O: Metaspace: 14M used, 14M committed, 1088M reserved
[560,500s][info][gc,ref      ] GC(9) O:                       Encountered   Discovered     Enqueued 
[560,500s][info][gc,ref      ] GC(9) O: Soft References:             3531            0            0 
[560,500s][info][gc,ref      ] GC(9) O: Weak References:              893          592            0 
[560,500s][info][gc,ref      ] GC(9) O: Final References:               0            0            0 
[560,500s][info][gc,ref      ] GC(9) O: Phantom References:            20           14            0 
[560,500s][info][gc,reloc    ] GC(9) O:                        Candidates     Selected     In-Place         Size        Empty    Relocated 
[560,500s][info][gc,reloc    ] GC(9) O: Small Pages:                 9694           53            0       19388M         106M          49M 
[560,500s][info][gc,reloc    ] GC(9) O: Medium Pages:                   0            0            0           0M           0M           0M 
[560,500s][info][gc,reloc    ] GC(9) O: Large Pages:                    0            0            0           0M           0M           0M 
[560,500s][info][gc,reloc    ] GC(9) O: Forwarding Usage: 61M
[560,500s][info][gc,heap     ] GC(9) O: Min Capacity: 1024M(2%)
[560,500s][info][gc,heap     ] GC(9) O: Max Capacity: 40960M(100%)
[560,500s][info][gc,heap     ] GC(9) O: Soft Max Capacity: 40960M(100%)
[560,500s][info][gc,heap     ] GC(9) O: Heap Statistics:
[560,500s][info][gc,heap     ] GC(9) O:                Mark Start          Mark End        Relocate Start      Relocate End           High               Low         
[560,500s][info][gc,heap     ] GC(9) O:  Capacity:    21440M (52%)       22384M (55%)       22384M (55%)       22384M (55%)       22384M (55%)       21440M (52%)    
[560,500s][info][gc,heap     ] GC(9) O:      Free:    19520M (48%)       18602M (45%)       18708M (46%)       18830M (46%)       19520M (48%)       18576M (45%)    
[560,500s][info][gc,heap     ] GC(9) O:      Used:    21440M (52%)       22358M (55%)       22252M (54%)       22130M (54%)       22384M (55%)       21440M (52%)    
[560,500s][info][gc,heap     ] GC(9) O: Old Generation Statistics:
[560,500s][info][gc,heap     ] GC(9) O:                Mark Start          Mark End        Relocate Start      Relocate End    
[560,500s][info][gc,heap     ] GC(9) O:      Used:    19388M (47%)       21336M (52%)       21230M (52%)       21108M (52%)    
[560,500s][info][gc,heap     ] GC(9) O:      Live:         -             19110M (47%)       19110M (47%)       19110M (47%)    
[560,500s][info][gc,heap     ] GC(9) O:   Garbage:         -               277M (1%)          171M (0%)           46M (0%)     
[560,500s][info][gc,heap     ] GC(9) O: Allocated:         -              1948M (5%)         1948M (5%)         1951M (5%)     
[560,500s][info][gc,heap     ] GC(9) O: Reclaimed:         -                  -               106M (0%)          231M (1%)     
[560,500s][info][gc,heap     ] GC(9) O: Compacted:         -                  -                  -               132M (0%)     
[560,500s][info][gc,phases   ] GC(9) O: Old Generation 21636M(53%)->22130M(54%) 48,366s
[560,500s][info][gc          ] GC(9) Major Collection (Allocation Rate) 21440M(52%)->22130M(54%) 55,081s
[654,784s][info][gc          ] GC(11) Major Collection (Allocation Rate)
[654,784s][info][gc,task     ] GC(11) Using 4 Workers for Young Generation
[654,784s][info][gc,task     ] GC(11) Using 3 Workers for Old Generation
[654,784s][info][gc,phases   ] GC(11) Y: Young Generation
[654,785s][info][gc,phases   ] GC(11) Y: Pause Mark Start (Major) 0,057ms
[662,675s][info][gc,phases   ] GC(11) Y: Concurrent Mark 7890,063ms
[662,675s][info][gc,phases   ] GC(11) Y: Pause Mark End 0,030ms
[662,675s][info][gc,phases   ] GC(11) Y: Concurrent Mark Free 0,003ms
[662,676s][info][gc,phases   ] GC(11) Y: Concurrent Reset Relocation Set 0,717ms
[662,678s][info][gc,reloc    ] GC(11) Y: Using tenuring threshold: 2 (Computed)
[662,690s][info][gc,phases   ] GC(11) Y: Concurrent Select Relocation Set 13,608ms
[662,690s][info][gc,phases   ] GC(11) Y: Pause Relocate Start 0,089ms
[662,767s][info][gc,phases   ] GC(11) Y: Concurrent Relocate 76,809ms
[662,767s][info][gc,alloc    ] GC(11) Y:                         Mark Start        Mark End      Relocate Start    Relocate End   
[662,767s][info][gc,alloc    ] GC(11) Y: Allocation Stalls:          0                0                0                0         
[662,767s][info][gc,load     ] GC(11) Y: Load: 1,82 (9%) / 2,39 (12%) / 2,43 (12%)
[662,767s][info][gc,mmu      ] GC(11) Y: MMU: 2ms/94,4%, 5ms/97,8%, 10ms/98,9%, 20ms/99,4%, 50ms/99,8%, 100ms/99,8%
[662,767s][info][gc,marking  ] GC(11) Y: Mark: 4 stripe(s), 10 proactive flush(es), 1 terminate flush(es), 0 completion(s), 0 continuation(s) 
[662,767s][info][gc,marking  ] GC(11) Y: Mark Stack Usage: 32M
[662,767s][info][gc,nmethod  ] GC(11) Y: NMethods: 1706 registered, 211 unregistered
[662,767s][info][gc,metaspace] GC(11) Y: Metaspace: 14M used, 14M committed, 1088M reserved
[662,767s][info][gc,reloc    ] GC(11) Y:                        Candidates     Selected     In-Place         Size        Empty    Relocated 
[662,767s][info][gc,reloc    ] GC(11) Y: Small Pages:                 1384           49            0        2768M           0M          46M 
[662,767s][info][gc,reloc    ] GC(11) Y: Medium Pages:                   0            0            0           0M           0M           0M 
[662,767s][info][gc,reloc    ] GC(11) Y: Large Pages:                    0            0            0           0M           0M           0M 
[662,767s][info][gc,reloc    ] GC(11) Y: Forwarding Usage: 55M
[662,767s][info][gc,reloc    ] GC(11) Y: Age Table:
[662,767s][info][gc,reloc    ] GC(11) Y:                    Live             Garbage             Small              Medium             Large        
[662,767s][info][gc,reloc    ] GC(11) Y: Eden            2233M (5%)          100M (0%)        1167 / 41             0 / 0              0 / 0        
[662,767s][info][gc,reloc    ] GC(11) Y: Survivor 1       412M (1%)           21M (0%)         217 / 8              0 / 0              0 / 0        
[662,767s][info][gc,heap     ] GC(11) Y: Min Capacity: 1024M(2%)
[662,767s][info][gc,heap     ] GC(11) Y: Max Capacity: 40960M(100%)
[662,767s][info][gc,heap     ] GC(11) Y: Soft Max Capacity: 40960M(100%)
[662,767s][info][gc,heap     ] GC(11) Y: Heap Statistics:
[662,767s][info][gc,heap     ] GC(11) Y:                Mark Start          Mark End        Relocate Start      Relocate End           High               Low         
[662,767s][info][gc,heap     ] GC(11) Y:  Capacity:    23876M (58%)       24398M (60%)       24398M (60%)       24406M (60%)       24406M (60%)       23876M (58%)    
[662,767s][info][gc,heap     ] GC(11) Y:      Free:    17084M (42%)       16562M (40%)       16562M (40%)       16666M (41%)       17084M (42%)       16554M (40%)    
[662,767s][info][gc,heap     ] GC(11) Y:      Used:    23876M (58%)       24398M (60%)       24398M (60%)       24294M (59%)       24406M (60%)       23876M (58%)    
[662,767s][info][gc,heap     ] GC(11) Y: Young Generation Statistics:
[662,767s][info][gc,heap     ] GC(11) Y:                Mark Start          Mark End        Relocate Start      Relocate End    
[662,767s][info][gc,heap     ] GC(11) Y:      Used:     2768M (7%)         3290M (8%)         3290M (8%)         3186M (8%)     
[662,767s][info][gc,heap     ] GC(11) Y:      Live:         -              2646M (6%)         2646M (6%)         2646M (6%)     
[662,767s][info][gc,heap     ] GC(11) Y:   Garbage:         -               121M (0%)          121M (0%)            8M (0%)     
[662,767s][info][gc,heap     ] GC(11) Y: Allocated:         -               522M (1%)          522M (1%)          531M (1%)     
[662,767s][info][gc,heap     ] GC(11) Y: Reclaimed:         -                  -                 0M (0%)          113M (0%)     
[662,767s][info][gc,heap     ] GC(11) Y:  Promoted:         -                  -                 0M (0%)            0M (0%)     
[662,767s][info][gc,heap     ] GC(11) Y: Compacted:         -                  -                  -               106M (0%)     
[662,767s][info][gc,phases   ] GC(11) Y: Young Generation 23876M(58%)->24294M(59%) 7,983s
[662,767s][info][gc,phases   ] GC(11) O: Old Generation
[694,826s][info][gc,task     ] Adjusting Workers for Old Generation: 3 -> 2
[694,826s][info][gc          ] GC(12) Minor Collection (Allocation Rate)
[694,826s][info][gc,task     ] GC(12) Using 3 Workers for Young Generation
[694,826s][info][gc,phases   ] GC(12) y: Young Generation
[694,827s][info][gc,phases   ] GC(12) y: Pause Mark Start 0,069ms
[699,961s][info][gc,phases   ] GC(12) y: Concurrent Mark 5134,098ms
[699,971s][info][gc,phases   ] GC(12) y: Pause Mark End 0,031ms
[699,971s][info][gc,phases   ] GC(12) y: Concurrent Mark Free 0,001ms
[699,971s][info][gc,phases   ] GC(12) y: Concurrent Reset Relocation Set 0,026ms
[699,975s][info][gc,reloc    ] GC(12) y: Using tenuring threshold: 1 (Computed)
[700,709s][info][gc,phases   ] GC(12) y: Concurrent Select Relocation Set 737,983ms
[700,709s][info][gc,phases   ] GC(12) y: Pause Relocate Start 0,023ms
[702,323s][info][gc,phases   ] GC(12) y: Concurrent Relocate 1613,994ms
[702,324s][info][gc,alloc    ] GC(12) y:                         Mark Start        Mark End      Relocate Start    Relocate End   
[702,324s][info][gc,alloc    ] GC(12) y: Allocation Stalls:          0                0                0                0         
[702,324s][info][gc,load     ] GC(12) y: Load: 3,52 (18%) / 2,74 (14%) / 2,54 (13%)
[702,324s][info][gc,mmu      ] GC(12) y: MMU: 2ms/94,4%, 5ms/97,8%, 10ms/98,9%, 20ms/99,4%, 50ms/99,8%, 100ms/99,8%
[702,324s][info][gc,marking  ] GC(12) y: Mark: 2 stripe(s), 10 proactive flush(es), 1 terminate flush(es), 0 completion(s), 0 continuation(s) 
[702,324s][info][gc,marking  ] GC(12) y: Mark Stack Usage: 32M
[702,324s][info][gc,nmethod  ] GC(12) y: NMethods: 1707 registered, 211 unregistered
[702,324s][info][gc,metaspace] GC(12) y: Metaspace: 14M used, 14M committed, 1088M reserved
[702,324s][info][gc,reloc    ] GC(12) y:                        Candidates     Selected     In-Place         Size        Empty    Relocated 
[702,324s][info][gc,reloc    ] GC(12) y: Small Pages:                 1899           14            0        3798M           0M          10M 
[702,324s][info][gc,reloc    ] GC(12) y: Medium Pages:                   0            0            0           0M           0M           0M 
[702,324s][info][gc,reloc    ] GC(12) y: Large Pages:                    0            0            0           0M           0M           0M 
[702,324s][info][gc,reloc    ] GC(12) y: Forwarding Usage: 11M
[702,324s][info][gc,reloc    ] GC(12) y: Age Table:
[702,324s][info][gc,reloc    ] GC(12) y:                    Live             Garbage             Small              Medium             Large        
[702,324s][info][gc,reloc    ] GC(12) y: Eden            1126M (3%)            7M (0%)         567 / 1              0 / 0              0 / 0        
[702,324s][info][gc,reloc    ] GC(12) y: Survivor 1      2215M (5%)           28M (0%)        1122 / 11             0 / 0              0 / 0        
[702,324s][info][gc,reloc    ] GC(12) y: Survivor 2       412M (1%)            7M (0%)         210 / 2              0 / 0              0 / 0        
[702,324s][info][gc,heap     ] GC(12) y: Min Capacity: 1024M(2%)
[702,324s][info][gc,heap     ] GC(12) y: Max Capacity: 40960M(100%)
[702,324s][info][gc,heap     ] GC(12) y: Soft Max Capacity: 40960M(100%)
[702,324s][info][gc,heap     ] GC(12) y: Heap Statistics:
[702,324s][info][gc,heap     ] GC(12) y:                Mark Start          Mark End        Relocate Start      Relocate End           High               Low         
[702,324s][info][gc,heap     ] GC(12) y:  Capacity:    24906M (61%)       25016M (61%)       25020M (61%)       25026M (61%)       25026M (61%)       24906M (61%)    
[702,324s][info][gc,heap     ] GC(12) y:      Free:    16054M (39%)       15944M (39%)       15940M (39%)       15960M (39%)       16054M (39%)       15934M (39%)    
[702,324s][info][gc,heap     ] GC(12) y:      Used:    24906M (61%)       25016M (61%)       25020M (61%)       25000M (61%)       25026M (61%)       24906M (61%)    
[702,324s][info][gc,heap     ] GC(12) y: Young Generation Statistics:
[702,324s][info][gc,heap     ] GC(12) y:                Mark Start          Mark End        Relocate Start      Relocate End    
[702,324s][info][gc,heap     ] GC(12) y:      Used:     3798M (9%)         3908M (10%)        1296M (3%)         1252M (3%)     
[702,324s][info][gc,heap     ] GC(12) y:      Live:         -              3754M (9%)         1147M (3%)         1126M (3%)     
[702,324s][info][gc,heap     ] GC(12) y:   Garbage:         -                43M (0%)           34M (0%)            2M (0%)     
[702,324s][info][gc,heap     ] GC(12) y: Allocated:         -               110M (0%)          114M (0%)          122M (0%)     
[702,324s][info][gc,heap     ] GC(12) y: Reclaimed:         -                  -                 9M (0%)           40M (0%)     
[702,324s][info][gc,heap     ] GC(12) y:  Promoted:         -                  -              2606M (6%)         2628M (6%)     
[702,324s][info][gc,heap     ] GC(12) y: Compacted:         -                  -                  -                 1M (0%)     
[702,324s][info][gc,phases   ] GC(12) y: Young Generation 24906M(61%)->25000M(61%) 7,497s
[702,324s][info][gc          ] GC(12) Minor Collection (Allocation Rate) 24906M(61%)->25000M(61%) 7,498s
[703,607s][info][gc,phases   ] GC(11) O: Concurrent Mark 40839,269ms
[703,607s][info][gc,phases   ] GC(11) O: Pause Mark End 0,022ms
[703,607s][info][gc,phases   ] GC(11) O: Concurrent Mark Free 0,002ms
[703,610s][info][gc,phases   ] GC(11) O: Concurrent Process Non-Strong 2,794ms
[703,610s][info][gc,phases   ] GC(11) O: Concurrent Reset Relocation Set 0,012ms
[703,621s][info][gc,phases   ] GC(11) O: Concurrent Select Relocation Set 11,417ms
[703,621s][info][gc,task     ] GC(11) O: Using 5 Workers for Old Generation
[703,657s][info][gc,task     ] GC(11) O: Using 2 Workers for Old Generation
[703,657s][info][gc,phases   ] GC(11) O: Concurrent Remap Roots 35,831ms
[703,657s][info][gc,phases   ] GC(11) O: Pause Relocate Start 0,024ms
[703,847s][info][gc,phases   ] GC(11) O: Concurrent Relocate 188,981ms
[703,847s][info][gc,alloc    ] GC(11) O:                         Mark Start        Mark End      Relocate Start    Relocate End   
[703,847s][info][gc,alloc    ] GC(11) O: Allocation Stalls:          0                0                0                0         
[703,847s][info][gc,load     ] GC(11) O: Load: 3,40 (17%) / 2,73 (14%) / 2,54 (13%)
[703,847s][info][gc,mmu      ] GC(11) O: MMU: 2ms/94,4%, 5ms/97,8%, 10ms/98,9%, 20ms/99,4%, 50ms/99,8%, 100ms/99,8%
[703,847s][info][gc,marking  ] GC(11) O: Mark: 2 stripe(s), 10 proactive flush(es), 1 terminate flush(es), 0 completion(s), 0 continuation(s) 
[703,847s][info][gc,marking  ] GC(11) O: Mark Stack Usage: 64M
[703,847s][info][gc,nmethod  ] GC(11) O: NMethods: 1707 registered, 211 unregistered
[703,847s][info][gc,metaspace] GC(11) O: Metaspace: 14M used, 14M committed, 1088M reserved
[703,847s][info][gc,ref      ] GC(11) O:                       Encountered   Discovered     Enqueued 
[703,847s][info][gc,ref      ] GC(11) O: Soft References:             3531            0            0 
[703,847s][info][gc,ref      ] GC(11) O: Weak References:              893          247            0 
[703,847s][info][gc,ref      ] GC(11) O: Final References:               0            0            0 
[703,847s][info][gc,ref      ] GC(11) O: Phantom References:            20           10            0 
[703,847s][info][gc,reloc    ] GC(11) O:                        Candidates     Selected     In-Place         Size        Empty    Relocated 
[703,847s][info][gc,reloc    ] GC(11) O: Small Pages:                10554           63            0       21108M         140M          61M 
[703,847s][info][gc,reloc    ] GC(11) O: Medium Pages:                   0            0            0           0M           0M           0M 
[703,847s][info][gc,reloc    ] GC(11) O: Large Pages:                    0            0            0           0M           0M           0M 
[703,847s][info][gc,reloc    ] GC(11) O: Forwarding Usage: 77M
[703,847s][info][gc,heap     ] GC(11) O: Min Capacity: 1024M(2%)
[703,847s][info][gc,heap     ] GC(11) O: Max Capacity: 40960M(100%)
[703,847s][info][gc,heap     ] GC(11) O: Soft Max Capacity: 40960M(100%)
[703,847s][info][gc,heap     ] GC(11) O: Heap Statistics:
[703,847s][info][gc,heap     ] GC(11) O:                Mark Start          Mark End        Relocate Start      Relocate End           High               Low         
[703,847s][info][gc,heap     ] GC(11) O:  Capacity:    23876M (58%)       25026M (61%)       25026M (61%)       25026M (61%)       25026M (61%)       23876M (58%)    
[703,847s][info][gc,heap     ] GC(11) O:      Free:    17084M (42%)       15958M (39%)       16098M (39%)       16246M (40%)       17084M (42%)       15934M (39%)    
[703,847s][info][gc,heap     ] GC(11) O:      Used:    23876M (58%)       25002M (61%)       24862M (61%)       24714M (60%)       25026M (61%)       23876M (58%)    
[703,847s][info][gc,heap     ] GC(11) O: Old Generation Statistics:
[703,847s][info][gc,heap     ] GC(11) O:                Mark Start          Mark End        Relocate Start      Relocate End    
[703,847s][info][gc,heap     ] GC(11) O:      Used:    21108M (52%)       23748M (58%)       23608M (58%)       23460M (57%)    
[703,847s][info][gc,heap     ] GC(11) O:      Live:         -             20768M (51%)       20768M (51%)       20768M (51%)    
[703,847s][info][gc,heap     ] GC(11) O:   Garbage:         -               339M (1%)          199M (0%)           49M (0%)     
[703,847s][info][gc,heap     ] GC(11) O: Allocated:         -              2640M (6%)         2640M (6%)         2642M (6%)     
[703,847s][info][gc,heap     ] GC(11) O: Reclaimed:         -                  -               140M (0%)          290M (1%)     
[703,847s][info][gc,heap     ] GC(11) O: Compacted:         -                  -                  -               167M (0%)     
[703,847s][info][gc,phases   ] GC(11) O: Old Generation 24294M(59%)->24714M(60%) 41,079s
[703,847s][info][gc          ] GC(11) Major Collection (Allocation Rate) 23876M(58%)->24714M(60%) 49,063s
[881,998s][info][gc          ] GC(13) Major Collection (Allocation Rate)
[881,998s][info][gc,task     ] GC(13) Using 4 Workers for Young Generation
[881,998s][info][gc,task     ] GC(13) Using 3 Workers for Old Generation
[881,998s][info][gc,phases   ] GC(13) Y: Young Generation
[881,998s][info][gc,phases   ] GC(13) Y: Pause Mark Start (Major) 0,059ms
[895,855s][info][gc,phases   ] GC(13) Y: Concurrent Mark 13856,259ms
[895,855s][info][gc,phases   ] GC(13) Y: Pause Mark End 0,027ms
[895,855s][info][gc,phases   ] GC(13) Y: Concurrent Mark Free 0,001ms
[895,856s][info][gc,phases   ] GC(13) Y: Concurrent Reset Relocation Set 0,996ms
[895,859s][info][gc,reloc    ] GC(13) Y: Using tenuring threshold: 2 (Computed)
[895,881s][info][gc,phases   ] GC(13) Y: Concurrent Select Relocation Set 24,991ms
[895,881s][info][gc,phases   ] GC(13) Y: Pause Relocate Start 0,024ms
[896,017s][info][gc,phases   ] GC(13) Y: Concurrent Relocate 135,976ms
[896,018s][info][gc,alloc    ] GC(13) Y:                         Mark Start        Mark End      Relocate Start    Relocate End   
[896,018s][info][gc,alloc    ] GC(13) Y: Allocation Stalls:          0                0                0                0         
[896,018s][info][gc,load     ] GC(13) Y: Load: 1,99 (10%) / 2,21 (11%) / 2,37 (12%)
[896,018s][info][gc,mmu      ] GC(13) Y: MMU: 2ms/94,4%, 5ms/97,8%, 10ms/98,9%, 20ms/99,4%, 50ms/99,8%, 100ms/99,8%
[896,018s][info][gc,marking  ] GC(13) Y: Mark: 4 stripe(s), 10 proactive flush(es), 1 terminate flush(es), 0 completion(s), 0 continuation(s) 
[896,018s][info][gc,marking  ] GC(13) Y: Mark Stack Usage: 32M
[896,018s][info][gc,nmethod  ] GC(13) Y: NMethods: 1757 registered, 211 unregistered
[896,018s][info][gc,metaspace] GC(13) Y: Metaspace: 14M used, 14M committed, 1088M reserved
[896,018s][info][gc,reloc    ] GC(13) Y:                        Candidates     Selected     In-Place         Size        Empty    Relocated 
[896,018s][info][gc,reloc    ] GC(13) Y: Small Pages:                 2520           84            0        5040M           0M          80M 
[896,018s][info][gc,reloc    ] GC(13) Y: Medium Pages:                   0            0            0           0M           0M           0M 
[896,018s][info][gc,reloc    ] GC(13) Y: Large Pages:                    0            0            0           0M           0M           0M 
[896,018s][info][gc,reloc    ] GC(13) Y: Forwarding Usage: 92M
[896,018s][info][gc,reloc    ] GC(13) Y: Age Table:
[896,018s][info][gc,reloc    ] GC(13) Y:                    Live             Garbage             Small              Medium             Large        
[896,018s][info][gc,reloc    ] GC(13) Y: Eden            3722M (9%)          185M (0%)        1954 / 76             0 / 0              0 / 0        
[896,018s][info][gc,reloc    ] GC(13) Y: Survivor 1      1111M (3%)           20M (0%)         566 / 8              0 / 0              0 / 0        
[896,018s][info][gc,heap     ] GC(13) Y: Min Capacity: 1024M(2%)
[896,018s][info][gc,heap     ] GC(13) Y: Max Capacity: 40960M(100%)
[896,018s][info][gc,heap     ] GC(13) Y: Soft Max Capacity: 40960M(100%)
[896,018s][info][gc,heap     ] GC(13) Y: Heap Statistics:
[896,018s][info][gc,heap     ] GC(13) Y:                Mark Start          Mark End        Relocate Start      Relocate End           High               Low         
[896,018s][info][gc,heap     ] GC(13) Y:  Capacity:    28500M (70%)       28542M (70%)       28542M (70%)       28550M (70%)       28550M (70%)       28500M (70%)    
[896,018s][info][gc,heap     ] GC(13) Y:      Free:    12460M (30%)       12418M (30%)       12418M (30%)       12604M (31%)       12604M (31%)       12410M (30%)    
[896,018s][info][gc,heap     ] GC(13) Y:      Used:    28500M (70%)       28542M (70%)       28542M (70%)       28356M (69%)       28550M (70%)       28356M (69%)    
[896,018s][info][gc,heap     ] GC(13) Y: Young Generation Statistics:
[896,018s][info][gc,heap     ] GC(13) Y:                Mark Start          Mark End        Relocate Start      Relocate End    
[896,018s][info][gc,heap     ] GC(13) Y:      Used:     5040M (12%)        5082M (12%)        5082M (12%)        4896M (12%)    
[896,018s][info][gc,heap     ] GC(13) Y:      Live:         -              4833M (12%)        4833M (12%)        4833M (12%)    
[896,018s][info][gc,heap     ] GC(13) Y:   Garbage:         -               206M (1%)          206M (1%)           11M (0%)     
[896,018s][info][gc,heap     ] GC(13) Y: Allocated:         -                42M (0%)           42M (0%)           50M (0%)     
[896,018s][info][gc,heap     ] GC(13) Y: Reclaimed:         -                  -                 0M (0%)          194M (0%)     
[896,018s][info][gc,heap     ] GC(13) Y:  Promoted:         -                  -                 0M (0%)            0M (0%)     
[896,018s][info][gc,heap     ] GC(13) Y: Compacted:         -                  -                  -               183M (0%)     
[896,018s][info][gc,phases   ] GC(13) Y: Young Generation 28500M(70%)->28356M(69%) 14,020s
[896,018s][info][gc,phases   ] GC(13) O: Old Generation
[896,026s][info][gc          ] GC(14) Minor Collection (Allocation Rate)
[896,026s][info][gc,task     ] GC(14) Using 2 Workers for Young Generation
[896,026s][info][gc,phases   ] GC(14) y: Young Generation
[896,026s][info][gc,phases   ] GC(14) y: Pause Mark Start 0,074ms
[907,068s][info][gc,phases   ] GC(14) y: Concurrent Mark 11041,351ms
[907,068s][info][gc,phases   ] GC(14) y: Pause Mark End 0,043ms
[907,068s][info][gc,phases   ] GC(14) y: Concurrent Mark Free 0,002ms
[907,068s][info][gc,phases   ] GC(14) y: Concurrent Reset Relocation Set 0,035ms
[907,071s][info][gc,reloc    ] GC(14) y: Using tenuring threshold: 1 (Computed)
[909,260s][info][gc,phases   ] GC(14) y: Concurrent Select Relocation Set 2191,260ms
[909,260s][info][gc,phases   ] GC(14) y: Pause Relocate Start 0,023ms
[913,657s][info][gc,phases   ] GC(14) y: Concurrent Relocate 4396,297ms
[913,657s][info][gc,alloc    ] GC(14) y:                         Mark Start        Mark End      Relocate Start    Relocate End   
[913,657s][info][gc,alloc    ] GC(14) y: Allocation Stalls:          0                0                0                0         
[913,657s][info][gc,load     ] GC(14) y: Load: 3,36 (17%) / 2,51 (13%) / 2,46 (12%)
[913,657s][info][gc,mmu      ] GC(14) y: MMU: 2ms/94,4%, 5ms/97,8%, 10ms/98,9%, 20ms/99,4%, 50ms/99,8%, 100ms/99,8%
[913,657s][info][gc,marking  ] GC(14) y: Mark: 2 stripe(s), 10 proactive flush(es), 1 terminate flush(es), 0 completion(s), 0 continuation(s) 
[913,657s][info][gc,marking  ] GC(14) y: Mark Stack Usage: 32M
[913,657s][info][gc,nmethod  ] GC(14) y: NMethods: 1757 registered, 211 unregistered
[913,657s][info][gc,metaspace] GC(14) y: Metaspace: 14M used, 14M committed, 1088M reserved
[913,657s][info][gc,reloc    ] GC(14) y:                        Candidates     Selected     In-Place         Size        Empty    Relocated 
[913,657s][info][gc,reloc    ] GC(14) y: Small Pages:                 2448           14            0        4896M           0M           9M 
[913,657s][info][gc,reloc    ] GC(14) y: Medium Pages:                   0            0            0           0M           0M           0M 
[913,657s][info][gc,reloc    ] GC(14) y: Large Pages:                    0            0            0           0M           0M           0M 
[913,657s][info][gc,reloc    ] GC(14) y: Forwarding Usage: 10M
[913,657s][info][gc,reloc    ] GC(14) y: Age Table:
[913,657s][info][gc,reloc    ] GC(14) y:                    Live             Garbage             Small              Medium             Large        
[913,657s][info][gc,reloc    ] GC(14) y: Eden              34M (0%)            7M (0%)          21 / 3              0 / 0              0 / 0        
[913,657s][info][gc,reloc    ] GC(14) y: Survivor 1      3707M (9%)           28M (0%)        1868 / 10             0 / 0              0 / 0        
[913,657s][info][gc,reloc    ] GC(14) y: Survivor 2      1111M (3%)            6M (0%)         559 / 1              0 / 0              0 / 0        
[913,657s][info][gc,heap     ] GC(14) y: Min Capacity: 1024M(2%)
[913,657s][info][gc,heap     ] GC(14) y: Max Capacity: 40960M(100%)
[913,657s][info][gc,heap     ] GC(14) y: Soft Max Capacity: 40960M(100%)
[913,657s][info][gc,heap     ] GC(14) y: Heap Statistics:
[913,657s][info][gc,heap     ] GC(14) y:                Mark Start          Mark End        Relocate Start      Relocate End           High               Low         
[913,657s][info][gc,heap     ] GC(14) y:  Capacity:    28550M (70%)       28550M (70%)       28550M (70%)       28550M (70%)       28550M (70%)       28550M (70%)    
[913,657s][info][gc,heap     ] GC(14) y:      Free:    12604M (31%)       12590M (31%)       12582M (31%)       12598M (31%)       12608M (31%)       12580M (31%)    
[913,657s][info][gc,heap     ] GC(14) y:      Used:    28356M (69%)       28370M (69%)       28378M (69%)       28362M (69%)       28380M (69%)       28352M (69%)    
[913,657s][info][gc,heap     ] GC(14) y: Young Generation Statistics:
[913,657s][info][gc,heap     ] GC(14) y:                Mark Start          Mark End        Relocate Start      Relocate End    
[913,657s][info][gc,heap     ] GC(14) y:      Used:     4896M (12%)        4910M (12%)         108M (0%)           70M (0%)     
[913,657s][info][gc,heap     ] GC(14) y:      Live:         -              4853M (12%)          54M (0%)           34M (0%)     
[913,657s][info][gc,heap     ] GC(14) y:   Garbage:         -                42M (0%)           31M (0%)            0M (0%)     
[913,657s][info][gc,heap     ] GC(14) y: Allocated:         -                14M (0%)           22M (0%)           35M (0%)     
[913,657s][info][gc,heap     ] GC(14) y: Reclaimed:         -                  -                10M (0%)           42M (0%)     
[913,657s][info][gc,heap     ] GC(14) y:  Promoted:         -                  -              4799M (12%)        4818M (12%)    
[913,657s][info][gc,heap     ] GC(14) y: Compacted:         -                  -                  -                 0M (0%)     
[913,657s][info][gc,phases   ] GC(14) y: Young Generation 28356M(69%)->28362M(69%) 17,630s
[913,657s][info][gc          ] GC(14) Minor Collection (Allocation Rate) 28356M(69%)->28362M(69%) 17,631s
[938,860s][info][gc,phases   ] GC(13) O: Concurrent Mark 42841,934ms
[938,860s][info][gc,phases   ] GC(13) O: Pause Mark End 0,034ms
[938,860s][info][gc,phases   ] GC(13) O: Concurrent Mark Free 0,002ms
[938,863s][info][gc,phases   ] GC(13) O: Concurrent Process Non-Strong 2,394ms
[938,863s][info][gc,phases   ] GC(13) O: Concurrent Reset Relocation Set 0,017ms
[938,884s][info][gc,phases   ] GC(13) O: Concurrent Select Relocation Set 20,752ms
[938,884s][info][gc,task     ] GC(13) O: Using 5 Workers for Old Generation
[938,926s][info][gc,task     ] GC(13) O: Using 3 Workers for Old Generation
[938,926s][info][gc,phases   ] GC(13) O: Concurrent Remap Roots 42,095ms
[938,926s][info][gc,phases   ] GC(13) O: Pause Relocate Start 0,022ms
[939,159s][info][gc,phases   ] GC(13) O: Concurrent Relocate 232,368ms
[939,159s][info][gc,alloc    ] GC(13) O:                         Mark Start        Mark End      Relocate Start    Relocate End   
[939,159s][info][gc,alloc    ] GC(13) O: Allocation Stalls:          0                0                0                0         
[939,159s][info][gc,load     ] GC(13) O: Load: 3,65 (18%) / 2,65 (13%) / 2,51 (13%)
[939,159s][info][gc,mmu      ] GC(13) O: MMU: 2ms/94,4%, 5ms/97,8%, 10ms/98,9%, 20ms/99,4%, 50ms/99,8%, 100ms/99,8%
[939,159s][info][gc,marking  ] GC(13) O: Mark: 2 stripe(s), 11 proactive flush(es), 2 terminate flush(es), 0 completion(s), 0 continuation(s) 
[939,159s][info][gc,marking  ] GC(13) O: Mark Stack Usage: 64M
[939,159s][info][gc,nmethod  ] GC(13) O: NMethods: 1765 registered, 212 unregistered
[939,159s][info][gc,metaspace] GC(13) O: Metaspace: 14M used, 14M committed, 1088M reserved
[939,159s][info][gc,ref      ] GC(13) O:                       Encountered   Discovered     Enqueued 
[939,159s][info][gc,ref      ] GC(13) O: Soft References:             3531            0            0 
[939,159s][info][gc,ref      ] GC(13) O: Weak References:              893          551            0 
[939,159s][info][gc,ref      ] GC(13) O: Final References:               0            0            0 
[939,159s][info][gc,ref      ] GC(13) O: Phantom References:            20           13            0 
[939,159s][info][gc,reloc    ] GC(13) O:                        Candidates     Selected     In-Place         Size        Empty    Relocated 
[939,159s][info][gc,reloc    ] GC(13) O: Small Pages:                11730          106            0       23460M         238M          98M 
[939,159s][info][gc,reloc    ] GC(13) O: Medium Pages:                   0            0            0           0M           0M           0M 
[939,159s][info][gc,reloc    ] GC(13) O: Large Pages:                    0            0            0           0M           0M           0M 
[939,159s][info][gc,reloc    ] GC(13) O: Forwarding Usage: 124M
[939,159s][info][gc,heap     ] GC(13) O: Min Capacity: 1024M(2%)
[939,159s][info][gc,heap     ] GC(13) O: Max Capacity: 40960M(100%)
[939,159s][info][gc,heap     ] GC(13) O: Soft Max Capacity: 40960M(100%)
[939,159s][info][gc,heap     ] GC(13) O: Heap Statistics:
[939,159s][info][gc,heap     ] GC(13) O:                Mark Start          Mark End        Relocate Start      Relocate End           High               Low         
[939,159s][info][gc,heap     ] GC(13) O:  Capacity:    28500M (70%)       29090M (71%)       29090M (71%)       29090M (71%)       29090M (71%)       28500M (70%)    
[939,159s][info][gc,heap     ] GC(13) O:      Free:    12460M (30%)       11870M (29%)       12106M (30%)       12352M (30%)       12608M (31%)       11870M (29%)    
[939,159s][info][gc,heap     ] GC(13) O:      Used:    28500M (70%)       29090M (71%)       28854M (70%)       28608M (70%)       29090M (71%)       28352M (69%)    
[939,159s][info][gc,heap     ] GC(13) O: Old Generation Statistics:
[939,159s][info][gc,heap     ] GC(13) O:                Mark Start          Mark End        Relocate Start      Relocate End    
[939,159s][info][gc,heap     ] GC(13) O:      Used:    23460M (57%)       28292M (69%)       28054M (68%)       27808M (68%)    
[939,159s][info][gc,heap     ] GC(13) O:      Live:         -             22916M (56%)       22916M (56%)       22916M (56%)    
[939,159s][info][gc,heap     ] GC(13) O:   Garbage:         -               543M (1%)          305M (1%)           54M (0%)     
[939,159s][info][gc,heap     ] GC(13) O: Allocated:         -              4832M (12%)        4832M (12%)        4836M (12%)    
[939,159s][info][gc,heap     ] GC(13) O: Reclaimed:         -                  -               238M (1%)          488M (1%)     
[939,159s][info][gc,heap     ] GC(13) O: Compacted:         -                  -                  -               267M (1%)     
[939,159s][info][gc,phases   ] GC(13) O: Old Generation 28356M(69%)->28608M(70%) 43,141s
[939,159s][info][gc          ] GC(13) Major Collection (Allocation Rate) 28500M(70%)->28608M(70%) 57,161s
[996,538s][info][gc          ] GC(15) Major Collection (Allocation Rate)
[996,538s][info][gc,task     ] GC(15) Using 5 Workers for Young Generation
[996,538s][info][gc,task     ] GC(15) Using 4 Workers for Old Generation
[996,538s][info][gc,phases   ] GC(15) Y: Young Generation
[996,539s][info][gc,phases   ] GC(15) Y: Pause Mark Start (Major) 0,065ms
[1003,159s][info][gc,phases   ] GC(15) Y: Concurrent Mark 6619,639ms
[1003,159s][info][gc,phases   ] GC(15) Y: Pause Mark End 0,025ms
[1003,159s][info][gc,phases   ] GC(15) Y: Concurrent Mark Free 0,002ms
[1003,161s][info][gc,phases   ] GC(15) Y: Concurrent Reset Relocation Set 1,584ms
[1003,164s][info][gc,reloc    ] GC(15) Y: Using tenuring threshold: 2 (Computed)
[1003,173s][info][gc,phases   ] GC(15) Y: Concurrent Select Relocation Set 11,938ms
[1003,173s][info][gc,phases   ] GC(15) Y: Pause Relocate Start 0,031ms
[1003,232s][info][gc,phases   ] GC(15) Y: Concurrent Relocate 58,871ms
[1003,232s][info][gc,alloc    ] GC(15) Y:                         Mark Start        Mark End      Relocate Start    Relocate End   
[1003,232s][info][gc,alloc    ] GC(15) Y: Allocation Stalls:          0                0                0                0         
[1003,232s][info][gc,load     ] GC(15) Y: Load: 2,49 (12%) / 2,47 (12%) / 2,45 (12%)
[1003,232s][info][gc,mmu      ] GC(15) Y: MMU: 2ms/94,4%, 5ms/97,8%, 10ms/98,9%, 20ms/99,4%, 50ms/99,8%, 100ms/99,8%
[1003,232s][info][gc,marking  ] GC(15) Y: Mark: 4 stripe(s), 10 proactive flush(es), 1 terminate flush(es), 0 completion(s), 0 continuation(s) 
[1003,232s][info][gc,marking  ] GC(15) Y: Mark Stack Usage: 32M
[1003,232s][info][gc,nmethod  ] GC(15) Y: NMethods: 1767 registered, 212 unregistered
[1003,232s][info][gc,metaspace] GC(15) Y: Metaspace: 14M used, 14M committed, 1088M reserved
[1003,232s][info][gc,reloc    ] GC(15) Y:                        Candidates     Selected     In-Place         Size        Empty    Relocated 
[1003,232s][info][gc,reloc    ] GC(15) Y: Small Pages:                 1026           49            0        2052M           0M          44M 
[1003,232s][info][gc,reloc    ] GC(15) Y: Medium Pages:                   0            0            0           0M           0M           0M 
[1003,232s][info][gc,reloc    ] GC(15) Y: Large Pages:                    0            0            0           0M           0M           0M 
[1003,232s][info][gc,reloc    ] GC(15) Y: Forwarding Usage: 50M
[1003,232s][info][gc,reloc    ] GC(15) Y: Age Table:
[1003,232s][info][gc,reloc    ] GC(15) Y:                    Live             Garbage             Small              Medium             Large        
[1003,232s][info][gc,reloc    ] GC(15) Y: Eden            1914M (5%)           99M (0%)        1007 / 41             0 / 0              0 / 0        
[1003,232s][info][gc,reloc    ] GC(15) Y: Survivor 1        19M (0%)           18M (0%)          19 / 8              0 / 0              0 / 0        
[1003,232s][info][gc,heap     ] GC(15) Y: Min Capacity: 1024M(2%)
[1003,232s][info][gc,heap     ] GC(15) Y: Max Capacity: 40960M(100%)
[1003,232s][info][gc,heap     ] GC(15) Y: Soft Max Capacity: 40960M(100%)
[1003,232s][info][gc,heap     ] GC(15) Y: Heap Statistics:
[1003,232s][info][gc,heap     ] GC(15) Y:                Mark Start          Mark End        Relocate Start      Relocate End           High               Low         
[1003,232s][info][gc,heap     ] GC(15) Y:  Capacity:    29860M (73%)       30140M (74%)       30140M (74%)       30150M (74%)       30150M (74%)       29860M (73%)    
[1003,232s][info][gc,heap     ] GC(15) Y:      Free:    11100M (27%)       10820M (26%)       10820M (26%)       10926M (27%)       11100M (27%)       10810M (26%)    
[1003,232s][info][gc,heap     ] GC(15) Y:      Used:    29860M (73%)       30140M (74%)       30140M (74%)       30034M (73%)       30150M (74%)       29860M (73%)    
[1003,232s][info][gc,heap     ] GC(15) Y: Young Generation Statistics:
[1003,232s][info][gc,heap     ] GC(15) Y:                Mark Start          Mark End        Relocate Start      Relocate End    
[1003,232s][info][gc,heap     ] GC(15) Y:      Used:     2052M (5%)         2332M (6%)         2332M (6%)         2226M (5%)     
[1003,232s][info][gc,heap     ] GC(15) Y:      Live:         -              1933M (5%)         1933M (5%)         1933M (5%)     
[1003,232s][info][gc,heap     ] GC(15) Y:   Garbage:         -               118M (0%)          118M (0%)            5M (0%)     
[1003,232s][info][gc,heap     ] GC(15) Y: Allocated:         -               280M (1%)          280M (1%)          286M (1%)     
[1003,232s][info][gc,heap     ] GC(15) Y: Reclaimed:         -                  -                 0M (0%)          112M (0%)     
[1003,232s][info][gc,heap     ] GC(15) Y:  Promoted:         -                  -                 0M (0%)            0M (0%)     
[1003,232s][info][gc,heap     ] GC(15) Y: Compacted:         -                  -                  -               101M (0%)     
[1003,232s][info][gc,phases   ] GC(15) Y: Young Generation 29860M(73%)->30034M(73%) 6,694s
[1003,232s][info][gc,phases   ] GC(15) O: Old Generation
[1003,240s][info][gc,task     ] Adjusting Workers for Old Generation: 4 -> 3
[1003,240s][info][gc          ] GC(16) Minor Collection (Allocation Rate)
[1003,240s][info][gc,task     ] GC(16) Using 2 Workers for Young Generation
[1003,240s][info][gc,phases   ] GC(16) y: Young Generation
[1003,241s][info][gc,phases   ] GC(16) y: Pause Mark Start 0,060ms
[1008,197s][info][gc,phases   ] GC(16) y: Concurrent Mark 4956,500ms
[1008,198s][info][gc,phases   ] GC(16) y: Pause Mark End 0,028ms
[1008,198s][info][gc,phases   ] GC(16) y: Concurrent Mark Free 0,002ms
[1008,198s][info][gc,phases   ] GC(16) y: Concurrent Reset Relocation Set 0,021ms
[1008,200s][info][gc,reloc    ] GC(16) y: Using tenuring threshold: 1 (Computed)
[1009,009s][info][gc,phases   ] GC(16) y: Concurrent Select Relocation Set 811,339ms
[1009,009s][info][gc,phases   ] GC(16) y: Pause Relocate Start 0,026ms
[1010,792s][info][gc,phases   ] GC(16) y: Concurrent Relocate 1782,828ms
[1010,792s][info][gc,alloc    ] GC(16) y:                         Mark Start        Mark End      Relocate Start    Relocate End   
[1010,793s][info][gc,alloc    ] GC(16) y: Allocation Stalls:          0                0                0                0         
[1010,793s][info][gc,load     ] GC(16) y: Load: 3,26 (16%) / 2,64 (13%) / 2,51 (13%)
[1010,793s][info][gc,mmu      ] GC(16) y: MMU: 2ms/94,4%, 5ms/97,8%, 10ms/98,9%, 20ms/99,4%, 50ms/99,8%, 100ms/99,8%
[1010,793s][info][gc,marking  ] GC(16) y: Mark: 2 stripe(s), 10 proactive flush(es), 1 terminate flush(es), 0 completion(s), 0 continuation(s) 
[1010,793s][info][gc,marking  ] GC(16) y: Mark Stack Usage: 32M
[1010,793s][info][gc,nmethod  ] GC(16) y: NMethods: 1767 registered, 212 unregistered
[1010,793s][info][gc,metaspace] GC(16) y: Metaspace: 14M used, 14M committed, 1088M reserved
[1010,793s][info][gc,reloc    ] GC(16) y:                        Candidates     Selected     In-Place         Size        Empty    Relocated 
[1010,793s][info][gc,reloc    ] GC(16) y: Small Pages:                 1113            8            0        2226M           0M           6M 
[1010,793s][info][gc,reloc    ] GC(16) y: Medium Pages:                   0            0            0           0M           0M           0M 
[1010,793s][info][gc,reloc    ] GC(16) y: Large Pages:                    0            0            0           0M           0M           0M 
[1010,793s][info][gc,reloc    ] GC(16) y: Forwarding Usage: 8M
[1010,793s][info][gc,reloc    ] GC(16) y: Age Table:
[1010,793s][info][gc,reloc    ] GC(16) y:                    Live             Garbage             Small              Medium             Large        
[1010,793s][info][gc,reloc    ] GC(16) y: Eden             272M (1%)            7M (0%)         140 / 3              0 / 0              0 / 0        
[1010,793s][info][gc,reloc    ] GC(16) y: Survivor 1      1909M (5%)           12M (0%)         961 / 1              0 / 0              0 / 0        
[1010,793s][info][gc,reloc    ] GC(16) y: Survivor 2        19M (0%)            4M (0%)          12 / 4              0 / 0              0 / 0        
[1010,793s][info][gc,heap     ] GC(16) y: Min Capacity: 1024M(2%)
[1010,793s][info][gc,heap     ] GC(16) y: Max Capacity: 40960M(100%)
[1010,793s][info][gc,heap     ] GC(16) y: Soft Max Capacity: 40960M(100%)
[1010,793s][info][gc,heap     ] GC(16) y: Heap Statistics:
[1010,793s][info][gc,heap     ] GC(16) y:                Mark Start          Mark End        Relocate Start      Relocate End           High               Low         
[1010,793s][info][gc,heap     ] GC(16) y:  Capacity:    30150M (74%)       30150M (74%)       30150M (74%)       30150M (74%)       30150M (74%)       30150M (74%)    
[1010,793s][info][gc,heap     ] GC(16) y:      Free:    10926M (27%)       10924M (27%)       10920M (27%)       10932M (27%)       10934M (27%)       10918M (27%)    
[1010,793s][info][gc,heap     ] GC(16) y:      Used:    30034M (73%)       30036M (73%)       30040M (73%)       30028M (73%)       30042M (73%)       30026M (73%)    
[1010,793s][info][gc,heap     ] GC(16) y: Young Generation Statistics:
[1010,793s][info][gc,heap     ] GC(16) y:                Mark Start          Mark End        Relocate Start      Relocate End    
[1010,793s][info][gc,heap     ] GC(16) y:      Used:     2226M (5%)         2228M (5%)          310M (1%)          284M (1%)     
[1010,793s][info][gc,heap     ] GC(16) y:      Live:         -              2201M (5%)          284M (1%)          272M (1%)     
[1010,793s][info][gc,heap     ] GC(16) y:   Garbage:         -                24M (0%)           19M (0%)            0M (0%)     
[1010,793s][info][gc,heap     ] GC(16) y: Allocated:         -                 2M (0%)            6M (0%)           11M (0%)     
[1010,793s][info][gc,heap     ] GC(16) y: Reclaimed:         -                  -                 5M (0%)           24M (0%)     
[1010,793s][info][gc,heap     ] GC(16) y:  Promoted:         -                  -              1916M (5%)         1929M (5%)     
[1010,793s][info][gc,heap     ] GC(16) y: Compacted:         -                  -                  -                 0M (0%)     
[1010,793s][info][gc,phases   ] GC(16) y: Young Generation 30034M(73%)->30028M(73%) 7,552s
[1010,793s][info][gc          ] GC(16) Minor Collection (Allocation Rate) 30034M(73%)->30028M(73%) 7,553s
[1042,771s][info][gc,phases   ] GC(15) O: Concurrent Mark 39538,377ms
[1042,771s][info][gc,phases   ] GC(15) O: Pause Mark End 0,025ms
[1042,771s][info][gc,phases   ] GC(15) O: Concurrent Mark Free 0,001ms
[1042,773s][info][gc,phases   ] GC(15) O: Concurrent Process Non-Strong 1,988ms
[1042,773s][info][gc,phases   ] GC(15) O: Concurrent Reset Relocation Set 0,019ms
[1042,783s][info][gc,phases   ] GC(15) O: Concurrent Select Relocation Set 9,947ms
[1042,783s][info][gc,task     ] GC(15) O: Using 5 Workers for Old Generation
[1042,826s][info][gc,task     ] GC(15) O: Using 3 Workers for Old Generation
[1042,826s][info][gc,phases   ] GC(15) O: Concurrent Remap Roots 42,460ms
[1042,826s][info][gc,phases   ] GC(15) O: Pause Relocate Start 0,023ms
[1042,990s][info][gc,phases   ] GC(15) O: Concurrent Relocate 164,012ms
[1042,990s][info][gc,alloc    ] GC(15) O:                         Mark Start        Mark End      Relocate Start    Relocate End   
[1042,990s][info][gc,alloc    ] GC(15) O: Allocation Stalls:          0                0                0                0         
[1042,990s][info][gc,load     ] GC(15) O: Load: 3,13 (16%) / 2,67 (13%) / 2,53 (13%)
[1042,990s][info][gc,mmu      ] GC(15) O: MMU: 2ms/94,4%, 5ms/97,8%, 10ms/98,9%, 20ms/99,4%, 50ms/99,8%, 100ms/99,8%
[1042,990s][info][gc,marking  ] GC(15) O: Mark: 4 stripe(s), 10 proactive flush(es), 1 terminate flush(es), 0 completion(s), 0 continuation(s) 
[1042,990s][info][gc,marking  ] GC(15) O: Mark Stack Usage: 64M
[1042,990s][info][gc,nmethod  ] GC(15) O: NMethods: 1766 registered, 213 unregistered
[1042,990s][info][gc,metaspace] GC(15) O: Metaspace: 14M used, 14M committed, 1088M reserved
[1042,990s][info][gc,ref      ] GC(15) O:                       Encountered   Discovered     Enqueued 
[1042,990s][info][gc,ref      ] GC(15) O: Soft References:             3531            0            0 
[1042,990s][info][gc,ref      ] GC(15) O: Weak References:              893          286            0 
[1042,990s][info][gc,ref      ] GC(15) O: Final References:               0            0            0 
[1042,990s][info][gc,ref      ] GC(15) O: Phantom References:            20           10            0 
[1042,990s][info][gc,reloc    ] GC(15) O:                        Candidates     Selected     In-Place         Size        Empty    Relocated 
[1042,990s][info][gc,reloc    ] GC(15) O: Small Pages:                13904           61            0       27808M         108M          62M 
[1042,990s][info][gc,reloc    ] GC(15) O: Medium Pages:                   0            0            0           0M           0M           0M 
[1042,990s][info][gc,reloc    ] GC(15) O: Large Pages:                    0            0            0           0M           0M           0M 
[1042,990s][info][gc,reloc    ] GC(15) O: Forwarding Usage: 83M
[1042,990s][info][gc,heap     ] GC(15) O: Min Capacity: 1024M(2%)
[1042,990s][info][gc,heap     ] GC(15) O: Max Capacity: 40960M(100%)
[1042,990s][info][gc,heap     ] GC(15) O: Soft Max Capacity: 40960M(100%)
[1042,990s][info][gc,heap     ] GC(15) O: Heap Statistics:
[1042,990s][info][gc,heap     ] GC(15) O:                Mark Start          Mark End        Relocate Start      Relocate End           High               Low         
[1042,990s][info][gc,heap     ] GC(15) O:  Capacity:    29860M (73%)       30792M (75%)       30792M (75%)       30792M (75%)       30792M (75%)       29860M (73%)    
[1042,990s][info][gc,heap     ] GC(15) O:      Free:    11100M (27%)       10168M (25%)       10276M (25%)       10416M (25%)       11100M (27%)       10168M (25%)    
[1042,990s][info][gc,heap     ] GC(15) O:      Used:    29860M (73%)       30792M (75%)       30684M (75%)       30544M (75%)       30792M (75%)       29860M (73%)    
[1042,990s][info][gc,heap     ] GC(15) O: Old Generation Statistics:
[1042,990s][info][gc,heap     ] GC(15) O:                Mark Start          Mark End        Relocate Start      Relocate End    
[1042,991s][info][gc,heap     ] GC(15) O:      Used:    27808M (68%)       29744M (73%)       29636M (72%)       29496M (72%)    
[1042,991s][info][gc,heap     ] GC(15) O:      Live:         -             27488M (67%)       27488M (67%)       27488M (67%)    
[1042,991s][info][gc,heap     ] GC(15) O:   Garbage:         -               319M (1%)          211M (1%)           64M (0%)     
[1042,991s][info][gc,heap     ] GC(15) O: Allocated:         -              1936M (5%)         1936M (5%)         1942M (5%)     
[1042,991s][info][gc,heap     ] GC(15) O: Reclaimed:         -                  -               108M (0%)          254M (1%)     
[1042,991s][info][gc,heap     ] GC(15) O: Compacted:         -                  -                  -               173M (0%)     
[1042,991s][info][gc,phases   ] GC(15) O: Old Generation 30034M(73%)->30544M(75%) 39,758s
[1042,991s][info][gc          ] GC(15) Major Collection (Allocation Rate) 29858M(73%)->30544M(75%) 46,452s
[1126,874s][info][gc          ] GC(17) Major Collection (Allocation Rate)
[1126,874s][info][gc,task     ] GC(17) Using 5 Workers for Young Generation
[1126,874s][info][gc,task     ] GC(17) Using 4 Workers for Old Generation
[1126,874s][info][gc,phases   ] GC(17) Y: Young Generation
[1126,874s][info][gc,phases   ] GC(17) Y: Pause Mark Start (Major) 0,030ms
[1133,449s][info][gc,phases   ] GC(17) Y: Concurrent Mark 6574,127ms
[1133,449s][info][gc,phases   ] GC(17) Y: Pause Mark End 0,027ms
[1133,449s][info][gc,phases   ] GC(17) Y: Concurrent Mark Free 0,001ms
[1133,450s][info][gc,phases   ] GC(17) Y: Concurrent Reset Relocation Set 0,853ms
[1133,452s][info][gc,reloc    ] GC(17) Y: Using tenuring threshold: 2 (Computed)
[1133,463s][info][gc,phases   ] GC(17) Y: Concurrent Select Relocation Set 12,860ms
[1133,463s][info][gc,phases   ] GC(17) Y: Pause Relocate Start 0,021ms
[1133,529s][info][gc,phases   ] GC(17) Y: Concurrent Relocate 65,615ms
[1133,529s][info][gc,alloc    ] GC(17) Y:                         Mark Start        Mark End      Relocate Start    Relocate End   
[1133,529s][info][gc,alloc    ] GC(17) Y: Allocation Stalls:          0                0                0                0         
[1133,529s][info][gc,load     ] GC(17) Y: Load: 1,99 (10%) / 2,40 (12%) / 2,44 (12%)
[1133,529s][info][gc,mmu      ] GC(17) Y: MMU: 2ms/94,4%, 5ms/97,8%, 10ms/98,9%, 20ms/99,4%, 50ms/99,8%, 100ms/99,8%
[1133,529s][info][gc,marking  ] GC(17) Y: Mark: 4 stripe(s), 10 proactive flush(es), 1 terminate flush(es), 0 completion(s), 0 continuation(s) 
[1133,529s][info][gc,marking  ] GC(17) Y: Mark Stack Usage: 32M
[1133,529s][info][gc,nmethod  ] GC(17) Y: NMethods: 1778 registered, 213 unregistered
[1133,529s][info][gc,metaspace] GC(17) Y: Metaspace: 14M used, 14M committed, 1088M reserved
[1133,529s][info][gc,reloc    ] GC(17) Y:                        Candidates     Selected     In-Place         Size        Empty    Relocated 
[1133,529s][info][gc,reloc    ] GC(17) Y: Small Pages:                 1025           55            0        2050M           0M          49M 
[1133,529s][info][gc,reloc    ] GC(17) Y: Medium Pages:                   0            0            0           0M           0M           0M 
[1133,529s][info][gc,reloc    ] GC(17) Y: Large Pages:                    0            0            0           0M           0M           0M 
[1133,529s][info][gc,reloc    ] GC(17) Y: Forwarding Usage: 57M
[1133,529s][info][gc,reloc    ] GC(17) Y: Age Table:
[1133,529s][info][gc,reloc    ] GC(17) Y:                    Live             Garbage             Small              Medium             Large        
[1133,529s][info][gc,reloc    ] GC(17) Y: Eden            1651M (4%)          122M (0%)         887 / 51             0 / 0              0 / 0        
[1133,529s][info][gc,reloc    ] GC(17) Y: Survivor 1       266M (1%)            9M (0%)         138 / 4              0 / 0              0 / 0        
[1133,529s][info][gc,heap     ] GC(17) Y: Min Capacity: 1024M(2%)
[1133,529s][info][gc,heap     ] GC(17) Y: Max Capacity: 40960M(100%)
[1133,529s][info][gc,heap     ] GC(17) Y: Soft Max Capacity: 40960M(100%)
[1133,529s][info][gc,heap     ] GC(17) Y: Heap Statistics:
[1133,529s][info][gc,heap     ] GC(17) Y:                Mark Start          Mark End        Relocate Start      Relocate End           High               Low         
[1133,529s][info][gc,heap     ] GC(17) Y:  Capacity:    31546M (77%)       32106M (78%)       32106M (78%)       32116M (78%)       32116M (78%)       31546M (77%)    
[1133,529s][info][gc,heap     ] GC(17) Y:      Free:     9414M (23%)        8854M (22%)        8854M (22%)        8974M (22%)        9414M (23%)        8844M (22%)    
[1133,529s][info][gc,heap     ] GC(17) Y:      Used:    31546M (77%)       32106M (78%)       32106M (78%)       31986M (78%)       32116M (78%)       31546M (77%)    
[1133,529s][info][gc,heap     ] GC(17) Y: Young Generation Statistics:
[1133,529s][info][gc,heap     ] GC(17) Y:                Mark Start          Mark End        Relocate Start      Relocate End    
[1133,529s][info][gc,heap     ] GC(17) Y:      Used:     2050M (5%)         2610M (6%)         2610M (6%)         2490M (6%)     
[1133,529s][info][gc,heap     ] GC(17) Y:      Live:         -              1918M (5%)         1918M (5%)         1918M (5%)     
[1133,529s][info][gc,heap     ] GC(17) Y:   Garbage:         -               131M (0%)          131M (0%)            5M (0%)     
[1133,529s][info][gc,heap     ] GC(17) Y: Allocated:         -               560M (1%)          560M (1%)          566M (1%)     
[1133,529s][info][gc,heap     ] GC(17) Y: Reclaimed:         -                  -                 0M (0%)          126M (0%)     
[1133,529s][info][gc,heap     ] GC(17) Y:  Promoted:         -                  -                 0M (0%)            0M (0%)     
[1133,529s][info][gc,heap     ] GC(17) Y: Compacted:         -                  -                  -               113M (0%)     
[1133,529s][info][gc,phases   ] GC(17) Y: Young Generation 31546M(77%)->31986M(78%) 6,655s
[1133,529s][info][gc,phases   ] GC(17) O: Old Generation
[1133,530s][info][gc,task     ] Adjusting Workers for Old Generation: 4 -> 3
[1133,530s][info][gc          ] GC(18) Minor Collection (Allocation Rate)
[1133,530s][info][gc,task     ] GC(18) Using 2 Workers for Young Generation
[1133,531s][info][gc,phases   ] GC(18) y: Young Generation
[1133,531s][info][gc,phases   ] GC(18) y: Pause Mark Start 0,070ms
[1139,102s][info][gc,phases   ] GC(18) y: Concurrent Mark 5570,833ms
[1139,102s][info][gc,phases   ] GC(18) y: Pause Mark End 0,027ms
[1139,102s][info][gc,phases   ] GC(18) y: Concurrent Mark Free 0,002ms
[1139,103s][info][gc,phases   ] GC(18) y: Concurrent Reset Relocation Set 0,024ms
[1139,107s][info][gc,reloc    ] GC(18) y: Using tenuring threshold: 2 (Computed)
[1139,221s][info][gc,phases   ] GC(18) y: Concurrent Select Relocation Set 118,343ms
[1139,221s][info][gc,phases   ] GC(18) y: Pause Relocate Start 0,024ms
[1139,487s][info][gc,phases   ] GC(18) y: Concurrent Relocate 265,225ms
[1139,487s][info][gc,alloc    ] GC(18) y:                         Mark Start        Mark End      Relocate Start    Relocate End   
[1139,487s][info][gc,alloc    ] GC(18) y: Allocation Stalls:          0                0                0                0         
[1139,487s][info][gc,load     ] GC(18) y: Load: 2,61 (13%) / 2,52 (13%) / 2,48 (12%)
[1139,487s][info][gc,mmu      ] GC(18) y: MMU: 2ms/94,4%, 5ms/97,8%, 10ms/98,9%, 20ms/99,4%, 50ms/99,8%, 100ms/99,8%
[1139,487s][info][gc,marking  ] GC(18) y: Mark: 2 stripe(s), 10 proactive flush(es), 1 terminate flush(es), 0 completion(s), 0 continuation(s) 
[1139,487s][info][gc,marking  ] GC(18) y: Mark Stack Usage: 32M
[1139,487s][info][gc,nmethod  ] GC(18) y: NMethods: 1778 registered, 213 unregistered
[1139,487s][info][gc,metaspace] GC(18) y: Metaspace: 14M used, 14M committed, 1088M reserved
[1139,487s][info][gc,reloc    ] GC(18) y:                        Candidates     Selected     In-Place         Size        Empty    Relocated 
[1139,487s][info][gc,reloc    ] GC(18) y: Small Pages:                 1245            7            0        2490M           0M           5M 
[1139,487s][info][gc,reloc    ] GC(18) y: Medium Pages:                   0            0            0           0M           0M           0M 
[1139,487s][info][gc,reloc    ] GC(18) y: Large Pages:                    0            0            0           0M           0M           0M 
[1139,487s][info][gc,reloc    ] GC(18) y: Forwarding Usage: 7M
[1139,487s][info][gc,reloc    ] GC(18) y: Age Table:
[1139,487s][info][gc,reloc    ] GC(18) y:                    Live             Garbage             Small              Medium             Large        
[1139,487s][info][gc,reloc    ] GC(18) y: Eden             554M (1%)            5M (0%)         280 / 1              0 / 0              0 / 0        
[1139,487s][info][gc,reloc    ] GC(18) y: Survivor 1      1647M (4%)           12M (0%)         830 / 4              0 / 0              0 / 0        
[1139,487s][info][gc,reloc    ] GC(18) y: Survivor 2       266M (1%)            3M (0%)         135 / 2              0 / 0              0 / 0        
[1139,487s][info][gc,heap     ] GC(18) y: Min Capacity: 1024M(2%)
[1139,487s][info][gc,heap     ] GC(18) y: Max Capacity: 40960M(100%)
[1139,487s][info][gc,heap     ] GC(18) y: Soft Max Capacity: 40960M(100%)
[1139,487s][info][gc,heap     ] GC(18) y: Heap Statistics:
[1139,487s][info][gc,heap     ] GC(18) y:                Mark Start          Mark End        Relocate Start      Relocate End           High               Low         
[1139,487s][info][gc,heap     ] GC(18) y:  Capacity:    32116M (78%)       32116M (78%)       32116M (78%)       32116M (78%)       32116M (78%)       32116M (78%)    
[1139,487s][info][gc,heap     ] GC(18) y:      Free:     8974M (22%)        8954M (22%)        8954M (22%)        8962M (22%)        8974M (22%)        8948M (22%)    
[1139,487s][info][gc,heap     ] GC(18) y:      Used:    31986M (78%)       32006M (78%)       32006M (78%)       31998M (78%)       32012M (78%)       31986M (78%)    
[1139,487s][info][gc,heap     ] GC(18) y: Young Generation Statistics:
[1139,487s][info][gc,heap     ] GC(18) y:                Mark Start          Mark End        Relocate Start      Relocate End    
[1139,487s][info][gc,heap     ] GC(18) y:      Used:     2490M (6%)         2510M (6%)         2246M (5%)         2234M (5%)     
[1139,487s][info][gc,heap     ] GC(18) y:      Live:         -              2468M (6%)         2204M (5%)         2201M (5%)     
[1139,487s][info][gc,heap     ] GC(18) y:   Garbage:         -                21M (0%)           21M (0%)            5M (0%)     
[1139,487s][info][gc,heap     ] GC(18) y: Allocated:         -                20M (0%)           20M (0%)           26M (0%)     
[1139,487s][info][gc,heap     ] GC(18) y: Reclaimed:         -                  -                 0M (0%)           16M (0%)     
[1139,487s][info][gc,heap     ] GC(18) y:  Promoted:         -                  -               263M (1%)          266M (1%)     
[1139,487s][info][gc,heap     ] GC(18) y: Compacted:         -                  -                  -                 9M (0%)     
[1139,487s][info][gc,phases   ] GC(18) y: Young Generation 31986M(78%)->31998M(78%) 5,956s
[1139,487s][info][gc          ] GC(18) Minor Collection (Allocation Rate) 31986M(78%)->31998M(78%) 5,957s
[1139,487s][info][gc,task     ] Adjusting Workers for Old Generation: 3 -> 4
[1139,487s][info][gc          ] GC(19) Minor Collection (Allocation Rate)
[1139,487s][info][gc,task     ] GC(19) Using 1 Workers for Young Generation
[1139,487s][info][gc,phases   ] GC(19) y: Young Generation
[1139,488s][info][gc,phases   ] GC(19) y: Pause Mark Start 0,037ms
[1146,299s][info][gc,phases   ] GC(19) y: Concurrent Mark 6811,502ms
[1146,300s][info][gc,phases   ] GC(19) y: Pause Mark End 0,027ms
[1146,300s][info][gc,phases   ] GC(19) y: Concurrent Mark Free 0,002ms
[1146,300s][info][gc,phases   ] GC(19) y: Concurrent Reset Relocation Set 0,089ms
[1146,303s][info][gc,reloc    ] GC(19) y: Using tenuring threshold: 1 (Computed)
[1148,246s][info][gc,phases   ] GC(19) y: Concurrent Select Relocation Set 1945,744ms
[1148,246s][info][gc,phases   ] GC(19) y: Pause Relocate Start 0,025ms
[1152,437s][info][gc,phases   ] GC(19) y: Concurrent Relocate 4190,116ms
[1152,437s][info][gc,alloc    ] GC(19) y:                         Mark Start        Mark End      Relocate Start    Relocate End   
[1152,437s][info][gc,alloc    ] GC(19) y: Allocation Stalls:          0                0                0                0         
[1152,437s][info][gc,load     ] GC(19) y: Load: 3,28 (16%) / 2,67 (13%) / 2,53 (13%)
[1152,437s][info][gc,mmu      ] GC(19) y: MMU: 2ms/94,4%, 5ms/97,8%, 10ms/98,9%, 20ms/99,4%, 50ms/99,8%, 100ms/99,8%
[1152,437s][info][gc,marking  ] GC(19) y: Mark: 1 stripe(s), 2 proactive flush(es), 1 terminate flush(es), 0 completion(s), 0 continuation(s) 
[1152,437s][info][gc,marking  ] GC(19) y: Mark Stack Usage: 256M
[1152,437s][info][gc,nmethod  ] GC(19) y: NMethods: 1779 registered, 213 unregistered
[1152,437s][info][gc,metaspace] GC(19) y: Metaspace: 14M used, 14M committed, 1088M reserved
[1152,437s][info][gc,reloc    ] GC(19) y:                        Candidates     Selected     In-Place         Size        Empty    Relocated 
[1152,437s][info][gc,reloc    ] GC(19) y: Small Pages:                 1117            7            0        2234M           0M           4M 
[1152,437s][info][gc,reloc    ] GC(19) y: Medium Pages:                   0            0            0           0M           0M           0M 
[1152,437s][info][gc,reloc    ] GC(19) y: Large Pages:                    0            0            0           0M           0M           0M 
[1152,437s][info][gc,reloc    ] GC(19) y: Forwarding Usage: 4M
[1152,437s][info][gc,reloc    ] GC(19) y: Age Table:
[1152,437s][info][gc,reloc    ] GC(19) y:                    Live             Garbage             Small              Medium             Large        
[1152,437s][info][gc,reloc    ] GC(19) y: Eden              18M (0%)            1M (0%)          10 / 1              0 / 0              0 / 0        
[1152,437s][info][gc,reloc    ] GC(19) y: Survivor 1       554M (1%)            5M (0%)         280 / 1              0 / 0              0 / 0        
[1152,437s][info][gc,reloc    ] GC(19) y: Survivor 2      1638M (4%)           15M (0%)         827 / 5              0 / 0              0 / 0        
[1152,437s][info][gc,heap     ] GC(19) y: Min Capacity: 1024M(2%)
[1152,437s][info][gc,heap     ] GC(19) y: Max Capacity: 40960M(100%)
[1152,437s][info][gc,heap     ] GC(19) y: Soft Max Capacity: 40960M(100%)
[1152,437s][info][gc,heap     ] GC(19) y: Heap Statistics:
[1152,437s][info][gc,heap     ] GC(19) y:                Mark Start          Mark End        Relocate Start      Relocate End           High               Low         
[1152,437s][info][gc,heap     ] GC(19) y:  Capacity:    32116M (78%)       32116M (78%)       32116M (78%)       32116M (78%)       32116M (78%)       32116M (78%)    
[1152,437s][info][gc,heap     ] GC(19) y:      Free:     8962M (22%)        8956M (22%)        8956M (22%)        8968M (22%)        8968M (22%)        8954M (22%)    
[1152,437s][info][gc,heap     ] GC(19) y:      Used:    31998M (78%)       32004M (78%)       32004M (78%)       31992M (78%)       32006M (78%)       31992M (78%)    
[1152,437s][info][gc,heap     ] GC(19) y: Young Generation Statistics:
[1152,437s][info][gc,heap     ] GC(19) y:                Mark Start          Mark End        Relocate Start      Relocate End    
[1152,437s][info][gc,heap     ] GC(19) y:      Used:     2234M (5%)         2240M (5%)           48M (0%)           26M (0%)     
[1152,437s][info][gc,heap     ] GC(19) y:      Live:         -              2211M (5%)           26M (0%)           18M (0%)     
[1152,437s][info][gc,heap     ] GC(19) y:   Garbage:         -                22M (0%)           15M (0%)            0M (0%)     
[1152,437s][info][gc,heap     ] GC(19) y: Allocated:         -                 6M (0%)            6M (0%)            7M (0%)     
[1152,437s][info][gc,heap     ] GC(19) y: Reclaimed:         -                  -                 7M (0%)           22M (0%)     
[1152,437s][info][gc,heap     ] GC(19) y:  Promoted:         -                  -              2184M (5%)         2192M (5%)     
[1152,437s][info][gc,heap     ] GC(19) y: Compacted:         -                  -                  -                 0M (0%)     
[1152,437s][info][gc,phases   ] GC(19) y: Young Generation 31998M(78%)->31992M(78%) 12,949s
[1152,437s][info][gc          ] GC(19) Minor Collection (Allocation Rate) 31998M(78%)->31992M(78%) 12,950s
[1184,929s][info][gc,phases   ] GC(17) O: Concurrent Mark 51399,807ms
[1184,929s][info][gc,phases   ] GC(17) O: Pause Mark End 0,027ms
[1184,929s][info][gc,phases   ] GC(17) O: Concurrent Mark Free 0,002ms
[1184,931s][info][gc,phases   ] GC(17) O: Concurrent Process Non-Strong 2,094ms
[1184,931s][info][gc,phases   ] GC(17) O: Concurrent Reset Relocation Set 0,018ms
[1184,940s][info][gc,phases   ] GC(17) O: Concurrent Select Relocation Set 8,795ms
[1184,940s][info][gc,task     ] GC(17) O: Using 5 Workers for Old Generation
[1184,977s][info][gc,task     ] GC(17) O: Using 4 Workers for Old Generation
[1184,977s][info][gc,phases   ] GC(17) O: Concurrent Remap Roots 36,477ms
[1184,977s][info][gc,phases   ] GC(17) O: Pause Relocate Start 0,022ms
[1185,109s][info][gc,phases   ] GC(17) O: Concurrent Relocate 132,367ms
[1185,110s][info][gc,alloc    ] GC(17) O:                         Mark Start        Mark End      Relocate Start    Relocate End   
[1185,110s][info][gc,alloc    ] GC(17) O: Allocation Stalls:          0                0                0                0         
[1185,110s][info][gc,load     ] GC(17) O: Load: 4,31 (22%) / 3,02 (15%) / 2,66 (13%)
[1185,110s][info][gc,mmu      ] GC(17) O: MMU: 2ms/94,4%, 5ms/97,8%, 10ms/98,9%, 20ms/99,4%, 50ms/99,8%, 100ms/99,8%
[1185,110s][info][gc,marking  ] GC(17) O: Mark: 4 stripe(s), 10 proactive flush(es), 1 terminate flush(es), 0 completion(s), 0 continuation(s) 
[1185,110s][info][gc,marking  ] GC(17) O: Mark Stack Usage: 64M
[1185,110s][info][gc,nmethod  ] GC(17) O: NMethods: 1775 registered, 217 unregistered
[1185,110s][info][gc,metaspace] GC(17) O: Metaspace: 14M used, 14M committed, 1088M reserved
[1185,110s][info][gc,ref      ] GC(17) O:                       Encountered   Discovered     Enqueued 
[1185,110s][info][gc,ref      ] GC(17) O: Soft References:             3531            0            0 
[1185,110s][info][gc,ref      ] GC(17) O: Weak References:              893          155            0 
[1185,110s][info][gc,ref      ] GC(17) O: Final References:               0            0            0 
[1185,110s][info][gc,ref      ] GC(17) O: Phantom References:            20           13            0 
[1185,110s][info][gc,reloc    ] GC(17) O:                        Candidates     Selected     In-Place         Size        Empty    Relocated 
[1185,110s][info][gc,reloc    ] GC(17) O: Small Pages:                14748           74            0       29496M         144M          71M 
[1185,110s][info][gc,reloc    ] GC(17) O: Medium Pages:                   0            0            0           0M           0M           0M 
[1185,110s][info][gc,reloc    ] GC(17) O: Large Pages:                    0            0            0           0M           0M           0M 
[1185,110s][info][gc,reloc    ] GC(17) O: Forwarding Usage: 88M
[1185,110s][info][gc,heap     ] GC(17) O: Min Capacity: 1024M(2%)
[1185,110s][info][gc,heap     ] GC(17) O: Max Capacity: 40960M(100%)
[1185,110s][info][gc,heap     ] GC(17) O: Soft Max Capacity: 40960M(100%)
[1185,110s][info][gc,heap     ] GC(17) O: Heap Statistics:
[1185,110s][info][gc,heap     ] GC(17) O:                Mark Start          Mark End        Relocate Start      Relocate End           High               Low         
[1185,110s][info][gc,heap     ] GC(17) O:  Capacity:    31546M (77%)       32720M (80%)       32720M (80%)       32720M (80%)       32720M (80%)       31546M (77%)    
[1185,110s][info][gc,heap     ] GC(17) O:      Free:     9414M (23%)        8240M (20%)        8384M (20%)        8556M (21%)        9414M (23%)        8240M (20%)    
[1185,110s][info][gc,heap     ] GC(17) O:      Used:    31546M (77%)       32720M (80%)       32576M (80%)       32404M (79%)       32720M (80%)       31546M (77%)    
[1185,110s][info][gc,heap     ] GC(17) O: Old Generation Statistics:
[1185,110s][info][gc,heap     ] GC(17) O:                Mark Start          Mark End        Relocate Start      Relocate End    
[1185,110s][info][gc,heap     ] GC(17) O:      Used:    29496M (72%)       31966M (78%)       31822M (78%)       31650M (77%)    
[1185,110s][info][gc,heap     ] GC(17) O:      Live:         -             29109M (71%)       29109M (71%)       29109M (71%)    
[1185,110s][info][gc,heap     ] GC(17) O:   Garbage:         -               386M (1%)          242M (1%)           68M (0%)     
[1185,110s][info][gc,heap     ] GC(17) O: Allocated:         -              2470M (6%)         2470M (6%)         2472M (6%)     
[1185,110s][info][gc,heap     ] GC(17) O: Reclaimed:         -                  -               144M (0%)          318M (1%)     
[1185,110s][info][gc,heap     ] GC(17) O: Compacted:         -                  -                  -               187M (0%)     
[1185,110s][info][gc,phases   ] GC(17) O: Old Generation 31986M(78%)->32404M(79%) 51,580s
[1185,110s][info][gc          ] GC(17) Major Collection (Allocation Rate) 31546M(77%)->32404M(79%) 58,236s
[1224,752s][info][gc,exit     ] Stopping ZGC
[1224,752s][info][gc,stats    ] === Garbage Collection Statistics =======================================================================================================================
[1224,752s][info][gc,stats    ]                                                              Last 10s              Last 10m              Last 10h                Total
[1224,752s][info][gc,stats    ]                                                              Avg / Max             Avg / Max             Avg / Max             Avg / Max
[1224,752s][info][gc,stats    ]        Contention: Mark Segment Reset Contention                     0 / 0                 0 / 18                0 / 18                0 / 18          ops/s
[1224,752s][info][gc,stats    ]        Contention: Mark SeqNum Reset Contention                      0 / 0                 0 / 0                 0 / 0                 0 / 0           ops/s
[1224,752s][info][gc,stats    ]          Critical: Allocation Stall                                  0 / 0                 0 / 0                 0 / 0                 0 / 0           ops/s
[1224,752s][info][gc,stats    ]          Critical: Allocation Stall                              0,000 / 0,000         0,000 / 0,000         0,000 / 0,000         0,000 / 0,000       ms
[1224,752s][info][gc,stats    ]          Critical: JNI Critical Stall                                0 / 0                 0 / 0                 0 / 0                 0 / 0           ops/s
[1224,752s][info][gc,stats    ]          Critical: JNI Critical Stall                            0,000 / 0,000         0,000 / 0,000         0,000 / 0,000         0,000 / 0,000       ms
[1224,752s][info][gc,stats    ]          Critical: Relocation Stall                                  0 / 0                 0 / 0                 0 / 0                 0 / 0           ops/s
[1224,752s][info][gc,stats    ]          Critical: Relocation Stall                              0,000 / 0,000         0,000 / 0,000         0,000 / 0,000         0,000 / 0,000       ms
[1224,752s][info][gc,stats    ]  Major Collection: Major Collection                              0,000 / 0,000     52728,136 / 58236,015 50221,349 / 87666,954 50221,349 / 87666,954   ms
[1224,752s][info][gc,stats    ]            Memory: Allocation Rate                                   0 / 2                18 / 486              29 / 486              29 / 486         MB/s
[1224,752s][info][gc,stats    ]            Memory: Defragment                                        0 / 0                 0 / 0                 0 / 0                 0 / 0           ops/s
[1224,752s][info][gc,stats    ]            Memory: Out Of Memory                                     0 / 0                 0 / 0                 0 / 0                 0 / 0           ops/s
[1224,752s][info][gc,stats    ]            Memory: Page Cache Flush                                  0 / 0                 0 / 0                 0 / 0                 0 / 0           MB/s
[1224,752s][info][gc,stats    ]            Memory: Page Cache Hit L1                                 0 / 1                 2 / 191               2 / 191               2 / 191         ops/s
[1224,752s][info][gc,stats    ]            Memory: Page Cache Hit L2                                 0 / 0                 0 / 0                 0 / 0                 0 / 0           ops/s
[1224,752s][info][gc,stats    ]            Memory: Page Cache Hit L3                                 0 / 0                 0 / 0                 0 / 216               0 / 216         ops/s
[1224,752s][info][gc,stats    ]            Memory: Page Cache Miss                                   0 / 0                 7 / 234              12 / 234              12 / 234         ops/s
[1224,752s][info][gc,stats    ]            Memory: Uncommit                                          0 / 0                 0 / 0                 0 / 0                 0 / 0           MB/s
[1224,752s][info][gc,stats    ]            Memory: Undo Object Allocation Failed                     0 / 0                 0 / 0                 0 / 0                 0 / 0           ops/s
[1224,752s][info][gc,stats    ]            Memory: Undo Object Allocation Succeeded                  0 / 0                 0 / 0                 0 / 1                 0 / 1           ops/s
[1224,752s][info][gc,stats    ]            Memory: Undo Page Allocation                              0 / 0                 0 / 0                 0 / 0                 0 / 0           ops/s
[1224,752s][info][gc,stats    ]  Minor Collection: Minor Collection                              0,000 / 0,000     10317,533 / 17630,994 14058,134 / 31744,077 14058,134 / 31744,077   ms
[1224,752s][info][gc,stats    ]    Old Generation: Old Generation                                0,000 / 0,000     43889,611 / 51580,486 38554,574 / 56006,136 38554,574 / 56006,136   ms
[1224,752s][info][gc,stats    ]         Old Pause: Pause Mark End                                0,000 / 0,000         0,027 / 0,034         0,025 / 0,034         0,025 / 0,034       ms
[1224,752s][info][gc,stats    ]         Old Pause: Pause Relocate Start                          0,000 / 0,000         0,023 / 0,024         0,030 / 0,059         0,030 / 0,059       ms
[1224,752s][info][gc,stats    ]         Old Phase: Concurrent Mark                               0,000 / 0,000     43654,847 / 51399,807 32765,647 / 51399,807 32765,647 / 51399,807   ms
[1224,752s][info][gc,stats    ]         Old Phase: Concurrent Mark Continue                      0,000 / 0,000         0,000 / 0,000         0,000 / 0,000         0,000 / 0,000       ms
[1224,752s][info][gc,stats    ]         Old Phase: Concurrent Mark Free                          0,000 / 0,000         0,002 / 0,002         5,401 / 52,271        5,401 / 52,271      ms
[1224,752s][info][gc,stats    ]         Old Phase: Concurrent Process Non-Strong                 0,000 / 0,000         2,317 / 2,794         2,760 / 5,652         2,760 / 5,652       ms
[1224,752s][info][gc,stats    ]         Old Phase: Concurrent Relocate                           0,000 / 0,000       179,432 / 232,368     137,982 / 267,764     137,982 / 267,764     ms
[1224,752s][info][gc,stats    ]         Old Phase: Concurrent Remap Roots                        0,000 / 0,000        39,216 / 42,460       32,816 / 42,460       32,816 / 42,460      ms
[1224,753s][info][gc,stats    ]         Old Phase: Concurrent Reset Relocation Set               0,000 / 0,000         0,017 / 0,019         0,013 / 0,036         0,013 / 0,036       ms
[1224,753s][info][gc,stats    ]         Old Phase: Concurrent Select Relocation Set              0,000 / 0,000        12,728 / 20,752       12,403 / 30,964       12,403 / 30,964      ms
[1224,753s][info][gc,stats    ]      Old Subphase: Concurrent Classes Purge                      0,000 / 0,000         0,013 / 0,023         0,037 / 0,192         0,037 / 0,192       ms
[1224,753s][info][gc,stats    ]      Old Subphase: Concurrent Classes Unlink                     0,000 / 0,000         1,372 / 1,640         1,729 / 4,022         1,729 / 4,022       ms
[1224,753s][info][gc,stats    ]      Old Subphase: Concurrent Mark Follow                        0,000 / 0,000     43654,363 / 51399,314 32765,106 / 51399,314 32765,106 / 51399,314   ms
[1224,753s][info][gc,stats    ]      Old Subphase: Concurrent Mark Root Colored                  0,000 / 0,000         0,044 / 0,115         0,043 / 0,115         0,043 / 0,115       ms
[1224,753s][info][gc,stats    ]      Old Subphase: Concurrent Mark Root Uncolored                0,000 / 0,000         0,168 / 0,245         0,191 / 0,412         0,191 / 0,412       ms
[1224,753s][info][gc,stats    ]      Old Subphase: Concurrent Mark Roots                         0,000 / 0,000         0,477 / 0,564         0,535 / 0,752         0,535 / 0,752       ms
[1224,753s][info][gc,stats    ]      Old Subphase: Concurrent References Enqueue                 0,000 / 0,000         0,000 / 0,000         0,001 / 0,003         0,001 / 0,003       ms
[1224,753s][info][gc,stats    ]      Old Subphase: Concurrent References Process                 0,000 / 0,000         0,164 / 0,211         0,172 / 0,347         0,172 / 0,347       ms
[1224,753s][info][gc,stats    ]      Old Subphase: Concurrent Remap Remembered                   0,000 / 0,000        35,935 / 40,818       29,790 / 40,818       29,790 / 40,818      ms
[1224,753s][info][gc,stats    ]      Old Subphase: Concurrent Remap Roots Colored                0,000 / 0,000         0,962 / 1,061         1,011 / 1,498         1,011 / 1,498       ms
[1224,753s][info][gc,stats    ]      Old Subphase: Concurrent Remap Roots Uncolored              0,000 / 0,000         0,325 / 0,348         0,318 / 0,486         0,318 / 0,486       ms
[1224,753s][info][gc,stats    ]      Old Subphase: Concurrent Roots ClassLoaderDataGraph         0,000 / 0,000         0,649 / 0,952         0,642 / 1,403         0,642 / 1,403       ms
[1224,753s][info][gc,stats    ]      Old Subphase: Concurrent Roots CodeCache                    0,000 / 0,000         0,273 / 0,308         0,267 / 0,388         0,267 / 0,388       ms
[1224,753s][info][gc,stats    ]      Old Subphase: Concurrent Roots JavaThreads                  0,000 / 0,000         0,074 / 0,245         0,078 / 0,412         0,078 / 0,412       ms
[1224,753s][info][gc,stats    ]      Old Subphase: Concurrent Roots OopStorageSet                0,000 / 0,000         0,031 / 0,084         0,020 / 0,084         0,020 / 0,084       ms
[1224,753s][info][gc,stats    ]      Old Subphase: Concurrent Weak Roots OopStorageSet           0,000 / 0,000         0,180 / 0,390         0,186 / 1,036         0,186 / 1,036       ms
[1224,753s][info][gc,stats    ]            System: Java Threads                                      0 / 0                18 / 21               18 / 21               18 / 21          threads
[1224,753s][info][gc,stats    ]  Young Generation: Young Generation                              0,000 / 0,000      8837,720 / 14019,581 11665,976 / 31659,951 11665,976 / 31659,951   ms
[1224,753s][info][gc,stats    ]  Young Generation: Young Generation                              0,000 / 0,000     10317,038 / 17630,490 14057,641 / 31743,613 14057,641 / 31743,613   ms
[1224,753s][info][gc,stats    ]  Young Generation: Young Generation (Collect Roots)              0,000 / 0,000         0,000 / 0,000         0,000 / 0,000         0,000 / 0,000       ms
[1224,753s][info][gc,stats    ]  Young Generation: Young Generation (Promote All)                0,000 / 0,000         0,000 / 0,000         0,000 / 0,000         0,000 / 0,000       ms
[1224,753s][info][gc,stats    ]       Young Pause: Pause Mark End                                0,000 / 0,000         0,029 / 0,043         0,028 / 0,043         0,028 / 0,043       ms
[1224,753s][info][gc,stats    ]       Young Pause: Pause Mark Start                              0,000 / 0,000         0,062 / 0,074         0,059 / 0,111         0,059 / 0,111       ms
[1224,753s][info][gc,stats    ]       Young Pause: Pause Mark Start (Major)                      0,000 / 0,000         0,052 / 0,065         0,043 / 0,067         0,043 / 0,067       ms
[1224,753s][info][gc,stats    ]       Young Pause: Pause Relocate Start                          0,000 / 0,000         0,032 / 0,089         0,028 / 0,089         0,028 / 0,089       ms
[1224,753s][info][gc,stats    ]       Young Phase: Concurrent Mark                               0,000 / 0,000      7606,041 / 13856,259 10970,676 / 29583,901 10970,676 / 29583,901   ms
[1224,753s][info][gc,stats    ]       Young Phase: Concurrent Mark Continue                      0,000 / 0,000         0,000 / 0,000         0,000 / 0,000         0,000 / 0,000       ms
[1224,753s][info][gc,stats    ]       Young Phase: Concurrent Mark Free                          0,000 / 0,000         0,002 / 0,003         0,565 / 11,262        0,565 / 11,262      ms
[1224,753s][info][gc,stats    ]       Young Phase: Concurrent Relocate                           0,000 / 0,000      1398,415 / 4396,297   1291,547 / 4396,297   1291,547 / 4396,297    ms
[1224,753s][info][gc,stats    ]       Young Phase: Concurrent Reset Relocation Set               0,000 / 0,000         0,483 / 1,584         0,762 / 4,904         0,762 / 4,904       ms
[1224,753s][info][gc,stats    ]       Young Phase: Concurrent Select Relocation Set              0,000 / 0,000       652,007 / 2191,260    596,387 / 2191,260    596,387 / 2191,260    ms
[1224,753s][info][gc,stats    ]    Young Subphase: Concurrent Mark Follow                        0,000 / 0,000      7603,680 / 13854,606 10968,482 / 29581,665 10968,482 / 29581,665   ms
[1224,753s][info][gc,stats    ]    Young Subphase: Concurrent Mark Root Colored                  0,000 / 0,000         1,273 / 1,667         1,236 / 1,667         1,236 / 1,667       ms
[1224,753s][info][gc,stats    ]    Young Subphase: Concurrent Mark Root Uncolored                0,000 / 0,000         0,713 / 1,838         0,588 / 1,865         0,588 / 1,865       ms
[1224,753s][info][gc,stats    ]    Young Subphase: Concurrent Mark Roots                         0,000 / 0,000         2,355 / 3,066         2,188 / 3,116         2,188 / 3,116       ms
[1224,753s][info][gc,stats    ]    Young Subphase: Concurrent Relocate Remset FP                 0,000 / 0,000      1339,829 / 4346,672   1241,117 / 4346,672   1241,117 / 4346,672    ms
[1224,753s][info][gc,stats    ]    Young Subphase: Concurrent Roots ClassLoaderDataGraph         0,000 / 0,000         0,953 / 1,359         0,974 / 1,365         0,974 / 1,365       ms
[1224,753s][info][gc,stats    ]    Young Subphase: Concurrent Roots CodeCache                    0,000 / 0,000         0,551 / 1,438         0,413 / 1,438         0,413 / 1,438       ms
[1224,753s][info][gc,stats    ]    Young Subphase: Concurrent Roots JavaThreads                  0,000 / 0,000         0,084 / 0,398         0,090 / 0,635         0,090 / 0,635       ms
[1224,753s][info][gc,stats    ]    Young Subphase: Concurrent Roots OopStorageSet                0,000 / 0,000         0,013 / 0,035         0,016 / 0,067         0,016 / 0,067       ms
[1224,753s][info][gc,stats    ]    Young Subphase: Concurrent Weak Roots OopStorageSet           0,000 / 0,000         0,309 / 0,786         0,251 / 0,839         0,251 / 0,839       ms
[1224,753s][info][gc,stats    ] =========================================================================================================================================================
[1224,753s][info][gc,heap,exit] Heap
[1224,753s][info][gc,heap,exit]  ZHeap           used 32436M, capacity 32720M, max capacity 40960M
[1224,753s][info][gc,heap,exit]  Metaspace       used 14554K, committed 14784K, reserved 1114112K
[1224,753s][info][gc,heap,exit]   class space    used 1477K, committed 1600K, reserved 1048576K
