[0,013s][info][gc] Heuristics ergonomically sets -XX:+ExplicitGCInvokesConcurrent
[0,013s][info][gc] Heuristics ergonomically sets -XX:+ShenandoahImplicitGCInvokesConcurrent
[0,013s][info][gc] Using Shenandoah
[0,157s][info][gc,ergo] Pacer for Idle. Initial: 819M, Alloc Tax Rate: 1,0x
[0,157s][info][gc,init] Version: 21.0.3+9-LTS (release)
[0,157s][info][gc,init] CPUs: 20 total, 20 available
[0,157s][info][gc,init] Memory: 63964M
[0,157s][info][gc,init] Large Page Support: Disabled
[0,157s][info][gc,init] NUMA Support: Disabled
[0,157s][info][gc,init] Compressed Oops: Disabled
[0,157s][info][gc,init] Heap Min Capacity: 1G
[0,157s][info][gc,init] Heap Initial Capacity: 1G
[0,157s][info][gc,init] Heap Max Capacity: 40G
[0,157s][info][gc,init] Pre-touch: Enabled
[0,157s][info][gc,init] Mode: Snapshot-At-The-Beginning (SATB)
[0,157s][info][gc,init] Heuristics: Adaptive
[0,157s][info][gc,init] Heap Region Count: 2560
[0,157s][info][gc,init] Heap Region Size: 16M
[0,157s][info][gc,init] TLAB Size Max: 16M
[0,157s][info][gc,init] Humongous Object Threshold: 16M
[0,157s][info][gc,init] Parallel Workers: 10
[0,157s][info][gc,init] Concurrent Workers: 5
[0,171s][info][gc,metaspace] CDS archive(s) mapped at: [0x00007fbb83000000-0x00007fbb83cab000-0x00007fbb83cab000), size 13283328, SharedBaseAddress: 0x00007fbb83000000, ArchiveRelocationMode: 1.
[0,171s][info][gc,metaspace] Compressed class space mapped at: 0x00007fbb84000000-0x00007fbbc4000000, reserved size: 1073741824
[0,171s][info][gc,metaspace] Narrow klass base: 0x00007fbb83000000, Narrow klass shift: 0, Narrow klass range: 0x100000000
[36,978s][info][gc          ] Trigger: Learning 1 of 5. Free (28656M) is below initial threshold (28671M)
[36,978s][info][gc,ergo     ] Free: 28656M, Max: 16384K regular, 28656M humongous, Frag: 0% external, 0% internal; Reserve: 2048M, Max: 16384K
[36,978s][info][gc,start    ] GC(0) Concurrent reset
[36,978s][info][gc,task     ] GC(0) Using 5 of 10 workers for concurrent reset
[36,978s][info][gc,ergo     ] GC(0) Pacer for Reset. Non-Taxable: 40960M
[36,979s][info][gc          ] GC(0) Concurrent reset 0,489ms
[36,979s][info][gc,start    ] GC(0) Pause Init Mark (unload classes)
[36,979s][info][gc,task     ] GC(0) Using 10 of 10 workers for init marking
[36,979s][info][gc,ergo     ] GC(0) Pacer for Mark. Expected Live: 4096M, Free: 28656M, Non-Taxable: 2865M, Alloc Tax Rate: 0,2x
[36,979s][info][gc          ] GC(0) Pause Init Mark (unload classes) 0,203ms
[36,979s][info][gc,start    ] GC(0) Concurrent marking roots
[36,979s][info][gc,task     ] GC(0) Using 5 of 10 workers for concurrent marking roots
[36,980s][info][gc          ] GC(0) Concurrent marking roots 0,562ms
[36,980s][info][gc,start    ] GC(0) Concurrent marking (unload classes)
[36,980s][info][gc,task     ] GC(0) Using 5 of 10 workers for concurrent marking
[117,716s][info][gc          ] GC(0) Concurrent marking (unload classes) 80736,402ms
[117,717s][info][gc,start    ] GC(0) Pause Final Mark (unload classes)
[117,717s][info][gc,task     ] GC(0) Using 10 of 10 workers for final marking
[117,717s][info][gc,ergo     ] GC(0) Adaptive CSet Selection. Target Free: 5802M, Actual Free: 25248M, Max CSet: 1706M, Min Garbage: 0B
[117,717s][info][gc,ergo     ] GC(0) Collectable Garbage: 377M (99%), Immediate: 32768K (8%), CSet: 345M (91%)
[117,717s][info][gc,ergo     ] GC(0) Pacer for Evacuation. Used CSet: 400M, Free: 23200M, Non-Taxable: 2320M, Alloc Tax Rate: 1,1x
[117,717s][info][gc          ] GC(0) Pause Final Mark (unload classes) 0,679ms
[117,717s][info][gc,start    ] GC(0) Concurrent thread roots
[117,717s][info][gc,task     ] GC(0) Using 5 of 10 workers for Concurrent thread roots
[117,738s][info][gc          ] GC(0) Concurrent thread roots 20,554ms
[117,738s][info][gc,start    ] GC(0) Concurrent weak references
[117,738s][info][gc,task     ] GC(0) Using 5 of 10 workers for concurrent weak references
[117,738s][info][gc,ref      ] GC(0) Encountered references: Soft: 3531, Weak: 1261, Final: 0, Phantom: 170
[117,738s][info][gc,ref      ] GC(0) Discovered  references: Soft: 0, Weak: 842, Final: 0, Phantom: 160
[117,738s][info][gc,ref      ] GC(0) Enqueued    references: Soft: 0, Weak: 364, Final: 0, Phantom: 150
[117,739s][info][gc          ] GC(0) Concurrent weak references 0,589ms
[117,739s][info][gc,start    ] GC(0) Concurrent weak roots
[117,739s][info][gc,task     ] GC(0) Using 5 of 10 workers for concurrent weak root
[117,740s][info][gc          ] GC(0) Concurrent weak roots 1,331ms
[117,740s][info][gc,start    ] GC(0) Concurrent cleanup
[117,751s][info][gc          ] GC(0) Concurrent cleanup 15761M->15738M(15792M) 10,807ms
[117,751s][info][gc,ergo     ] GC(0) Free: 23174M, Max: 16384K regular, 23136M humongous, Frag: 1% external, 0% internal; Reserve: 2046M, Max: 16384K
[117,751s][info][gc,start    ] GC(0) Concurrent class unloading
[117,751s][info][gc,task     ] GC(0) Using 5 of 10 workers for concurrent class unloading
[117,753s][info][gc          ] GC(0) Concurrent class unloading 2,162ms
[117,753s][info][gc,start    ] GC(0) Concurrent strong roots
[117,753s][info][gc,task     ] GC(0) Using 5 of 10 workers for concurrent strong root
[117,754s][info][gc          ] GC(0) Concurrent strong roots 0,619ms
[117,754s][info][gc,start    ] GC(0) Concurrent evacuation
[117,754s][info][gc,task     ] GC(0) Using 5 of 10 workers for concurrent evacuation
[117,805s][info][gc          ] GC(0) Concurrent evacuation 51,696ms
[117,806s][info][gc,start    ] GC(0) Pause Init Update Refs
[117,806s][info][gc,ergo     ] GC(0) Pacer for Update Refs. Used: 15817M, Free: 23174M, Non-Taxable: 2317M, Alloc Tax Rate: 1,1x
[117,806s][info][gc          ] GC(0) Pause Init Update Refs 0,096ms
[117,806s][info][gc,start    ] GC(0) Concurrent update references
[117,806s][info][gc,task     ] GC(0) Using 5 of 10 workers for concurrent reference update
[121,269s][info][gc          ] GC(0) Concurrent update references 3463,180ms
[121,269s][info][gc,start    ] GC(0) Concurrent update thread roots
[121,270s][info][gc          ] GC(0) Concurrent update thread roots 0,690ms
[121,270s][info][gc,start    ] GC(0) Pause Final Update Refs
[121,270s][info][gc,task     ] GC(0) Using 10 of 10 workers for final reference update
[121,270s][info][gc          ] GC(0) Pause Final Update Refs 0,230ms
[121,271s][info][gc,start    ] GC(0) Concurrent cleanup
[121,271s][info][gc          ] GC(0) Concurrent cleanup 15827M->15427M(15856M) 0,169ms
[121,271s][info][gc,ergo     ] Free: 23484M, Max: 16384K regular, 23056M humongous, Frag: 2% external, 0% internal; Reserve: 2048M, Max: 16384K
[121,271s][info][gc,stats    ] 
[121,271s][info][gc,stats    ] All times are wall-clock times, except per-root-class counters, that are sum over
[121,271s][info][gc,stats    ] all workers. Dividing the <total> over the root stage time estimates parallelism.
[121,271s][info][gc,stats    ] 
[121,271s][info][gc,stats    ] Concurrent Reset                    520 us
[121,271s][info][gc,stats    ] Pause Init Mark (G)                 434 us
[121,271s][info][gc,stats    ] Pause Init Mark (N)                 226 us
[121,271s][info][gc,stats    ]   Update Region States              145 us
[121,271s][info][gc,stats    ] Concurrent Mark Roots               606 us, parallelism: 2,81x
[121,271s][info][gc,stats    ]   CMR: <total>                     1705 us
[121,271s][info][gc,stats    ]   CMR: Thread Roots                1280 us, workers (us):   0, 338, 303, 297, 343, ---, ---, ---, ---, ---, 
[121,271s][info][gc,stats    ]   CMR: VM Strong Roots               28 us, workers (us):   8,  14,   4,   0,   2, ---, ---, ---, ---, ---, 
[121,271s][info][gc,stats    ]   CMR: CLDG Roots                   397 us, workers (us): 383, ---,  13, ---, ---, ---, ---, ---, ---, ---, 
[121,271s][info][gc,stats    ] Concurrent Marking             80736480 us
[121,271s][info][gc,stats    ] Pause Final Mark (G)                940 us
[121,271s][info][gc,stats    ] Pause Final Mark (N)                696 us
[121,271s][info][gc,stats    ]   Finish Mark                       296 us
[121,271s][info][gc,stats    ]   Update Region States               71 us
[121,271s][info][gc,stats    ]   Choose Collection Set             195 us
[121,271s][info][gc,stats    ]   Rebuild Free Set                   18 us
[121,271s][info][gc,stats    ] Concurrent Thread Roots           20628 us, parallelism: 4,74x
[121,271s][info][gc,stats    ]   CTR: <total>                    97700 us
[121,271s][info][gc,stats    ]   CTR: Thread Roots               97700 us, workers (us): 20202, 19165, 19152, 20093, 19089, ---, ---, ---, ---, ---, 
[121,271s][info][gc,stats    ] Concurrent Weak References          612 us, parallelism: 0,70x
[121,271s][info][gc,stats    ]   CWRF: <total>                     425 us
[121,271s][info][gc,stats    ]   CWRF: Weak References             425 us, workers (us): 311, 110,   2,   1,   1, ---, ---, ---, ---, ---, 
[121,271s][info][gc,stats    ] Concurrent Weak Roots              1396 us
[121,271s][info][gc,stats    ]   Roots                             892 us, parallelism: 3,18x
[121,271s][info][gc,stats    ]     CWR: <total>                   2835 us
[121,271s][info][gc,stats    ]     CWR: Code Cache Roots           711 us, workers (us): 182, 158,  91, 146, 134, ---, ---, ---, ---, ---, 
[121,271s][info][gc,stats    ]     CWR: VM Weak Roots             2096 us, workers (us): 430, 428, 428, 406, 405, ---, ---, ---, ---, ---, 
[121,271s][info][gc,stats    ]     CWR: CLDG Roots                  27 us, workers (us): ---, ---, ---,  13,  14, ---, ---, ---, ---, ---, 
[121,271s][info][gc,stats    ]   Rendezvous                        411 us
[121,271s][info][gc,stats    ] Concurrent Cleanup                10877 us
[121,271s][info][gc,stats    ] Concurrent Class Unloading         2231 us
[121,271s][info][gc,stats    ]   Unlink Stale                     1278 us
[121,271s][info][gc,stats    ]     System Dictionary                22 us
[121,271s][info][gc,stats    ]     Weak Class Links                  0 us
[121,271s][info][gc,stats    ]     Code Roots                     1253 us
[121,271s][info][gc,stats    ]   Rendezvous                        233 us
[121,271s][info][gc,stats    ]   Purge Unlinked                    622 us
[121,271s][info][gc,stats    ]     Code Roots                      611 us
[121,271s][info][gc,stats    ]     CLDG                             11 us
[121,271s][info][gc,stats    ]     Exception Caches                  0 us
[121,271s][info][gc,stats    ] Concurrent Strong Roots             692 us, parallelism: 0,86x
[121,271s][info][gc,stats    ]   CSR: <total>                      595 us
[121,271s][info][gc,stats    ]   CSR: VM Strong Roots               36 us, workers (us):  28,   7,   1,   0,   0, ---, ---, ---, ---, ---, 
[121,271s][info][gc,stats    ]   CSR: CLDG Roots                   559 us, workers (us): 392, 167, ---, ---, ---, ---, ---, ---, ---, ---, 
[121,271s][info][gc,stats    ] Concurrent Evacuation             51779 us
[121,271s][info][gc,stats    ] Pause Init Update Refs (G)          444 us
[121,271s][info][gc,stats    ] Pause Init Update Refs (N)          118 us
[121,271s][info][gc,stats    ]   Manage GCLABs                       6 us
[121,271s][info][gc,stats    ] Concurrent Update Refs          3463273 us
[121,271s][info][gc,stats    ] Concurrent Update Thread Roots      766 us
[121,271s][info][gc,stats    ] Pause Final Update Refs (G)         507 us
[121,271s][info][gc,stats    ] Pause Final Update Refs (N)         317 us
[121,271s][info][gc,stats    ]   Update Region States               71 us
[121,271s][info][gc,stats    ]   Trash Collection Set                7 us
[121,271s][info][gc,stats    ]   Rebuild Free Set                   52 us
[121,271s][info][gc,stats    ] Concurrent Cleanup                  192 us
[121,271s][info][gc,stats    ] 
[121,271s][info][gc,stats    ] Allocation pacing accrued:
[121,271s][info][gc,stats    ]       0 of 121115 ms (  0,0%): <total>
[121,271s][info][gc,stats    ]       0 of 121115 ms (  0,0%): <average total>
[121,271s][info][gc,stats    ] 
[121,271s][info][gc,metaspace] Metaspace: 14392K(14656K)->14411K(14656K) NonClass: 12920K(13056K)->12938K(13056K) Class: 1472K(1600K)->1472K(1600K)
[121,271s][info][gc,ergo     ] Pacer for Idle. Initial: 819M, Alloc Tax Rate: 1,0x
[121,273s][info][gc          ] Trigger: Learning 2 of 5. Free (23484M) is below initial threshold (28671M)
[121,273s][info][gc,ergo     ] Free: 23484M, Max: 16384K regular, 23056M humongous, Frag: 2% external, 0% internal; Reserve: 2048M, Max: 16384K
[121,273s][info][gc,start    ] GC(1) Concurrent reset
[121,273s][info][gc,task     ] GC(1) Using 5 of 10 workers for concurrent reset
[121,273s][info][gc,ergo     ] GC(1) Pacer for Reset. Non-Taxable: 40960M
[121,285s][info][gc          ] GC(1) Concurrent reset 12,011ms
[121,285s][info][gc,start    ] GC(1) Pause Init Mark (unload classes)
[121,285s][info][gc,task     ] GC(1) Using 10 of 10 workers for init marking
[121,285s][info][gc,ergo     ] GC(1) Pacer for Mark. Expected Live: 9878M, Free: 23484M, Non-Taxable: 2348M, Alloc Tax Rate: 0,5x
[121,285s][info][gc          ] GC(1) Pause Init Mark (unload classes) 0,203ms
[121,285s][info][gc,start    ] GC(1) Concurrent marking roots
[121,285s][info][gc,task     ] GC(1) Using 5 of 10 workers for concurrent marking roots
[121,286s][info][gc          ] GC(1) Concurrent marking roots 0,466ms
[121,286s][info][gc,start    ] GC(1) Concurrent marking (unload classes)
[121,286s][info][gc,task     ] GC(1) Using 5 of 10 workers for concurrent marking
[234,346s][info][gc          ] GC(1) Concurrent marking (unload classes) 113059,979ms
[234,346s][info][gc,start    ] GC(1) Pause Final Mark (unload classes)
[234,346s][info][gc,task     ] GC(1) Using 10 of 10 workers for final marking
[234,347s][info][gc,ergo     ] GC(1) Adaptive CSet Selection. Target Free: 5802M, Actual Free: 23312M, Max CSet: 1706M, Min Garbage: 0B
[234,347s][info][gc,ergo     ] GC(1) Collectable Garbage: 488M (99%), Immediate: 144M (29%), CSet: 344M (69%)
[234,347s][info][gc,ergo     ] GC(1) Pacer for Evacuation. Used CSet: 528M, Free: 21264M, Non-Taxable: 2126M, Alloc Tax Rate: 1,1x
[234,347s][info][gc          ] GC(1) Pause Final Mark (unload classes) 1,037ms
[234,347s][info][gc,start    ] GC(1) Concurrent thread roots
[234,347s][info][gc,task     ] GC(1) Using 5 of 10 workers for Concurrent thread roots
[234,358s][info][gc          ] GC(1) Concurrent thread roots 11,001ms
[234,358s][info][gc,start    ] GC(1) Concurrent weak references
[234,358s][info][gc,task     ] GC(1) Using 5 of 10 workers for concurrent weak references
[234,358s][info][gc,ref      ] GC(1) Encountered references: Soft: 3531, Weak: 897, Final: 0, Phantom: 20
[234,358s][info][gc,ref      ] GC(1) Discovered  references: Soft: 0, Weak: 250, Final: 0, Phantom: 12
[234,358s][info][gc,ref      ] GC(1) Enqueued    references: Soft: 0, Weak: 0, Final: 0, Phantom: 0
[234,358s][info][gc          ] GC(1) Concurrent weak references 0,250ms
[234,358s][info][gc,start    ] GC(1) Concurrent weak roots
[234,358s][info][gc,task     ] GC(1) Using 5 of 10 workers for concurrent weak root
[234,359s][info][gc          ] GC(1) Concurrent weak roots 0,875ms
[234,359s][info][gc,start    ] GC(1) Concurrent cleanup
[234,360s][info][gc          ] GC(1) Concurrent cleanup 17793M->17649M(17808M) 0,490ms
[234,360s][info][gc,ergo     ] GC(1) Free: 21264M, Max: 16384K regular, 21152M humongous, Frag: 1% external, 0% internal; Reserve: 2046M, Max: 16384K
[234,360s][info][gc,start    ] GC(1) Concurrent class unloading
[234,360s][info][gc,task     ] GC(1) Using 5 of 10 workers for concurrent class unloading
[234,361s][info][gc          ] GC(1) Concurrent class unloading 1,315ms
[234,361s][info][gc,start    ] GC(1) Concurrent strong roots
[234,361s][info][gc,task     ] GC(1) Using 5 of 10 workers for concurrent strong root
[234,362s][info][gc          ] GC(1) Concurrent strong roots 0,470ms
[234,362s][info][gc,start    ] GC(1) Concurrent evacuation
[234,362s][info][gc,task     ] GC(1) Using 5 of 10 workers for concurrent evacuation
[234,500s][info][gc          ] GC(1) Concurrent evacuation 138,248ms
[234,500s][info][gc,start    ] GC(1) Pause Init Update Refs
[234,500s][info][gc,ergo     ] GC(1) Pacer for Update Refs. Used: 17888M, Free: 21264M, Non-Taxable: 2126M, Alloc Tax Rate: 1,1x
[234,500s][info][gc          ] GC(1) Pause Init Update Refs 0,083ms
[234,501s][info][gc,start    ] GC(1) Concurrent update references
[234,501s][info][gc,task     ] GC(1) Using 5 of 10 workers for concurrent reference update
[238,869s][info][gc          ] GC(1) Concurrent update references 4368,569ms
[238,869s][info][gc,start    ] GC(1) Concurrent update thread roots
[238,870s][info][gc          ] GC(1) Concurrent update thread roots 0,767ms
[238,870s][info][gc,start    ] GC(1) Pause Final Update Refs
[238,870s][info][gc,task     ] GC(1) Using 10 of 10 workers for final reference update
[238,871s][info][gc          ] GC(1) Pause Final Update Refs 0,281ms
[238,871s][info][gc,start    ] GC(1) Concurrent cleanup
[238,871s][info][gc          ] GC(1) Concurrent cleanup 17920M->17392M(18000M) 0,463ms
[238,871s][info][gc,ergo     ] Free: 21520M, Max: 16384K regular, 20960M humongous, Frag: 3% external, 0% internal; Reserve: 2048M, Max: 16384K
[238,871s][info][gc,stats    ] 
[238,871s][info][gc,stats    ] All times are wall-clock times, except per-root-class counters, that are sum over
[238,871s][info][gc,stats    ] all workers. Dividing the <total> over the root stage time estimates parallelism.
[238,871s][info][gc,stats    ] 
[238,871s][info][gc,stats    ] Concurrent Reset                  12094 us
[238,871s][info][gc,stats    ] Pause Init Mark (G)                 567 us
[238,871s][info][gc,stats    ] Pause Init Mark (N)                 223 us
[238,871s][info][gc,stats    ]   Update Region States               68 us
[238,871s][info][gc,stats    ] Concurrent Mark Roots               506 us, parallelism: 1,52x
[238,871s][info][gc,stats    ]   CMR: <total>                      769 us
[238,871s][info][gc,stats    ]   CMR: Thread Roots                 631 us, workers (us):  34, 165, 137, 150, 146, ---, ---, ---, ---, ---, 
[238,871s][info][gc,stats    ]   CMR: VM Strong Roots               17 us, workers (us):  13,   1,   1,   1,   1, ---, ---, ---, ---, ---, 
[238,871s][info][gc,stats    ]   CMR: CLDG Roots                   121 us, workers (us): 116,   5, ---, ---, ---, ---, ---, ---, ---, ---, 
[238,871s][info][gc,stats    ] Concurrent Marking             113060059 us
[238,871s][info][gc,stats    ] Pause Final Mark (G)               1234 us
[238,871s][info][gc,stats    ] Pause Final Mark (N)               1060 us
[238,871s][info][gc,stats    ]   Finish Mark                       614 us
[238,871s][info][gc,stats    ]   Update Region States               52 us
[238,871s][info][gc,stats    ]   Choose Collection Set             261 us
[238,871s][info][gc,stats    ]   Rebuild Free Set                   26 us
[238,871s][info][gc,stats    ] Concurrent Thread Roots           11071 us, parallelism: 4,78x
[238,871s][info][gc,stats    ]   CTR: <total>                    52872 us
[238,871s][info][gc,stats    ]   CTR: Thread Roots               52872 us, workers (us): 10437, 10385, 10372, 10852, 10825, ---, ---, ---, ---, ---, 
[238,871s][info][gc,stats    ] Concurrent Weak References          266 us, parallelism: 0,17x
[238,871s][info][gc,stats    ]   CWRF: <total>                      44 us
[238,871s][info][gc,stats    ]   CWRF: Weak References              44 us, workers (us):  44,   0,   0,   0,   0, ---, ---, ---, ---, ---, 
[238,871s][info][gc,stats    ] Concurrent Weak Roots               926 us
[238,871s][info][gc,stats    ]   Roots                             666 us, parallelism: 3,23x
[238,871s][info][gc,stats    ]     CWR: <total>                   2151 us
[238,871s][info][gc,stats    ]     CWR: Code Cache Roots           736 us, workers (us): 184, 144, 146, 125, 137, ---, ---, ---, ---, ---, 
[238,871s][info][gc,stats    ]     CWR: VM Weak Roots             1381 us, workers (us): 294, 275, 273, 271, 269, ---, ---, ---, ---, ---, 
[238,872s][info][gc,stats    ]     CWR: CLDG Roots                  34 us, workers (us): ---,  16, ---, ---,  18, ---, ---, ---, ---, ---, 
[238,872s][info][gc,stats    ]   Rendezvous                        187 us
[238,872s][info][gc,stats    ] Concurrent Cleanup                  506 us
[238,872s][info][gc,stats    ] Concurrent Class Unloading         1365 us
[238,872s][info][gc,stats    ]   Unlink Stale                     1088 us
[238,872s][info][gc,stats    ]     System Dictionary                13 us
[238,872s][info][gc,stats    ]     Weak Class Links                  0 us
[238,872s][info][gc,stats    ]     Code Roots                     1073 us
[238,872s][info][gc,stats    ]   Rendezvous                        155 us
[238,872s][info][gc,stats    ]   Purge Unlinked                     52 us
[238,872s][info][gc,stats    ]     Code Roots                       45 us
[238,872s][info][gc,stats    ]     CLDG                              7 us
[238,872s][info][gc,stats    ]     Exception Caches                  0 us
[238,872s][info][gc,stats    ] Concurrent Strong Roots             521 us, parallelism: 0,71x
[238,872s][info][gc,stats    ]   CSR: <total>                      370 us
[238,872s][info][gc,stats    ]   CSR: VM Strong Roots               24 us, workers (us):  12,  10,   1,   1,   0, ---, ---, ---, ---, ---, 
[238,872s][info][gc,stats    ]   CSR: CLDG Roots                   346 us, workers (us): 111, 235, ---, ---, ---, ---, ---, ---, ---, ---, 
[238,872s][info][gc,stats    ] Concurrent Evacuation            138324 us
[238,872s][info][gc,stats    ] Pause Init Update Refs (G)          544 us
[238,872s][info][gc,stats    ] Pause Init Update Refs (N)          128 us
[238,872s][info][gc,stats    ]   Manage GCLABs                       7 us
[238,872s][info][gc,stats    ] Concurrent Update Refs          4368678 us
[238,872s][info][gc,stats    ] Concurrent Update Thread Roots      836 us
[238,872s][info][gc,stats    ] Pause Final Update Refs (G)         520 us
[238,872s][info][gc,stats    ] Pause Final Update Refs (N)         322 us
[238,872s][info][gc,stats    ]   Update Region States              143 us
[238,872s][info][gc,stats    ]   Trash Collection Set                9 us
[238,872s][info][gc,stats    ]   Rebuild Free Set                   45 us
[238,872s][info][gc,stats    ] Concurrent Cleanup                  489 us
[238,872s][info][gc,stats    ] 
[238,872s][info][gc,stats    ] Allocation pacing accrued:
[238,872s][info][gc,stats    ]       0 of 117600 ms (  0,0%): <total>
[238,872s][info][gc,stats    ]       0 of 117600 ms (  0,0%): <average total>
[238,872s][info][gc,stats    ] 
[238,872s][info][gc,metaspace] Metaspace: 14411K(14656K)->14411K(14656K) NonClass: 12938K(13056K)->12938K(13056K) Class: 1472K(1600K)->1472K(1600K)
[238,872s][info][gc,ergo     ] Pacer for Idle. Initial: 819M, Alloc Tax Rate: 1,0x
[238,873s][info][gc          ] Trigger: Learning 3 of 5. Free (21520M) is below initial threshold (28671M)
[238,873s][info][gc,ergo     ] Free: 21520M, Max: 16384K regular, 20960M humongous, Frag: 3% external, 0% internal; Reserve: 2048M, Max: 16384K
[238,873s][info][gc,start    ] GC(2) Concurrent reset
[238,873s][info][gc,task     ] GC(2) Using 5 of 10 workers for concurrent reset
[238,873s][info][gc,ergo     ] GC(2) Pacer for Reset. Non-Taxable: 40960M
[238,896s][info][gc          ] GC(2) Concurrent reset 22,532ms
[238,896s][info][gc,start    ] GC(2) Pause Init Mark (unload classes)
[238,896s][info][gc,task     ] GC(2) Using 10 of 10 workers for init marking
[238,896s][info][gc,ergo     ] GC(2) Pacer for Mark. Expected Live: 12406M, Free: 21520M, Non-Taxable: 2152M, Alloc Tax Rate: 0,7x
[238,896s][info][gc          ] GC(2) Pause Init Mark (unload classes) 0,283ms
[238,896s][info][gc,start    ] GC(2) Concurrent marking roots
[238,896s][info][gc,task     ] GC(2) Using 5 of 10 workers for concurrent marking roots
[238,897s][info][gc          ] GC(2) Concurrent marking roots 0,634ms
[238,897s][info][gc,start    ] GC(2) Concurrent marking (unload classes)
[238,897s][info][gc,task     ] GC(2) Using 5 of 10 workers for concurrent marking
[379,117s][info][gc          ] GC(2) Concurrent marking (unload classes) 140219,683ms
[379,117s][info][gc,start    ] GC(2) Pause Final Mark (unload classes)
[379,117s][info][gc,task     ] GC(2) Using 10 of 10 workers for final marking
[379,117s][info][gc,ergo     ] GC(2) Adaptive CSet Selection. Target Free: 5802M, Actual Free: 20528M, Max CSet: 1706M, Min Garbage: 0B
[379,118s][info][gc,ergo     ] GC(2) Collectable Garbage: 567M (98%), Immediate: 81920K (13%), CSet: 487M (84%)
[379,118s][info][gc,ergo     ] GC(2) Pacer for Evacuation. Used CSet: 848M, Free: 18480M, Non-Taxable: 1848M, Alloc Tax Rate: 1,1x
[379,118s][info][gc          ] GC(2) Pause Final Mark (unload classes) 1,048ms
[379,118s][info][gc,start    ] GC(2) Concurrent thread roots
[379,118s][info][gc,task     ] GC(2) Using 5 of 10 workers for Concurrent thread roots
[379,119s][info][gc          ] GC(2) Concurrent thread roots 0,723ms
[379,119s][info][gc,start    ] GC(2) Concurrent weak references
[379,119s][info][gc,task     ] GC(2) Using 5 of 10 workers for concurrent weak references
[379,119s][info][gc,ref      ] GC(2) Encountered references: Soft: 3531, Weak: 897, Final: 0, Phantom: 20
[379,119s][info][gc,ref      ] GC(2) Discovered  references: Soft: 0, Weak: 17, Final: 0, Phantom: 11
[379,119s][info][gc,ref      ] GC(2) Enqueued    references: Soft: 0, Weak: 0, Final: 0, Phantom: 0
[379,119s][info][gc          ] GC(2) Concurrent weak references 0,392ms
[379,119s][info][gc,start    ] GC(2) Concurrent weak roots
[379,119s][info][gc,task     ] GC(2) Using 5 of 10 workers for concurrent weak root
[379,121s][info][gc          ] GC(2) Concurrent weak roots 1,334ms
[379,121s][info][gc,start    ] GC(2) Concurrent cleanup
[379,122s][info][gc          ] GC(2) Concurrent cleanup 20513M->20433M(20560M) 0,888ms
[379,122s][info][gc,ergo     ] GC(2) Free: 18480M, Max: 16384K regular, 18464M humongous, Frag: 1% external, 0% internal; Reserve: 2046M, Max: 16384K
[379,122s][info][gc,start    ] GC(2) Concurrent class unloading
[379,122s][info][gc,task     ] GC(2) Using 5 of 10 workers for concurrent class unloading
[379,124s][info][gc          ] GC(2) Concurrent class unloading 2,351ms
[379,124s][info][gc,start    ] GC(2) Concurrent strong roots
[379,124s][info][gc,task     ] GC(2) Using 5 of 10 workers for concurrent strong root
[379,125s][info][gc          ] GC(2) Concurrent strong roots 0,610ms
[379,125s][info][gc,start    ] GC(2) Concurrent evacuation
[379,125s][info][gc,task     ] GC(2) Using 5 of 10 workers for concurrent evacuation
[379,423s][info][gc          ] GC(2) Concurrent evacuation 298,315ms
[379,423s][info][gc,start    ] GC(2) Pause Init Update Refs
[379,424s][info][gc,ergo     ] GC(2) Pacer for Update Refs. Used: 20855M, Free: 18472M, Non-Taxable: 1847M, Alloc Tax Rate: 1,4x
[379,424s][info][gc          ] GC(2) Pause Init Update Refs 0,110ms
[379,424s][info][gc,start    ] GC(2) Concurrent update references
[379,424s][info][gc,task     ] GC(2) Using 5 of 10 workers for concurrent reference update
[384,907s][info][gc          ] GC(2) Concurrent update references 5483,732ms
[384,907s][info][gc,start    ] GC(2) Concurrent update thread roots
[384,908s][info][gc          ] GC(2) Concurrent update thread roots 0,645ms
[384,908s][info][gc,start    ] GC(2) Pause Final Update Refs
[384,908s][info][gc,task     ] GC(2) Using 10 of 10 workers for final reference update
[384,909s][info][gc          ] GC(2) Pause Final Update Refs 0,286ms
[384,909s][info][gc,start    ] GC(2) Concurrent cleanup
[384,909s][info][gc          ] GC(2) Concurrent cleanup 20864M->20016M(20864M) 0,461ms
[384,909s][info][gc,ergo     ] Free: 18896M, Max: 16384K regular, 18224M humongous, Frag: 4% external, 0% internal; Reserve: 2048M, Max: 16384K
[384,909s][info][gc,stats    ] 
[384,909s][info][gc,stats    ] All times are wall-clock times, except per-root-class counters, that are sum over
[384,909s][info][gc,stats    ] all workers. Dividing the <total> over the root stage time estimates parallelism.
[384,909s][info][gc,stats    ] 
[384,909s][info][gc,stats    ] Concurrent Reset                  22610 us
[384,909s][info][gc,stats    ] Pause Init Mark (G)                 539 us
[384,909s][info][gc,stats    ] Pause Init Mark (N)                 306 us
[384,909s][info][gc,stats    ]   Update Region States              172 us
[384,909s][info][gc,stats    ] Concurrent Mark Roots               686 us, parallelism: 1,29x
[384,909s][info][gc,stats    ]   CMR: <total>                      881 us
[384,909s][info][gc,stats    ]   CMR: Thread Roots                 717 us, workers (us):  60, 190, 146, 175, 145, ---, ---, ---, ---, ---, 
[384,909s][info][gc,stats    ]   CMR: VM Strong Roots               26 us, workers (us):  21,   2,   1,   1,   1, ---, ---, ---, ---, ---, 
[384,909s][info][gc,stats    ]   CMR: CLDG Roots                   139 us, workers (us): 119,  20, ---, ---, ---, ---, ---, ---, ---, ---, 
[384,909s][info][gc,stats    ] Concurrent Marking             140219811 us
[384,909s][info][gc,stats    ] Pause Final Mark (G)               1266 us
[384,909s][info][gc,stats    ] Pause Final Mark (N)               1081 us
[384,909s][info][gc,stats    ]   Finish Mark                       312 us
[384,909s][info][gc,stats    ]   Update Region States               88 us
[384,909s][info][gc,stats    ]   Choose Collection Set             467 us
[384,909s][info][gc,stats    ]   Rebuild Free Set                   45 us
[384,909s][info][gc,stats    ] Concurrent Thread Roots             829 us, parallelism: 1,71x
[384,909s][info][gc,stats    ]   CTR: <total>                     1420 us
[384,909s][info][gc,stats    ]   CTR: Thread Roots                1420 us, workers (us): 246, 304, 318, 336, 216, ---, ---, ---, ---, ---, 
[384,910s][info][gc,stats    ] Concurrent Weak References          429 us, parallelism: 0,07x
[384,910s][info][gc,stats    ]   CWRF: <total>                      31 us
[384,910s][info][gc,stats    ]   CWRF: Weak References              31 us, workers (us):  15,  15,   0,   0,   0, ---, ---, ---, ---, ---, 
[384,910s][info][gc,stats    ] Concurrent Weak Roots              1429 us
[384,910s][info][gc,stats    ]   Roots                            1096 us, parallelism: 3,66x
[384,910s][info][gc,stats    ]     CWR: <total>                   4008 us
[384,910s][info][gc,stats    ]     CWR: Code Cache Roots           935 us, workers (us): 179, 166, 228, 189, 174, ---, ---, ---, ---, ---, 
[384,910s][info][gc,stats    ]     CWR: VM Weak Roots             3028 us, workers (us): 671, 639, 587, 570, 561, ---, ---, ---, ---, ---, 
[384,910s][info][gc,stats    ]     CWR: CLDG Roots                  44 us, workers (us):  17, ---, ---, ---,  28, ---, ---, ---, ---, ---, 
[384,910s][info][gc,stats    ]   Rendezvous                        194 us
[384,910s][info][gc,stats    ] Concurrent Cleanup                  920 us
[384,910s][info][gc,stats    ] Concurrent Class Unloading         2453 us
[384,910s][info][gc,stats    ]   Unlink Stale                     2106 us
[384,910s][info][gc,stats    ]     System Dictionary                27 us
[384,910s][info][gc,stats    ]     Weak Class Links                  1 us
[384,910s][info][gc,stats    ]     Code Roots                     2075 us
[384,910s][info][gc,stats    ]   Rendezvous                        181 us
[384,910s][info][gc,stats    ]   Purge Unlinked                     30 us
[384,910s][info][gc,stats    ]     Code Roots                       23 us
[384,910s][info][gc,stats    ]     CLDG                              6 us
[384,910s][info][gc,stats    ]     Exception Caches                  0 us
[384,910s][info][gc,stats    ] Concurrent Strong Roots             700 us, parallelism: 0,91x
[384,910s][info][gc,stats    ]   CSR: <total>                      635 us
[384,910s][info][gc,stats    ]   CSR: VM Strong Roots               56 us, workers (us):  34,  19,   1,   2,   0, ---, ---, ---, ---, ---, 
[384,910s][info][gc,stats    ]   CSR: CLDG Roots                   580 us, workers (us): 405, 175, ---, ---, ---, ---, ---, ---, ---, ---, 
[384,910s][info][gc,stats    ] Concurrent Evacuation            298422 us
[384,910s][info][gc,stats    ] Pause Init Update Refs (G)          340 us
[384,910s][info][gc,stats    ] Pause Init Update Refs (N)          132 us
[384,910s][info][gc,stats    ]   Manage GCLABs                       8 us
[384,910s][info][gc,stats    ] Concurrent Update Refs          5483814 us
[384,910s][info][gc,stats    ] Concurrent Update Thread Roots      697 us
[384,910s][info][gc,stats    ] Pause Final Update Refs (G)         609 us
[384,910s][info][gc,stats    ] Pause Final Update Refs (N)         340 us
[384,910s][info][gc,stats    ]   Update Region States              167 us
[384,910s][info][gc,stats    ]   Trash Collection Set                9 us
[384,910s][info][gc,stats    ]   Rebuild Free Set                   40 us
[384,910s][info][gc,stats    ] Concurrent Cleanup                  487 us
[384,910s][info][gc,stats    ] 
[384,910s][info][gc,stats    ] Allocation pacing accrued:
[384,910s][info][gc,stats    ]       0 of 146038 ms (  0,0%): <total>
[384,910s][info][gc,stats    ]       0 of 146038 ms (  0,0%): <average total>
[384,910s][info][gc,stats    ] 
[384,910s][info][gc,metaspace] Metaspace: 14411K(14656K)->14411K(14656K) NonClass: 12938K(13056K)->12938K(13056K) Class: 1472K(1600K)->1472K(1600K)
[384,910s][info][gc,ergo     ] Pacer for Idle. Initial: 819M, Alloc Tax Rate: 1,0x
[384,911s][info][gc          ] Trigger: Learning 4 of 5. Free (18896M) is below initial threshold (28671M)
[384,911s][info][gc,ergo     ] Free: 18896M, Max: 16384K regular, 18224M humongous, Frag: 4% external, 0% internal; Reserve: 2048M, Max: 16384K
[384,911s][info][gc,start    ] GC(3) Concurrent reset
[384,911s][info][gc,task     ] GC(3) Using 5 of 10 workers for concurrent reset
[384,911s][info][gc,ergo     ] GC(3) Pacer for Reset. Non-Taxable: 40960M
[384,932s][info][gc          ] GC(3) Concurrent reset 20,983ms
[384,932s][info][gc,start    ] GC(3) Pause Init Mark (unload classes)
[384,932s][info][gc,task     ] GC(3) Using 10 of 10 workers for init marking
[384,933s][info][gc,ergo     ] GC(3) Pacer for Mark. Expected Live: 13875M, Free: 18896M, Non-Taxable: 1889M, Alloc Tax Rate: 0,9x
[384,933s][info][gc          ] GC(3) Pause Init Mark (unload classes) 0,306ms
[384,933s][info][gc,start    ] GC(3) Concurrent marking roots
[384,933s][info][gc,task     ] GC(3) Using 5 of 10 workers for concurrent marking roots
[384,933s][info][gc          ] GC(3) Concurrent marking roots 0,512ms
[384,933s][info][gc,start    ] GC(3) Concurrent marking (unload classes)
[384,933s][info][gc,task     ] GC(3) Using 5 of 10 workers for concurrent marking
[539,346s][info][gc          ] GC(3) Concurrent marking (unload classes) 154412,447ms
[539,346s][info][gc,start    ] GC(3) Pause Final Mark (unload classes)
[539,346s][info][gc,task     ] GC(3) Using 10 of 10 workers for final marking
[539,347s][info][gc,ergo     ] GC(3) Adaptive CSet Selection. Target Free: 5802M, Actual Free: 17904M, Max CSet: 1706M, Min Garbage: 0B
[539,347s][info][gc,ergo     ] GC(3) Collectable Garbage: 653M (96%), Immediate: 98304K (14%), CSet: 557M (82%)
[539,347s][info][gc,ergo     ] GC(3) Pacer for Evacuation. Used CSet: 1072M, Free: 15856M, Non-Taxable: 1585M, Alloc Tax Rate: 1,1x
[539,347s][info][gc          ] GC(3) Pause Final Mark (unload classes) 0,906ms
[539,347s][info][gc,start    ] GC(3) Concurrent thread roots
[539,347s][info][gc,task     ] GC(3) Using 5 of 10 workers for Concurrent thread roots
[539,347s][info][gc          ] GC(3) Concurrent thread roots 0,307ms
[539,347s][info][gc,start    ] GC(3) Concurrent weak references
[539,347s][info][gc,task     ] GC(3) Using 5 of 10 workers for concurrent weak references
[539,347s][info][gc,ref      ] GC(3) Encountered references: Soft: 3531, Weak: 897, Final: 0, Phantom: 20
[539,348s][info][gc,ref      ] GC(3) Discovered  references: Soft: 0, Weak: 13, Final: 0, Phantom: 11
[539,348s][info][gc,ref      ] GC(3) Enqueued    references: Soft: 0, Weak: 0, Final: 0, Phantom: 0
[539,348s][info][gc          ] GC(3) Concurrent weak references 0,090ms
[539,348s][info][gc,start    ] GC(3) Concurrent weak roots
[539,348s][info][gc,task     ] GC(3) Using 5 of 10 workers for concurrent weak root
[539,348s][info][gc          ] GC(3) Concurrent weak roots 0,852ms
[539,348s][info][gc,start    ] GC(3) Concurrent cleanup
[539,349s][info][gc          ] GC(3) Concurrent cleanup 23152M->23056M(23328M) 0,381ms
[539,349s][info][gc,ergo     ] GC(3) Free: 15856M, Max: 16384K regular, 15856M humongous, Frag: 0% external, 0% internal; Reserve: 2046M, Max: 16384K
[539,349s][info][gc,start    ] GC(3) Concurrent class unloading
[539,349s][info][gc,task     ] GC(3) Using 5 of 10 workers for concurrent class unloading
[539,350s][info][gc          ] GC(3) Concurrent class unloading 1,164ms
[539,350s][info][gc,start    ] GC(3) Concurrent strong roots
[539,350s][info][gc,task     ] GC(3) Using 5 of 10 workers for concurrent strong root
[539,350s][info][gc          ] GC(3) Concurrent strong roots 0,358ms
[539,350s][info][gc,start    ] GC(3) Concurrent evacuation
[539,350s][info][gc,task     ] GC(3) Using 5 of 10 workers for concurrent evacuation
[539,630s][info][gc          ] GC(3) Concurrent evacuation 279,967ms
[539,631s][info][gc,start    ] GC(3) Pause Init Update Refs
[539,631s][info][gc,ergo     ] GC(3) Pacer for Update Refs. Used: 23631M, Free: 15856M, Non-Taxable: 1585M, Alloc Tax Rate: 1,8x
[539,631s][info][gc          ] GC(3) Pause Init Update Refs 0,093ms
[539,631s][info][gc,start    ] GC(3) Concurrent update references
[539,631s][info][gc,task     ] GC(3) Using 5 of 10 workers for concurrent reference update
[545,820s][info][gc          ] GC(3) Concurrent update references 6189,425ms
[545,820s][info][gc,start    ] GC(3) Concurrent update thread roots
[545,821s][info][gc          ] GC(3) Concurrent update thread roots 0,665ms
[545,821s][info][gc,start    ] GC(3) Pause Final Update Refs
[545,821s][info][gc,task     ] GC(3) Using 10 of 10 workers for final reference update
[545,822s][info][gc          ] GC(3) Pause Final Update Refs 0,340ms
[545,822s][info][gc,start    ] GC(3) Concurrent cleanup
[545,822s][info][gc          ] GC(3) Concurrent cleanup 24342M->23270M(24352M) 0,212ms
[545,822s][info][gc,ergo     ] Free: 15641M, Max: 16384K regular, 14816M humongous, Frag: 6% external, 0% internal; Reserve: 2048M, Max: 16384K
[545,822s][info][gc,stats    ] 
[545,822s][info][gc,stats    ] All times are wall-clock times, except per-root-class counters, that are sum over
[545,822s][info][gc,stats    ] all workers. Dividing the <total> over the root stage time estimates parallelism.
[545,822s][info][gc,stats    ] 
[545,822s][info][gc,stats    ] Concurrent Reset                  21067 us
[545,822s][info][gc,stats    ] Pause Init Mark (G)                 642 us
[545,822s][info][gc,stats    ] Pause Init Mark (N)                 327 us
[545,822s][info][gc,stats    ]   Update Region States              196 us
[545,822s][info][gc,stats    ] Concurrent Mark Roots               563 us, parallelism: 1,36x
[545,822s][info][gc,stats    ]   CMR: <total>                      764 us
[545,822s][info][gc,stats    ]   CMR: Thread Roots                 605 us, workers (us):  60, 114, 143, 127, 161, ---, ---, ---, ---, ---, 
[545,822s][info][gc,stats    ]   CMR: VM Strong Roots               18 us, workers (us):  14,   1,   1,   1,   1, ---, ---, ---, ---, ---, 
[545,822s][info][gc,stats    ]   CMR: CLDG Roots                   141 us, workers (us): 123,  18, ---, ---, ---, ---, ---, ---, ---, ---, 
[545,822s][info][gc,stats    ] Concurrent Marking             154412531 us
[545,822s][info][gc,stats    ] Pause Final Mark (G)               1281 us
[545,822s][info][gc,stats    ] Pause Final Mark (N)                929 us
[545,822s][info][gc,stats    ]   Finish Mark                       309 us
[545,822s][info][gc,stats    ]   Update Region States              124 us
[545,822s][info][gc,stats    ]   Choose Collection Set             307 us
[545,822s][info][gc,stats    ]   Rebuild Free Set                   32 us
[545,822s][info][gc,stats    ] Concurrent Thread Roots             330 us, parallelism: 2,25x
[545,822s][info][gc,stats    ]   CTR: <total>                      744 us
[545,822s][info][gc,stats    ]   CTR: Thread Roots                 744 us, workers (us): 161, 176, 174, 164,  69, ---, ---, ---, ---, ---, 
[545,822s][info][gc,stats    ] Concurrent Weak References          101 us, parallelism: 0,26x
[545,822s][info][gc,stats    ]   CWRF: <total>                      26 us
[545,822s][info][gc,stats    ]   CWRF: Weak References              26 us, workers (us):   8,   7,  11,   0,   0, ---, ---, ---, ---, ---, 
[545,822s][info][gc,stats    ] Concurrent Weak Roots               865 us
[545,822s][info][gc,stats    ]   Roots                             688 us, parallelism: 3,74x
[545,822s][info][gc,stats    ]     CWR: <total>                   2574 us
[545,822s][info][gc,stats    ]     CWR: Code Cache Roots           852 us, workers (us): 245, 158, 137, 164, 148, ---, ---, ---, ---, ---, 
[545,822s][info][gc,stats    ]     CWR: VM Weak Roots             1669 us, workers (us): 373, 368, 312, 310, 306, ---, ---, ---, ---, ---, 
[545,822s][info][gc,stats    ]     CWR: CLDG Roots                  54 us, workers (us): ---, ---, ---,  27,  27, ---, ---, ---, ---, ---, 
[545,822s][info][gc,stats    ]   Rendezvous                        150 us
[545,822s][info][gc,stats    ] Concurrent Cleanup                  395 us
[545,822s][info][gc,stats    ] Concurrent Class Unloading         1184 us
[545,822s][info][gc,stats    ]   Unlink Stale                      922 us
[545,822s][info][gc,stats    ]     System Dictionary                 7 us
[545,822s][info][gc,stats    ]     Weak Class Links                  0 us
[545,822s][info][gc,stats    ]     Code Roots                      914 us
[545,822s][info][gc,stats    ]   Rendezvous                        192 us
[545,822s][info][gc,stats    ]   Purge Unlinked                     36 us
[545,822s][info][gc,stats    ]     Code Roots                       32 us
[545,822s][info][gc,stats    ]     CLDG                              3 us
[545,822s][info][gc,stats    ]     Exception Caches                  0 us
[545,823s][info][gc,stats    ] Concurrent Strong Roots             379 us, parallelism: 1,47x
[545,823s][info][gc,stats    ]   CSR: <total>                      557 us
[545,823s][info][gc,stats    ]   CSR: VM Strong Roots               46 us, workers (us):  19,  19,   8,   0,   0, ---, ---, ---, ---, ---, 
[545,823s][info][gc,stats    ]   CSR: CLDG Roots                   511 us, workers (us): 240, ---, 271, ---, ---, ---, ---, ---, ---, ---, 
[545,823s][info][gc,stats    ] Concurrent Evacuation            280055 us
[545,823s][info][gc,stats    ] Pause Init Update Refs (G)          371 us
[545,823s][info][gc,stats    ] Pause Init Update Refs (N)          116 us
[545,823s][info][gc,stats    ]   Manage GCLABs                       7 us
[545,823s][info][gc,stats    ] Concurrent Update Refs          6189554 us
[545,823s][info][gc,stats    ] Concurrent Update Thread Roots      734 us
[545,823s][info][gc,stats    ] Pause Final Update Refs (G)         610 us
[545,823s][info][gc,stats    ] Pause Final Update Refs (N)         384 us
[545,823s][info][gc,stats    ]   Update Region States              199 us
[545,823s][info][gc,stats    ]   Trash Collection Set               18 us
[545,823s][info][gc,stats    ]   Rebuild Free Set                   38 us
[545,823s][info][gc,stats    ] Concurrent Cleanup                  249 us
[545,823s][info][gc,stats    ] 
[545,823s][info][gc,stats    ] Allocation pacing accrued:
[545,823s][info][gc,stats    ]       0 of 160913 ms (  0,0%): <total>
[545,823s][info][gc,stats    ]       0 of 160913 ms (  0,0%): <average total>
[545,823s][info][gc,stats    ] 
[545,823s][info][gc,metaspace] Metaspace: 14411K(14656K)->14418K(14656K) NonClass: 12938K(13056K)->12946K(13056K) Class: 1472K(1600K)->1472K(1600K)
[545,823s][info][gc,ergo     ] Pacer for Idle. Initial: 819M, Alloc Tax Rate: 1,0x
[545,824s][info][gc          ] Trigger: Learning 5 of 5. Free (15641M) is below initial threshold (28671M)
[545,824s][info][gc,ergo     ] Free: 15641M, Max: 16384K regular, 14816M humongous, Frag: 6% external, 0% internal; Reserve: 2048M, Max: 16384K
[545,824s][info][gc,start    ] GC(4) Concurrent reset
[545,824s][info][gc,task     ] GC(4) Using 5 of 10 workers for concurrent reset
[545,824s][info][gc,ergo     ] GC(4) Pacer for Reset. Non-Taxable: 40960M
[545,849s][info][gc          ] GC(4) Concurrent reset 25,214ms
[545,850s][info][gc,start    ] GC(4) Pause Init Mark (unload classes)
[545,850s][info][gc,task     ] GC(4) Using 10 of 10 workers for init marking
[545,850s][info][gc,ergo     ] GC(4) Pacer for Mark. Expected Live: 15241M, Free: 15641M, Non-Taxable: 1564M, Alloc Tax Rate: 1,2x
[545,850s][info][gc          ] GC(4) Pause Init Mark (unload classes) 0,313ms
[545,850s][info][gc,start    ] GC(4) Concurrent marking roots
[545,850s][info][gc,task     ] GC(4) Using 5 of 10 workers for concurrent marking roots
[545,850s][info][gc          ] GC(4) Concurrent marking roots 0,432ms
[545,850s][info][gc,start    ] GC(4) Concurrent marking (unload classes)
[545,850s][info][gc,task     ] GC(4) Using 5 of 10 workers for concurrent marking
[729,728s][info][gc          ] GC(4) Concurrent marking (unload classes) 183877,410ms
[729,728s][info][gc,start    ] GC(4) Pause Final Mark (unload classes)
[729,728s][info][gc,task     ] GC(4) Using 10 of 10 workers for final marking
[729,729s][info][gc,ergo     ] GC(4) Adaptive CSet Selection. Target Free: 5802M, Actual Free: 14544M, Max CSet: 1706M, Min Garbage: 0B
[729,729s][info][gc,ergo     ] GC(4) Collectable Garbage: 673M (91%), Immediate: 49152K (6%), CSet: 625M (85%)
[729,729s][info][gc,ergo     ] GC(4) Pacer for Evacuation. Used CSet: 1168M, Free: 12499M, Non-Taxable: 1249M, Alloc Tax Rate: 1,1x
[729,729s][info][gc          ] GC(4) Pause Final Mark (unload classes) 1,209ms
[729,729s][info][gc,start    ] GC(4) Concurrent thread roots
[729,729s][info][gc,task     ] GC(4) Using 5 of 10 workers for Concurrent thread roots
[729,730s][info][gc          ] GC(4) Concurrent thread roots 0,331ms
[729,730s][info][gc,start    ] GC(4) Concurrent weak references
[729,730s][info][gc,task     ] GC(4) Using 5 of 10 workers for concurrent weak references
[729,730s][info][gc,ref      ] GC(4) Encountered references: Soft: 3531, Weak: 897, Final: 0, Phantom: 20
[729,730s][info][gc,ref      ] GC(4) Discovered  references: Soft: 0, Weak: 45, Final: 0, Phantom: 11
[729,730s][info][gc,ref      ] GC(4) Enqueued    references: Soft: 0, Weak: 0, Final: 0, Phantom: 0
[729,730s][info][gc          ] GC(4) Concurrent weak references 0,227ms
[729,730s][info][gc,start    ] GC(4) Concurrent weak roots
[729,730s][info][gc,task     ] GC(4) Using 5 of 10 workers for concurrent weak root
[729,731s][info][gc          ] GC(4) Concurrent weak roots 1,371ms
[729,732s][info][gc,start    ] GC(4) Concurrent cleanup
[729,732s][info][gc          ] GC(4) Concurrent cleanup 26462M->26414M(26720M) 0,211ms
[729,732s][info][gc,ergo     ] GC(4) Free: 12499M, Max: 16384K regular, 12496M humongous, Frag: 0% external, 0% internal; Reserve: 2046M, Max: 16384K
[729,732s][info][gc,start    ] GC(4) Concurrent class unloading
[729,732s][info][gc,task     ] GC(4) Using 5 of 10 workers for concurrent class unloading
[729,733s][info][gc          ] GC(4) Concurrent class unloading 1,604ms
[729,733s][info][gc,start    ] GC(4) Concurrent strong roots
[729,734s][info][gc,task     ] GC(4) Using 5 of 10 workers for concurrent strong root
[729,734s][info][gc          ] GC(4) Concurrent strong roots 0,583ms
[729,734s][info][gc,start    ] GC(4) Concurrent evacuation
[729,734s][info][gc,task     ] GC(4) Using 5 of 10 workers for concurrent evacuation
[730,053s][info][gc          ] GC(4) Concurrent evacuation 319,056ms
[730,054s][info][gc,start    ] GC(4) Pause Init Update Refs
[730,054s][info][gc,ergo     ] GC(4) Pacer for Update Refs. Used: 27008M, Free: 12496M, Non-Taxable: 1249M, Alloc Tax Rate: 2,6x
[730,054s][info][gc          ] GC(4) Pause Init Update Refs 0,136ms
[730,054s][info][gc,start    ] GC(4) Concurrent update references
[730,054s][info][gc,task     ] GC(4) Using 5 of 10 workers for concurrent reference update
[737,202s][info][gc          ] GC(4) Concurrent update references 7148,541ms
[737,202s][info][gc,start    ] GC(4) Concurrent update thread roots
[737,203s][info][gc          ] GC(4) Concurrent update thread roots 0,652ms
[737,203s][info][gc,start    ] GC(4) Pause Final Update Refs
[737,203s][info][gc,task     ] GC(4) Using 10 of 10 workers for final reference update
[737,204s][info][gc          ] GC(4) Pause Final Update Refs 0,252ms
[737,204s][info][gc,start    ] GC(4) Concurrent cleanup
[737,204s][info][gc          ] GC(4) Concurrent cleanup 27573M->26405M(27584M) 0,191ms
[737,204s][info][gc,ergo     ] Free: 12506M, Max: 16384K regular, 11664M humongous, Frag: 7% external, 0% internal; Reserve: 2048M, Max: 16384K
[737,204s][info][gc,stats    ] 
[737,204s][info][gc,stats    ] All times are wall-clock times, except per-root-class counters, that are sum over
[737,204s][info][gc,stats    ] all workers. Dividing the <total> over the root stage time estimates parallelism.
[737,204s][info][gc,stats    ] 
[737,204s][info][gc,stats    ] Concurrent Reset                  25299 us
[737,204s][info][gc,stats    ] Pause Init Mark (G)                 594 us
[737,204s][info][gc,stats    ] Pause Init Mark (N)                 338 us
[737,204s][info][gc,stats    ]   Update Region States              132 us
[737,204s][info][gc,stats    ] Concurrent Mark Roots               475 us, parallelism: 1,94x
[737,204s][info][gc,stats    ]   CMR: <total>                      921 us
[737,204s][info][gc,stats    ]   CMR: Thread Roots                 737 us, workers (us):  48, 220, 217, 139, 113, ---, ---, ---, ---, ---, 
[737,204s][info][gc,stats    ]   CMR: VM Strong Roots               19 us, workers (us):   8,   9,   1,   0,   1, ---, ---, ---, ---, ---, 
[737,204s][info][gc,stats    ]   CMR: CLDG Roots                   165 us, workers (us): 143, ---,  22, ---, ---, ---, ---, ---, ---, ---, 
[737,204s][info][gc,stats    ] Concurrent Marking             183877504 us
[737,204s][info][gc,stats    ] Pause Final Mark (G)               1411 us
[737,204s][info][gc,stats    ] Pause Final Mark (N)               1242 us
[737,204s][info][gc,stats    ]   Finish Mark                       417 us
[737,204s][info][gc,stats    ]   Update Region States               63 us
[737,204s][info][gc,stats    ]   Choose Collection Set             554 us
[737,204s][info][gc,stats    ]   Rebuild Free Set                   54 us
[737,204s][info][gc,stats    ] Concurrent Thread Roots             362 us, parallelism: 2,43x
[737,204s][info][gc,stats    ]   CTR: <total>                      879 us
[737,204s][info][gc,stats    ]   CTR: Thread Roots                 879 us, workers (us): 164, 169, 169, 211, 166, ---, ---, ---, ---, ---, 
[737,204s][info][gc,stats    ] Concurrent Weak References          254 us, parallelism: 0,18x
[737,204s][info][gc,stats    ]   CWRF: <total>                      47 us
[737,204s][info][gc,stats    ]   CWRF: Weak References              47 us, workers (us):  20,  19,   2,   5,   1, ---, ---, ---, ---, ---, 
[737,204s][info][gc,stats    ] Concurrent Weak Roots              1490 us
[737,204s][info][gc,stats    ]   Roots                            1037 us, parallelism: 3,63x
[737,204s][info][gc,stats    ]     CWR: <total>                   3766 us
[737,204s][info][gc,stats    ]     CWR: Code Cache Roots          1257 us, workers (us): 273, 278, 276, 175, 255, ---, ---, ---, ---, ---, 
[737,204s][info][gc,stats    ]     CWR: VM Weak Roots             2477 us, workers (us): 503, 499, 493, 490, 490, ---, ---, ---, ---, ---, 
[737,204s][info][gc,stats    ]     CWR: CLDG Roots                  32 us, workers (us): ---, ---,  15,  17, ---, ---, ---, ---, ---, ---, 
[737,204s][info][gc,stats    ]   Rendezvous                        294 us
[737,204s][info][gc,stats    ] Concurrent Cleanup                  240 us
[737,204s][info][gc,stats    ] Concurrent Class Unloading         1677 us
[737,204s][info][gc,stats    ]   Unlink Stale                     1357 us
[737,204s][info][gc,stats    ]     System Dictionary                22 us
[737,204s][info][gc,stats    ]     Weak Class Links                  1 us
[737,204s][info][gc,stats    ]     Code Roots                     1331 us
[737,204s][info][gc,stats    ]   Rendezvous                        178 us
[737,204s][info][gc,stats    ]   Purge Unlinked                     38 us
[737,204s][info][gc,stats    ]     Code Roots                       30 us
[737,204s][info][gc,stats    ]     CLDG                              6 us
[737,204s][info][gc,stats    ]     Exception Caches                  1 us
[737,204s][info][gc,stats    ] Concurrent Strong Roots             655 us, parallelism: 0,74x
[737,204s][info][gc,stats    ]   CSR: <total>                      487 us
[737,204s][info][gc,stats    ]   CSR: VM Strong Roots               37 us, workers (us):  20,  15,   2,   0,   0, ---, ---, ---, ---, ---, 
[737,204s][info][gc,stats    ]   CSR: CLDG Roots                   450 us, workers (us): 324, ---, 126, ---, ---, ---, ---, ---, ---, ---, 
[737,204s][info][gc,stats    ] Concurrent Evacuation            319156 us
[737,204s][info][gc,stats    ] Pause Init Update Refs (G)          468 us
[737,204s][info][gc,stats    ] Pause Init Update Refs (N)          168 us
[737,204s][info][gc,stats    ]   Manage GCLABs                       9 us
[737,204s][info][gc,stats    ] Concurrent Update Refs          7148624 us
[737,205s][info][gc,stats    ] Concurrent Update Thread Roots      705 us
[737,205s][info][gc,stats    ] Pause Final Update Refs (G)         562 us
[737,205s][info][gc,stats    ] Pause Final Update Refs (N)         294 us
[737,205s][info][gc,stats    ]   Update Region States              127 us
[737,205s][info][gc,stats    ]   Trash Collection Set               13 us
[737,205s][info][gc,stats    ]   Rebuild Free Set                   49 us
[737,205s][info][gc,stats    ] Concurrent Cleanup                  243 us
[737,205s][info][gc,stats    ] 
[737,205s][info][gc,stats    ] Allocation pacing accrued:
[737,205s][info][gc,stats    ]       0 of 191382 ms (  0,0%): <total>
[737,205s][info][gc,stats    ]       0 of 191382 ms (  0,0%): <average total>
[737,205s][info][gc,stats    ] 
[737,205s][info][gc,metaspace] Metaspace: 14418K(14656K)->14444K(14720K) NonClass: 12946K(13056K)->12972K(13120K) Class: 1472K(1600K)->1472K(1600K)
[737,205s][info][gc,ergo     ] Pacer for Idle. Initial: 819M, Alloc Tax Rate: 1,0x
[737,306s][info][gc          ] Trigger: Average GC time (222018,81 ms) is above the time for average allocation rate (181 MB/s) to deplete free headroom (10427M) (margin of error = 1,80)
[737,307s][info][gc,ergo     ] Free headroom: 12475M (free) - 2047M (spike) - 0B (penalties) = 10427M
[737,307s][info][gc,ergo     ] Free: 12475M, Max: 16384K regular, 11664M humongous, Frag: 7% external, 0% internal; Reserve: 2048M, Max: 16384K
[737,307s][info][gc,start    ] GC(5) Concurrent reset
[737,307s][info][gc,task     ] GC(5) Using 5 of 10 workers for concurrent reset
[737,307s][info][gc,ergo     ] GC(5) Pacer for Reset. Non-Taxable: 40960M
[737,336s][info][gc          ] GC(5) Concurrent reset 29,440ms
[737,336s][info][gc,start    ] GC(5) Pause Init Mark (unload classes)
[737,336s][info][gc,task     ] GC(5) Using 10 of 10 workers for init marking
[737,337s][info][gc,ergo     ] GC(5) Pacer for Mark. Expected Live: 16700M, Free: 12464M, Non-Taxable: 1246M, Alloc Tax Rate: 1,6x
[737,337s][info][gc          ] GC(5) Pause Init Mark (unload classes) 0,295ms
[737,337s][info][gc,start    ] GC(5) Concurrent marking roots
[737,337s][info][gc,task     ] GC(5) Using 5 of 10 workers for concurrent marking roots
[737,337s][info][gc          ] GC(5) Concurrent marking roots 0,399ms
[737,337s][info][gc,start    ] GC(5) Concurrent marking (unload classes)
[737,337s][info][gc,task     ] GC(5) Using 5 of 10 workers for concurrent marking
[936,514s][info][gc          ] GC(5) Concurrent marking (unload classes) 199177,035ms
[936,515s][info][gc,start    ] GC(5) Pause Final Mark (unload classes)
[936,515s][info][gc,task     ] GC(5) Using 10 of 10 workers for final marking
[936,515s][info][gc,ergo     ] GC(5) Adaptive CSet Selection. Target Free: 5802M, Actual Free: 10608M, Max CSet: 1706M, Min Garbage: 0B
[936,515s][info][gc,ergo     ] GC(5) Collectable Garbage: 819M (93%), Immediate: 98304K (10%), CSet: 723M (82%)
[936,515s][info][gc,ergo     ] GC(5) Pacer for Evacuation. Used CSet: 1360M, Free: 8570M, Non-Taxable: 857M, Alloc Tax Rate: 1,1x
[936,515s][info][gc          ] GC(5) Pause Final Mark (unload classes) 0,873ms
[936,515s][info][gc,start    ] GC(5) Concurrent thread roots
[936,516s][info][gc,task     ] GC(5) Using 5 of 10 workers for Concurrent thread roots
[936,516s][info][gc          ] GC(5) Concurrent thread roots 0,404ms
[936,516s][info][gc,start    ] GC(5) Concurrent weak references
[936,516s][info][gc,task     ] GC(5) Using 5 of 10 workers for concurrent weak references
[936,516s][info][gc,ref      ] GC(5) Encountered references: Soft: 3531, Weak: 897, Final: 0, Phantom: 20
[936,516s][info][gc,ref      ] GC(5) Discovered  references: Soft: 0, Weak: 544, Final: 0, Phantom: 12
[936,516s][info][gc,ref      ] GC(5) Enqueued    references: Soft: 0, Weak: 0, Final: 0, Phantom: 0
[936,516s][info][gc          ] GC(5) Concurrent weak references 0,262ms
[936,516s][info][gc,start    ] GC(5) Concurrent weak roots
[936,516s][info][gc,task     ] GC(5) Using 5 of 10 workers for concurrent weak root
[936,517s][info][gc          ] GC(5) Concurrent weak roots 0,912ms
[936,517s][info][gc,start    ] GC(5) Concurrent cleanup
[936,517s][info][gc          ] GC(5) Concurrent cleanup 30438M->30342M(30784M) 0,149ms
[936,517s][info][gc,ergo     ] GC(5) Free: 8570M, Max: 16384K regular, 8560M humongous, Frag: 0% external, 0% internal; Reserve: 2046M, Max: 16384K
[936,517s][info][gc,start    ] GC(5) Concurrent class unloading
[936,517s][info][gc,task     ] GC(5) Using 5 of 10 workers for concurrent class unloading
[936,519s][info][gc          ] GC(5) Concurrent class unloading 1,365ms
[936,519s][info][gc,start    ] GC(5) Concurrent strong roots
[936,519s][info][gc,task     ] GC(5) Using 5 of 10 workers for concurrent strong root
[936,519s][info][gc          ] GC(5) Concurrent strong roots 0,427ms
[936,519s][info][gc,start    ] GC(5) Concurrent evacuation
[936,519s][info][gc,task     ] GC(5) Using 5 of 10 workers for concurrent evacuation
[936,795s][info][gc          ] GC(5) Concurrent evacuation 275,655ms
[936,795s][info][gc,start    ] GC(5) Pause Init Update Refs
[936,795s][info][gc,ergo     ] GC(5) Pacer for Update Refs. Used: 31032M, Free: 8567M, Non-Taxable: 856M, Alloc Tax Rate: 4,4x
[936,795s][info][gc          ] GC(5) Pause Init Update Refs 0,087ms
[936,796s][info][gc,start    ] GC(5) Concurrent update references
[936,796s][info][gc,task     ] GC(5) Using 5 of 10 workers for concurrent reference update
[944,416s][info][gc          ] GC(5) Concurrent update references 7620,035ms
[944,416s][info][gc,start    ] GC(5) Concurrent update thread roots
[944,416s][info][gc          ] GC(5) Concurrent update thread roots 0,569ms
[944,416s][info][gc,start    ] GC(5) Pause Final Update Refs
[944,416s][info][gc,task     ] GC(5) Using 10 of 10 workers for final reference update
[944,417s][info][gc          ] GC(5) Pause Final Update Refs 0,325ms
[944,417s][info][gc,start    ] GC(5) Concurrent cleanup
[944,417s][info][gc          ] GC(5) Concurrent cleanup 31063M->29703M(31072M) 0,492ms
[944,417s][info][gc,ergo     ] Free: 9208M, Max: 16384K regular, 8160M humongous, Frag: 12% external, 0% internal; Reserve: 2048M, Max: 16384K
[944,418s][info][gc,stats    ] 
[944,418s][info][gc,stats    ] All times are wall-clock times, except per-root-class counters, that are sum over
[944,418s][info][gc,stats    ] all workers. Dividing the <total> over the root stage time estimates parallelism.
[944,418s][info][gc,stats    ] 
[944,418s][info][gc,stats    ] Concurrent Reset                  29522 us
[944,418s][info][gc,stats    ] Pause Init Mark (G)                 533 us
[944,418s][info][gc,stats    ] Pause Init Mark (N)                 327 us
[944,418s][info][gc,stats    ]   Update Region States              140 us
[944,418s][info][gc,stats    ] Concurrent Mark Roots               430 us, parallelism: 2,11x
[944,418s][info][gc,stats    ]   CMR: <total>                      908 us
[944,418s][info][gc,stats    ]   CMR: Thread Roots                 703 us, workers (us): 196, 127,  51, 146, 183, ---, ---, ---, ---, ---, 
[944,418s][info][gc,stats    ]   CMR: VM Strong Roots               29 us, workers (us):  15,   8,   5,   1,   1, ---, ---, ---, ---, ---, 
[944,418s][info][gc,stats    ]   CMR: CLDG Roots                   176 us, workers (us): ---,  30, 146, ---, ---, ---, ---, ---, ---, ---, 
[944,418s][info][gc,stats    ] Concurrent Marking             199177190 us
[944,418s][info][gc,stats    ] Pause Final Mark (G)               1166 us
[944,418s][info][gc,stats    ] Pause Final Mark (N)                895 us
[944,418s][info][gc,stats    ]   Finish Mark                       316 us
[944,418s][info][gc,stats    ]   Update Region States               50 us
[944,418s][info][gc,stats    ]   Choose Collection Set             374 us
[944,418s][info][gc,stats    ]   Rebuild Free Set                   31 us
[944,418s][info][gc,stats    ] Concurrent Thread Roots             472 us, parallelism: 1,51x
[944,418s][info][gc,stats    ]   CTR: <total>                      711 us
[944,418s][info][gc,stats    ]   CTR: Thread Roots                 711 us, workers (us): 204, 136, 181, 110,  80, ---, ---, ---, ---, ---, 
[944,418s][info][gc,stats    ] Concurrent Weak References          282 us, parallelism: 0,22x
[944,418s][info][gc,stats    ]   CWRF: <total>                      63 us
[944,418s][info][gc,stats    ]   CWRF: Weak References              63 us, workers (us):  46,  17,   0,   0,   0, ---, ---, ---, ---, ---, 
[944,418s][info][gc,stats    ] Concurrent Weak Roots               959 us
[944,418s][info][gc,stats    ]   Roots                             665 us, parallelism: 3,45x
[944,418s][info][gc,stats    ]     CWR: <total>                   2296 us
[944,418s][info][gc,stats    ]     CWR: Code Cache Roots           796 us, workers (us): 152, 196, 170,  98, 180, ---, ---, ---, ---, ---, 
[944,418s][info][gc,stats    ]     CWR: VM Weak Roots             1477 us, workers (us): 357, 296, 293, 291, 241, ---, ---, ---, ---, ---, 
[944,418s][info][gc,stats    ]     CWR: CLDG Roots                  22 us, workers (us): ---,   6, ---,  17, ---, ---, ---, ---, ---, ---, 
[944,418s][info][gc,stats    ]   Rendezvous                        223 us
[944,418s][info][gc,stats    ] Concurrent Cleanup                  167 us
[944,418s][info][gc,stats    ] Concurrent Class Unloading         1421 us
[944,418s][info][gc,stats    ]   Unlink Stale                     1090 us
[944,418s][info][gc,stats    ]     System Dictionary                 9 us
[944,418s][info][gc,stats    ]     Weak Class Links                  0 us
[944,418s][info][gc,stats    ]     Code Roots                     1079 us
[944,418s][info][gc,stats    ]   Rendezvous                        208 us
[944,418s][info][gc,stats    ]   Purge Unlinked                     43 us
[944,418s][info][gc,stats    ]     Code Roots                       36 us
[944,418s][info][gc,stats    ]     CLDG                              7 us
[944,418s][info][gc,stats    ]     Exception Caches                  0 us
[944,418s][info][gc,stats    ] Concurrent Strong Roots             483 us, parallelism: 0,74x
[944,418s][info][gc,stats    ]   CSR: <total>                      356 us
[944,418s][info][gc,stats    ]   CSR: VM Strong Roots               29 us, workers (us):  21,   7,   1,   0,   0, ---, ---, ---, ---, ---, 
[944,418s][info][gc,stats    ]   CSR: CLDG Roots                   326 us, workers (us): 112, 215, ---, ---, ---, ---, ---, ---, ---, ---, 
[944,418s][info][gc,stats    ] Concurrent Evacuation            275739 us
[944,418s][info][gc,stats    ] Pause Init Update Refs (G)          489 us
[944,418s][info][gc,stats    ] Pause Init Update Refs (N)          106 us
[944,418s][info][gc,stats    ]   Manage GCLABs                       6 us
[944,418s][info][gc,stats    ] Concurrent Update Refs          7620118 us
[944,418s][info][gc,stats    ] Concurrent Update Thread Roots      621 us
[944,418s][info][gc,stats    ] Pause Final Update Refs (G)         680 us
[944,418s][info][gc,stats    ] Pause Final Update Refs (N)         364 us
[944,418s][info][gc,stats    ]   Update Region States              188 us
[944,418s][info][gc,stats    ]   Trash Collection Set               34 us
[944,418s][info][gc,stats    ]   Rebuild Free Set                   46 us
[944,418s][info][gc,stats    ] Concurrent Cleanup                  518 us
[944,418s][info][gc,stats    ] 
[944,418s][info][gc,stats    ] Allocation pacing accrued:
[944,418s][info][gc,stats    ]       0 of 207213 ms (  0,0%): <total>
[944,418s][info][gc,stats    ]       0 of 207213 ms (  0,0%): <average total>
[944,418s][info][gc,stats    ] 
[944,418s][info][gc,metaspace] Metaspace: 14444K(14720K)->14454K(14720K) NonClass: 12972K(13120K)->12982K(13120K) Class: 1472K(1600K)->1472K(1600K)
[944,418s][info][gc,ergo     ] Pacer for Idle. Initial: 819M, Alloc Tax Rate: 1,0x
[944,419s][info][gc          ] Trigger: Average GC time (240716,58 ms) is above the time for average allocation rate (104 MB/s) to deplete free headroom (7160M) (margin of error = 1,82)
[944,419s][info][gc,ergo     ] Free headroom: 9208M (free) - 2047M (spike) - 0B (penalties) = 7160M
[944,419s][info][gc,ergo     ] Free: 9208M, Max: 16384K regular, 8160M humongous, Frag: 12% external, 0% internal; Reserve: 2048M, Max: 16384K
[944,419s][info][gc,start    ] GC(6) Concurrent reset
[944,419s][info][gc,task     ] GC(6) Using 5 of 10 workers for concurrent reset
[944,419s][info][gc,ergo     ] GC(6) Pacer for Reset. Non-Taxable: 40960M
[944,453s][info][gc          ] GC(6) Concurrent reset 33,789ms
[944,453s][info][gc,start    ] GC(6) Pause Init Mark (unload classes)
[944,453s][info][gc,task     ] GC(6) Using 10 of 10 workers for init marking
[944,454s][info][gc,ergo     ] GC(6) Pacer for Mark. Expected Live: 19839M, Free: 9208M, Non-Taxable: 920M, Alloc Tax Rate: 2,6x
[944,454s][info][gc          ] GC(6) Pause Init Mark (unload classes) 0,271ms
[944,454s][info][gc,start    ] GC(6) Concurrent marking roots
[944,454s][info][gc,task     ] GC(6) Using 5 of 10 workers for concurrent marking roots
[944,454s][info][gc          ] GC(6) Concurrent marking roots 0,487ms
[944,454s][info][gc,start    ] GC(6) Concurrent marking (unload classes)
[944,454s][info][gc,task     ] GC(6) Using 5 of 10 workers for concurrent marking
[1172,445s][info][gc          ] GC(6) Concurrent marking (unload classes) 227990,615ms
[1172,445s][info][gc,start    ] GC(6) Pause Final Mark (unload classes)
[1172,445s][info][gc,task     ] GC(6) Using 10 of 10 workers for final marking
[1172,446s][info][gc,ergo     ] GC(6) Adaptive CSet Selection. Target Free: 5802M, Actual Free: 7424M, Max CSet: 1706M, Min Garbage: 0B
[1172,446s][info][gc,ergo     ] GC(6) Collectable Garbage: 811M (91%), Immediate: 144M (16%), CSet: 667M (75%)
[1172,446s][info][gc,ergo     ] GC(6) Pacer for Evacuation. Used CSet: 1312M, Free: 5376M, Non-Taxable: 537M, Alloc Tax Rate: 1,1x
[1172,446s][info][gc          ] GC(6) Pause Final Mark (unload classes) 1,063ms
[1172,446s][info][gc,start    ] GC(6) Concurrent thread roots
[1172,446s][info][gc,task     ] GC(6) Using 5 of 10 workers for Concurrent thread roots
[1172,447s][info][gc          ] GC(6) Concurrent thread roots 0,482ms
[1172,447s][info][gc,start    ] GC(6) Concurrent weak references
[1172,447s][info][gc,task     ] GC(6) Using 5 of 10 workers for concurrent weak references
[1172,447s][info][gc,ref      ] GC(6) Encountered references: Soft: 3531, Weak: 897, Final: 0, Phantom: 20
[1172,447s][info][gc,ref      ] GC(6) Discovered  references: Soft: 0, Weak: 35, Final: 0, Phantom: 11
[1172,447s][info][gc,ref      ] GC(6) Enqueued    references: Soft: 0, Weak: 0, Final: 0, Phantom: 0
[1172,447s][info][gc          ] GC(6) Concurrent weak references 0,102ms
[1172,447s][info][gc,start    ] GC(6) Concurrent weak roots
[1172,447s][info][gc,task     ] GC(6) Using 5 of 10 workers for concurrent weak root
[1172,448s][info][gc          ] GC(6) Concurrent weak roots 0,701ms
[1172,448s][info][gc,start    ] GC(6) Concurrent cleanup
[1172,448s][info][gc          ] GC(6) Concurrent cleanup 33680M->33536M(34000M) 0,415ms
[1172,448s][info][gc,ergo     ] GC(6) Free: 5376M, Max: 16384K regular, 5376M humongous, Frag: 0% external, 0% internal; Reserve: 2047M, Max: 16384K
[1172,448s][info][gc,start    ] GC(6) Concurrent class unloading
[1172,448s][info][gc,task     ] GC(6) Using 5 of 10 workers for concurrent class unloading
[1172,449s][info][gc          ] GC(6) Concurrent class unloading 1,288ms
[1172,450s][info][gc,start    ] GC(6) Concurrent strong roots
[1172,450s][info][gc,task     ] GC(6) Using 5 of 10 workers for concurrent strong root
[1172,450s][info][gc          ] GC(6) Concurrent strong roots 0,279ms
[1172,450s][info][gc,start    ] GC(6) Concurrent evacuation
[1172,450s][info][gc,task     ] GC(6) Using 5 of 10 workers for concurrent evacuation
[1172,714s][info][gc          ] GC(6) Concurrent evacuation 264,538ms
[1172,715s][info][gc,start    ] GC(6) Pause Init Update Refs
[1172,715s][info][gc,ergo     ] GC(6) Pacer for Update Refs. Used: 34240M, Free: 5376M, Non-Taxable: 537M, Alloc Tax Rate: 7,8x
[1172,715s][info][gc          ] GC(6) Pause Init Update Refs 0,080ms
[1172,715s][info][gc,start    ] GC(6) Concurrent update references
[1172,715s][info][gc,task     ] GC(6) Using 5 of 10 workers for concurrent reference update
[1179,282s][info][gc          ] GC(6) Concurrent update references 6566,680ms
[1179,282s][info][gc,start    ] GC(6) Concurrent update thread roots
[1179,283s][info][gc          ] GC(6) Concurrent update thread roots 0,900ms
[1179,283s][info][gc,start    ] GC(6) Pause Final Update Refs
[1179,283s][info][gc,task     ] GC(6) Using 10 of 10 workers for final reference update
[1179,284s][info][gc          ] GC(6) Pause Final Update Refs 0,287ms
[1179,284s][info][gc,start    ] GC(6) Concurrent cleanup
[1179,284s][info][gc          ] GC(6) Concurrent cleanup 34934M->33622M(34944M) 0,484ms
[1179,284s][info][gc,ergo     ] Free: 5289M, Max: 16384K regular, 4272M humongous, Frag: 20% external, 0% internal; Reserve: 2048M, Max: 16384K
[1179,284s][info][gc,stats    ] 
[1179,284s][info][gc,stats    ] All times are wall-clock times, except per-root-class counters, that are sum over
[1179,284s][info][gc,stats    ] all workers. Dividing the <total> over the root stage time estimates parallelism.
[1179,284s][info][gc,stats    ] 
[1179,284s][info][gc,stats    ] Concurrent Reset                  33860 us
[1179,284s][info][gc,stats    ] Pause Init Mark (G)                 579 us
[1179,284s][info][gc,stats    ] Pause Init Mark (N)                 298 us
[1179,284s][info][gc,stats    ]   Update Region States              149 us
[1179,284s][info][gc,stats    ] Concurrent Mark Roots               539 us, parallelism: 1,41x
[1179,284s][info][gc,stats    ]   CMR: <total>                      758 us
[1179,284s][info][gc,stats    ]   CMR: Thread Roots                 600 us, workers (us): 170,  60, 123,  91, 156, ---, ---, ---, ---, ---, 
[1179,284s][info][gc,stats    ]   CMR: VM Strong Roots               20 us, workers (us):  10,   8,   0,   1,   1, ---, ---, ---, ---, ---, 
[1179,284s][info][gc,stats    ]   CMR: CLDG Roots                   138 us, workers (us):  20, 118, ---, ---, ---, ---, ---, ---, ---, ---, 
[1179,284s][info][gc,stats    ] Concurrent Marking             227990698 us
[1179,284s][info][gc,stats    ] Pause Final Mark (G)               1357 us
[1179,284s][info][gc,stats    ] Pause Final Mark (N)               1084 us
[1179,284s][info][gc,stats    ]   Finish Mark                       317 us
[1179,284s][info][gc,stats    ]   Update Region States               60 us
[1179,284s][info][gc,stats    ]   Choose Collection Set             562 us
[1179,284s][info][gc,stats    ]   Rebuild Free Set                   32 us
[1179,284s][info][gc,stats    ] Concurrent Thread Roots             533 us, parallelism: 1,28x
[1179,284s][info][gc,stats    ]   CTR: <total>                      685 us
[1179,284s][info][gc,stats    ]   CTR: Thread Roots                 685 us, workers (us): 129, 114, 121, 125, 196, ---, ---, ---, ---, ---, 
[1179,284s][info][gc,stats    ] Concurrent Weak References          114 us, parallelism: 0,12x
[1179,284s][info][gc,stats    ]   CWRF: <total>                      14 us
[1179,284s][info][gc,stats    ]   CWRF: Weak References              14 us, workers (us):  13,   0,   0,   0,   0, ---, ---, ---, ---, ---, 
[1179,284s][info][gc,stats    ] Concurrent Weak Roots               751 us
[1179,284s][info][gc,stats    ]   Roots                             531 us, parallelism: 2,40x
[1179,284s][info][gc,stats    ]     CWR: <total>                   1272 us
[1179,284s][info][gc,stats    ]     CWR: Code Cache Roots           701 us, workers (us): 181, 109, 200,  99, 112, ---, ---, ---, ---, ---, 
[1179,284s][info][gc,stats    ]     CWR: VM Weak Roots              545 us, workers (us): 156, 154, 151,  46,  39, ---, ---, ---, ---, ---, 
[1179,284s][info][gc,stats    ]     CWR: CLDG Roots                  25 us, workers (us): ---,  15, ---,  10, ---, ---, ---, ---, ---, ---, 
[1179,284s][info][gc,stats    ]   Rendezvous                        151 us
[1179,284s][info][gc,stats    ] Concurrent Cleanup                  430 us
[1179,284s][info][gc,stats    ] Concurrent Class Unloading         1340 us
[1179,284s][info][gc,stats    ]   Unlink Stale                     1060 us
[1179,284s][info][gc,stats    ]     System Dictionary                13 us
[1179,284s][info][gc,stats    ]     Weak Class Links                  0 us
[1179,284s][info][gc,stats    ]     Code Roots                     1045 us
[1179,284s][info][gc,stats    ]   Rendezvous                        158 us
[1179,284s][info][gc,stats    ]   Purge Unlinked                     53 us
[1179,284s][info][gc,stats    ]     Code Roots                       45 us
[1179,284s][info][gc,stats    ]     CLDG                              8 us
[1179,284s][info][gc,stats    ]     Exception Caches                  0 us
[1179,284s][info][gc,stats    ] Concurrent Strong Roots             329 us, parallelism: 0,29x
[1179,285s][info][gc,stats    ]   CSR: <total>                       95 us
[1179,285s][info][gc,stats    ]   CSR: VM Strong Roots               13 us, workers (us):   7,   5,   1,   0,   0, ---, ---, ---, ---, ---, 
[1179,285s][info][gc,stats    ]   CSR: CLDG Roots                    83 us, workers (us):  58,  25, ---, ---, ---, ---, ---, ---, ---, ---, 
[1179,285s][info][gc,stats    ] Concurrent Evacuation            264607 us
[1179,285s][info][gc,stats    ] Pause Init Update Refs (G)          395 us
[1179,285s][info][gc,stats    ] Pause Init Update Refs (N)          101 us
[1179,285s][info][gc,stats    ]   Manage GCLABs                       6 us
[1179,285s][info][gc,stats    ] Concurrent Update Refs          6567051 us
[1179,285s][info][gc,stats    ] Concurrent Update Thread Roots      963 us
[1179,285s][info][gc,stats    ] Pause Final Update Refs (G)         559 us
[1179,285s][info][gc,stats    ] Pause Final Update Refs (N)         339 us
[1179,285s][info][gc,stats    ]   Update Region States              161 us
[1179,285s][info][gc,stats    ]   Trash Collection Set                9 us
[1179,285s][info][gc,stats    ]   Rebuild Free Set                   41 us
[1179,285s][info][gc,stats    ] Concurrent Cleanup                  513 us
[1179,285s][info][gc,stats    ] 
[1179,285s][info][gc,stats    ] Allocation pacing accrued:
[1179,285s][info][gc,stats    ]       0 of 234867 ms (  0,0%): <total>
[1179,285s][info][gc,stats    ]       0 of 234867 ms (  0,0%): <average total>
[1179,285s][info][gc,stats    ] 
[1179,285s][info][gc,metaspace] Metaspace: 14454K(14720K)->14527K(14784K) NonClass: 12982K(13120K)->13055K(13184K) Class: 1472K(1600K)->1472K(1600K)
[1179,285s][info][gc,ergo     ] Pacer for Idle. Initial: 819M, Alloc Tax Rate: 1,0x
[1179,286s][info][gc          ] Trigger: Average GC time (269188,58 ms) is above the time for average allocation rate (68215 KB/s) to deplete free headroom (3241M) (margin of error = 1,83)
[1179,286s][info][gc,ergo     ] Free headroom: 5289M (free) - 2047M (spike) - 0B (penalties) = 3241M
[1179,286s][info][gc,ergo     ] Free: 5289M, Max: 16384K regular, 4272M humongous, Frag: 20% external, 0% internal; Reserve: 2048M, Max: 16384K
[1179,286s][info][gc,start    ] GC(7) Concurrent reset
[1179,286s][info][gc,task     ] GC(7) Using 5 of 10 workers for concurrent reset
[1179,286s][info][gc,ergo     ] GC(7) Pacer for Reset. Non-Taxable: 40960M
[1179,323s][info][gc          ] GC(7) Concurrent reset 37,269ms
[1179,323s][info][gc,start    ] GC(7) Pause Init Mark (unload classes)
[1179,324s][info][gc,task     ] GC(7) Using 10 of 10 workers for init marking
[1179,324s][info][gc,ergo     ] GC(7) Pacer for Mark. Expected Live: 22616M, Free: 5289M, Non-Taxable: 528M, Alloc Tax Rate: 5,2x
[1179,324s][info][gc          ] GC(7) Pause Init Mark (unload classes) 0,354ms
[1179,324s][info][gc,start    ] GC(7) Concurrent marking roots
[1179,324s][info][gc,task     ] GC(7) Using 5 of 10 workers for concurrent marking roots
[1179,324s][info][gc          ] GC(7) Concurrent marking roots 0,469ms
[1179,324s][info][gc,start    ] GC(7) Concurrent marking (unload classes)
[1179,324s][info][gc,task     ] GC(7) Using 5 of 10 workers for concurrent marking
[1216,539s][info][gc          ] Cancelling GC: Stopping VM
[1216,539s][info][gc          ] GC(7) Concurrent marking (unload classes) 37214,528ms
[1216,539s][info][gc,ergo     ] Free: 5191M, Max: 16384K regular, 4272M humongous, Frag: 18% external, 0% internal; Reserve: 2048M, Max: 16384K
[1216,539s][info][gc,stats    ] 
[1216,539s][info][gc,stats    ] All times are wall-clock times, except per-root-class counters, that are sum over
[1216,539s][info][gc,stats    ] all workers. Dividing the <total> over the root stage time estimates parallelism.
[1216,539s][info][gc,stats    ] 
[1216,539s][info][gc,stats    ] Concurrent Reset                  37364 us
[1216,539s][info][gc,stats    ] Pause Init Mark (G)                 661 us
[1216,539s][info][gc,stats    ] Pause Init Mark (N)                 380 us
[1216,539s][info][gc,stats    ]   Update Region States              182 us
[1216,539s][info][gc,stats    ] Concurrent Mark Roots               502 us, parallelism: 1,50x
[1216,539s][info][gc,stats    ]   CMR: <total>                      755 us
[1216,539s][info][gc,stats    ]   CMR: Thread Roots                 608 us, workers (us): 111, 137, 169,  81, 110, ---, ---, ---, ---, ---, 
[1216,539s][info][gc,stats    ]   CMR: VM Strong Roots               16 us, workers (us):  12,   1,   1,   1,   1, ---, ---, ---, ---, ---, 
[1216,539s][info][gc,stats    ]   CMR: CLDG Roots                   132 us, workers (us): 121,  11, ---, ---, ---, ---, ---, ---, ---, ---, 
[1216,539s][info][gc,stats    ] 
[1216,539s][info][gc,stats    ] Allocation pacing accrued:
[1216,539s][info][gc,stats    ]       0 of 37255 ms (  0,0%): <total>
[1216,539s][info][gc,stats    ]       0 of 37255 ms (  0,0%): <average total>
[1216,539s][info][gc,stats    ] 
[1216,539s][info][gc,metaspace] Metaspace: 14527K(14784K)->14551K(14784K) NonClass: 13055K(13184K)->13073K(13184K) Class: 1472K(1600K)->1477K(1600K)
[1216,539s][info][gc,ergo     ] Pacer for Idle. Initial: 819M, Alloc Tax Rate: 1,0x
[1216,540s][info][gc,heap,exit] Heap
[1216,540s][info][gc,heap,exit] Shenandoah Heap
[1216,540s][info][gc,heap,exit]  40960M max, 40960M soft max, 34944M committed, 33720M used
[1216,540s][info][gc,heap,exit]  2560 x 16384K regions
[1216,541s][info][gc,heap,exit] Status: marking, cancelled
[1216,541s][info][gc,heap,exit] Reserved region:
[1216,541s][info][gc,heap,exit]  - [0x00007fbc8c000000, 0x00007fc68c000000) 
[1216,541s][info][gc,heap,exit] Collection set:
[1216,541s][info][gc,heap,exit]  - map (vanilla): 0x000000000080bc8c
[1216,541s][info][gc,heap,exit]  - map (biased):  0x0000000000010000
[1216,541s][info][gc,heap,exit] 
[1216,541s][info][gc,heap,exit]  Metaspace       used 14551K, committed 14784K, reserved 1114112K
[1216,541s][info][gc,heap,exit]   class space    used 1477K, committed 1600K, reserved 1048576K
[1216,541s][info][gc,stats    ] 
[1216,541s][info][gc,stats    ] GC STATISTICS:
[1216,541s][info][gc,stats    ]   "(G)" (gross) pauses include VM time: time to notify and block threads, do the pre-
[1216,541s][info][gc,stats    ]         and post-safepoint housekeeping. Use -Xlog:safepoint+stats to dissect.
[1216,541s][info][gc,stats    ]   "(N)" (net) pauses are the times spent in the actual GC code.
[1216,541s][info][gc,stats    ]   "a" is average time for each phase, look at levels to see if average makes sense.
[1216,541s][info][gc,stats    ]   "lvls" are quantiles: 0% (minimum), 25%, 50% (median), 75%, 100% (maximum).
[1216,541s][info][gc,stats    ] 
[1216,541s][info][gc,stats    ]   All times are wall-clock times, except per-root-class counters, that are sum over
[1216,541s][info][gc,stats    ]   all workers. Dividing the <total> over the root stage time estimates parallelism.
[1216,541s][info][gc,stats    ] 
[1216,541s][info][gc,stats    ]   Pacing delays are measured from entering the pacing code till exiting it. Therefore,
[1216,541s][info][gc,stats    ]   observed pacing delays may be higher than the threshold when paced thread spent more
[1216,541s][info][gc,stats    ]   time in the pacing code. It usually happens when thread is de-scheduled while paced,
[1216,541s][info][gc,stats    ]   OS takes longer to unblock the thread, or JVM experiences an STW pause.
[1216,541s][info][gc,stats    ] 
[1216,541s][info][gc,stats    ]   Higher delay would prevent application outpacing the GC, but it will hide the GC latencies
[1216,541s][info][gc,stats    ]   from the STW pause times. Pacing affects the individual threads, and so it would also be
[1216,541s][info][gc,stats    ]   invisible to the usual profiling tools, but would add up to end-to-end application latency.
[1216,541s][info][gc,stats    ]   Raise max pacing delay with care.
[1216,541s][info][gc,stats    ] 
[1216,541s][info][gc,stats    ] Concurrent Reset               =    0,182 s (a =    22792 us) (n =     8) (lvls, us =      520,    11914,    22461,    29492,    37364)
[1216,541s][info][gc,stats    ] Pause Init Mark (G)            =    0,005 s (a =      569 us) (n =     8) (lvls, us =      434,      533,      566,      594,      661)
[1216,541s][info][gc,stats    ] Pause Init Mark (N)            =    0,002 s (a =      303 us) (n =     8) (lvls, us =      223,      225,      305,      326,      380)
[1216,541s][info][gc,stats    ]   Update Region States         =    0,001 s (a =      148 us) (n =     8) (lvls, us =       68,      131,      145,      170,      196)
[1216,541s][info][gc,stats    ] Concurrent Mark Roots          =    0,004 s (a =      538 us) (n =     8) (lvls, us =      430,      475,      504,      563,      686)
[1216,541s][info][gc,stats    ]   CMR: <total>                 =    0,007 s (a =      933 us) (n =     8) (lvls, us =      754,      758,      768,      906,     1705)
[1216,541s][info][gc,stats    ]   CMR: Thread Roots            =    0,006 s (a =      735 us) (n =     8) (lvls, us =      600,      604,      631,      717,     1280)
[1216,541s][info][gc,stats    ]   CMR: VM Strong Roots         =    0,000 s (a =       21 us) (n =     8) (lvls, us =       16,       16,       19,       26,       29)
[1216,541s][info][gc,stats    ]   CMR: CLDG Roots              =    0,001 s (a =      176 us) (n =     8) (lvls, us =      121,      131,      139,      164,      397)
[1216,541s][info][gc,stats    ] Concurrent Marking             = 1099,474 s (a = 157067753 us) (n =     7) (lvls, us = 80664062, 80664062, 138671875, 183593750, 227990698)
[1216,541s][info][gc,stats    ] Pause Final Mark (G)           =    0,009 s (a =     1236 us) (n =     7) (lvls, us =      939,      939,     1230,     1270,     1411)
[1216,541s][info][gc,stats    ] Pause Final Mark (N)           =    0,007 s (a =      998 us) (n =     7) (lvls, us =      695,      695,      928,     1074,     1242)
[1216,541s][info][gc,stats    ]   Finish Mark                  =    0,003 s (a =      369 us) (n =     7) (lvls, us =      295,      295,      311,      316,      614)
[1216,541s][info][gc,stats    ]   Update Region States         =    0,001 s (a =       73 us) (n =     7) (lvls, us =       49,       49,       60,       71,      124)
[1216,541s][info][gc,stats    ]   Choose Collection Set        =    0,003 s (a =      389 us) (n =     7) (lvls, us =      193,      193,      307,      467,      562)
[1216,541s][info][gc,stats    ]   Rebuild Free Set             =    0,000 s (a =       34 us) (n =     7) (lvls, us =       18,       18,       31,       32,       54)
[1216,541s][info][gc,stats    ] Concurrent Thread Roots        =    0,034 s (a =     4889 us) (n =     7) (lvls, us =      330,      330,      471,      828,    20628)
[1216,541s][info][gc,stats    ]   CTR: <total>                 =    0,155 s (a =    22145 us) (n =     7) (lvls, us =      684,      684,      744,     1406,    97700)
[1216,541s][info][gc,stats    ]   CTR: Thread Roots            =    0,155 s (a =    22145 us) (n =     7) (lvls, us =      684,      684,      744,     1406,    97700)
[1216,541s][info][gc,stats    ] Concurrent Weak References     =    0,002 s (a =      294 us) (n =     7) (lvls, us =      100,      100,      252,      281,      612)
[1216,541s][info][gc,stats    ]   CWRF: <total>                =    0,001 s (a =       93 us) (n =     7) (lvls, us =       14,       14,       31,       47,      425)
[1216,541s][info][gc,stats    ]   CWRF: Weak References        =    0,001 s (a =       93 us) (n =     7) (lvls, us =       14,       14,       31,       47,      425)
[1216,541s][info][gc,stats    ] Concurrent Weak Roots          =    0,008 s (a =     1116 us) (n =     7) (lvls, us =      750,      750,      926,     1387,     1490)
[1216,541s][info][gc,stats    ]   Roots                        =    0,006 s (a =      796 us) (n =     7) (lvls, us =      529,      529,      664,      891,     1096)
[1216,541s][info][gc,stats    ]     CWR: <total>               =    0,019 s (a =     2700 us) (n =     7) (lvls, us =     1270,     1270,     2285,     2832,     4008)
[1216,541s][info][gc,stats    ]     CWR: Code Cache Roots      =    0,006 s (a =      856 us) (n =     7) (lvls, us =      701,      701,      734,      852,     1257)
[1216,541s][info][gc,stats    ]     CWR: VM Weak Roots         =    0,013 s (a =     1810 us) (n =     7) (lvls, us =      545,      545,     1465,     2090,     3028)
[1216,541s][info][gc,stats    ]     CWR: CLDG Roots            =    0,000 s (a =       34 us) (n =     7) (lvls, us =       22,       22,       27,       34,       54)
[1216,541s][info][gc,stats    ]   Rendezvous                   =    0,002 s (a =      230 us) (n =     7) (lvls, us =      150,      150,      186,      223,      411)
[1216,541s][info][gc,stats    ] Concurrent Cleanup             =    0,014 s (a =     1934 us) (n =     7) (lvls, us =      166,      166,      395,      506,    10877)
[1216,541s][info][gc,stats    ] Concurrent Class Unloading     =    0,012 s (a =     1667 us) (n =     7) (lvls, us =     1172,     1172,     1348,     1660,     2453)
[1216,542s][info][gc,stats    ]   Unlink Stale                 =    0,009 s (a =     1272 us) (n =     7) (lvls, us =      922,      922,     1074,     1270,     2106)
[1216,542s][info][gc,stats    ]     System Dictionary          =    0,000 s (a =       16 us) (n =     7) (lvls, us =        7,        7,       13,       22,       27)
[1216,542s][info][gc,stats    ]     Weak Class Links           =    0,000 s (a =        0 us) (n =     7) (lvls, us =        0,        0,        0,        0,        1)
[1216,542s][info][gc,stats    ]     Code Roots                 =    0,009 s (a =     1253 us) (n =     7) (lvls, us =      914,      914,     1055,     1250,     2075)
[1216,542s][info][gc,stats    ]   Rendezvous                   =    0,001 s (a =      186 us) (n =     7) (lvls, us =      154,      154,      178,      191,      233)
[1216,542s][info][gc,stats    ]   Purge Unlinked               =    0,001 s (a =      125 us) (n =     7) (lvls, us =       30,       30,       38,       52,      622)
[1216,542s][info][gc,stats    ]     Code Roots                 =    0,001 s (a =      117 us) (n =     7) (lvls, us =       23,       23,       32,       45,      611)
[1216,542s][info][gc,stats    ]     CLDG                       =    0,000 s (a =        7 us) (n =     7) (lvls, us =        3,        3,        6,        7,       11)
[1216,542s][info][gc,stats    ]     Exception Caches           =    0,000 s (a =        0 us) (n =     7) (lvls, us =        0,        0,        0,        0,        1)
[1216,542s][info][gc,stats    ] Concurrent Strong Roots        =    0,004 s (a =      537 us) (n =     7) (lvls, us =      328,      328,      482,      654,      700)
[1216,542s][info][gc,stats    ]   CSR: <total>                 =    0,003 s (a =      442 us) (n =     7) (lvls, us =       95,       95,      369,      557,      635)
[1216,542s][info][gc,stats    ]   CSR: VM Strong Roots         =    0,000 s (a =       34 us) (n =     7) (lvls, us =       13,       13,       29,       37,       56)
[1216,542s][info][gc,stats    ]   CSR: CLDG Roots              =    0,003 s (a =      408 us) (n =     7) (lvls, us =       83,       83,      346,      510,      580)
[1216,542s][info][gc,stats    ] Concurrent Evacuation          =    1,628 s (a =   232583 us) (n =     7) (lvls, us =    51758,    51758,   263672,   279297,   319156)
[1216,542s][info][gc,stats    ] Pause Init Update Refs (G)     =    0,003 s (a =      436 us) (n =     7) (lvls, us =      340,      340,      395,      467,      544)
[1216,542s][info][gc,stats    ] Pause Init Update Refs (N)     =    0,001 s (a =      124 us) (n =     7) (lvls, us =      100,      100,      115,      127,      168)
[1216,542s][info][gc,stats    ]   Manage GCLABs                =    0,000 s (a =        7 us) (n =     7) (lvls, us =        6,        6,        6,        7,        9)
[1216,542s][info][gc,stats    ] Concurrent Update Refs         =   40,841 s (a =  5834445 us) (n =     7) (lvls, us =  3457031,  3457031,  5468750,  6562500,  7620118)
[1216,542s][info][gc,stats    ] Concurrent Update Thread Roots =    0,005 s (a =      760 us) (n =     7) (lvls, us =      619,      619,      703,      766,      963)
[1216,542s][info][gc,stats    ] Pause Final Update Refs (G)    =    0,004 s (a =      578 us) (n =     7) (lvls, us =      506,      506,      557,      607,      680)
[1216,542s][info][gc,stats    ] Pause Final Update Refs (N)    =    0,002 s (a =      337 us) (n =     7) (lvls, us =      293,      293,      320,      338,      384)
[1216,542s][info][gc,stats    ]   Update Region States         =    0,001 s (a =      151 us) (n =     7) (lvls, us =       71,       71,      143,      166,      199)
[1216,542s][info][gc,stats    ]   Trash Collection Set         =    0,000 s (a =       14 us) (n =     7) (lvls, us =        7,        7,        9,       13,       34)
[1216,542s][info][gc,stats    ]   Rebuild Free Set             =    0,000 s (a =       44 us) (n =     7) (lvls, us =       38,       38,       41,       46,       52)
[1216,542s][info][gc,stats    ] Concurrent Cleanup             =    0,003 s (a =      384 us) (n =     7) (lvls, us =      191,      191,      248,      488,      518)
[1216,542s][info][gc,stats    ] 
[1216,542s][info][gc,stats    ] 
[1216,542s][info][gc,stats    ] Under allocation pressure, concurrent cycles may cancel, and either continue cycle
[1216,542s][info][gc,stats    ] under stop-the-world pause or result in stop-the-world Full GC. Increase heap size,
[1216,542s][info][gc,stats    ] tune GC heuristics, set more aggressive pacing delay, or lower allocation rate
[1216,542s][info][gc,stats    ] to avoid Degenerated and Full GC cycles.
[1216,542s][info][gc,stats    ] 
[1216,542s][info][gc,stats    ]     7 successful concurrent GCs
[1216,542s][info][gc,stats    ]       0 invoked explicitly
[1216,542s][info][gc,stats    ]       0 invoked implicitly
[1216,542s][info][gc,stats    ] 
[1216,542s][info][gc,stats    ]     0 Degenerated GCs
[1216,542s][info][gc,stats    ]       0 caused by allocation failure
[1216,542s][info][gc,stats    ]       0 upgraded to Full GC
[1216,542s][info][gc,stats    ] 
[1216,542s][info][gc,stats    ]     0 Full GCs
[1216,542s][info][gc,stats    ]       0 invoked explicitly
[1216,542s][info][gc,stats    ]       0 invoked implicitly
[1216,542s][info][gc,stats    ]       0 caused by allocation failure
[1216,542s][info][gc,stats    ]       0 upgraded from Degenerated GC
[1216,542s][info][gc,stats    ] 
[1216,542s][info][gc,stats    ] 
