[0,008s][info][gc,init] Initializing The Z Garbage Collector
[0,008s][info][gc,init] Version: 21.0.3+9-LTS (release)
[0,008s][info][gc,init] NUMA Support: Disabled
[0,008s][info][gc,init] CPUs: 20 total, 20 available
[0,008s][info][gc,init] Memory: 63964M
[0,008s][info][gc,init] Large Page Support: Disabled
[0,008s][info][gc,init] Address Space Type: Contiguous/Unrestricted/Complete
[0,008s][info][gc,init] Address Space Size: 655360M
[0,008s][info][gc,init] Heap Backing File: /memfd:java_heap
[0,008s][info][gc,init] Heap Backing Filesystem: tmpfs (0x1021994)
[0,009s][info][gc,init] Min Capacity: 1024M
[0,009s][info][gc,init] Initial Capacity: 1024M
[0,009s][info][gc,init] Max Capacity: 40960M
[0,009s][info][gc,init] Soft Max Capacity: 40960M
[0,009s][info][gc,init] Medium Page Size: 32M
[0,009s][info][gc,init] Pre-touch: Disabled
[0,009s][info][gc,init] Available space on backing filesystem: N/A
[0,010s][info][gc,init] Uncommit: Enabled
[0,010s][info][gc,init] Uncommit Delay: 300s
[0,010s][info][gc,init] GC Workers for Old Generation: 5 (dynamic)
[0,011s][info][gc,init] GC Workers for Young Generation: 5 (dynamic)
[0,425s][info][gc,init] GC Workers Max: 5 (dynamic)
[0,426s][info][gc,init] Runtime Workers: 12
[0,427s][info][gc     ] Using The Z Garbage Collector
[0,439s][info][gc,metaspace] CDS archive(s) mapped at: [0x00007fa203000000-0x00007fa203cab000-0x00007fa203cab000), size 13283328, SharedBaseAddress: 0x00007fa203000000, ArchiveRelocationMode: 1.
[0,439s][info][gc,metaspace] Compressed class space mapped at: 0x00007fa204000000-0x00007fa244000000, reserved size: 1073741824
[0,439s][info][gc,metaspace] Narrow klass base: 0x00007fa203000000, Narrow klass shift: 0, Narrow klass range: 0x100000000
[12,485s][info][gc          ] GC(0) Major Collection (Warmup)
[12,485s][info][gc,task     ] GC(0) Using 5 Workers for Young Generation
[12,485s][info][gc,task     ] GC(0) Using 4 Workers for Old Generation
[12,485s][info][gc,phases   ] GC(0) Y: Young Generation
[12,485s][info][gc,phases   ] GC(0) Y: Pause Mark Start (Major) 0,021ms
[26,855s][info][gc,phases   ] GC(0) Y: Concurrent Mark 14369,642ms
[26,856s][info][gc,phases   ] GC(0) Y: Pause Mark End 0,027ms
[26,856s][info][gc,phases   ] GC(0) Y: Concurrent Mark Free 0,001ms
[26,856s][info][gc,phases   ] GC(0) Y: Concurrent Reset Relocation Set 0,001ms
[26,865s][info][gc,reloc    ] GC(0) Y: Using tenuring threshold: 1 (Computed)
[26,867s][info][gc,phases   ] GC(0) Y: Concurrent Select Relocation Set 11,670ms
[26,867s][info][gc,phases   ] GC(0) Y: Pause Relocate Start 0,018ms
[26,876s][info][gc,phases   ] GC(0) Y: Concurrent Relocate 8,252ms
[26,876s][info][gc,alloc    ] GC(0) Y:                         Mark Start        Mark End      Relocate Start    Relocate End   
[26,876s][info][gc,alloc    ] GC(0) Y: Allocation Stalls:          0                0                0                0         
[26,876s][info][gc,load     ] GC(0) Y: Load: 1,44 (7%) / 0,81 (4%) / 1,96 (10%)
[26,876s][info][gc,mmu      ] GC(0) Y: MMU: 2ms/98,7%, 5ms/99,5%, 10ms/99,7%, 20ms/99,8%, 50ms/99,9%, 100ms/100,0%
[26,876s][info][gc,marking  ] GC(0) Y: Mark: 4 stripe(s), 10 proactive flush(es), 1 terminate flush(es), 0 completion(s), 0 continuation(s) 
[26,876s][info][gc,marking  ] GC(0) Y: Mark Stack Usage: 32M
[26,876s][info][gc,nmethod  ] GC(0) Y: NMethods: 1771 registered, 0 unregistered
[26,876s][info][gc,metaspace] GC(0) Y: Metaspace: 14M used, 14M committed, 1088M reserved
[26,876s][info][gc,reloc    ] GC(0) Y:                        Candidates     Selected     In-Place         Size        Empty    Relocated 
[26,876s][info][gc,reloc    ] GC(0) Y: Small Pages:                 2049           27            0        4098M          12M           7M 
[26,876s][info][gc,reloc    ] GC(0) Y: Medium Pages:                   0            0            0           0M           0M           0M 
[26,876s][info][gc,reloc    ] GC(0) Y: Large Pages:                    0            0            0           0M           0M           0M 
[26,876s][info][gc,reloc    ] GC(0) Y: Forwarding Usage: 6M
[26,876s][info][gc,reloc    ] GC(0) Y: Age Table:
[26,876s][info][gc,reloc    ] GC(0) Y:                    Live             Garbage             Small              Medium             Large        
[26,876s][info][gc,reloc    ] GC(0) Y: Eden            4019M (10%)          78M (0%)        2049 / 27             0 / 0              0 / 0        
[26,876s][info][gc,heap     ] GC(0) Y: Min Capacity: 1024M(2%)
[26,876s][info][gc,heap     ] GC(0) Y: Max Capacity: 40960M(100%)
[26,876s][info][gc,heap     ] GC(0) Y: Soft Max Capacity: 40960M(100%)
[26,876s][info][gc,heap     ] GC(0) Y: Heap Statistics:
[26,876s][info][gc,heap     ] GC(0) Y:                Mark Start          Mark End        Relocate Start      Relocate End           High               Low         
[26,876s][info][gc,heap     ] GC(0) Y:  Capacity:     4098M (10%)        6568M (16%)        6572M (16%)        6572M (16%)        6572M (16%)        4098M (10%)    
[26,876s][info][gc,heap     ] GC(0) Y:      Free:    36862M (90%)       34392M (84%)       34400M (84%)       34442M (84%)       36862M (90%)       34388M (84%)    
[26,876s][info][gc,heap     ] GC(0) Y:      Used:     4098M (10%)        6568M (16%)        6560M (16%)        6518M (16%)        6572M (16%)        4098M (10%)    
[26,876s][info][gc,heap     ] GC(0) Y: Young Generation Statistics:
[26,876s][info][gc,heap     ] GC(0) Y:                Mark Start          Mark End        Relocate Start      Relocate End    
[26,876s][info][gc,heap     ] GC(0) Y:      Used:     4098M (10%)        6568M (16%)        6560M (16%)        6518M (16%)    
[26,876s][info][gc,heap     ] GC(0) Y:      Live:         -              4019M (10%)        4019M (10%)        4019M (10%)    
[26,876s][info][gc,heap     ] GC(0) Y:   Garbage:         -                78M (0%)           66M (0%)           10M (0%)     
[26,876s][info][gc,heap     ] GC(0) Y: Allocated:         -              2470M (6%)         2474M (6%)         2488M (6%)     
[26,876s][info][gc,heap     ] GC(0) Y: Reclaimed:         -                  -                12M (0%)           68M (0%)     
[26,876s][info][gc,heap     ] GC(0) Y:  Promoted:         -                  -                 0M (0%)            0M (0%)     
[26,876s][info][gc,heap     ] GC(0) Y: Compacted:         -                  -                  -                13M (0%)     
[26,876s][info][gc,phases   ] GC(0) Y: Young Generation 4098M(10%)->6518M(16%) 14,391s
[26,876s][info][gc,phases   ] GC(0) O: Old Generation
[26,877s][info][gc,phases   ] GC(0) O: Concurrent Mark 0,686ms
[26,877s][info][gc,phases   ] GC(0) O: Pause Mark End 0,028ms
[26,877s][info][gc,phases   ] GC(0) O: Concurrent Mark Free 0,034ms
[26,879s][info][gc,phases   ] GC(0) O: Concurrent Process Non-Strong 2,193ms
[26,880s][info][gc,phases   ] GC(0) O: Concurrent Reset Relocation Set 0,001ms
[26,882s][info][gc,phases   ] GC(0) O: Concurrent Select Relocation Set 2,021ms
[26,882s][info][gc,task     ] GC(0) O: Using 5 Workers for Old Generation
[26,892s][info][gc,task     ] GC(0) O: Using 4 Workers for Old Generation
[26,892s][info][gc,phases   ] GC(0) O: Concurrent Remap Roots 10,771ms
[26,893s][info][gc,phases   ] GC(0) O: Pause Relocate Start 0,020ms
[26,893s][info][gc,phases   ] GC(0) O: Concurrent Relocate 0,068ms
[26,893s][info][gc,alloc    ] GC(0) O:                         Mark Start        Mark End      Relocate Start    Relocate End   
[26,893s][info][gc,alloc    ] GC(0) O: Allocation Stalls:          0                0                0                0         
[26,893s][info][gc,load     ] GC(0) O: Load: 1,44 (7%) / 0,81 (4%) / 1,96 (10%)
[26,893s][info][gc,mmu      ] GC(0) O: MMU: 2ms/98,6%, 5ms/99,4%, 10ms/99,5%, 20ms/99,8%, 50ms/99,8%, 100ms/99,9%
[26,893s][info][gc,marking  ] GC(0) O: Mark: 4 stripe(s), 1 proactive flush(es), 1 terminate flush(es), 0 completion(s), 0 continuation(s) 
[26,893s][info][gc,marking  ] GC(0) O: Mark Stack Usage: 0M
[26,893s][info][gc,nmethod  ] GC(0) O: NMethods: 1587 registered, 184 unregistered
[26,893s][info][gc,metaspace] GC(0) O: Metaspace: 14M used, 14M committed, 1088M reserved
[26,893s][info][gc,ref      ] GC(0) O:                       Encountered   Discovered     Enqueued 
[26,893s][info][gc,ref      ] GC(0) O: Soft References:             3531            0            0 
[26,893s][info][gc,ref      ] GC(0) O: Weak References:             1244            0            0 
[26,893s][info][gc,ref      ] GC(0) O: Final References:               0            0            0 
[26,893s][info][gc,ref      ] GC(0) O: Phantom References:           169            0            0 
[26,893s][info][gc,heap     ] GC(0) O: Min Capacity: 1024M(2%)
[26,893s][info][gc,heap     ] GC(0) O: Max Capacity: 40960M(100%)
[26,893s][info][gc,heap     ] GC(0) O: Soft Max Capacity: 40960M(100%)
[26,893s][info][gc,heap     ] GC(0) O: Heap Statistics:
[26,893s][info][gc,heap     ] GC(0) O:                Mark Start          Mark End        Relocate Start      Relocate End           High               Low         
[26,893s][info][gc,heap     ] GC(0) O:  Capacity:     4098M (10%)        6572M (16%)        6572M (16%)        6572M (16%)        6572M (16%)        4098M (10%)    
[26,893s][info][gc,heap     ] GC(0) O:      Free:    36862M (90%)       34442M (84%)       34436M (84%)       34436M (84%)       36862M (90%)       34388M (84%)    
[26,893s][info][gc,heap     ] GC(0) O:      Used:     4098M (10%)        6518M (16%)        6524M (16%)        6524M (16%)        6572M (16%)        4098M (10%)    
[26,893s][info][gc,heap     ] GC(0) O: Old Generation Statistics:
[26,893s][info][gc,heap     ] GC(0) O:                Mark Start          Mark End        Relocate Start      Relocate End    
[26,893s][info][gc,heap     ] GC(0) O:      Used:        0M (0%)            0M (0%)            0M (0%)            0M (0%)     
[26,893s][info][gc,heap     ] GC(0) O:      Live:         -                 0M (0%)            0M (0%)            0M (0%)     
[26,893s][info][gc,heap     ] GC(0) O:   Garbage:         -                 0M (0%)            0M (0%)            0M (0%)     
[26,893s][info][gc,heap     ] GC(0) O: Allocated:         -                 0M (0%)            0M (0%)            0M (0%)     
[26,893s][info][gc,heap     ] GC(0) O: Reclaimed:         -                  -                 0M (0%)            0M (0%)     
[26,893s][info][gc,heap     ] GC(0) O: Compacted:         -                  -                  -                 0M (0%)     
[26,893s][info][gc,phases   ] GC(0) O: Old Generation 6518M(16%)->6524M(16%) 0,017s
[26,893s][info][gc          ] GC(0) Major Collection (Warmup) 4098M(10%)->6524M(16%) 14,408s
[36,777s][info][gc          ] GC(1) Major Collection (Warmup)
[36,777s][info][gc,task     ] GC(1) Using 5 Workers for Young Generation
[36,777s][info][gc,task     ] GC(1) Using 1 Workers for Old Generation
[36,777s][info][gc,phases   ] GC(1) Y: Young Generation
[36,777s][info][gc,phases   ] GC(1) Y: Pause Mark Start (Major) 0,021ms
[67,128s][info][gc,phases   ] GC(1) Y: Concurrent Mark 30350,810ms
[67,129s][info][gc,phases   ] GC(1) Y: Pause Mark End 0,025ms
[67,129s][info][gc,phases   ] GC(1) Y: Concurrent Mark Free 0,001ms
[67,129s][info][gc,phases   ] GC(1) Y: Concurrent Reset Relocation Set 0,004ms
[67,131s][info][gc,reloc    ] GC(1) Y: Using tenuring threshold: 1 (Computed)
[67,794s][info][gc,phases   ] GC(1) Y: Concurrent Select Relocation Set 665,658ms
[67,794s][info][gc,phases   ] GC(1) Y: Pause Relocate Start 0,016ms
[69,679s][info][gc,phases   ] GC(1) Y: Concurrent Relocate 1884,165ms
[69,679s][info][gc,alloc    ] GC(1) Y:                         Mark Start        Mark End      Relocate Start    Relocate End   
[69,679s][info][gc,alloc    ] GC(1) Y: Allocation Stalls:          0                0                0                0         
[69,679s][info][gc,load     ] GC(1) Y: Load: 3,87 (19%) / 1,52 (8%) / 2,14 (11%)
[69,679s][info][gc,mmu      ] GC(1) Y: MMU: 2ms/98,6%, 5ms/99,4%, 10ms/99,5%, 20ms/99,8%, 50ms/99,8%, 100ms/99,9%
[69,679s][info][gc,marking  ] GC(1) Y: Mark: 4 stripe(s), 10 proactive flush(es), 1 terminate flush(es), 0 completion(s), 0 continuation(s) 
[69,679s][info][gc,marking  ] GC(1) Y: Mark Stack Usage: 32M
[69,679s][info][gc,nmethod  ] GC(1) Y: NMethods: 1606 registered, 184 unregistered
[69,679s][info][gc,metaspace] GC(1) Y: Metaspace: 14M used, 14M committed, 1088M reserved
[69,679s][info][gc,reloc    ] GC(1) Y:                        Candidates     Selected     In-Place         Size        Empty    Relocated 
[69,679s][info][gc,reloc    ] GC(1) Y: Small Pages:                 4096           21            0        8192M          62M          15M 
[69,679s][info][gc,reloc    ] GC(1) Y: Medium Pages:                   0            0            0           0M           0M           0M 
[69,679s][info][gc,reloc    ] GC(1) Y: Large Pages:                    0            0            0           0M           0M           0M 
[69,679s][info][gc,reloc    ] GC(1) Y: Forwarding Usage: 17M
[69,679s][info][gc,reloc    ] GC(1) Y: Age Table:
[69,679s][info][gc,reloc    ] GC(1) Y:                    Live             Garbage             Small              Medium             Large        
[69,679s][info][gc,reloc    ] GC(1) Y: Eden            4098M (10%)          51M (0%)        2075 / 10             0 / 0              0 / 0        
[69,679s][info][gc,reloc    ] GC(1) Y: Survivor 1      3964M (10%)          77M (0%)        2021 / 11             0 / 0              0 / 0        
[69,679s][info][gc,heap     ] GC(1) Y: Min Capacity: 1024M(2%)
[69,679s][info][gc,heap     ] GC(1) Y: Max Capacity: 40960M(100%)
[69,679s][info][gc,heap     ] GC(1) Y: Soft Max Capacity: 40960M(100%)
[69,679s][info][gc,heap     ] GC(1) Y: Heap Statistics:
[69,679s][info][gc,heap     ] GC(1) Y:                Mark Start          Mark End        Relocate Start      Relocate End           High               Low         
[69,679s][info][gc,heap     ] GC(1) Y:  Capacity:     8192M (20%)       11856M (29%)       11960M (29%)       12460M (30%)       12460M (30%)        8192M (20%)    
[69,679s][info][gc,heap     ] GC(1) Y:      Free:    32768M (80%)       29104M (71%)       29000M (71%)       28500M (70%)       32768M (80%)       28500M (70%)    
[69,679s][info][gc,heap     ] GC(1) Y:      Used:     8192M (20%)       11856M (29%)       11960M (29%)       12460M (30%)       12460M (30%)        8192M (20%)    
[69,679s][info][gc,heap     ] GC(1) Y: Young Generation Statistics:
[69,679s][info][gc,heap     ] GC(1) Y:                Mark Start          Mark End        Relocate Start      Relocate End    
[69,679s][info][gc,heap     ] GC(1) Y:      Used:     8192M (20%)       11856M (29%)        8008M (20%)        8474M (21%)    
[69,679s][info][gc,heap     ] GC(1) Y:      Live:         -              8062M (20%)        4120M (10%)        4098M (10%)    
[69,679s][info][gc,heap     ] GC(1) Y:   Garbage:         -               129M (0%)           57M (0%)           10M (0%)     
[69,679s][info][gc,heap     ] GC(1) Y: Allocated:         -              3664M (9%)         3830M (9%)         4365M (11%)    
[69,679s][info][gc,heap     ] GC(1) Y: Reclaimed:         -                  -                71M (0%)          119M (0%)     
[69,679s][info][gc,heap     ] GC(1) Y:  Promoted:         -                  -              3942M (10%)        3964M (10%)    
[69,679s][info][gc,heap     ] GC(1) Y: Compacted:         -                  -                  -                14M (0%)     
[69,679s][info][gc,phases   ] GC(1) Y: Young Generation 8192M(20%)->12460M(30%) 32,902s
[69,679s][info][gc,phases   ] GC(1) O: Old Generation
[69,681s][info][gc,phases   ] GC(1) O: Concurrent Mark 1,738ms
[69,681s][info][gc,phases   ] GC(1) O: Pause Mark End 0,025ms
[69,681s][info][gc,phases   ] GC(1) O: Concurrent Mark Free 0,002ms
[69,687s][info][gc,phases   ] GC(1) O: Concurrent Process Non-Strong 5,982ms
[69,687s][info][gc,phases   ] GC(1) O: Concurrent Reset Relocation Set 0,001ms
[69,689s][info][gc          ] GC(2) Minor Collection (Allocation Rate)
[69,689s][info][gc,task     ] GC(2) Using 5 Workers for Young Generation
[69,689s][info][gc,phases   ] GC(2) y: Young Generation
[69,689s][info][gc,phases   ] GC(1) O: Concurrent Select Relocation Set 2,033ms
[69,690s][info][gc,phases   ] GC(2) y: Pause Mark Start 0,033ms
[98,404s][info][gc,phases   ] GC(2) y: Concurrent Mark 28714,449ms
[98,404s][info][gc,phases   ] GC(2) y: Pause Mark End 0,024ms
[98,404s][info][gc,phases   ] GC(2) y: Concurrent Mark Free 0,001ms
[98,406s][info][gc,phases   ] GC(2) y: Concurrent Reset Relocation Set 1,346ms
[98,409s][info][gc,reloc    ] GC(2) y: Using tenuring threshold: 1 (Computed)
[99,094s][info][gc,phases   ] GC(2) y: Concurrent Select Relocation Set 687,801ms
[99,094s][info][gc,phases   ] GC(2) y: Pause Relocate Start 0,017ms
[100,581s][info][gc,phases   ] GC(2) y: Concurrent Relocate 1487,075ms
[100,581s][info][gc,alloc    ] GC(2) y:                         Mark Start        Mark End      Relocate Start    Relocate End   
[100,581s][info][gc,alloc    ] GC(2) y: Allocation Stalls:          0                0                0                0         
[100,581s][info][gc,load     ] GC(2) y: Load: 4,56 (23%) / 1,91 (10%) / 2,25 (11%)
[100,581s][info][gc,mmu      ] GC(2) y: MMU: 2ms/98,4%, 5ms/99,3%, 10ms/99,4%, 20ms/99,7%, 50ms/99,8%, 100ms/99,9%
[100,581s][info][gc,marking  ] GC(2) y: Mark: 4 stripe(s), 10 proactive flush(es), 1 terminate flush(es), 0 completion(s), 0 continuation(s) 
[100,581s][info][gc,marking  ] GC(2) y: Mark Stack Usage: 32M
[100,581s][info][gc,nmethod  ] GC(2) y: NMethods: 1595 registered, 202 unregistered
[100,581s][info][gc,metaspace] GC(2) y: Metaspace: 14M used, 14M committed, 1088M reserved
[100,581s][info][gc,reloc    ] GC(2) y:                        Candidates     Selected     In-Place         Size        Empty    Relocated 
[100,581s][info][gc,reloc    ] GC(2) y: Small Pages:                 4237           20            0        8474M          34M          14M 
[100,581s][info][gc,reloc    ] GC(2) y: Medium Pages:                   0            0            0           0M           0M           0M 
[100,581s][info][gc,reloc    ] GC(2) y: Large Pages:                    0            0            0           0M           0M           0M 
[100,581s][info][gc,reloc    ] GC(2) y: Forwarding Usage: 16M
[100,581s][info][gc,reloc    ] GC(2) y: Age Table:
[100,581s][info][gc,reloc    ] GC(2) y:                    Live             Garbage             Small              Medium             Large        
[100,581s][info][gc,reloc    ] GC(2) y: Eden            4294M (10%)          65M (0%)        2180 / 15             0 / 0              0 / 0        
[100,581s][info][gc,reloc    ] GC(2) y: Survivor 1      4079M (10%)          34M (0%)        2057 / 5              0 / 0              0 / 0        
[100,581s][info][gc,heap     ] GC(2) y: Min Capacity: 1024M(2%)
[100,581s][info][gc,heap     ] GC(2) y: Max Capacity: 40960M(100%)
[100,581s][info][gc,heap     ] GC(2) y: Soft Max Capacity: 40960M(100%)
[100,581s][info][gc,heap     ] GC(2) y: Heap Statistics:
[100,581s][info][gc,heap     ] GC(2) y:                Mark Start          Mark End        Relocate Start      Relocate End           High               Low         
[100,581s][info][gc,heap     ] GC(2) y:  Capacity:    12460M (30%)       14374M (35%)       14540M (35%)       14552M (36%)       14552M (36%)       12460M (30%)    
[100,581s][info][gc,heap     ] GC(2) y:      Free:    28500M (70%)       26586M (65%)       26420M (65%)       26422M (65%)       28500M (70%)       26408M (64%)    
[100,581s][info][gc,heap     ] GC(2) y:      Used:    12460M (30%)       14374M (35%)       14540M (35%)       14538M (35%)       14552M (36%)       12460M (30%)    
[100,581s][info][gc,heap     ] GC(2) y: Young Generation Statistics:
[100,581s][info][gc,heap     ] GC(2) y:                Mark Start          Mark End        Relocate Start      Relocate End    
[100,581s][info][gc,heap     ] GC(2) y:      Used:     8474M (21%)       10388M (25%)        6466M (16%)        6454M (16%)    
[100,581s][info][gc,heap     ] GC(2) y:      Live:         -              8374M (20%)        4295M (10%)        4294M (10%)    
[100,581s][info][gc,heap     ] GC(2) y:   Garbage:         -                99M (0%)           56M (0%)           11M (0%)     
[100,581s][info][gc,heap     ] GC(2) y: Allocated:         -              1914M (5%)         2114M (5%)         2148M (5%)     
[100,582s][info][gc,heap     ] GC(2) y: Reclaimed:         -                  -                43M (0%)           88M (0%)     
[100,582s][info][gc,heap     ] GC(2) y:  Promoted:         -                  -              4078M (10%)        4079M (10%)    
[100,582s][info][gc,heap     ] GC(2) y: Compacted:         -                  -                  -                29M (0%)     
[100,582s][info][gc,phases   ] GC(2) y: Young Generation 12460M(30%)->14538M(35%) 30,892s
[100,582s][info][gc          ] GC(2) Minor Collection (Allocation Rate) 12460M(30%)->14538M(35%) 30,892s
[100,582s][info][gc          ] GC(3) Minor Collection (Allocation Rate)
[100,582s][info][gc,task     ] GC(3) Using 5 Workers for Young Generation
[100,582s][info][gc,phases   ] GC(3) y: Young Generation
[100,582s][info][gc,phases   ] GC(3) y: Pause Mark Start 0,103ms
[122,866s][info][gc,phases   ] GC(3) y: Concurrent Mark 22283,500ms
[122,866s][info][gc,phases   ] GC(3) y: Pause Mark End 0,031ms
[122,866s][info][gc,phases   ] GC(3) y: Concurrent Mark Free 0,003ms
[122,868s][info][gc,phases   ] GC(3) y: Concurrent Reset Relocation Set 1,278ms
[122,870s][info][gc,reloc    ] GC(3) y: Using tenuring threshold: 1 (Computed)
[123,583s][info][gc,phases   ] GC(3) y: Concurrent Select Relocation Set 715,775ms
[123,584s][info][gc,phases   ] GC(3) y: Pause Relocate Start 0,032ms
[125,186s][info][gc,phases   ] GC(3) y: Concurrent Relocate 1602,079ms
[125,186s][info][gc,alloc    ] GC(3) y:                         Mark Start        Mark End      Relocate Start    Relocate End   
[125,186s][info][gc,alloc    ] GC(3) y: Allocation Stalls:          0                0                0                0         
[125,186s][info][gc,load     ] GC(3) y: Load: 5,05 (25%) / 2,24 (11%) / 2,35 (12%)
[125,186s][info][gc,mmu      ] GC(3) y: MMU: 2ms/94,9%, 5ms/97,9%, 10ms/99,0%, 20ms/99,5%, 50ms/99,8%, 100ms/99,9%
[125,186s][info][gc,marking  ] GC(3) y: Mark: 4 stripe(s), 10 proactive flush(es), 1 terminate flush(es), 0 completion(s), 0 continuation(s) 
[125,186s][info][gc,marking  ] GC(3) y: Mark Stack Usage: 32M
[125,186s][info][gc,nmethod  ] GC(3) y: NMethods: 1605 registered, 202 unregistered
[125,186s][info][gc,metaspace] GC(3) y: Metaspace: 14M used, 14M committed, 1088M reserved
[125,186s][info][gc,reloc    ] GC(3) y:                        Candidates     Selected     In-Place         Size        Empty    Relocated 
[125,186s][info][gc,reloc    ] GC(3) y: Small Pages:                 3227           21            0        6454M           2M          16M 
[125,186s][info][gc,reloc    ] GC(3) y: Medium Pages:                   0            0            0           0M           0M           0M 
[125,186s][info][gc,reloc    ] GC(3) y: Large Pages:                    0            0            0           0M           0M           0M 
[125,186s][info][gc,reloc    ] GC(3) y: Forwarding Usage: 19M
[125,186s][info][gc,reloc    ] GC(3) y: Age Table:
[125,186s][info][gc,reloc    ] GC(3) y:                    Live             Garbage             Small              Medium             Large        
[125,186s][info][gc,reloc    ] GC(3) y: Eden            2111M (5%)           30M (0%)        1071 / 12             0 / 0              0 / 0        
[125,186s][info][gc,reloc    ] GC(3) y: Survivor 1      4277M (10%)          34M (0%)        2156 / 9              0 / 0              0 / 0        
[125,186s][info][gc,heap     ] GC(3) y: Min Capacity: 1024M(2%)
[125,186s][info][gc,heap     ] GC(3) y: Max Capacity: 40960M(100%)
[125,186s][info][gc,heap     ] GC(3) y: Soft Max Capacity: 40960M(100%)
[125,186s][info][gc,heap     ] GC(3) y: Heap Statistics:
[125,186s][info][gc,heap     ] GC(3) y:                Mark Start          Mark End        Relocate Start      Relocate End           High               Low         
[125,186s][info][gc,heap     ] GC(3) y:  Capacity:    14552M (36%)       15964M (39%)       15966M (39%)       15976M (39%)       15976M (39%)       14552M (36%)    
[125,186s][info][gc,heap     ] GC(3) y:      Free:    26422M (65%)       24996M (61%)       24994M (61%)       25032M (61%)       26422M (65%)       24984M (61%)    
[125,186s][info][gc,heap     ] GC(3) y:      Used:    14538M (35%)       15964M (39%)       15966M (39%)       15928M (39%)       15976M (39%)       14538M (35%)    
[125,186s][info][gc,heap     ] GC(3) y: Young Generation Statistics:
[125,186s][info][gc,heap     ] GC(3) y:                Mark Start          Mark End        Relocate Start      Relocate End    
[125,186s][info][gc,heap     ] GC(3) y:      Used:     6454M (16%)        7880M (19%)        3606M (9%)         3554M (9%)     
[125,186s][info][gc,heap     ] GC(3) y:      Live:         -              6389M (16%)        2123M (5%)         2111M (5%)     
[125,186s][info][gc,heap     ] GC(3) y:   Garbage:         -                64M (0%)           52M (0%)            5M (0%)     
[125,186s][info][gc,heap     ] GC(3) y: Allocated:         -              1426M (3%)         1430M (3%)         1437M (4%)     
[125,186s][info][gc,heap     ] GC(3) y: Reclaimed:         -                  -                12M (0%)           59M (0%)     
[125,186s][info][gc,heap     ] GC(3) y:  Promoted:         -                  -              4265M (10%)        4277M (10%)    
[125,186s][info][gc,heap     ] GC(3) y: Compacted:         -                  -                  -                22M (0%)     
[125,186s][info][gc,phases   ] GC(3) y: Young Generation 14538M(35%)->15928M(39%) 24,604s
[125,186s][info][gc          ] GC(3) Minor Collection (Allocation Rate) 14538M(35%)->15928M(39%) 24,605s
[125,186s][info][gc,task     ] GC(1) O: Using 5 Workers for Old Generation
[125,219s][info][gc,task     ] GC(1) O: Using 1 Workers for Old Generation
[125,219s][info][gc,phases   ] GC(1) O: Concurrent Remap Roots 32,800ms
[125,220s][info][gc,phases   ] GC(1) O: Pause Relocate Start 0,024ms
[125,220s][info][gc          ] GC(4) Minor Collection (Allocation Rate)
[125,220s][info][gc,task     ] GC(4) Using 5 Workers for Young Generation
[125,220s][info][gc,phases   ] GC(4) y: Young Generation
[125,220s][info][gc,phases   ] GC(1) O: Concurrent Relocate 0,328ms
[125,220s][info][gc,phases   ] GC(4) y: Pause Mark Start 0,021ms
[137,622s][info][gc,phases   ] GC(4) y: Concurrent Mark 12401,462ms
[137,622s][info][gc,phases   ] GC(4) y: Pause Mark End 0,032ms
[137,622s][info][gc,phases   ] GC(4) y: Concurrent Mark Free 0,003ms
[137,624s][info][gc,phases   ] GC(4) y: Concurrent Reset Relocation Set 1,263ms
[137,626s][info][gc,reloc    ] GC(4) y: Using tenuring threshold: 1 (Computed)
[137,978s][info][gc,phases   ] GC(4) y: Concurrent Select Relocation Set 354,221ms
[137,978s][info][gc,phases   ] GC(4) y: Pause Relocate Start 0,036ms
[138,762s][info][gc,phases   ] GC(4) y: Concurrent Relocate 783,684ms
[138,762s][info][gc,alloc    ] GC(4) y:                         Mark Start        Mark End      Relocate Start    Relocate End   
[138,762s][info][gc,alloc    ] GC(4) y: Allocation Stalls:          0                0                0                0         
[138,762s][info][gc,load     ] GC(4) y: Load: 5,13 (26%) / 2,35 (12%) / 2,39 (12%)
[138,762s][info][gc,mmu      ] GC(4) y: MMU: 2ms/94,9%, 5ms/97,9%, 10ms/99,0%, 20ms/99,5%, 50ms/99,8%, 100ms/99,9%
[138,762s][info][gc,marking  ] GC(4) y: Mark: 4 stripe(s), 10 proactive flush(es), 1 terminate flush(es), 0 completion(s), 0 continuation(s) 
[138,762s][info][gc,marking  ] GC(4) y: Mark Stack Usage: 32M
[138,762s][info][gc,nmethod  ] GC(4) y: NMethods: 1606 registered, 202 unregistered
[138,762s][info][gc,metaspace] GC(4) y: Metaspace: 14M used, 14M committed, 1088M reserved
[138,762s][info][gc,reloc    ] GC(4) y:                        Candidates     Selected     In-Place         Size        Empty    Relocated 
[138,762s][info][gc,reloc    ] GC(4) y: Small Pages:                 1777           16            0        3554M           0M          13M 
[138,762s][info][gc,reloc    ] GC(4) y: Medium Pages:                   0            0            0           0M           0M           0M 
[138,762s][info][gc,reloc    ] GC(4) y: Large Pages:                    0            0            0           0M           0M           0M 
[138,762s][info][gc,reloc    ] GC(4) y: Forwarding Usage: 14M
[138,762s][info][gc,reloc    ] GC(4) y: Age Table:
[138,762s][info][gc,reloc    ] GC(4) y:                    Live             Garbage             Small              Medium             Large        
[138,762s][info][gc,reloc    ] GC(4) y: Eden            1411M (3%)           22M (0%)         717 / 8              0 / 0              0 / 0        
[138,762s][info][gc,reloc    ] GC(4) y: Survivor 1      2096M (5%)           23M (0%)        1060 / 8              0 / 0              0 / 0        
[138,762s][info][gc,heap     ] GC(4) y: Min Capacity: 1024M(2%)
[138,762s][info][gc,heap     ] GC(4) y: Max Capacity: 40960M(100%)
[138,762s][info][gc,heap     ] GC(4) y: Soft Max Capacity: 40960M(100%)
[138,762s][info][gc,heap     ] GC(4) y: Heap Statistics:
[138,762s][info][gc,heap     ] GC(4) y:                Mark Start          Mark End        Relocate Start      Relocate End           High               Low         
[138,762s][info][gc,heap     ] GC(4) y:  Capacity:    15976M (39%)       16654M (41%)       16656M (41%)       16666M (41%)       16666M (41%)       15976M (39%)    
[138,762s][info][gc,heap     ] GC(4) y:      Free:    25032M (61%)       24306M (59%)       24304M (59%)       24336M (59%)       25032M (61%)       24294M (59%)    
[138,762s][info][gc,heap     ] GC(4) y:      Used:    15928M (39%)       16654M (41%)       16656M (41%)       16624M (41%)       16666M (41%)       15928M (39%)    
[138,762s][info][gc,heap     ] GC(4) y: Young Generation Statistics:
[138,762s][info][gc,heap     ] GC(4) y:                Mark Start          Mark End        Relocate Start      Relocate End    
[138,762s][info][gc,heap     ] GC(4) y:      Used:     3554M (9%)         4280M (10%)        2196M (5%)         2146M (5%)     
[138,762s][info][gc,heap     ] GC(4) y:      Live:         -              3508M (9%)         1427M (3%)         1411M (3%)     
[138,762s][info][gc,heap     ] GC(4) y:   Garbage:         -                45M (0%)           40M (0%)            4M (0%)     
[138,762s][info][gc,heap     ] GC(4) y: Allocated:         -               726M (2%)          728M (2%)          730M (2%)     
[138,762s][info][gc,heap     ] GC(4) y: Reclaimed:         -                  -                 5M (0%)           41M (0%)     
[138,762s][info][gc,heap     ] GC(4) y:  Promoted:         -                  -              2080M (5%)         2096M (5%)     
[138,762s][info][gc,heap     ] GC(4) y: Compacted:         -                  -                  -                11M (0%)     
[138,762s][info][gc,phases   ] GC(4) y: Young Generation 15928M(39%)->16624M(41%) 13,542s
[138,762s][info][gc          ] GC(4) Minor Collection (Allocation Rate) 15928M(39%)->16624M(41%) 13,543s
[138,763s][info][gc,alloc    ] GC(1) O:                         Mark Start        Mark End      Relocate Start    Relocate End   
[138,763s][info][gc,alloc    ] GC(1) O: Allocation Stalls:          0                0                0                0         
[138,763s][info][gc,load     ] GC(1) O: Load: 5,13 (26%) / 2,35 (12%) / 2,39 (12%)
[138,763s][info][gc,mmu      ] GC(1) O: MMU: 2ms/94,9%, 5ms/97,9%, 10ms/99,0%, 20ms/99,5%, 50ms/99,8%, 100ms/99,9%
[138,763s][info][gc,marking  ] GC(1) O: Mark: 1 stripe(s), 1 proactive flush(es), 1 terminate flush(es), 0 completion(s), 0 continuation(s) 
[138,763s][info][gc,marking  ] GC(1) O: Mark Stack Usage: 0M
[138,763s][info][gc,nmethod  ] GC(1) O: NMethods: 1606 registered, 202 unregistered
[138,763s][info][gc,metaspace] GC(1) O: Metaspace: 14M used, 14M committed, 1088M reserved
[138,763s][info][gc,ref      ] GC(1) O:                       Encountered   Discovered     Enqueued 
[138,763s][info][gc,ref      ] GC(1) O: Soft References:             3531            0            0 
[138,763s][info][gc,ref      ] GC(1) O: Weak References:             1257            0            0 
[138,763s][info][gc,ref      ] GC(1) O: Final References:               0            0            0 
[138,763s][info][gc,ref      ] GC(1) O: Phantom References:           170            0            0 
[138,763s][info][gc,heap     ] GC(1) O: Min Capacity: 1024M(2%)
[138,763s][info][gc,heap     ] GC(1) O: Max Capacity: 40960M(100%)
[138,763s][info][gc,heap     ] GC(1) O: Soft Max Capacity: 40960M(100%)
[138,763s][info][gc,heap     ] GC(1) O: Heap Statistics:
[138,763s][info][gc,heap     ] GC(1) O:                Mark Start          Mark End        Relocate Start      Relocate End           High               Low         
[138,763s][info][gc,heap     ] GC(1) O:  Capacity:     8192M (20%)       12460M (30%)       15976M (39%)       15976M (39%)       15976M (39%)        8192M (20%)    
[138,763s][info][gc,heap     ] GC(1) O:      Free:    32768M (80%)       28500M (70%)       25032M (61%)       25032M (61%)       32768M (80%)       24984M (61%)    
[138,763s][info][gc,heap     ] GC(1) O:      Used:     8192M (20%)       12460M (30%)       15928M (39%)       15928M (39%)       15976M (39%)        8192M (20%)    
[138,763s][info][gc,heap     ] GC(1) O: Old Generation Statistics:
[138,763s][info][gc,heap     ] GC(1) O:                Mark Start          Mark End        Relocate Start      Relocate End    
[138,763s][info][gc,heap     ] GC(1) O:      Used:        0M (0%)         3986M (10%)       12374M (30%)       12374M (30%)    
[138,763s][info][gc,heap     ] GC(1) O:      Live:         -                 0M (0%)            0M (0%)            0M (0%)     
[138,763s][info][gc,heap     ] GC(1) O:   Garbage:         -                 0M (0%)            0M (0%)            0M (0%)     
[138,763s][info][gc,heap     ] GC(1) O: Allocated:         -              3986M (10%)       12374M (30%)       12374M (30%)    
[138,763s][info][gc,heap     ] GC(1) O: Reclaimed:         -                  -                 0M (0%)            0M (0%)     
[138,763s][info][gc,heap     ] GC(1) O: Compacted:         -                  -                  -                 0M (0%)     
[138,763s][info][gc,phases   ] GC(1) O: Old Generation 12460M(30%)->15928M(39%) 69,083s
[138,763s][info][gc          ] GC(1) Major Collection (Warmup) 8192M(20%)->16624M(41%) 101,986s
[138,773s][info][gc          ] GC(5) Major Collection (Warmup)
[138,773s][info][gc,task     ] GC(5) Using 5 Workers for Young Generation
[138,773s][info][gc,task     ] GC(5) Using 1 Workers for Old Generation
[138,773s][info][gc,phases   ] GC(5) Y: Young Generation
[138,773s][info][gc,phases   ] GC(5) Y: Pause Mark Start (Major) 0,033ms
[146,054s][info][gc,phases   ] GC(5) Y: Concurrent Mark 7280,576ms
[146,054s][info][gc,phases   ] GC(5) Y: Pause Mark End 0,027ms
[146,054s][info][gc,phases   ] GC(5) Y: Concurrent Mark Free 0,001ms
[146,060s][info][gc,phases   ] GC(5) Y: Concurrent Reset Relocation Set 5,436ms
[146,062s][info][gc,reloc    ] GC(5) Y: Using tenuring threshold: 1 (Computed)
[146,327s][info][gc,phases   ] GC(5) Y: Concurrent Select Relocation Set 267,374ms
[146,327s][info][gc,phases   ] GC(5) Y: Pause Relocate Start 0,024ms
[146,881s][info][gc,phases   ] GC(5) Y: Concurrent Relocate 553,785ms
[146,881s][info][gc,alloc    ] GC(5) Y:                         Mark Start        Mark End      Relocate Start    Relocate End   
[146,881s][info][gc,alloc    ] GC(5) Y: Allocation Stalls:          0                0                0                0         
[146,881s][info][gc,load     ] GC(5) Y: Load: 5,34 (27%) / 2,49 (12%) / 2,43 (12%)
[146,881s][info][gc,mmu      ] GC(5) Y: MMU: 2ms/94,9%, 5ms/97,9%, 10ms/99,0%, 20ms/99,5%, 50ms/99,8%, 100ms/99,9%
[146,882s][info][gc,marking  ] GC(5) Y: Mark: 4 stripe(s), 10 proactive flush(es), 1 terminate flush(es), 0 completion(s), 0 continuation(s) 
[146,882s][info][gc,marking  ] GC(5) Y: Mark Stack Usage: 32M
[146,882s][info][gc,nmethod  ] GC(5) Y: NMethods: 1606 registered, 202 unregistered
[146,882s][info][gc,metaspace] GC(5) Y: Metaspace: 14M used, 14M committed, 1088M reserved
[146,882s][info][gc,reloc    ] GC(5) Y:                        Candidates     Selected     In-Place         Size        Empty    Relocated 
[146,882s][info][gc,reloc    ] GC(5) Y: Small Pages:                 1073           10            0        2146M           0M           8M 
[146,882s][info][gc,reloc    ] GC(5) Y: Medium Pages:                   0            0            0           0M           0M           0M 
[146,882s][info][gc,reloc    ] GC(5) Y: Large Pages:                    0            0            0           0M           0M           0M 
[146,882s][info][gc,reloc    ] GC(5) Y: Forwarding Usage: 8M
[146,882s][info][gc,reloc    ] GC(5) Y: Age Table:
[146,882s][info][gc,reloc    ] GC(5) Y:                    Live             Garbage             Small              Medium             Large        
[146,882s][info][gc,reloc    ] GC(5) Y: Eden             717M (2%)           10M (0%)         364 / 3              0 / 0              0 / 0        
[146,882s][info][gc,reloc    ] GC(5) Y: Survivor 1      1397M (3%)           20M (0%)         709 / 7              0 / 0              0 / 0        
[146,882s][info][gc,heap     ] GC(5) Y: Min Capacity: 1024M(2%)
[146,882s][info][gc,heap     ] GC(5) Y: Max Capacity: 40960M(100%)
[146,882s][info][gc,heap     ] GC(5) Y: Soft Max Capacity: 40960M(100%)
[146,882s][info][gc,heap     ] GC(5) Y: Heap Statistics:
[146,882s][info][gc,heap     ] GC(5) Y:                Mark Start          Mark End        Relocate Start      Relocate End           High               Low         
[146,882s][info][gc,heap     ] GC(5) Y:  Capacity:    16666M (41%)       16666M (41%)       16666M (41%)       16666M (41%)       16666M (41%)       16666M (41%)    
[146,882s][info][gc,heap     ] GC(5) Y:      Free:    24336M (59%)       24312M (59%)       24312M (59%)       24324M (59%)       24336M (59%)       24302M (59%)    
[146,882s][info][gc,heap     ] GC(5) Y:      Used:    16624M (41%)       16648M (41%)       16648M (41%)       16636M (41%)       16658M (41%)       16624M (41%)    
[146,882s][info][gc,heap     ] GC(5) Y: Young Generation Statistics:
[146,882s][info][gc,heap     ] GC(5) Y:                Mark Start          Mark End        Relocate Start      Relocate End    
[146,882s][info][gc,heap     ] GC(5) Y:      Used:     2146M (5%)         2170M (5%)          780M (2%)          750M (2%)     
[146,882s][info][gc,heap     ] GC(5) Y:      Live:         -              2114M (5%)          731M (2%)          717M (2%)     
[146,882s][info][gc,heap     ] GC(5) Y:   Garbage:         -                31M (0%)           24M (0%)            2M (0%)     
[146,882s][info][gc,heap     ] GC(5) Y: Allocated:         -                24M (0%)           24M (0%)           30M (0%)     
[146,882s][info][gc,heap     ] GC(5) Y: Reclaimed:         -                  -                 6M (0%)           28M (0%)     
[146,882s][info][gc,heap     ] GC(5) Y:  Promoted:         -                  -              1383M (3%)         1397M (3%)     
[146,882s][info][gc,heap     ] GC(5) Y: Compacted:         -                  -                  -                 3M (0%)     
[146,882s][info][gc,phases   ] GC(5) Y: Young Generation 16624M(41%)->16636M(41%) 8,108s
[146,882s][info][gc,phases   ] GC(5) O: Old Generation
[162,085s][info][gc          ] GC(6) Minor Collection (Allocation Rate)
[162,085s][info][gc,task     ] GC(6) Using 5 Workers for Young Generation
[162,085s][info][gc,phases   ] GC(6) y: Young Generation
[162,085s][info][gc,phases   ] GC(6) y: Pause Mark Start 0,025ms
[169,179s][info][gc,phases   ] GC(6) y: Concurrent Mark 7093,804ms
[169,179s][info][gc,phases   ] GC(6) y: Pause Mark End 0,033ms
[169,179s][info][gc,phases   ] GC(6) y: Concurrent Mark Free 0,003ms
[169,180s][info][gc,phases   ] GC(6) y: Concurrent Reset Relocation Set 0,427ms
[169,182s][info][gc,reloc    ] GC(6) y: Using tenuring threshold: 2 (Computed)
[169,184s][info][gc,phases   ] GC(6) y: Concurrent Select Relocation Set 3,996ms
[169,184s][info][gc,phases   ] GC(6) y: Pause Relocate Start 0,018ms
[169,205s][info][gc,phases   ] GC(6) y: Concurrent Relocate 20,461ms
[169,205s][info][gc,alloc    ] GC(6) y:                         Mark Start        Mark End      Relocate Start    Relocate End   
[169,205s][info][gc,alloc    ] GC(6) y: Allocation Stalls:          0                0                0                0         
[169,205s][info][gc,load     ] GC(6) y: Load: 5,04 (25%) / 2,60 (13%) / 2,47 (12%)
[169,205s][info][gc,mmu      ] GC(6) y: MMU: 2ms/94,9%, 5ms/97,9%, 10ms/99,0%, 20ms/99,5%, 50ms/99,8%, 100ms/99,9%
[169,205s][info][gc,marking  ] GC(6) y: Mark: 4 stripe(s), 10 proactive flush(es), 1 terminate flush(es), 0 completion(s), 0 continuation(s) 
[169,205s][info][gc,marking  ] GC(6) y: Mark Stack Usage: 32M
[169,205s][info][gc,nmethod  ] GC(6) y: NMethods: 1616 registered, 202 unregistered
[169,205s][info][gc,metaspace] GC(6) y: Metaspace: 14M used, 14M committed, 1088M reserved
[169,205s][info][gc,reloc    ] GC(6) y:                        Candidates     Selected     In-Place         Size        Empty    Relocated 
[169,205s][info][gc,reloc    ] GC(6) y: Small Pages:                 1026           15            0        2052M           0M          11M 
[169,205s][info][gc,reloc    ] GC(6) y: Medium Pages:                   0            0            0           0M           0M           0M 
[169,205s][info][gc,reloc    ] GC(6) y: Large Pages:                    0            0            0           0M           0M           0M 
[169,205s][info][gc,reloc    ] GC(6) y: Forwarding Usage: 13M
[169,205s][info][gc,reloc    ] GC(6) y: Age Table:
[169,205s][info][gc,reloc    ] GC(6) y:                    Live             Garbage             Small              Medium             Large        
[169,205s][info][gc,reloc    ] GC(6) y: Eden            1309M (3%)           16M (0%)         663 / 6              0 / 0              0 / 0        
[169,205s][info][gc,reloc    ] GC(6) y: Survivor 1       703M (2%)           22M (0%)         363 / 9              0 / 0              0 / 0        
[169,205s][info][gc,heap     ] GC(6) y: Min Capacity: 1024M(2%)
[169,205s][info][gc,heap     ] GC(6) y: Max Capacity: 40960M(100%)
[169,205s][info][gc,heap     ] GC(6) y: Soft Max Capacity: 40960M(100%)
[169,205s][info][gc,heap     ] GC(6) y: Heap Statistics:
[169,205s][info][gc,heap     ] GC(6) y:                Mark Start          Mark End        Relocate Start      Relocate End           High               Low         
[169,205s][info][gc,heap     ] GC(6) y:  Capacity:    17938M (44%)       18532M (45%)       18534M (45%)       18544M (45%)       18544M (45%)       17938M (44%)    
[169,205s][info][gc,heap     ] GC(6) y:      Free:    23022M (56%)       22428M (55%)       22426M (55%)       22444M (55%)       23022M (56%)       22416M (55%)    
[169,205s][info][gc,heap     ] GC(6) y:      Used:    17938M (44%)       18532M (45%)       18534M (45%)       18516M (45%)       18544M (45%)       17938M (44%)    
[169,205s][info][gc,heap     ] GC(6) y: Young Generation Statistics:
[169,205s][info][gc,heap     ] GC(6) y:                Mark Start          Mark End        Relocate Start      Relocate End    
[169,205s][info][gc,heap     ] GC(6) y:      Used:     2052M (5%)         2646M (6%)         2648M (6%)         2630M (6%)     
[169,205s][info][gc,heap     ] GC(6) y:      Live:         -              2012M (5%)         2012M (5%)         2012M (5%)     
[169,205s][info][gc,heap     ] GC(6) y:   Garbage:         -                39M (0%)           39M (0%)            5M (0%)     
[169,205s][info][gc,heap     ] GC(6) y: Allocated:         -               594M (1%)          596M (1%)          611M (1%)     
[169,205s][info][gc,heap     ] GC(6) y: Reclaimed:         -                  -                 0M (0%)           33M (0%)     
[169,205s][info][gc,heap     ] GC(6) y:  Promoted:         -                  -                 0M (0%)            0M (0%)     
[169,205s][info][gc,heap     ] GC(6) y: Compacted:         -                  -                  -                24M (0%)     
[169,205s][info][gc,phases   ] GC(6) y: Young Generation 17938M(44%)->18516M(45%) 7,120s
[169,205s][info][gc          ] GC(6) Minor Collection (Allocation Rate) 17938M(44%)->18516M(45%) 7,120s
[187,259s][info][gc,phases   ] GC(5) O: Concurrent Mark 40377,629ms
[187,260s][info][gc,phases   ] GC(5) O: Pause Mark End 0,019ms
[187,260s][info][gc,phases   ] GC(5) O: Concurrent Mark Free 0,001ms
[187,265s][info][gc,phases   ] GC(5) O: Concurrent Process Non-Strong 5,123ms
[187,265s][info][gc,phases   ] GC(5) O: Concurrent Reset Relocation Set 0,001ms
[187,296s][info][gc,phases   ] GC(5) O: Concurrent Select Relocation Set 31,357ms
[187,296s][info][gc,task     ] GC(5) O: Using 5 Workers for Old Generation
[187,321s][info][gc,task     ] GC(5) O: Using 1 Workers for Old Generation
[187,321s][info][gc,phases   ] GC(5) O: Concurrent Remap Roots 24,688ms
[187,321s][info][gc,phases   ] GC(5) O: Pause Relocate Start 0,022ms
[187,564s][info][gc,phases   ] GC(5) O: Concurrent Relocate 242,483ms
[187,564s][info][gc,alloc    ] GC(5) O:                         Mark Start        Mark End      Relocate Start    Relocate End   
[187,564s][info][gc,alloc    ] GC(5) O: Allocation Stalls:          0                0                0                0         
[187,564s][info][gc,load     ] GC(5) O: Load: 4,56 (23%) / 2,65 (13%) / 2,49 (12%)
[187,564s][info][gc,mmu      ] GC(5) O: MMU: 2ms/94,9%, 5ms/97,9%, 10ms/99,0%, 20ms/99,5%, 50ms/99,8%, 100ms/99,9%
[187,564s][info][gc,marking  ] GC(5) O: Mark: 1 stripe(s), 2 proactive flush(es), 1 terminate flush(es), 0 completion(s), 0 continuation(s) 
[187,564s][info][gc,marking  ] GC(5) O: Mark Stack Usage: 1600M
[187,564s][info][gc,nmethod  ] GC(5) O: NMethods: 1625 registered, 208 unregistered
[187,564s][info][gc,metaspace] GC(5) O: Metaspace: 14M used, 14M committed, 1088M reserved
[187,564s][info][gc,ref      ] GC(5) O:                       Encountered   Discovered     Enqueued 
[187,564s][info][gc,ref      ] GC(5) O: Soft References:             3531            0            0 
[187,564s][info][gc,ref      ] GC(5) O: Weak References:             1257          948          364 
[187,564s][info][gc,ref      ] GC(5) O: Final References:               0            0            0 
[187,564s][info][gc,ref      ] GC(5) O: Phantom References:           170          163          150 
[187,564s][info][gc,reloc    ] GC(5) O:                        Candidates     Selected     In-Place         Size        Empty    Relocated 
[187,564s][info][gc,reloc    ] GC(5) O: Small Pages:                 7239           47            0       14478M         128M          40M 
[187,564s][info][gc,reloc    ] GC(5) O: Medium Pages:                   0            0            0           0M           0M           0M 
[187,564s][info][gc,reloc    ] GC(5) O: Large Pages:                    0            0            0           0M           0M           0M 
[187,564s][info][gc,reloc    ] GC(5) O: Forwarding Usage: 47M
[187,564s][info][gc,heap     ] GC(5) O: Min Capacity: 1024M(2%)
[187,564s][info][gc,heap     ] GC(5) O: Max Capacity: 40960M(100%)
[187,564s][info][gc,heap     ] GC(5) O: Soft Max Capacity: 40960M(100%)
[187,564s][info][gc,heap     ] GC(5) O: Heap Statistics:
[187,564s][info][gc,heap     ] GC(5) O:                Mark Start          Mark End        Relocate Start      Relocate End           High               Low         
[187,564s][info][gc,heap     ] GC(5) O:  Capacity:    16666M (41%)       19792M (48%)       19794M (48%)       19794M (48%)       19794M (48%)       16666M (41%)    
[187,564s][info][gc,heap     ] GC(5) O:      Free:    24336M (59%)       21168M (52%)       21270M (52%)       21270M (52%)       24336M (59%)       21166M (52%)    
[187,564s][info][gc,heap     ] GC(5) O:      Used:    16624M (41%)       19792M (48%)       19690M (48%)       19690M (48%)       19794M (48%)       16624M (41%)    
[187,564s][info][gc,heap     ] GC(5) O: Old Generation Statistics:
[187,564s][info][gc,heap     ] GC(5) O:                Mark Start          Mark End        Relocate Start      Relocate End    
[187,564s][info][gc,heap     ] GC(5) O:      Used:    14478M (35%)       15886M (39%)       15758M (38%)       15654M (38%)    
[187,564s][info][gc,heap     ] GC(5) O:      Live:         -             14205M (35%)       14205M (35%)       14205M (35%)    
[187,564s][info][gc,heap     ] GC(5) O:   Garbage:         -               272M (1%)          144M (0%)           35M (0%)     
[187,564s][info][gc,heap     ] GC(5) O: Allocated:         -              1408M (3%)         1408M (3%)         1412M (3%)     
[187,564s][info][gc,heap     ] GC(5) O: Reclaimed:         -                  -               128M (0%)          236M (1%)     
[187,564s][info][gc,heap     ] GC(5) O: Compacted:         -                  -                  -               103M (0%)     
[187,564s][info][gc,phases   ] GC(5) O: Old Generation 16636M(41%)->19690M(48%) 40,682s
[187,564s][info][gc          ] GC(5) Major Collection (Warmup) 16624M(41%)->19690M(48%) 48,791s
[225,625s][info][gc          ] GC(7) Major Collection (Allocation Rate)
[225,625s][info][gc,task     ] GC(7) Using 5 Workers for Young Generation
[225,625s][info][gc,task     ] GC(7) Using 4 Workers for Old Generation
[225,625s][info][gc,phases   ] GC(7) Y: Young Generation
[225,625s][info][gc,phases   ] GC(7) Y: Pause Mark Start (Major) 0,018ms
[247,236s][info][gc,phases   ] GC(7) Y: Concurrent Mark 21611,171ms
[247,236s][info][gc,phases   ] GC(7) Y: Pause Mark End 0,027ms
[247,237s][info][gc,phases   ] GC(7) Y: Concurrent Mark Free 0,003ms
[247,237s][info][gc,phases   ] GC(7) Y: Concurrent Reset Relocation Set 0,008ms
[247,241s][info][gc,reloc    ] GC(7) Y: Using tenuring threshold: 2 (Computed)
[247,363s][info][gc,phases   ] GC(7) Y: Concurrent Select Relocation Set 126,106ms
[247,363s][info][gc,phases   ] GC(7) Y: Pause Relocate Start 0,015ms
[247,655s][info][gc,phases   ] GC(7) Y: Concurrent Relocate 291,351ms
[247,655s][info][gc,alloc    ] GC(7) Y:                         Mark Start        Mark End      Relocate Start    Relocate End   
[247,655s][info][gc,alloc    ] GC(7) Y: Allocation Stalls:          0                0                0                0         
[247,655s][info][gc,load     ] GC(7) Y: Load: 3,85 (19%) / 2,76 (14%) / 2,54 (13%)
[247,655s][info][gc,mmu      ] GC(7) Y: MMU: 2ms/94,9%, 5ms/97,9%, 10ms/99,0%, 20ms/99,5%, 50ms/99,8%, 100ms/99,9%
[247,655s][info][gc,marking  ] GC(7) Y: Mark: 4 stripe(s), 10 proactive flush(es), 1 terminate flush(es), 0 completion(s), 0 continuation(s) 
[247,655s][info][gc,marking  ] GC(7) Y: Mark Stack Usage: 32M
[247,655s][info][gc,nmethod  ] GC(7) Y: NMethods: 1651 registered, 208 unregistered
[247,655s][info][gc,metaspace] GC(7) Y: Metaspace: 14M used, 14M committed, 1088M reserved
[247,655s][info][gc,reloc    ] GC(7) Y:                        Candidates     Selected     In-Place         Size        Empty    Relocated 
[247,655s][info][gc,reloc    ] GC(7) Y: Small Pages:                 3046           27            0        6092M           0M          24M 
[247,655s][info][gc,reloc    ] GC(7) Y: Medium Pages:                   0            0            0           0M           0M           0M 
[247,655s][info][gc,reloc    ] GC(7) Y: Large Pages:                    0            0            0           0M           0M           0M 
[247,655s][info][gc,reloc    ] GC(7) Y: Forwarding Usage: 28M
[247,655s][info][gc,reloc    ] GC(7) Y: Age Table:
[247,655s][info][gc,reloc    ] GC(7) Y:                    Live             Garbage             Small              Medium             Large        
[247,655s][info][gc,reloc    ] GC(7) Y: Eden            4015M (10%)          48M (0%)        2032 / 16             0 / 0              0 / 0        
[247,655s][info][gc,reloc    ] GC(7) Y: Survivor 1      1294M (3%)           23M (0%)         659 / 9              0 / 0              0 / 0        
[247,655s][info][gc,reloc    ] GC(7) Y: Survivor 2       703M (2%)            6M (0%)         355 / 2              0 / 0              0 / 0        
[247,655s][info][gc,heap     ] GC(7) Y: Min Capacity: 1024M(2%)
[247,655s][info][gc,heap     ] GC(7) Y: Max Capacity: 40960M(100%)
[247,655s][info][gc,heap     ] GC(7) Y: Soft Max Capacity: 40960M(100%)
[247,655s][info][gc,heap     ] GC(7) Y: Heap Statistics:
[247,655s][info][gc,heap     ] GC(7) Y:                Mark Start          Mark End        Relocate Start      Relocate End           High               Low         
[247,655s][info][gc,heap     ] GC(7) Y:  Capacity:    21746M (53%)       23454M (57%)       23458M (57%)       23468M (57%)       23468M (57%)       21746M (53%)    
[247,655s][info][gc,heap     ] GC(7) Y:      Free:    19214M (47%)       17506M (43%)       17502M (43%)       17552M (43%)       19214M (47%)       17492M (43%)    
[247,655s][info][gc,heap     ] GC(7) Y:      Used:    21746M (53%)       23454M (57%)       23458M (57%)       23408M (57%)       23468M (57%)       21746M (53%)    
[247,655s][info][gc,heap     ] GC(7) Y: Young Generation Statistics:
[247,655s][info][gc,heap     ] GC(7) Y:                Mark Start          Mark End        Relocate Start      Relocate End    
[247,655s][info][gc,heap     ] GC(7) Y:      Used:     6092M (15%)        7800M (19%)        7102M (17%)        7044M (17%)    
[247,655s][info][gc,heap     ] GC(7) Y:      Live:         -              6013M (15%)        5313M (13%)        5310M (13%)    
[247,655s][info][gc,heap     ] GC(7) Y:   Garbage:         -                78M (0%)           76M (0%)           14M (0%)     
[247,655s][info][gc,heap     ] GC(7) Y: Allocated:         -              1708M (4%)         1712M (4%)         1719M (4%)     
[247,655s][info][gc,heap     ] GC(7) Y: Reclaimed:         -                  -                 1M (0%)           64M (0%)     
[247,655s][info][gc,heap     ] GC(7) Y:  Promoted:         -                  -               700M (2%)          703M (2%)     
[247,655s][info][gc,heap     ] GC(7) Y: Compacted:         -                  -                  -                52M (0%)     
[247,655s][info][gc,phases   ] GC(7) Y: Young Generation 21746M(53%)->23408M(57%) 22,030s
[247,655s][info][gc,phases   ] GC(7) O: Old Generation
[247,662s][info][gc          ] GC(8) Minor Collection (Allocation Rate)
[247,662s][info][gc,task     ] GC(8) Using 1 Workers for Young Generation
[247,662s][info][gc,phases   ] GC(8) y: Young Generation
[247,663s][info][gc,phases   ] GC(8) y: Pause Mark Start 0,067ms
[269,419s][info][gc,phases   ] GC(8) y: Concurrent Mark 21756,301ms
[269,419s][info][gc,phases   ] GC(8) y: Pause Mark End 0,027ms
[269,419s][info][gc,phases   ] GC(8) y: Concurrent Mark Free 0,002ms
[269,420s][info][gc,phases   ] GC(8) y: Concurrent Reset Relocation Set 0,240ms
[269,422s][info][gc,reloc    ] GC(8) y: Using tenuring threshold: 2 (Computed)
[270,528s][info][gc,phases   ] GC(8) y: Concurrent Select Relocation Set 1108,569ms
[270,528s][info][gc,phases   ] GC(8) y: Pause Relocate Start 0,026ms
[272,991s][info][gc,phases   ] GC(8) y: Concurrent Relocate 2462,274ms
[272,991s][info][gc,alloc    ] GC(8) y:                         Mark Start        Mark End      Relocate Start    Relocate End   
[272,991s][info][gc,alloc    ] GC(8) y: Allocation Stalls:          0                0                0                0         
[272,991s][info][gc,load     ] GC(8) y: Load: 5,48 (27%) / 3,23 (16%) / 2,70 (13%)
[272,991s][info][gc,mmu      ] GC(8) y: MMU: 2ms/94,9%, 5ms/97,9%, 10ms/99,0%, 20ms/99,5%, 50ms/99,8%, 100ms/99,9%
[272,991s][info][gc,marking  ] GC(8) y: Mark: 1 stripe(s), 2 proactive flush(es), 1 terminate flush(es), 0 completion(s), 0 continuation(s) 
[272,991s][info][gc,marking  ] GC(8) y: Mark Stack Usage: 800M
[272,991s][info][gc,nmethod  ] GC(8) y: NMethods: 1651 registered, 208 unregistered
[272,991s][info][gc,metaspace] GC(8) y: Metaspace: 14M used, 14M committed, 1088M reserved
[272,991s][info][gc,reloc    ] GC(8) y:                        Candidates     Selected     In-Place         Size        Empty    Relocated 
[272,991s][info][gc,reloc    ] GC(8) y: Small Pages:                 3522           19            0        7044M           0M          15M 
[272,991s][info][gc,reloc    ] GC(8) y: Medium Pages:                   0            0            0           0M           0M           0M 
[272,991s][info][gc,reloc    ] GC(8) y: Large Pages:                    0            0            0           0M           0M           0M 
[272,991s][info][gc,reloc    ] GC(8) y: Forwarding Usage: 17M
[272,991s][info][gc,reloc    ] GC(8) y: Age Table:
[272,991s][info][gc,reloc    ] GC(8) y:                    Live             Garbage             Small              Medium             Large        
[272,991s][info][gc,reloc    ] GC(8) y: Eden            1687M (4%)           24M (0%)         856 / 8              0 / 0              0 / 0        
[272,991s][info][gc,reloc    ] GC(8) y: Survivor 1      4000M (10%)          27M (0%)        2014 / 9              0 / 0              0 / 0        
[272,991s][info][gc,reloc    ] GC(8) y: Survivor 2      1294M (3%)            9M (0%)         652 / 2              0 / 0              0 / 0        
[272,991s][info][gc,heap     ] GC(8) y: Min Capacity: 1024M(2%)
[272,991s][info][gc,heap     ] GC(8) y: Max Capacity: 40960M(100%)
[272,991s][info][gc,heap     ] GC(8) y: Soft Max Capacity: 40960M(100%)
[272,991s][info][gc,heap     ] GC(8) y: Heap Statistics:
[272,991s][info][gc,heap     ] GC(8) y:                Mark Start          Mark End        Relocate Start      Relocate End           High               Low         
[272,991s][info][gc,heap     ] GC(8) y:  Capacity:    23468M (57%)       23468M (57%)       23468M (57%)       23468M (57%)       23468M (57%)       23468M (57%)    
[272,991s][info][gc,heap     ] GC(8) y:      Free:    17552M (43%)       17546M (43%)       17546M (43%)       17584M (43%)       17584M (43%)       17542M (43%)    
[272,991s][info][gc,heap     ] GC(8) y:      Used:    23408M (57%)       23414M (57%)       23414M (57%)       23376M (57%)       23418M (57%)       23376M (57%)    
[272,991s][info][gc,heap     ] GC(8) y: Young Generation Statistics:
[272,991s][info][gc,heap     ] GC(8) y:                Mark Start          Mark End        Relocate Start      Relocate End    
[272,991s][info][gc,heap     ] GC(8) y:      Used:     7044M (17%)        7050M (17%)        5754M (14%)        5714M (14%)    
[272,991s][info][gc,heap     ] GC(8) y:      Live:         -              6982M (17%)        5690M (14%)        5688M (14%)    
[272,991s][info][gc,heap     ] GC(8) y:   Garbage:         -                61M (0%)           57M (0%)           14M (0%)     
[272,991s][info][gc,heap     ] GC(8) y: Allocated:         -                 6M (0%)            6M (0%)           10M (0%)     
[272,991s][info][gc,heap     ] GC(8) y: Reclaimed:         -                  -                 3M (0%)           46M (0%)     
[272,991s][info][gc,heap     ] GC(8) y:  Promoted:         -                  -              1292M (3%)         1294M (3%)     
[272,991s][info][gc,heap     ] GC(8) y: Compacted:         -                  -                  -                31M (0%)     
[272,991s][info][gc,phases   ] GC(8) y: Young Generation 23408M(57%)->23376M(57%) 25,329s
[272,991s][info][gc          ] GC(8) Minor Collection (Allocation Rate) 23408M(57%)->23376M(57%) 25,329s
[272,992s][info][gc          ] GC(9) Minor Collection (Allocation Rate)
[272,992s][info][gc,task     ] GC(9) Using 1 Workers for Young Generation
[272,992s][info][gc,phases   ] GC(9) y: Young Generation
[272,992s][info][gc,phases   ] GC(9) y: Pause Mark Start 0,047ms
[290,046s][info][gc,phases   ] GC(9) y: Concurrent Mark 17054,218ms
[290,047s][info][gc,phases   ] GC(9) y: Pause Mark End 0,026ms
[290,055s][info][gc,phases   ] GC(9) y: Concurrent Mark Free 7,898ms
[290,055s][info][gc,phases   ] GC(9) y: Concurrent Reset Relocation Set 0,319ms
[290,057s][info][gc,reloc    ] GC(9) y: Using tenuring threshold: 1 (Computed)
[294,764s][info][gc,phases   ] GC(9) y: Concurrent Select Relocation Set 4709,128ms
[294,765s][info][gc,phases   ] GC(9) y: Pause Relocate Start 0,024ms
[302,171s][info][gc,phases   ] GC(7) O: Concurrent Mark 54516,326ms
[302,174s][info][gc,phases   ] GC(7) O: Pause Mark End 0,034ms
[302,272s][info][gc,phases   ] GC(7) O: Concurrent Mark Free 97,794ms
[302,277s][info][gc,phases   ] GC(7) O: Concurrent Process Non-Strong 5,463ms
[302,277s][info][gc,phases   ] GC(7) O: Concurrent Reset Relocation Set 0,019ms
[302,286s][info][gc,phases   ] GC(7) O: Concurrent Select Relocation Set 9,005ms
[304,926s][info][gc,phases   ] GC(9) y: Concurrent Relocate 10152,263ms
[304,926s][info][gc,alloc    ] GC(9) y:                         Mark Start        Mark End      Relocate Start    Relocate End   
[304,926s][info][gc,alloc    ] GC(9) y: Allocation Stalls:          0                0                0                0         
[304,926s][info][gc,load     ] GC(9) y: Load: 6,10 (30%) / 3,65 (18%) / 2,86 (14%)
[304,926s][info][gc,mmu      ] GC(9) y: MMU: 2ms/94,9%, 5ms/97,9%, 10ms/99,0%, 20ms/99,5%, 50ms/99,8%, 100ms/99,9%
[304,926s][info][gc,marking  ] GC(9) y: Mark: 1 stripe(s), 2 proactive flush(es), 1 terminate flush(es), 0 completion(s), 0 continuation(s) 
[304,926s][info][gc,marking  ] GC(9) y: Mark Stack Usage: 640M
[304,926s][info][gc,nmethod  ] GC(9) y: NMethods: 1649 registered, 210 unregistered
[304,926s][info][gc,metaspace] GC(9) y: Metaspace: 14M used, 14M committed, 1088M reserved
[304,926s][info][gc,reloc    ] GC(9) y:                        Candidates     Selected     In-Place         Size        Empty    Relocated 
[304,926s][info][gc,reloc    ] GC(9) y: Small Pages:                 2857            4            0        5714M           0M           2M 
[304,926s][info][gc,reloc    ] GC(9) y: Medium Pages:                   0            0            0           0M           0M           0M 
[304,926s][info][gc,reloc    ] GC(9) y: Large Pages:                    0            0            0           0M           0M           0M 
[304,926s][info][gc,reloc    ] GC(9) y: Forwarding Usage: 1M
[304,926s][info][gc,reloc    ] GC(9) y: Age Table:
[304,926s][info][gc,reloc    ] GC(9) y:                    Live             Garbage             Small              Medium             Large        
[304,926s][info][gc,reloc    ] GC(9) y: Eden               3M (0%)            2M (0%)           3 / 0              0 / 0              0 / 0        
[304,927s][info][gc,reloc    ] GC(9) y: Survivor 1      1686M (4%)            9M (0%)         848 / 3              0 / 0              0 / 0        
[304,927s][info][gc,reloc    ] GC(9) y: Survivor 2      4000M (10%)          11M (0%)        2006 / 1              0 / 0              0 / 0        
[304,927s][info][gc,heap     ] GC(9) y: Min Capacity: 1024M(2%)
[304,927s][info][gc,heap     ] GC(9) y: Max Capacity: 40960M(100%)
[304,927s][info][gc,heap     ] GC(9) y: Soft Max Capacity: 40960M(100%)
[304,927s][info][gc,heap     ] GC(9) y: Heap Statistics:
[304,927s][info][gc,heap     ] GC(9) y:                Mark Start          Mark End        Relocate Start      Relocate End           High               Low         
[304,927s][info][gc,heap     ] GC(9) y:  Capacity:    23468M (57%)       24090M (59%)       24102M (59%)       24104M (59%)       24104M (59%)       23468M (57%)    
[304,927s][info][gc,heap     ] GC(9) y:      Free:    17584M (43%)       16870M (41%)       16858M (41%)       16964M (41%)       17584M (43%)       16856M (41%)    
[304,927s][info][gc,heap     ] GC(9) y:      Used:    23376M (57%)       24090M (59%)       24102M (59%)       23996M (59%)       24104M (59%)       23376M (57%)    
[304,927s][info][gc,heap     ] GC(9) y: Young Generation Statistics:
[304,927s][info][gc,heap     ] GC(9) y:                Mark Start          Mark End        Relocate Start      Relocate End    
[304,927s][info][gc,heap     ] GC(9) y:      Used:     5714M (14%)        6428M (16%)         742M (2%)          732M (2%)     
[304,927s][info][gc,heap     ] GC(9) y:      Live:         -              5689M (14%)           6M (0%)            3M (0%)     
[304,927s][info][gc,heap     ] GC(9) y:   Garbage:         -                24M (0%)            9M (0%)            0M (0%)     
[304,927s][info][gc,heap     ] GC(9) y: Allocated:         -               714M (2%)          726M (2%)          727M (2%)     
[304,927s][info][gc,heap     ] GC(9) y: Reclaimed:         -                  -                14M (0%)           23M (0%)     
[304,927s][info][gc,heap     ] GC(9) y:  Promoted:         -                  -              5683M (14%)        5686M (14%)    
[304,927s][info][gc,heap     ] GC(9) y: Compacted:         -                  -                  -                 0M (0%)     
[304,927s][info][gc,phases   ] GC(9) y: Young Generation 23376M(57%)->23996M(59%) 31,935s
[304,927s][info][gc          ] GC(9) Minor Collection (Allocation Rate) 23376M(57%)->23996M(59%) 31,935s
[304,927s][info][gc,task     ] GC(7) O: Using 5 Workers for Old Generation
[304,964s][info][gc,task     ] GC(7) O: Using 4 Workers for Old Generation
[304,964s][info][gc,phases   ] GC(7) O: Concurrent Remap Roots 37,289ms
[304,965s][info][gc,phases   ] GC(7) O: Pause Relocate Start 0,046ms
[305,048s][info][gc,phases   ] GC(7) O: Concurrent Relocate 83,553ms
[305,048s][info][gc,alloc    ] GC(7) O:                         Mark Start        Mark End      Relocate Start    Relocate End   
[305,048s][info][gc,alloc    ] GC(7) O: Allocation Stalls:          0                0                0                0         
[305,048s][info][gc,load     ] GC(7) O: Load: 6,10 (30%) / 3,65 (18%) / 2,86 (14%)
[305,048s][info][gc,mmu      ] GC(7) O: MMU: 2ms/94,9%, 5ms/97,9%, 10ms/99,0%, 20ms/99,5%, 50ms/99,8%, 100ms/99,9%
[305,048s][info][gc,marking  ] GC(7) O: Mark: 4 stripe(s), 11 proactive flush(es), 2 terminate flush(es), 0 completion(s), 0 continuation(s) 
[305,048s][info][gc,marking  ] GC(7) O: Mark Stack Usage: 64M
[305,048s][info][gc,nmethod  ] GC(7) O: NMethods: 1649 registered, 210 unregistered
[305,048s][info][gc,metaspace] GC(7) O: Metaspace: 14M used, 14M committed, 1088M reserved
[305,048s][info][gc,ref      ] GC(7) O:                       Encountered   Discovered     Enqueued 
[305,049s][info][gc,ref      ] GC(7) O: Soft References:             3531            0            0 
[305,049s][info][gc,ref      ] GC(7) O: Weak References:              893          329            0 
[305,049s][info][gc,ref      ] GC(7) O: Final References:               0            0            0 
[305,049s][info][gc,ref      ] GC(7) O: Phantom References:            20           12            0 
[305,049s][info][gc,reloc    ] GC(7) O:                        Candidates     Selected     In-Place         Size        Empty    Relocated 
[305,049s][info][gc,reloc    ] GC(7) O: Small Pages:                 7827           43            0       15654M         100M          39M 
[305,049s][info][gc,reloc    ] GC(7) O: Medium Pages:                   0            0            0           0M           0M           0M 
[305,049s][info][gc,reloc    ] GC(7) O: Large Pages:                    0            0            0           0M           0M           0M 
[305,049s][info][gc,reloc    ] GC(7) O: Forwarding Usage: 48M
[305,049s][info][gc,heap     ] GC(7) O: Min Capacity: 1024M(2%)
[305,049s][info][gc,heap     ] GC(7) O: Max Capacity: 40960M(100%)
[305,049s][info][gc,heap     ] GC(7) O: Soft Max Capacity: 40960M(100%)
[305,049s][info][gc,heap     ] GC(7) O: Heap Statistics:
[305,049s][info][gc,heap     ] GC(7) O:                Mark Start          Mark End        Relocate Start      Relocate End           High               Low         
[305,049s][info][gc,heap     ] GC(7) O:  Capacity:    21746M (53%)       24104M (59%)       24104M (59%)       24104M (59%)       24104M (59%)       21746M (53%)    
[305,049s][info][gc,heap     ] GC(7) O:      Free:    19214M (47%)       16864M (41%)       16964M (41%)       17054M (42%)       19214M (47%)       16856M (41%)    
[305,049s][info][gc,heap     ] GC(7) O:      Used:    21746M (53%)       24096M (59%)       23996M (59%)       23906M (58%)       24104M (59%)       21746M (53%)    
[305,049s][info][gc,heap     ] GC(7) O: Old Generation Statistics:
[305,049s][info][gc,heap     ] GC(7) O:                Mark Start          Mark End        Relocate Start      Relocate End    
[305,049s][info][gc,heap     ] GC(7) O:      Used:    15654M (38%)       23364M (57%)       23264M (57%)       23174M (57%)    
[305,049s][info][gc,heap     ] GC(7) O:      Live:         -             15414M (38%)       15414M (38%)       15414M (38%)    
[305,049s][info][gc,heap     ] GC(7) O:   Garbage:         -               239M (1%)          139M (0%)           38M (0%)     
[305,049s][info][gc,heap     ] GC(7) O: Allocated:         -              7710M (19%)        7710M (19%)        7720M (19%)    
[305,049s][info][gc,heap     ] GC(7) O: Reclaimed:         -                  -               100M (0%)          200M (0%)     
[305,049s][info][gc,heap     ] GC(7) O: Compacted:         -                  -                  -               101M (0%)     
[305,049s][info][gc,phases   ] GC(7) O: Old Generation 23408M(57%)->23906M(58%) 57,393s
[305,049s][info][gc          ] GC(7) Major Collection (Allocation Rate) 21746M(53%)->23906M(58%) 79,424s
[326,547s][info][gc          ] GC(10) Major Collection (Allocation Rate)
[326,547s][info][gc,task     ] GC(10) Using 5 Workers for Young Generation
[326,547s][info][gc,task     ] GC(10) Using 3 Workers for Old Generation
[326,547s][info][gc,phases   ] GC(10) Y: Young Generation
[326,548s][info][gc,phases   ] GC(10) Y: Pause Mark Start (Major) 0,023ms
[333,562s][info][gc,phases   ] GC(10) Y: Concurrent Mark 7013,483ms
[333,562s][info][gc,phases   ] GC(10) Y: Pause Mark End 0,026ms
[333,597s][info][gc,phases   ] GC(10) Y: Concurrent Mark Free 34,927ms
[333,598s][info][gc,phases   ] GC(10) Y: Concurrent Reset Relocation Set 1,355ms
[333,600s][info][gc,reloc    ] GC(10) Y: Using tenuring threshold: 2 (Computed)
[333,603s][info][gc,phases   ] GC(10) Y: Concurrent Select Relocation Set 4,267ms
[333,603s][info][gc,phases   ] GC(10) Y: Pause Relocate Start 0,022ms
[333,622s][info][gc,phases   ] GC(10) Y: Concurrent Relocate 18,676ms
[333,622s][info][gc,alloc    ] GC(10) Y:                         Mark Start        Mark End      Relocate Start    Relocate End   
[333,622s][info][gc,alloc    ] GC(10) Y: Allocation Stalls:          0                0                0                0         
[333,622s][info][gc,load     ] GC(10) Y: Load: 4,98 (25%) / 3,58 (18%) / 2,86 (14%)
[333,622s][info][gc,mmu      ] GC(10) Y: MMU: 2ms/94,9%, 5ms/97,9%, 10ms/99,0%, 20ms/99,5%, 50ms/99,8%, 100ms/99,9%
[333,622s][info][gc,marking  ] GC(10) Y: Mark: 4 stripe(s), 10 proactive flush(es), 1 terminate flush(es), 0 completion(s), 0 continuation(s) 
[333,622s][info][gc,marking  ] GC(10) Y: Mark Stack Usage: 32M
[333,622s][info][gc,nmethod  ] GC(10) Y: NMethods: 1655 registered, 210 unregistered
[333,622s][info][gc,metaspace] GC(10) Y: Metaspace: 14M used, 14M committed, 1088M reserved
[333,622s][info][gc,reloc    ] GC(10) Y:                        Candidates     Selected     In-Place         Size        Empty    Relocated 
[333,622s][info][gc,reloc    ] GC(10) Y: Small Pages:                 1027           14            0        2054M           0M           9M 
[333,622s][info][gc,reloc    ] GC(10) Y: Medium Pages:                   0            0            0           0M           0M           0M 
[333,622s][info][gc,reloc    ] GC(10) Y: Large Pages:                    0            0            0           0M           0M           0M 
[333,622s][info][gc,reloc    ] GC(10) Y: Forwarding Usage: 10M
[333,622s][info][gc,reloc    ] GC(10) Y: Age Table:
[333,622s][info][gc,reloc    ] GC(10) Y:                    Live             Garbage             Small              Medium             Large        
[333,622s][info][gc,reloc    ] GC(10) Y: Eden            2015M (5%)           32M (0%)        1024 / 13             0 / 0              0 / 0        
[333,622s][info][gc,reloc    ] GC(10) Y: Survivor 1         1M (0%)            4M (0%)           3 / 1              0 / 0              0 / 0        
[333,622s][info][gc,heap     ] GC(10) Y: Min Capacity: 1024M(2%)
[333,622s][info][gc,heap     ] GC(10) Y: Max Capacity: 40960M(100%)
[333,622s][info][gc,heap     ] GC(10) Y: Soft Max Capacity: 40960M(100%)
[333,622s][info][gc,heap     ] GC(10) Y: Heap Statistics:
[333,622s][info][gc,heap     ] GC(10) Y:                Mark Start          Mark End        Relocate Start      Relocate End           High               Low         
[333,622s][info][gc,heap     ] GC(10) Y:  Capacity:    25228M (62%)       25348M (62%)       25348M (62%)       25358M (62%)       25358M (62%)       25228M (62%)    
[333,622s][info][gc,heap     ] GC(10) Y:      Free:    15732M (38%)       15612M (38%)       15612M (38%)       15638M (38%)       15732M (38%)       15602M (38%)    
[333,622s][info][gc,heap     ] GC(10) Y:      Used:    25228M (62%)       25348M (62%)       25348M (62%)       25322M (62%)       25358M (62%)       25228M (62%)    
[333,622s][info][gc,heap     ] GC(10) Y: Young Generation Statistics:
[333,622s][info][gc,heap     ] GC(10) Y:                Mark Start          Mark End        Relocate Start      Relocate End    
[333,622s][info][gc,heap     ] GC(10) Y:      Used:     2054M (5%)         2174M (5%)         2174M (5%)         2148M (5%)     
[333,622s][info][gc,heap     ] GC(10) Y:      Live:         -              2017M (5%)         2017M (5%)         2017M (5%)     
[333,622s][info][gc,heap     ] GC(10) Y:   Garbage:         -                36M (0%)           36M (0%)            5M (0%)     
[333,622s][info][gc,heap     ] GC(10) Y: Allocated:         -               120M (0%)          120M (0%)          125M (0%)     
[333,622s][info][gc,heap     ] GC(10) Y: Reclaimed:         -                  -                 0M (0%)           31M (0%)     
[333,622s][info][gc,heap     ] GC(10) Y:  Promoted:         -                  -                 0M (0%)            0M (0%)     
[333,622s][info][gc,heap     ] GC(10) Y: Compacted:         -                  -                  -                20M (0%)     
[333,622s][info][gc,phases   ] GC(10) Y: Young Generation 25226M(62%)->25322M(62%) 7,074s
[333,622s][info][gc,phases   ] GC(10) O: Old Generation
[378,372s][info][gc          ] GC(11) Minor Collection (Allocation Rate)
[378,373s][info][gc,task     ] GC(11) Using 2 Workers for Young Generation
[378,373s][info][gc,phases   ] GC(11) y: Young Generation
[378,373s][info][gc,phases   ] GC(11) y: Pause Mark Start 0,083ms
[381,564s][info][gc,phases   ] GC(10) O: Concurrent Mark 47941,446ms
[381,564s][info][gc,phases   ] GC(10) O: Pause Mark End 0,030ms
[381,566s][info][gc,phases   ] GC(10) O: Concurrent Mark Free 2,491ms
[381,569s][info][gc,phases   ] GC(10) O: Concurrent Process Non-Strong 2,485ms
[381,569s][info][gc,phases   ] GC(10) O: Concurrent Reset Relocation Set 0,019ms
[381,580s][info][gc,phases   ] GC(10) O: Concurrent Select Relocation Set 10,751ms
[385,693s][info][gc,phases   ] GC(11) y: Concurrent Mark 7319,404ms
[385,693s][info][gc,phases   ] GC(11) y: Pause Mark End 0,023ms
[385,693s][info][gc,phases   ] GC(11) y: Concurrent Mark Free 0,002ms
[385,693s][info][gc,phases   ] GC(11) y: Concurrent Reset Relocation Set 0,006ms
[385,697s][info][gc,reloc    ] GC(11) y: Using tenuring threshold: 1 (Computed)
[386,473s][info][gc,phases   ] GC(11) y: Concurrent Select Relocation Set 779,748ms
[386,473s][info][gc,phases   ] GC(11) y: Pause Relocate Start 0,022ms
[387,946s][info][gc,phases   ] GC(11) y: Concurrent Relocate 1472,393ms
[387,946s][info][gc,alloc    ] GC(11) y:                         Mark Start        Mark End      Relocate Start    Relocate End   
[387,946s][info][gc,alloc    ] GC(11) y: Allocation Stalls:          0                0                0                0         
[387,946s][info][gc,load     ] GC(11) y: Load: 5,24 (26%) / 3,93 (20%) / 3,02 (15%)
[387,946s][info][gc,mmu      ] GC(11) y: MMU: 2ms/94,9%, 5ms/97,9%, 10ms/99,0%, 20ms/99,5%, 50ms/99,8%, 100ms/99,9%
[387,946s][info][gc,marking  ] GC(11) y: Mark: 2 stripe(s), 10 proactive flush(es), 1 terminate flush(es), 0 completion(s), 0 continuation(s) 
[387,946s][info][gc,marking  ] GC(11) y: Mark Stack Usage: 32M
[387,946s][info][gc,nmethod  ] GC(11) y: NMethods: 1658 registered, 211 unregistered
[387,946s][info][gc,metaspace] GC(11) y: Metaspace: 14M used, 14M committed, 1088M reserved
[387,946s][info][gc,reloc    ] GC(11) y:                        Candidates     Selected     In-Place         Size        Empty    Relocated 
[387,946s][info][gc,reloc    ] GC(11) y: Small Pages:                 1834           19            0        3668M           0M          13M 
[387,946s][info][gc,reloc    ] GC(11) y: Medium Pages:                   0            0            0           0M           0M           0M 
[387,946s][info][gc,reloc    ] GC(11) y: Large Pages:                    0            0            0           0M           0M           0M 
[387,946s][info][gc,reloc    ] GC(11) y: Forwarding Usage: 14M
[387,946s][info][gc,reloc    ] GC(11) y: Age Table:
[387,946s][info][gc,reloc    ] GC(11) y:                    Live             Garbage             Small              Medium             Large        
[387,946s][info][gc,reloc    ] GC(11) y: Eden            1613M (4%)           26M (0%)         820 / 9              0 / 0              0 / 0        
[387,946s][info][gc,reloc    ] GC(11) y: Survivor 1      2000M (5%)           23M (0%)        1012 / 8              0 / 0              0 / 0        
[387,946s][info][gc,reloc    ] GC(11) y: Survivor 2         1M (0%)            2M (0%)           2 / 2              0 / 0              0 / 0        
[387,946s][info][gc,heap     ] GC(11) y: Min Capacity: 1024M(2%)
[387,946s][info][gc,heap     ] GC(11) y: Max Capacity: 40960M(100%)
[387,946s][info][gc,heap     ] GC(11) y: Soft Max Capacity: 40960M(100%)
[387,946s][info][gc,heap     ] GC(11) y: Heap Statistics:
[387,946s][info][gc,heap     ] GC(11) y:                Mark Start          Mark End        Relocate Start      Relocate End           High               Low         
[387,946s][info][gc,heap     ] GC(11) y:  Capacity:    26842M (66%)       27436M (67%)       27436M (67%)       27436M (67%)       27436M (67%)       26842M (66%)    
[387,946s][info][gc,heap     ] GC(11) y:      Free:    14118M (34%)       13574M (33%)       13574M (33%)       13606M (33%)       14118M (34%)       13524M (33%)    
[387,946s][info][gc,heap     ] GC(11) y:      Used:    26842M (66%)       27386M (67%)       27386M (67%)       27354M (67%)       27436M (67%)       26842M (66%)    
[387,946s][info][gc,heap     ] GC(11) y: Young Generation Statistics:
[387,946s][info][gc,heap     ] GC(11) y:                Mark Start          Mark End        Relocate Start      Relocate End    
[387,946s][info][gc,heap     ] GC(11) y:      Used:     3668M (9%)         4276M (10%)        2288M (6%)         2236M (5%)     
[387,946s][info][gc,heap     ] GC(11) y:      Live:         -              3615M (9%)         1632M (4%)         1613M (4%)     
[387,946s][info][gc,heap     ] GC(11) y:   Garbage:         -                52M (0%)           47M (0%)            5M (0%)     
[387,946s][info][gc,heap     ] GC(11) y: Allocated:         -               608M (1%)          608M (1%)          616M (2%)     
[387,946s][info][gc,heap     ] GC(11) y: Reclaimed:         -                  -                 4M (0%)           46M (0%)     
[387,946s][info][gc,heap     ] GC(11) y:  Promoted:         -                  -              1983M (5%)         2002M (5%)     
[387,946s][info][gc,heap     ] GC(11) y: Compacted:         -                  -                  -                 9M (0%)     
[387,946s][info][gc,phases   ] GC(11) y: Young Generation 26842M(66%)->27354M(67%) 9,573s
[387,946s][info][gc          ] GC(11) Minor Collection (Allocation Rate) 26842M(66%)->27354M(67%) 9,574s
[387,946s][info][gc,task     ] Adjusting Workers for Old Generation: 3 -> 2
[387,946s][info][gc,task     ] GC(10) O: Using 5 Workers for Old Generation
[387,987s][info][gc,task     ] GC(10) O: Using 3 Workers for Old Generation
[387,987s][info][gc,phases   ] GC(10) O: Concurrent Remap Roots 40,584ms
[387,987s][info][gc,phases   ] GC(10) O: Pause Relocate Start 0,022ms
[387,987s][info][gc          ] GC(12) Minor Collection (Allocation Rate)
[387,988s][info][gc,task     ] GC(12) Using 3 Workers for Young Generation
[387,988s][info][gc,phases   ] GC(12) y: Young Generation
[387,988s][info][gc,phases   ] GC(12) y: Pause Mark Start 0,023ms
[388,148s][info][gc,phases   ] GC(10) O: Concurrent Relocate 160,942ms
[391,048s][info][gc,phases   ] GC(12) y: Concurrent Mark 3060,523ms
[391,049s][info][gc,phases   ] GC(12) y: Pause Mark End 0,063ms
[391,049s][info][gc,phases   ] GC(12) y: Concurrent Mark Free 0,002ms
[391,050s][info][gc,phases   ] GC(12) y: Concurrent Reset Relocation Set 0,836ms
[391,054s][info][gc,reloc    ] GC(12) y: Using tenuring threshold: 1 (Computed)
[391,547s][info][gc,phases   ] GC(12) y: Concurrent Select Relocation Set 496,948ms
[391,547s][info][gc,phases   ] GC(12) y: Pause Relocate Start 0,099ms
[392,584s][info][gc,phases   ] GC(12) y: Concurrent Relocate 1036,601ms
[392,584s][info][gc,alloc    ] GC(12) y:                         Mark Start        Mark End      Relocate Start    Relocate End   
[392,584s][info][gc,alloc    ] GC(12) y: Allocation Stalls:          0                0                0                0         
[392,584s][info][gc,load     ] GC(12) y: Load: 5,38 (27%) / 3,98 (20%) / 3,04 (15%)
[392,584s][info][gc,mmu      ] GC(12) y: MMU: 2ms/94,9%, 5ms/97,9%, 10ms/99,0%, 20ms/99,5%, 50ms/99,8%, 100ms/99,9%
[392,584s][info][gc,marking  ] GC(12) y: Mark: 2 stripe(s), 10 proactive flush(es), 1 terminate flush(es), 0 completion(s), 0 continuation(s) 
[392,584s][info][gc,marking  ] GC(12) y: Mark Stack Usage: 32M
[392,584s][info][gc,nmethod  ] GC(12) y: NMethods: 1658 registered, 211 unregistered
[392,584s][info][gc,metaspace] GC(12) y: Metaspace: 14M used, 14M committed, 1088M reserved
[392,584s][info][gc,reloc    ] GC(12) y:                        Candidates     Selected     In-Place         Size        Empty    Relocated 
[392,584s][info][gc,reloc    ] GC(12) y: Small Pages:                 1118           10            0        2236M           0M           7M 
[392,584s][info][gc,reloc    ] GC(12) y: Medium Pages:                   0            0            0           0M           0M           0M 
[392,584s][info][gc,reloc    ] GC(12) y: Large Pages:                    0            0            0           0M           0M           0M 
[392,584s][info][gc,reloc    ] GC(12) y: Forwarding Usage: 8M
[392,584s][info][gc,reloc    ] GC(12) y: Age Table:
[392,584s][info][gc,reloc    ] GC(12) y:                    Live             Garbage             Small              Medium             Large        
[392,584s][info][gc,reloc    ] GC(12) y: Eden             606M (1%)            7M (0%)         307 / 3              0 / 0              0 / 0        
[392,584s][info][gc,reloc    ] GC(12) y: Survivor 1      1601M (4%)           20M (0%)         811 / 7              0 / 0              0 / 0        
[392,584s][info][gc,heap     ] GC(12) y: Min Capacity: 1024M(2%)
[392,584s][info][gc,heap     ] GC(12) y: Max Capacity: 40960M(100%)
[392,584s][info][gc,heap     ] GC(12) y: Soft Max Capacity: 40960M(100%)
[392,584s][info][gc,heap     ] GC(12) y: Heap Statistics:
[392,584s][info][gc,heap     ] GC(12) y:                Mark Start          Mark End        Relocate Start      Relocate End           High               Low         
[392,584s][info][gc,heap     ] GC(12) y:  Capacity:    27436M (67%)       27942M (68%)       27942M (68%)       27948M (68%)       27948M (68%)       27436M (67%)    
[392,584s][info][gc,heap     ] GC(12) y:      Free:    13606M (33%)       13018M (32%)       13018M (32%)       13034M (32%)       13716M (33%)       13012M (32%)    
[392,584s][info][gc,heap     ] GC(12) y:      Used:    27354M (67%)       27942M (68%)       27942M (68%)       27926M (68%)       27948M (68%)       27244M (67%)    
[392,584s][info][gc,heap     ] GC(12) y: Young Generation Statistics:
[392,584s][info][gc,heap     ] GC(12) y:                Mark Start          Mark End        Relocate Start      Relocate End    
[392,584s][info][gc,heap     ] GC(12) y:      Used:     2236M (5%)         2934M (7%)         1342M (3%)         1308M (3%)     
[392,584s][info][gc,heap     ] GC(12) y:      Live:         -              2207M (5%)          620M (2%)          606M (1%)     
[392,584s][info][gc,heap     ] GC(12) y:   Garbage:         -                28M (0%)           23M (0%)            1M (0%)     
[392,584s][info][gc,heap     ] GC(12) y: Allocated:         -               698M (2%)          698M (2%)          700M (2%)     
[392,584s][info][gc,heap     ] GC(12) y: Reclaimed:         -                  -                 4M (0%)           26M (0%)     
[392,584s][info][gc,heap     ] GC(12) y:  Promoted:         -                  -              1587M (4%)         1601M (4%)     
[392,584s][info][gc,heap     ] GC(12) y: Compacted:         -                  -                  -                 1M (0%)     
[392,584s][info][gc,phases   ] GC(12) y: Young Generation 27356M(67%)->27926M(68%) 4,597s
[392,585s][info][gc          ] GC(12) Minor Collection (Allocation Rate) 27356M(67%)->27926M(68%) 4,597s
[392,585s][info][gc,alloc    ] GC(10) O:                         Mark Start        Mark End      Relocate Start    Relocate End   
[392,585s][info][gc,alloc    ] GC(10) O: Allocation Stalls:          0                0                0                0         
[392,585s][info][gc,load     ] GC(10) O: Load: 5,38 (27%) / 3,98 (20%) / 3,04 (15%)
[392,585s][info][gc,mmu      ] GC(10) O: MMU: 2ms/94,9%, 5ms/97,9%, 10ms/99,0%, 20ms/99,5%, 50ms/99,8%, 100ms/99,9%
[392,585s][info][gc,marking  ] GC(10) O: Mark: 2 stripe(s), 10 proactive flush(es), 1 terminate flush(es), 0 completion(s), 0 continuation(s) 
[392,585s][info][gc,marking  ] GC(10) O: Mark Stack Usage: 32M
[392,585s][info][gc,nmethod  ] GC(10) O: NMethods: 1658 registered, 211 unregistered
[392,585s][info][gc,metaspace] GC(10) O: Metaspace: 14M used, 14M committed, 1088M reserved
[392,585s][info][gc,ref      ] GC(10) O:                       Encountered   Discovered     Enqueued 
[392,585s][info][gc,ref      ] GC(10) O: Soft References:             3531            0            0 
[392,585s][info][gc,ref      ] GC(10) O: Weak References:              893          402            0 
[392,585s][info][gc,ref      ] GC(10) O: Final References:               0            0            0 
[392,585s][info][gc,ref      ] GC(10) O: Phantom References:            20            9            0 
[392,585s][info][gc,reloc    ] GC(10) O:                        Candidates     Selected     In-Place         Size        Empty    Relocated 
[392,585s][info][gc,reloc    ] GC(10) O: Small Pages:                11587           52            0       23174M          64M          43M 
[392,585s][info][gc,reloc    ] GC(10) O: Medium Pages:                   0            0            0           0M           0M           0M 
[392,585s][info][gc,reloc    ] GC(10) O: Large Pages:                    0            0            0           0M           0M           0M 
[392,585s][info][gc,reloc    ] GC(10) O: Forwarding Usage: 55M
[392,585s][info][gc,heap     ] GC(10) O: Min Capacity: 1024M(2%)
[392,585s][info][gc,heap     ] GC(10) O: Max Capacity: 40960M(100%)
[392,585s][info][gc,heap     ] GC(10) O: Soft Max Capacity: 40960M(100%)
[392,585s][info][gc,heap     ] GC(10) O: Heap Statistics:
[392,585s][info][gc,heap     ] GC(10) O:                Mark Start          Mark End        Relocate Start      Relocate End           High               Low         
[392,585s][info][gc,heap     ] GC(10) O:  Capacity:    25228M (62%)       27436M (67%)       27436M (67%)       27436M (67%)       27436M (67%)       25228M (62%)    
[392,585s][info][gc,heap     ] GC(10) O:      Free:    15732M (38%)       13524M (33%)       13606M (33%)       13716M (33%)       15732M (38%)       13524M (33%)    
[392,585s][info][gc,heap     ] GC(10) O:      Used:    25228M (62%)       27436M (67%)       27354M (67%)       27244M (67%)       27436M (67%)       25228M (62%)    
[392,585s][info][gc,heap     ] GC(10) O: Old Generation Statistics:
[392,585s][info][gc,heap     ] GC(10) O:                Mark Start          Mark End        Relocate Start      Relocate End    
[392,585s][info][gc,heap     ] GC(10) O:      Used:    23174M (57%)       23174M (57%)       25118M (61%)       25008M (61%)    
[392,585s][info][gc,heap     ] GC(10) O:      Live:         -             22934M (56%)       22934M (56%)       22934M (56%)    
[392,585s][info][gc,heap     ] GC(10) O:   Garbage:         -               239M (1%)          175M (0%)           55M (0%)     
[392,585s][info][gc,heap     ] GC(10) O: Allocated:         -                 0M (0%)         2008M (5%)         2018M (5%)     
[392,585s][info][gc,heap     ] GC(10) O: Reclaimed:         -                  -                64M (0%)          184M (0%)     
[392,585s][info][gc,heap     ] GC(10) O: Compacted:         -                  -                  -               111M (0%)     
[392,585s][info][gc,phases   ] GC(10) O: Old Generation 25322M(62%)->27244M(67%) 58,963s
[392,585s][info][gc          ] GC(10) Major Collection (Allocation Rate) 25226M(62%)->27926M(68%) 66,038s
[525,192s][info][gc          ] GC(13) Major Collection (Allocation Rate)
[525,192s][info][gc,task     ] GC(13) Using 4 Workers for Young Generation
[525,192s][info][gc,task     ] GC(13) Using 3 Workers for Old Generation
[525,192s][info][gc,phases   ] GC(13) Y: Young Generation
[525,193s][info][gc,phases   ] GC(13) Y: Pause Mark Start (Major) 0,045ms
[536,303s][info][gc,phases   ] GC(13) Y: Concurrent Mark 11110,153ms
[536,303s][info][gc,phases   ] GC(13) Y: Pause Mark End 0,033ms
[536,304s][info][gc,phases   ] GC(13) Y: Concurrent Mark Free 0,003ms
[536,304s][info][gc,phases   ] GC(13) Y: Concurrent Reset Relocation Set 0,610ms
[536,306s][info][gc,reloc    ] GC(13) Y: Using tenuring threshold: 2 (Computed)
[536,319s][info][gc,phases   ] GC(13) Y: Concurrent Select Relocation Set 14,477ms
[536,319s][info][gc,phases   ] GC(13) Y: Pause Relocate Start 0,023ms
[536,408s][info][gc,phases   ] GC(13) Y: Concurrent Relocate 89,149ms
[536,408s][info][gc,alloc    ] GC(13) Y:                         Mark Start        Mark End      Relocate Start    Relocate End   
[536,408s][info][gc,alloc    ] GC(13) Y: Allocation Stalls:          0                0                0                0         
[536,408s][info][gc,load     ] GC(13) Y: Load: 2,05 (10%) / 3,06 (15%) / 2,83 (14%)
[536,408s][info][gc,mmu      ] GC(13) Y: MMU: 2ms/94,9%, 5ms/97,9%, 10ms/99,0%, 20ms/99,5%, 50ms/99,8%, 100ms/99,9%
[536,408s][info][gc,marking  ] GC(13) Y: Mark: 4 stripe(s), 10 proactive flush(es), 1 terminate flush(es), 0 completion(s), 0 continuation(s) 
[536,408s][info][gc,marking  ] GC(13) Y: Mark Stack Usage: 32M
[536,408s][info][gc,nmethod  ] GC(13) Y: NMethods: 1718 registered, 211 unregistered
[536,408s][info][gc,metaspace] GC(13) Y: Metaspace: 14M used, 14M committed, 1088M reserved
[536,408s][info][gc,reloc    ] GC(13) Y:                        Candidates     Selected     In-Place         Size        Empty    Relocated 
[536,408s][info][gc,reloc    ] GC(13) Y: Small Pages:                 1909           59            0        3818M           0M          55M 
[536,408s][info][gc,reloc    ] GC(13) Y: Medium Pages:                   0            0            0           0M           0M           0M 
[536,408s][info][gc,reloc    ] GC(13) Y: Large Pages:                    0            0            0           0M           0M           0M 
[536,408s][info][gc,reloc    ] GC(13) Y: Forwarding Usage: 64M
[536,408s][info][gc,reloc    ] GC(13) Y: Age Table:
[536,408s][info][gc,reloc    ] GC(13) Y:                    Live             Garbage             Small              Medium             Large        
[536,408s][info][gc,reloc    ] GC(13) Y: Eden            3077M (8%)          130M (0%)        1604 / 53             0 / 0              0 / 0        
[536,408s][info][gc,reloc    ] GC(13) Y: Survivor 1       594M (1%)           15M (0%)         305 / 6              0 / 0              0 / 0        
[536,408s][info][gc,heap     ] GC(13) Y: Min Capacity: 1024M(2%)
[536,409s][info][gc,heap     ] GC(13) Y: Max Capacity: 40960M(100%)
[536,409s][info][gc,heap     ] GC(13) Y: Soft Max Capacity: 40960M(100%)
[536,409s][info][gc,heap     ] GC(13) Y: Heap Statistics:
[536,409s][info][gc,heap     ] GC(13) Y:                Mark Start          Mark End        Relocate Start      Relocate End           High               Low         
[536,409s][info][gc,heap     ] GC(13) Y:  Capacity:    30436M (74%)       30968M (76%)       30968M (76%)       30976M (76%)       30976M (76%)       30436M (74%)    
[536,409s][info][gc,heap     ] GC(13) Y:      Free:    10524M (26%)        9992M (24%)        9992M (24%)       10124M (25%)       10524M (26%)        9984M (24%)    
[536,409s][info][gc,heap     ] GC(13) Y:      Used:    30436M (74%)       30968M (76%)       30968M (76%)       30836M (75%)       30976M (76%)       30436M (74%)    
[536,409s][info][gc,heap     ] GC(13) Y: Young Generation Statistics:
[536,409s][info][gc,heap     ] GC(13) Y:                Mark Start          Mark End        Relocate Start      Relocate End    
[536,409s][info][gc,heap     ] GC(13) Y:      Used:     3818M (9%)         4350M (11%)        4350M (11%)        4218M (10%)    
[536,409s][info][gc,heap     ] GC(13) Y:      Live:         -              3671M (9%)         3671M (9%)         3671M (9%)     
[536,409s][info][gc,heap     ] GC(13) Y:   Garbage:         -               146M (0%)          146M (0%)            9M (0%)     
[536,409s][info][gc,heap     ] GC(13) Y: Allocated:         -               532M (1%)          532M (1%)          536M (1%)     
[536,409s][info][gc,heap     ] GC(13) Y: Reclaimed:         -                  -                 0M (0%)          136M (0%)     
[536,409s][info][gc,heap     ] GC(13) Y:  Promoted:         -                  -                 0M (0%)            0M (0%)     
[536,409s][info][gc,heap     ] GC(13) Y: Compacted:         -                  -                  -               127M (0%)     
[536,409s][info][gc,phases   ] GC(13) Y: Young Generation 30436M(74%)->30836M(75%) 11,216s
[536,409s][info][gc,phases   ] GC(13) O: Old Generation
[536,411s][info][gc,task     ] Adjusting Workers for Old Generation: 3 -> 2
[536,411s][info][gc          ] GC(14) Minor Collection (Allocation Rate)
[536,411s][info][gc,task     ] GC(14) Using 3 Workers for Young Generation
[536,412s][info][gc,phases   ] GC(14) y: Young Generation
[536,412s][info][gc,phases   ] GC(14) y: Pause Mark Start 0,033ms
[547,547s][info][gc,phases   ] GC(14) y: Concurrent Mark 11134,900ms
[547,547s][info][gc,phases   ] GC(14) y: Pause Mark End 0,026ms
[547,547s][info][gc,phases   ] GC(14) y: Concurrent Mark Free 0,001ms
[547,547s][info][gc,phases   ] GC(14) y: Concurrent Reset Relocation Set 0,029ms
[547,550s][info][gc,reloc    ] GC(14) y: Using tenuring threshold: 1 (Computed)
[548,847s][info][gc,phases   ] GC(14) y: Concurrent Select Relocation Set 1300,221ms
[548,848s][info][gc,phases   ] GC(14) y: Pause Relocate Start 0,026ms
[551,294s][info][gc,phases   ] GC(14) y: Concurrent Relocate 2445,853ms
[551,294s][info][gc,alloc    ] GC(14) y:                         Mark Start        Mark End      Relocate Start    Relocate End   
[551,294s][info][gc,alloc    ] GC(14) y: Allocation Stalls:          0                0                0                0         
[551,294s][info][gc,load     ] GC(14) y: Load: 3,02 (15%) / 3,22 (16%) / 2,89 (14%)
[551,294s][info][gc,mmu      ] GC(14) y: MMU: 2ms/94,9%, 5ms/97,9%, 10ms/99,0%, 20ms/99,5%, 50ms/99,8%, 100ms/99,9%
[551,294s][info][gc,marking  ] GC(14) y: Mark: 2 stripe(s), 10 proactive flush(es), 1 terminate flush(es), 0 completion(s), 0 continuation(s) 
[551,294s][info][gc,marking  ] GC(14) y: Mark Stack Usage: 32M
[551,294s][info][gc,nmethod  ] GC(14) y: NMethods: 1718 registered, 211 unregistered
[551,294s][info][gc,metaspace] GC(14) y: Metaspace: 14M used, 14M committed, 1088M reserved
[551,294s][info][gc,reloc    ] GC(14) y:                        Candidates     Selected     In-Place         Size        Empty    Relocated 
[551,294s][info][gc,reloc    ] GC(14) y: Small Pages:                 2109           10            0        4218M           0M           9M 
[551,294s][info][gc,reloc    ] GC(14) y: Medium Pages:                   0            0            0           0M           0M           0M 
[551,294s][info][gc,reloc    ] GC(14) y: Large Pages:                    0            0            0           0M           0M           0M 
[551,294s][info][gc,reloc    ] GC(14) y: Forwarding Usage: 11M
[551,294s][info][gc,reloc    ] GC(14) y: Age Table:
[551,294s][info][gc,reloc    ] GC(14) y:                    Live             Garbage             Small              Medium             Large        
[551,294s][info][gc,reloc    ] GC(14) y: Eden             525M (1%)            6M (0%)         266 / 2              0 / 0              0 / 0        
[551,294s][info][gc,reloc    ] GC(14) y: Survivor 1      3065M (7%)           22M (0%)        1544 / 8              0 / 0              0 / 0        
[551,294s][info][gc,reloc    ] GC(14) y: Survivor 2       594M (1%)            3M (0%)         299 / 0              0 / 0              0 / 0        
[551,294s][info][gc,heap     ] GC(14) y: Min Capacity: 1024M(2%)
[551,294s][info][gc,heap     ] GC(14) y: Max Capacity: 40960M(100%)
[551,294s][info][gc,heap     ] GC(14) y: Soft Max Capacity: 40960M(100%)
[551,294s][info][gc,heap     ] GC(14) y: Heap Statistics:
[551,294s][info][gc,heap     ] GC(14) y:                Mark Start          Mark End        Relocate Start      Relocate End           High               Low         
[551,294s][info][gc,heap     ] GC(14) y:  Capacity:    30976M (76%)       30976M (76%)       30976M (76%)       30976M (76%)       30976M (76%)       30976M (76%)    
[551,294s][info][gc,heap     ] GC(14) y:      Free:    10124M (25%)       10094M (25%)       10094M (25%)       10108M (25%)       10124M (25%)       10090M (25%)    
[551,294s][info][gc,heap     ] GC(14) y:      Used:    30836M (75%)       30866M (75%)       30866M (75%)       30852M (75%)       30870M (75%)       30836M (75%)    
[551,294s][info][gc,heap     ] GC(14) y: Young Generation Statistics:
[551,294s][info][gc,heap     ] GC(14) y:                Mark Start          Mark End        Relocate Start      Relocate End    
[551,294s][info][gc,heap     ] GC(14) y:      Used:     4218M (10%)        4248M (10%)         598M (1%)          560M (1%)     
[551,294s][info][gc,heap     ] GC(14) y:      Live:         -              4184M (10%)         543M (1%)          525M (1%)     
[551,294s][info][gc,heap     ] GC(14) y:   Garbage:         -                33M (0%)           24M (0%)            1M (0%)     
[551,294s][info][gc,heap     ] GC(14) y: Allocated:         -                30M (0%)           30M (0%)           33M (0%)     
[551,294s][info][gc,heap     ] GC(14) y: Reclaimed:         -                  -                 8M (0%)           31M (0%)     
[551,294s][info][gc,heap     ] GC(14) y:  Promoted:         -                  -              3641M (9%)         3659M (9%)     
[551,294s][info][gc,heap     ] GC(14) y: Compacted:         -                  -                  -                 0M (0%)     
[551,294s][info][gc,phases   ] GC(14) y: Young Generation 30836M(75%)->30852M(75%) 14,882s
[551,294s][info][gc          ] GC(14) Minor Collection (Allocation Rate) 30836M(75%)->30852M(75%) 14,883s
[583,980s][info][gc,phases   ] GC(13) O: Concurrent Mark 47571,532ms
[583,980s][info][gc,phases   ] GC(13) O: Pause Mark End 0,023ms
[583,981s][info][gc,phases   ] GC(13) O: Concurrent Mark Free 0,002ms
[583,983s][info][gc,phases   ] GC(13) O: Concurrent Process Non-Strong 2,720ms
[583,983s][info][gc,phases   ] GC(13) O: Concurrent Reset Relocation Set 0,012ms
[584,005s][info][gc,phases   ] GC(13) O: Concurrent Select Relocation Set 21,742ms
[584,005s][info][gc,task     ] GC(13) O: Using 5 Workers for Old Generation
[584,049s][info][gc,task     ] GC(13) O: Using 2 Workers for Old Generation
[584,049s][info][gc,phases   ] GC(13) O: Concurrent Remap Roots 43,739ms
[584,049s][info][gc,phases   ] GC(13) O: Pause Relocate Start 0,023ms
[584,294s][info][gc,phases   ] GC(13) O: Concurrent Relocate 244,389ms
[584,294s][info][gc,alloc    ] GC(13) O:                         Mark Start        Mark End      Relocate Start    Relocate End   
[584,294s][info][gc,alloc    ] GC(13) O: Allocation Stalls:          0                0                0                0         
[584,294s][info][gc,load     ] GC(13) O: Load: 3,15 (16%) / 3,23 (16%) / 2,90 (15%)
[584,294s][info][gc,mmu      ] GC(13) O: MMU: 2ms/94,9%, 5ms/97,9%, 10ms/99,0%, 20ms/99,5%, 50ms/99,8%, 100ms/99,9%
[584,294s][info][gc,marking  ] GC(13) O: Mark: 2 stripe(s), 10 proactive flush(es), 1 terminate flush(es), 0 completion(s), 0 continuation(s) 
[584,294s][info][gc,marking  ] GC(13) O: Mark Stack Usage: 64M
[584,294s][info][gc,nmethod  ] GC(13) O: NMethods: 1724 registered, 213 unregistered
[584,294s][info][gc,metaspace] GC(13) O: Metaspace: 14M used, 14M committed, 1088M reserved
[584,294s][info][gc,ref      ] GC(13) O:                       Encountered   Discovered     Enqueued 
[584,294s][info][gc,ref      ] GC(13) O: Soft References:             3531            0            0 
[584,294s][info][gc,ref      ] GC(13) O: Weak References:              893          336            0 
[584,294s][info][gc,ref      ] GC(13) O: Final References:               0            0            0 
[584,294s][info][gc,ref      ] GC(13) O: Phantom References:            20           13            0 
[584,294s][info][gc,reloc    ] GC(13) O:                        Candidates     Selected     In-Place         Size        Empty    Relocated 
[584,294s][info][gc,reloc    ] GC(13) O: Small Pages:                13309           99            0       26618M         202M          85M 
[584,294s][info][gc,reloc    ] GC(13) O: Medium Pages:                   0            0            0           0M           0M           0M 
[584,294s][info][gc,reloc    ] GC(13) O: Large Pages:                    0            0            0           0M           0M           0M 
[584,294s][info][gc,reloc    ] GC(13) O: Forwarding Usage: 103M
[584,294s][info][gc,heap     ] GC(13) O: Min Capacity: 1024M(2%)
[584,294s][info][gc,heap     ] GC(13) O: Max Capacity: 40960M(100%)
[584,294s][info][gc,heap     ] GC(13) O: Soft Max Capacity: 40960M(100%)
[584,294s][info][gc,heap     ] GC(13) O: Heap Statistics:
[584,294s][info][gc,heap     ] GC(13) O:                Mark Start          Mark End        Relocate Start      Relocate End           High               Low         
[584,294s][info][gc,heap     ] GC(13) O:  Capacity:    30436M (74%)       31604M (77%)       31604M (77%)       31604M (77%)       31604M (77%)       30436M (74%)    
[584,294s][info][gc,heap     ] GC(13) O:      Free:    10524M (26%)        9356M (23%)        9558M (23%)        9788M (24%)       10524M (26%)        9356M (23%)    
[584,294s][info][gc,heap     ] GC(13) O:      Used:    30436M (74%)       31604M (77%)       31402M (77%)       31172M (76%)       31604M (77%)       30436M (74%)    
[584,294s][info][gc,heap     ] GC(13) O: Old Generation Statistics:
[584,294s][info][gc,heap     ] GC(13) O:                Mark Start          Mark End        Relocate Start      Relocate End    
[584,294s][info][gc,heap     ] GC(13) O:      Used:    26618M (65%)       30292M (74%)       30090M (73%)       29860M (73%)    
[584,294s][info][gc,heap     ] GC(13) O:      Live:         -             26121M (64%)       26121M (64%)       26121M (64%)    
[584,294s][info][gc,heap     ] GC(13) O:   Garbage:         -               496M (1%)          294M (1%)           63M (0%)     
[584,294s][info][gc,heap     ] GC(13) O: Allocated:         -              3674M (9%)         3674M (9%)         3674M (9%)     
[584,294s][info][gc,heap     ] GC(13) O: Reclaimed:         -                  -               202M (0%)          432M (1%)     
[584,294s][info][gc,heap     ] GC(13) O: Compacted:         -                  -                  -               225M (1%)     
[584,294s][info][gc,phases   ] GC(13) O: Old Generation 30836M(75%)->31172M(76%) 47,885s
[584,294s][info][gc          ] GC(13) Major Collection (Allocation Rate) 30434M(74%)->31172M(76%) 59,102s
[646,282s][info][gc          ] GC(15) Major Collection (Allocation Rate)
[646,282s][info][gc,task     ] GC(15) Using 5 Workers for Young Generation
[646,282s][info][gc,task     ] GC(15) Using 4 Workers for Old Generation
[646,282s][info][gc,phases   ] GC(15) Y: Young Generation
[646,283s][info][gc,phases   ] GC(15) Y: Pause Mark Start (Major) 0,069ms
[653,114s][info][gc,phases   ] GC(15) Y: Concurrent Mark 6831,608ms
[653,115s][info][gc,phases   ] GC(15) Y: Pause Mark End 0,030ms
[653,115s][info][gc,phases   ] GC(15) Y: Concurrent Mark Free 0,002ms
[653,116s][info][gc,phases   ] GC(15) Y: Concurrent Reset Relocation Set 1,554ms
[653,119s][info][gc,reloc    ] GC(15) Y: Using tenuring threshold: 2 (Computed)
[653,125s][info][gc,phases   ] GC(15) Y: Concurrent Select Relocation Set 8,252ms
[653,125s][info][gc,phases   ] GC(15) Y: Pause Relocate Start 0,038ms
[653,166s][info][gc,phases   ] GC(15) Y: Concurrent Relocate 41,178ms
[653,166s][info][gc,alloc    ] GC(15) Y:                         Mark Start        Mark End      Relocate Start    Relocate End   
[653,166s][info][gc,alloc    ] GC(15) Y: Allocation Stalls:          0                0                0                0         
[653,166s][info][gc,load     ] GC(15) Y: Load: 2,78 (14%) / 3,12 (16%) / 2,89 (14%)
[653,166s][info][gc,mmu      ] GC(15) Y: MMU: 2ms/94,9%, 5ms/97,9%, 10ms/99,0%, 20ms/99,5%, 50ms/99,8%, 100ms/99,9%
[653,166s][info][gc,marking  ] GC(15) Y: Mark: 4 stripe(s), 10 proactive flush(es), 1 terminate flush(es), 0 completion(s), 0 continuation(s) 
[653,166s][info][gc,marking  ] GC(15) Y: Mark Stack Usage: 32M
[653,166s][info][gc,nmethod  ] GC(15) Y: NMethods: 1728 registered, 213 unregistered
[653,166s][info][gc,metaspace] GC(15) Y: Metaspace: 14M used, 14M committed, 1088M reserved
[653,166s][info][gc,reloc    ] GC(15) Y:                        Candidates     Selected     In-Place         Size        Empty    Relocated 
[653,166s][info][gc,reloc    ] GC(15) Y: Small Pages:                 1025           32            0        2050M           0M          29M 
[653,166s][info][gc,reloc    ] GC(15) Y: Medium Pages:                   0            0            0           0M           0M           0M 
[653,166s][info][gc,reloc    ] GC(15) Y: Large Pages:                    0            0            0           0M           0M           0M 
[653,166s][info][gc,reloc    ] GC(15) Y: Forwarding Usage: 34M
[653,167s][info][gc,reloc    ] GC(15) Y: Age Table:
[653,167s][info][gc,reloc    ] GC(15) Y:                    Live             Garbage             Small              Medium             Large        
[653,167s][info][gc,reloc    ] GC(15) Y: Eden            1457M (4%)           62M (0%)         760 / 27             0 / 0              0 / 0        
[653,167s][info][gc,reloc    ] GC(15) Y: Survivor 1       514M (1%)           15M (0%)         265 / 5              0 / 0              0 / 0        
[653,167s][info][gc,heap     ] GC(15) Y: Min Capacity: 1024M(2%)
[653,167s][info][gc,heap     ] GC(15) Y: Max Capacity: 40960M(100%)
[653,167s][info][gc,heap     ] GC(15) Y: Soft Max Capacity: 40960M(100%)
[653,167s][info][gc,heap     ] GC(15) Y: Heap Statistics:
[653,167s][info][gc,heap     ] GC(15) Y:                Mark Start          Mark End        Relocate Start      Relocate End           High               Low         
[653,167s][info][gc,heap     ] GC(15) Y:  Capacity:    31910M (78%)       31926M (78%)       31926M (78%)       31936M (78%)       31936M (78%)       31910M (78%)    
[653,167s][info][gc,heap     ] GC(15) Y:      Free:     9050M (22%)        9034M (22%)        9034M (22%)        9100M (22%)        9100M (22%)        9024M (22%)    
[653,167s][info][gc,heap     ] GC(15) Y:      Used:    31910M (78%)       31926M (78%)       31926M (78%)       31860M (78%)       31936M (78%)       31860M (78%)    
[653,167s][info][gc,heap     ] GC(15) Y: Young Generation Statistics:
[653,167s][info][gc,heap     ] GC(15) Y:                Mark Start          Mark End        Relocate Start      Relocate End    
[653,167s][info][gc,heap     ] GC(15) Y:      Used:     2050M (5%)         2066M (5%)         2066M (5%)         2000M (5%)     
[653,167s][info][gc,heap     ] GC(15) Y:      Live:         -              1971M (5%)         1971M (5%)         1971M (5%)     
[653,167s][info][gc,heap     ] GC(15) Y:   Garbage:         -                78M (0%)           78M (0%)            4M (0%)     
[653,167s][info][gc,heap     ] GC(15) Y: Allocated:         -                16M (0%)           16M (0%)           23M (0%)     
[653,167s][info][gc,heap     ] GC(15) Y: Reclaimed:         -                  -                 0M (0%)           73M (0%)     
[653,167s][info][gc,heap     ] GC(15) Y:  Promoted:         -                  -                 0M (0%)            0M (0%)     
[653,167s][info][gc,heap     ] GC(15) Y: Compacted:         -                  -                  -                66M (0%)     
[653,167s][info][gc,phases   ] GC(15) Y: Young Generation 31910M(78%)->31860M(78%) 6,884s
[653,167s][info][gc,phases   ] GC(15) O: Old Generation
[659,353s][info][gc,task     ] Adjusting Workers for Old Generation: 4 -> 3
[659,353s][info][gc          ] GC(16) Minor Collection (Allocation Rate)
[659,353s][info][gc,task     ] GC(16) Using 2 Workers for Young Generation
[659,353s][info][gc,phases   ] GC(16) y: Young Generation
[659,354s][info][gc,phases   ] GC(16) y: Pause Mark Start 0,050ms
[664,152s][info][gc,phases   ] GC(16) y: Concurrent Mark 4797,621ms
[664,152s][info][gc,phases   ] GC(16) y: Pause Mark End 0,024ms
[664,152s][info][gc,phases   ] GC(16) y: Concurrent Mark Free 0,001ms
[664,152s][info][gc,phases   ] GC(16) y: Concurrent Reset Relocation Set 0,016ms
[664,156s][info][gc,reloc    ] GC(16) y: Using tenuring threshold: 1 (Computed)
[665,078s][info][gc,phases   ] GC(16) y: Concurrent Select Relocation Set 926,082ms
[665,078s][info][gc,phases   ] GC(16) y: Pause Relocate Start 0,022ms
[666,873s][info][gc,phases   ] GC(16) y: Concurrent Relocate 1794,755ms
[666,873s][info][gc,alloc    ] GC(16) y:                         Mark Start        Mark End      Relocate Start    Relocate End   
[666,873s][info][gc,alloc    ] GC(16) y: Allocation Stalls:          0                0                0                0         
[666,873s][info][gc,load     ] GC(16) y: Load: 3,72 (19%) / 3,31 (17%) / 2,96 (15%)
[666,873s][info][gc,mmu      ] GC(16) y: MMU: 2ms/94,9%, 5ms/97,9%, 10ms/99,0%, 20ms/99,5%, 50ms/99,8%, 100ms/99,9%
[666,873s][info][gc,marking  ] GC(16) y: Mark: 2 stripe(s), 10 proactive flush(es), 1 terminate flush(es), 0 completion(s), 0 continuation(s) 
[666,873s][info][gc,marking  ] GC(16) y: Mark Stack Usage: 32M
[666,873s][info][gc,nmethod  ] GC(16) y: NMethods: 1728 registered, 213 unregistered
[666,873s][info][gc,metaspace] GC(16) y: Metaspace: 14M used, 14M committed, 1088M reserved
[666,873s][info][gc,reloc    ] GC(16) y:                        Candidates     Selected     In-Place         Size        Empty    Relocated 
[666,873s][info][gc,reloc    ] GC(16) y: Small Pages:                 1025            8            0        2050M           0M           5M 
[666,873s][info][gc,reloc    ] GC(16) y: Medium Pages:                   0            0            0           0M           0M           0M 
[666,873s][info][gc,reloc    ] GC(16) y: Large Pages:                    0            0            0           0M           0M           0M 
[666,873s][info][gc,reloc    ] GC(16) y: Forwarding Usage: 5M
[666,873s][info][gc,reloc    ] GC(16) y: Age Table:
[666,873s][info][gc,reloc    ] GC(16) y:                    Live             Garbage             Small              Medium             Large        
[666,874s][info][gc,reloc    ] GC(16) y: Eden              60M (0%)            5M (0%)          33 / 2              0 / 0              0 / 0        
[666,874s][info][gc,reloc    ] GC(16) y: Survivor 1      1451M (4%)           14M (0%)         733 / 6              0 / 0              0 / 0        
[666,874s][info][gc,reloc    ] GC(16) y: Survivor 2       514M (1%)            3M (0%)         259 / 0              0 / 0              0 / 0        
[666,874s][info][gc,heap     ] GC(16) y: Min Capacity: 1024M(2%)
[666,874s][info][gc,heap     ] GC(16) y: Max Capacity: 40960M(100%)
[666,874s][info][gc,heap     ] GC(16) y: Soft Max Capacity: 40960M(100%)
[666,874s][info][gc,heap     ] GC(16) y: Heap Statistics:
[666,874s][info][gc,heap     ] GC(16) y:                Mark Start          Mark End        Relocate Start      Relocate End           High               Low         
[666,874s][info][gc,heap     ] GC(16) y:  Capacity:    31936M (78%)       32550M (79%)       32552M (79%)       32556M (79%)       32556M (79%)       31936M (78%)    
[666,874s][info][gc,heap     ] GC(16) y:      Free:     9050M (22%)        8410M (21%)        8408M (21%)        8412M (21%)        9050M (22%)        8404M (21%)    
[666,874s][info][gc,heap     ] GC(16) y:      Used:    31910M (78%)       32550M (79%)       32552M (79%)       32548M (79%)       32556M (79%)       31910M (78%)    
[666,874s][info][gc,heap     ] GC(16) y: Young Generation Statistics:
[666,874s][info][gc,heap     ] GC(16) y:                Mark Start          Mark End        Relocate Start      Relocate End    
[666,874s][info][gc,heap     ] GC(16) y:      Used:     2050M (5%)         2690M (7%)          730M (2%)          714M (2%)     
[666,874s][info][gc,heap     ] GC(16) y:      Live:         -              2026M (5%)           70M (0%)           60M (0%)     
[666,874s][info][gc,heap     ] GC(16) y:   Garbage:         -                23M (0%)           17M (0%)            0M (0%)     
[666,874s][info][gc,heap     ] GC(16) y: Allocated:         -               640M (2%)          642M (2%)          653M (2%)     
[666,874s][info][gc,heap     ] GC(16) y: Reclaimed:         -                  -                 5M (0%)           23M (0%)     
[666,874s][info][gc,heap     ] GC(16) y:  Promoted:         -                  -              1956M (5%)         1965M (5%)     
[666,874s][info][gc,heap     ] GC(16) y: Compacted:         -                  -                  -                 0M (0%)     
[666,874s][info][gc,phases   ] GC(16) y: Young Generation 31910M(78%)->32548M(79%) 7,520s
[666,874s][info][gc          ] GC(16) Minor Collection (Allocation Rate) 31910M(78%)->32548M(79%) 7,520s
[700,860s][info][gc,phases   ] GC(15) O: Concurrent Mark 47693,218ms
[700,860s][info][gc,phases   ] GC(15) O: Pause Mark End 0,026ms
[700,861s][info][gc,phases   ] GC(15) O: Concurrent Mark Free 0,787ms
[700,864s][info][gc,phases   ] GC(15) O: Concurrent Process Non-Strong 2,577ms
[700,864s][info][gc,phases   ] GC(15) O: Concurrent Reset Relocation Set 0,020ms
[700,873s][info][gc,phases   ] GC(15) O: Concurrent Select Relocation Set 8,988ms
[700,873s][info][gc,task     ] GC(15) O: Using 5 Workers for Old Generation
[700,916s][info][gc,task     ] GC(15) O: Using 3 Workers for Old Generation
[700,916s][info][gc,phases   ] GC(15) O: Concurrent Remap Roots 42,843ms
[700,916s][info][gc,phases   ] GC(15) O: Pause Relocate Start 0,049ms
[701,022s][info][gc,phases   ] GC(15) O: Concurrent Relocate 105,434ms
[701,022s][info][gc,alloc    ] GC(15) O:                         Mark Start        Mark End      Relocate Start    Relocate End   
[701,022s][info][gc,alloc    ] GC(15) O: Allocation Stalls:          0                0                0                0         
[701,022s][info][gc,load     ] GC(15) O: Load: 3,88 (19%) / 3,40 (17%) / 3,00 (15%)
[701,022s][info][gc,mmu      ] GC(15) O: MMU: 2ms/94,9%, 5ms/97,9%, 10ms/99,0%, 20ms/99,5%, 50ms/99,8%, 100ms/99,9%
[701,022s][info][gc,marking  ] GC(15) O: Mark: 4 stripe(s), 11 proactive flush(es), 2 terminate flush(es), 0 completion(s), 0 continuation(s) 
[701,022s][info][gc,marking  ] GC(15) O: Mark Stack Usage: 32M
[701,022s][info][gc,nmethod  ] GC(15) O: NMethods: 1727 registered, 214 unregistered
[701,022s][info][gc,metaspace] GC(15) O: Metaspace: 14M used, 14M committed, 1088M reserved
[701,022s][info][gc,ref      ] GC(15) O:                       Encountered   Discovered     Enqueued 
[701,022s][info][gc,ref      ] GC(15) O: Soft References:             3531            0            0 
[701,022s][info][gc,ref      ] GC(15) O: Weak References:              893          388            0 
[701,022s][info][gc,ref      ] GC(15) O: Final References:               0            0            0 
[701,022s][info][gc,ref      ] GC(15) O: Phantom References:            20           12            0 
[701,022s][info][gc,reloc    ] GC(15) O:                        Candidates     Selected     In-Place         Size        Empty    Relocated 
[701,022s][info][gc,reloc    ] GC(15) O: Small Pages:                14930           46            0       29860M         110M          43M 
[701,022s][info][gc,reloc    ] GC(15) O: Medium Pages:                   0            0            0           0M           0M           0M 
[701,022s][info][gc,reloc    ] GC(15) O: Large Pages:                    0            0            0           0M           0M           0M 
[701,022s][info][gc,reloc    ] GC(15) O: Forwarding Usage: 54M
[701,022s][info][gc,heap     ] GC(15) O: Min Capacity: 1024M(2%)
[701,022s][info][gc,heap     ] GC(15) O: Max Capacity: 40960M(100%)
[701,022s][info][gc,heap     ] GC(15) O: Soft Max Capacity: 40960M(100%)
[701,022s][info][gc,heap     ] GC(15) O: Heap Statistics:
[701,022s][info][gc,heap     ] GC(15) O:                Mark Start          Mark End        Relocate Start      Relocate End           High               Low         
[701,022s][info][gc,heap     ] GC(15) O:  Capacity:    31910M (78%)       32624M (80%)       32624M (80%)       32624M (80%)       32624M (80%)       31910M (78%)    
[701,022s][info][gc,heap     ] GC(15) O:      Free:     9050M (22%)        8336M (20%)        8446M (21%)        8546M (21%)        9100M (22%)        8336M (20%)    
[701,022s][info][gc,heap     ] GC(15) O:      Used:    31910M (78%)       32624M (80%)       32514M (79%)       32414M (79%)       32624M (80%)       31860M (78%)    
[701,022s][info][gc,heap     ] GC(15) O: Old Generation Statistics:
[701,022s][info][gc,heap     ] GC(15) O:                Mark Start          Mark End        Relocate Start      Relocate End    
[701,022s][info][gc,heap     ] GC(15) O:      Used:    29860M (73%)       31834M (78%)       31724M (77%)       31620M (77%)    
[701,022s][info][gc,heap     ] GC(15) O:      Live:         -             29569M (72%)       29569M (72%)       29569M (72%)    
[701,022s][info][gc,heap     ] GC(15) O:   Garbage:         -               290M (1%)          180M (0%)           71M (0%)     
[701,022s][info][gc,heap     ] GC(15) O: Allocated:         -              1974M (5%)         1974M (5%)         1978M (5%)     
[701,022s][info][gc,heap     ] GC(15) O: Reclaimed:         -                  -               110M (0%)          218M (1%)     
[701,022s][info][gc,heap     ] GC(15) O: Compacted:         -                  -                  -               115M (0%)     
[701,022s][info][gc,phases   ] GC(15) O: Old Generation 31860M(78%)->32414M(79%) 47,855s
[701,022s][info][gc          ] GC(15) Major Collection (Allocation Rate) 31910M(78%)->32414M(79%) 54,740s
[767,061s][info][gc          ] GC(17) Major Collection (Allocation Rate)
[767,061s][info][gc,task     ] GC(17) Using 5 Workers for Young Generation
[767,061s][info][gc,task     ] GC(17) Using 4 Workers for Old Generation
[767,061s][info][gc,phases   ] GC(17) Y: Young Generation
[767,062s][info][gc,phases   ] GC(17) Y: Pause Mark Start (Major) 0,023ms
[773,728s][info][gc,phases   ] GC(17) Y: Concurrent Mark 6665,722ms
[773,728s][info][gc,phases   ] GC(17) Y: Pause Mark End 0,024ms
[773,728s][info][gc,phases   ] GC(17) Y: Concurrent Mark Free 0,001ms
[773,729s][info][gc,phases   ] GC(17) Y: Concurrent Reset Relocation Set 0,797ms
[773,733s][info][gc,reloc    ] GC(17) Y: Using tenuring threshold: 2 (Computed)
[773,741s][info][gc,phases   ] GC(17) Y: Concurrent Select Relocation Set 11,768ms
[773,741s][info][gc,phases   ] GC(17) Y: Pause Relocate Start 0,037ms
[773,787s][info][gc,phases   ] GC(17) Y: Concurrent Relocate 46,634ms
[773,787s][info][gc,alloc    ] GC(17) Y:                         Mark Start        Mark End      Relocate Start    Relocate End   
[773,788s][info][gc,alloc    ] GC(17) Y: Allocation Stalls:          0                0                0                0         
[773,788s][info][gc,load     ] GC(17) Y: Load: 2,63 (13%) / 3,14 (16%) / 2,94 (15%)
[773,788s][info][gc,mmu      ] GC(17) Y: MMU: 2ms/94,9%, 5ms/97,9%, 10ms/99,0%, 20ms/99,5%, 50ms/99,8%, 100ms/99,9%
[773,788s][info][gc,marking  ] GC(17) Y: Mark: 4 stripe(s), 10 proactive flush(es), 1 terminate flush(es), 0 completion(s), 0 continuation(s) 
[773,788s][info][gc,marking  ] GC(17) Y: Mark Stack Usage: 32M
[773,788s][info][gc,nmethod  ] GC(17) Y: NMethods: 1729 registered, 214 unregistered
[773,788s][info][gc,metaspace] GC(17) Y: Metaspace: 14M used, 14M committed, 1088M reserved
[773,788s][info][gc,reloc    ] GC(17) Y:                        Candidates     Selected     In-Place         Size        Empty    Relocated 
[773,788s][info][gc,reloc    ] GC(17) Y: Small Pages:                 1026           37            0        2052M           0M          33M 
[773,788s][info][gc,reloc    ] GC(17) Y: Medium Pages:                   0            0            0           0M           0M           0M 
[773,788s][info][gc,reloc    ] GC(17) Y: Large Pages:                    0            0            0           0M           0M           0M 
[773,788s][info][gc,reloc    ] GC(17) Y: Forwarding Usage: 39M
[773,788s][info][gc,reloc    ] GC(17) Y: Age Table:
[773,788s][info][gc,reloc    ] GC(17) Y:                    Live             Garbage             Small              Medium             Large        
[773,788s][info][gc,reloc    ] GC(17) Y: Eden            1907M (5%)           80M (0%)         994 / 32             0 / 0              0 / 0        
[773,788s][info][gc,reloc    ] GC(17) Y: Survivor 1        54M (0%)            9M (0%)          32 / 5              0 / 0              0 / 0        
[773,788s][info][gc,heap     ] GC(17) Y: Min Capacity: 1024M(2%)
[773,788s][info][gc,heap     ] GC(17) Y: Max Capacity: 40960M(100%)
[773,788s][info][gc,heap     ] GC(17) Y: Soft Max Capacity: 40960M(100%)
[773,788s][info][gc,heap     ] GC(17) Y: Heap Statistics:
[773,788s][info][gc,heap     ] GC(17) Y:                Mark Start          Mark End        Relocate Start      Relocate End           High               Low         
[773,788s][info][gc,heap     ] GC(17) Y:  Capacity:    33672M (82%)       33894M (83%)       33894M (83%)       33904M (83%)       33904M (83%)       33672M (82%)    
[773,788s][info][gc,heap     ] GC(17) Y:      Free:     7288M (18%)        7066M (17%)        7066M (17%)        7142M (17%)        7288M (18%)        7056M (17%)    
[773,788s][info][gc,heap     ] GC(17) Y:      Used:    33672M (82%)       33894M (83%)       33894M (83%)       33818M (83%)       33904M (83%)       33672M (82%)    
[773,788s][info][gc,heap     ] GC(17) Y: Young Generation Statistics:
[773,788s][info][gc,heap     ] GC(17) Y:                Mark Start          Mark End        Relocate Start      Relocate End    
[773,788s][info][gc,heap     ] GC(17) Y:      Used:     2052M (5%)         2274M (6%)         2274M (6%)         2198M (5%)     
[773,788s][info][gc,heap     ] GC(17) Y:      Live:         -              1962M (5%)         1962M (5%)         1962M (5%)     
[773,788s][info][gc,heap     ] GC(17) Y:   Garbage:         -                89M (0%)           89M (0%)            4M (0%)     
[773,788s][info][gc,heap     ] GC(17) Y: Allocated:         -               222M (1%)          222M (1%)          231M (1%)     
[773,788s][info][gc,heap     ] GC(17) Y: Reclaimed:         -                  -                 0M (0%)           85M (0%)     
[773,788s][info][gc,heap     ] GC(17) Y:  Promoted:         -                  -                 0M (0%)            0M (0%)     
[773,788s][info][gc,heap     ] GC(17) Y: Compacted:         -                  -                  -                76M (0%)     
[773,788s][info][gc,phases   ] GC(17) Y: Young Generation 33672M(82%)->33818M(83%) 6,726s
[773,788s][info][gc,phases   ] GC(17) O: Old Generation
[773,791s][info][gc,task     ] Adjusting Workers for Old Generation: 4 -> 3
[773,791s][info][gc          ] GC(18) Minor Collection (Allocation Rate)
[773,791s][info][gc,task     ] GC(18) Using 2 Workers for Young Generation
[773,791s][info][gc,phases   ] GC(18) y: Young Generation
[773,791s][info][gc,phases   ] GC(18) y: Pause Mark Start 0,034ms
[779,036s][info][gc,phases   ] GC(18) y: Concurrent Mark 5244,824ms
[779,037s][info][gc,phases   ] GC(18) y: Pause Mark End 0,030ms
[779,037s][info][gc,phases   ] GC(18) y: Concurrent Mark Free 0,002ms
[779,037s][info][gc,phases   ] GC(18) y: Concurrent Reset Relocation Set 0,016ms
[779,042s][info][gc,reloc    ] GC(18) y: Using tenuring threshold: 1 (Computed)
[779,869s][info][gc,phases   ] GC(18) y: Concurrent Select Relocation Set 831,986ms
[779,869s][info][gc,phases   ] GC(18) y: Pause Relocate Start 0,023ms
[781,743s][info][gc,phases   ] GC(18) y: Concurrent Relocate 1873,491ms
[781,743s][info][gc,alloc    ] GC(18) y:                         Mark Start        Mark End      Relocate Start    Relocate End   
[781,743s][info][gc,alloc    ] GC(18) y: Allocation Stalls:          0                0                0                0         
[781,743s][info][gc,load     ] GC(18) y: Load: 3,61 (18%) / 3,34 (17%) / 3,01 (15%)
[781,743s][info][gc,mmu      ] GC(18) y: MMU: 2ms/94,9%, 5ms/97,9%, 10ms/99,0%, 20ms/99,5%, 50ms/99,8%, 100ms/99,9%
[781,743s][info][gc,marking  ] GC(18) y: Mark: 2 stripe(s), 10 proactive flush(es), 1 terminate flush(es), 0 completion(s), 0 continuation(s) 
[781,743s][info][gc,marking  ] GC(18) y: Mark Stack Usage: 32M
[781,743s][info][gc,nmethod  ] GC(18) y: NMethods: 1729 registered, 214 unregistered
[781,743s][info][gc,metaspace] GC(18) y: Metaspace: 14M used, 14M committed, 1088M reserved
[781,743s][info][gc,reloc    ] GC(18) y:                        Candidates     Selected     In-Place         Size        Empty    Relocated 
[781,743s][info][gc,reloc    ] GC(18) y: Small Pages:                 1099            8            0        2198M           0M           5M 
[781,743s][info][gc,reloc    ] GC(18) y: Medium Pages:                   0            0            0           0M           0M           0M 
[781,743s][info][gc,reloc    ] GC(18) y: Large Pages:                    0            0            0           0M           0M           0M 
[781,743s][info][gc,reloc    ] GC(18) y: Forwarding Usage: 6M
[781,743s][info][gc,reloc    ] GC(18) y: Age Table:
[781,743s][info][gc,reloc    ] GC(18) y:                    Live             Garbage             Small              Medium             Large        
[781,743s][info][gc,reloc    ] GC(18) y: Eden             218M (1%)            3M (0%)         111 / 2              0 / 0              0 / 0        
[781,743s][info][gc,reloc    ] GC(18) y: Survivor 1      1900M (5%)           17M (0%)         959 / 5              0 / 0              0 / 0        
[781,743s][info][gc,reloc    ] GC(18) y: Survivor 2        54M (0%)            3M (0%)          29 / 1              0 / 0              0 / 0        
[781,743s][info][gc,heap     ] GC(18) y: Min Capacity: 1024M(2%)
[781,743s][info][gc,heap     ] GC(18) y: Max Capacity: 40960M(100%)
[781,743s][info][gc,heap     ] GC(18) y: Soft Max Capacity: 40960M(100%)
[781,743s][info][gc,heap     ] GC(18) y: Heap Statistics:
[781,743s][info][gc,heap     ] GC(18) y:                Mark Start          Mark End        Relocate Start      Relocate End           High               Low         
[781,743s][info][gc,heap     ] GC(18) y:  Capacity:    33904M (83%)       33904M (83%)       33904M (83%)       33904M (83%)       33904M (83%)       33904M (83%)    
[781,744s][info][gc,heap     ] GC(18) y:      Free:     7142M (17%)        7142M (17%)        7142M (17%)        7154M (17%)        7154M (17%)        7136M (17%)    
[781,744s][info][gc,heap     ] GC(18) y:      Used:    33818M (83%)       33818M (83%)       33818M (83%)       33806M (83%)       33824M (83%)       33806M (83%)    
[781,744s][info][gc,heap     ] GC(18) y: Young Generation Statistics:
[781,744s][info][gc,heap     ] GC(18) y:                Mark Start          Mark End        Relocate Start      Relocate End    
[781,744s][info][gc,heap     ] GC(18) y:      Used:     2198M (5%)         2198M (5%)          248M (1%)          222M (1%)     
[781,744s][info][gc,heap     ] GC(18) y:      Live:         -              2172M (5%)          229M (1%)          218M (1%)     
[781,744s][info][gc,heap     ] GC(18) y:   Garbage:         -                25M (0%)           18M (0%)            0M (0%)     
[781,744s][info][gc,heap     ] GC(18) y: Allocated:         -                 0M (0%)            0M (0%)            3M (0%)     
[781,744s][info][gc,heap     ] GC(18) y: Reclaimed:         -                  -                 6M (0%)           24M (0%)     
[781,744s][info][gc,heap     ] GC(18) y:  Promoted:         -                  -              1943M (5%)         1954M (5%)     
[781,744s][info][gc,heap     ] GC(18) y: Compacted:         -                  -                  -                 0M (0%)     
[781,744s][info][gc,phases   ] GC(18) y: Young Generation 33818M(83%)->33806M(83%) 7,952s
[781,744s][info][gc          ] GC(18) Minor Collection (Allocation Rate) 33818M(83%)->33806M(83%) 7,953s
[812,275s][info][gc,phases   ] GC(17) O: Concurrent Mark 38487,190ms
[812,275s][info][gc,phases   ] GC(17) O: Pause Mark End 0,030ms
[812,276s][info][gc,phases   ] GC(17) O: Concurrent Mark Free 0,003ms
[812,278s][info][gc,phases   ] GC(17) O: Concurrent Process Non-Strong 2,552ms
[812,278s][info][gc,phases   ] GC(17) O: Concurrent Reset Relocation Set 0,022ms
[812,291s][info][gc,phases   ] GC(17) O: Concurrent Select Relocation Set 12,526ms
[812,291s][info][gc,task     ] GC(17) O: Using 5 Workers for Old Generation
[812,337s][info][gc,task     ] GC(17) O: Using 3 Workers for Old Generation
[812,337s][info][gc,phases   ] GC(17) O: Concurrent Remap Roots 46,418ms
[812,338s][info][gc,phases   ] GC(17) O: Pause Relocate Start 0,043ms
[812,466s][info][gc,phases   ] GC(17) O: Concurrent Relocate 128,161ms
[812,466s][info][gc,alloc    ] GC(17) O:                         Mark Start        Mark End      Relocate Start    Relocate End   
[812,466s][info][gc,alloc    ] GC(17) O: Allocation Stalls:          0                0                0                0         
[812,466s][info][gc,load     ] GC(17) O: Load: 3,90 (20%) / 3,43 (17%) / 3,05 (15%)
[812,466s][info][gc,mmu      ] GC(17) O: MMU: 2ms/94,9%, 5ms/97,9%, 10ms/99,0%, 20ms/99,5%, 50ms/99,8%, 100ms/99,9%
[812,466s][info][gc,marking  ] GC(17) O: Mark: 4 stripe(s), 10 proactive flush(es), 1 terminate flush(es), 0 completion(s), 0 continuation(s) 
[812,466s][info][gc,marking  ] GC(17) O: Mark Stack Usage: 32M
[812,466s][info][gc,nmethod  ] GC(17) O: NMethods: 1730 registered, 214 unregistered
[812,466s][info][gc,metaspace] GC(17) O: Metaspace: 14M used, 14M committed, 1088M reserved
[812,466s][info][gc,ref      ] GC(17) O:                       Encountered   Discovered     Enqueued 
[812,466s][info][gc,ref      ] GC(17) O: Soft References:             3531            0            0 
[812,466s][info][gc,ref      ] GC(17) O: Weak References:              893          239            0 
[812,466s][info][gc,ref      ] GC(17) O: Final References:               0            0            0 
[812,466s][info][gc,ref      ] GC(17) O: Phantom References:            20           16            0 
[812,466s][info][gc,reloc    ] GC(17) O:                        Candidates     Selected     In-Place         Size        Empty    Relocated 
[812,466s][info][gc,reloc    ] GC(17) O: Small Pages:                15810           54            0       31620M         140M          50M 
[812,466s][info][gc,reloc    ] GC(17) O: Medium Pages:                   0            0            0           0M           0M           0M 
[812,466s][info][gc,reloc    ] GC(17) O: Large Pages:                    0            0            0           0M           0M           0M 
[812,466s][info][gc,reloc    ] GC(17) O: Forwarding Usage: 62M
[812,466s][info][gc,heap     ] GC(17) O: Min Capacity: 1024M(2%)
[812,466s][info][gc,heap     ] GC(17) O: Max Capacity: 40960M(100%)
[812,466s][info][gc,heap     ] GC(17) O: Soft Max Capacity: 40960M(100%)
[812,466s][info][gc,heap     ] GC(17) O: Heap Statistics:
[812,466s][info][gc,heap     ] GC(17) O:                Mark Start          Mark End        Relocate Start      Relocate End           High               Low         
[812,466s][info][gc,heap     ] GC(17) O:  Capacity:    33672M (82%)       33904M (83%)       33904M (83%)       33904M (83%)       33904M (83%)       33672M (82%)    
[812,466s][info][gc,heap     ] GC(17) O:      Free:     7288M (18%)        7084M (17%)        7224M (18%)        7344M (18%)        7344M (18%)        7056M (17%)    
[812,466s][info][gc,heap     ] GC(17) O:      Used:    33672M (82%)       33876M (83%)       33736M (82%)       33616M (82%)       33904M (83%)       33616M (82%)    
[812,466s][info][gc,heap     ] GC(17) O: Old Generation Statistics:
[812,466s][info][gc,heap     ] GC(17) O:                Mark Start          Mark End        Relocate Start      Relocate End    
[812,466s][info][gc,heap     ] GC(17) O:      Used:    31620M (77%)       33584M (82%)       33444M (82%)       33324M (81%)    
[812,466s][info][gc,heap     ] GC(17) O:      Live:         -             31276M (76%)       31276M (76%)       31276M (76%)    
[812,466s][info][gc,heap     ] GC(17) O:   Garbage:         -               343M (1%)          203M (0%)           76M (0%)     
[812,466s][info][gc,heap     ] GC(17) O: Allocated:         -              1964M (5%)         1964M (5%)         1971M (5%)     
[812,466s][info][gc,heap     ] GC(17) O: Reclaimed:         -                  -               140M (0%)          267M (1%)     
[812,466s][info][gc,heap     ] GC(17) O: Compacted:         -                  -                  -               132M (0%)     
[812,466s][info][gc,phases   ] GC(17) O: Old Generation 33818M(83%)->33616M(82%) 38,678s
[812,466s][info][gc          ] GC(17) Major Collection (Allocation Rate) 33672M(82%)->33616M(82%) 45,405s
[904,575s][info][gc          ] GC(19) Major Collection (Allocation Rate)
[904,575s][info][gc,task     ] GC(19) Using 5 Workers for Young Generation
[904,575s][info][gc,task     ] GC(19) Using 4 Workers for Old Generation
[904,575s][info][gc,phases   ] GC(19) Y: Young Generation
[904,575s][info][gc,phases   ] GC(19) Y: Pause Mark Start (Major) 0,030ms
[910,997s][info][gc,phases   ] GC(19) Y: Concurrent Mark 6421,358ms
[910,997s][info][gc,phases   ] GC(19) Y: Pause Mark End 0,029ms
[910,997s][info][gc,phases   ] GC(19) Y: Concurrent Mark Free 0,002ms
[910,998s][info][gc,phases   ] GC(19) Y: Concurrent Reset Relocation Set 0,671ms
[911,002s][info][gc,reloc    ] GC(19) Y: Using tenuring threshold: 2 (Computed)
[911,013s][info][gc,phases   ] GC(19) Y: Concurrent Select Relocation Set 15,034ms
[911,013s][info][gc,phases   ] GC(19) Y: Pause Relocate Start 0,030ms
[911,076s][info][gc,phases   ] GC(19) Y: Concurrent Relocate 62,223ms
[911,076s][info][gc,alloc    ] GC(19) Y:                         Mark Start        Mark End      Relocate Start    Relocate End   
[911,076s][info][gc,alloc    ] GC(19) Y: Allocation Stalls:          0                0                0                0         
[911,076s][info][gc,load     ] GC(19) Y: Load: 2,57 (13%) / 3,04 (15%) / 2,94 (15%)
[911,076s][info][gc,mmu      ] GC(19) Y: MMU: 2ms/94,9%, 5ms/97,9%, 10ms/99,0%, 20ms/99,5%, 50ms/99,8%, 100ms/99,9%
[911,076s][info][gc,marking  ] GC(19) Y: Mark: 4 stripe(s), 10 proactive flush(es), 1 terminate flush(es), 0 completion(s), 0 continuation(s) 
[911,076s][info][gc,marking  ] GC(19) Y: Mark Stack Usage: 32M
[911,076s][info][gc,nmethod  ] GC(19) Y: NMethods: 1736 registered, 214 unregistered
[911,076s][info][gc,metaspace] GC(19) Y: Metaspace: 14M used, 14M committed, 1088M reserved
[911,076s][info][gc,reloc    ] GC(19) Y:                        Candidates     Selected     In-Place         Size        Empty    Relocated 
[911,076s][info][gc,reloc    ] GC(19) Y: Small Pages:                 1026           50            0        2052M           0M          46M 
[911,076s][info][gc,reloc    ] GC(19) Y: Medium Pages:                   0            0            0           0M           0M           0M 
[911,076s][info][gc,reloc    ] GC(19) Y: Large Pages:                    0            0            0           0M           0M           0M 
[911,076s][info][gc,reloc    ] GC(19) Y: Forwarding Usage: 54M
[911,076s][info][gc,reloc    ] GC(19) Y: Age Table:
[911,076s][info][gc,reloc    ] GC(19) Y:                    Live             Garbage             Small              Medium             Large        
[911,076s][info][gc,reloc    ] GC(19) Y: Eden            1719M (4%)          110M (0%)         915 / 46             0 / 0              0 / 0        
[911,076s][info][gc,reloc    ] GC(19) Y: Survivor 1       212M (1%)            9M (0%)         111 / 4              0 / 0              0 / 0        
[911,076s][info][gc,heap     ] GC(19) Y: Min Capacity: 1024M(2%)
[911,076s][info][gc,heap     ] GC(19) Y: Max Capacity: 40960M(100%)
[911,076s][info][gc,heap     ] GC(19) Y: Soft Max Capacity: 40960M(100%)
[911,076s][info][gc,heap     ] GC(19) Y: Heap Statistics:
[911,076s][info][gc,heap     ] GC(19) Y:                Mark Start          Mark End        Relocate Start      Relocate End           High               Low         
[911,076s][info][gc,heap     ] GC(19) Y:  Capacity:    35376M (86%)       35866M (88%)       35866M (88%)       35876M (88%)       35876M (88%)       35376M (86%)    
[911,076s][info][gc,heap     ] GC(19) Y:      Free:     5584M (14%)        5094M (12%)        5094M (12%)        5198M (13%)        5584M (14%)        5084M (12%)    
[911,076s][info][gc,heap     ] GC(19) Y:      Used:    35376M (86%)       35866M (88%)       35866M (88%)       35762M (87%)       35876M (88%)       35376M (86%)    
[911,076s][info][gc,heap     ] GC(19) Y: Young Generation Statistics:
[911,076s][info][gc,heap     ] GC(19) Y:                Mark Start          Mark End        Relocate Start      Relocate End    
[911,076s][info][gc,heap     ] GC(19) Y:      Used:     2052M (5%)         2542M (6%)         2542M (6%)         2438M (6%)     
[911,076s][info][gc,heap     ] GC(19) Y:      Live:         -              1931M (5%)         1931M (5%)         1931M (5%)     
[911,076s][info][gc,heap     ] GC(19) Y:   Garbage:         -               120M (0%)          120M (0%)            4M (0%)     
[911,076s][info][gc,heap     ] GC(19) Y: Allocated:         -               490M (1%)          490M (1%)          501M (1%)     
[911,076s][info][gc,heap     ] GC(19) Y: Reclaimed:         -                  -                 0M (0%)          115M (0%)     
[911,076s][info][gc,heap     ] GC(19) Y:  Promoted:         -                  -                 0M (0%)            0M (0%)     
[911,076s][info][gc,heap     ] GC(19) Y: Compacted:         -                  -                  -               106M (0%)     
[911,076s][info][gc,phases   ] GC(19) Y: Young Generation 35376M(86%)->35762M(87%) 6,501s
[911,076s][info][gc,phases   ] GC(19) O: Old Generation
[911,084s][info][gc,task     ] Adjusting Workers for Old Generation: 4 -> 3
[911,084s][info][gc          ] GC(20) Minor Collection (Allocation Rate)
[911,084s][info][gc,task     ] GC(20) Using 2 Workers for Young Generation
[911,084s][info][gc,phases   ] GC(20) y: Young Generation
[911,085s][info][gc,phases   ] GC(20) y: Pause Mark Start 0,033ms
[915,993s][info][gc,phases   ] GC(20) y: Concurrent Mark 4908,019ms
[915,993s][info][gc,phases   ] GC(20) y: Pause Mark End 0,038ms
[915,993s][info][gc,phases   ] GC(20) y: Concurrent Mark Free 0,002ms
[915,993s][info][gc,phases   ] GC(20) y: Concurrent Reset Relocation Set 0,021ms
[915,998s][info][gc,reloc    ] GC(20) y: Using tenuring threshold: 2 (Computed)
[916,121s][info][gc,phases   ] GC(20) y: Concurrent Select Relocation Set 127,525ms
[916,121s][info][gc,phases   ] GC(20) y: Pause Relocate Start 0,033ms
[916,370s][info][gc,phases   ] GC(20) y: Concurrent Relocate 248,975ms
[916,370s][info][gc,alloc    ] GC(20) y:                         Mark Start        Mark End      Relocate Start    Relocate End   
[916,371s][info][gc,alloc    ] GC(20) y: Allocation Stalls:          0                0                0                0         
[916,371s][info][gc,load     ] GC(20) y: Load: 3,01 (15%) / 3,12 (16%) / 2,97 (15%)
[916,371s][info][gc,mmu      ] GC(20) y: MMU: 2ms/94,9%, 5ms/97,9%, 10ms/99,0%, 20ms/99,5%, 50ms/99,8%, 100ms/99,9%
[916,371s][info][gc,marking  ] GC(20) y: Mark: 2 stripe(s), 10 proactive flush(es), 1 terminate flush(es), 0 completion(s), 0 continuation(s) 
[916,371s][info][gc,marking  ] GC(20) y: Mark Stack Usage: 32M
[916,371s][info][gc,nmethod  ] GC(20) y: NMethods: 1736 registered, 214 unregistered
[916,371s][info][gc,metaspace] GC(20) y: Metaspace: 14M used, 14M committed, 1088M reserved
[916,371s][info][gc,reloc    ] GC(20) y:                        Candidates     Selected     In-Place         Size        Empty    Relocated 
[916,371s][info][gc,reloc    ] GC(20) y: Small Pages:                 1219           10            0        2438M           0M           8M 
[916,371s][info][gc,reloc    ] GC(20) y: Medium Pages:                   0            0            0           0M           0M           0M 
[916,371s][info][gc,reloc    ] GC(20) y: Large Pages:                    0            0            0           0M           0M           0M 
[916,371s][info][gc,reloc    ] GC(20) y: Forwarding Usage: 9M
[916,371s][info][gc,reloc    ] GC(20) y: Age Table:
[916,371s][info][gc,reloc    ] GC(20) y:                    Live             Garbage             Small              Medium             Large        
[916,371s][info][gc,reloc    ] GC(20) y: Eden             485M (1%)            4M (0%)         245 / 1              0 / 0              0 / 0        
[916,371s][info][gc,reloc    ] GC(20) y: Survivor 1      1712M (4%)           17M (0%)         865 / 5              0 / 0              0 / 0        
[916,371s][info][gc,reloc    ] GC(20) y: Survivor 2       212M (1%)            5M (0%)         109 / 4              0 / 0              0 / 0        
[916,371s][info][gc,heap     ] GC(20) y: Min Capacity: 1024M(2%)
[916,371s][info][gc,heap     ] GC(20) y: Max Capacity: 40960M(100%)
[916,371s][info][gc,heap     ] GC(20) y: Soft Max Capacity: 40960M(100%)
[916,371s][info][gc,heap     ] GC(20) y: Heap Statistics:
[916,371s][info][gc,heap     ] GC(20) y:                Mark Start          Mark End        Relocate Start      Relocate End           High               Low         
[916,371s][info][gc,heap     ] GC(20) y:  Capacity:    35876M (88%)       35876M (88%)       35876M (88%)       35876M (88%)       35876M (88%)       35876M (88%)    
[916,371s][info][gc,heap     ] GC(20) y:      Free:     5198M (13%)        5196M (13%)        5196M (13%)        5212M (13%)        5212M (13%)        5190M (13%)    
[916,371s][info][gc,heap     ] GC(20) y:      Used:    35762M (87%)       35764M (87%)       35764M (87%)       35748M (87%)       35770M (87%)       35748M (87%)    
[916,371s][info][gc,heap     ] GC(20) y: Young Generation Statistics:
[916,371s][info][gc,heap     ] GC(20) y:                Mark Start          Mark End        Relocate Start      Relocate End    
[916,371s][info][gc,heap     ] GC(20) y:      Used:     2438M (6%)         2440M (6%)         2232M (5%)         2210M (5%)     
[916,371s][info][gc,heap     ] GC(20) y:      Live:         -              2409M (6%)         2201M (5%)         2197M (5%)     
[916,371s][info][gc,heap     ] GC(20) y:   Garbage:         -                28M (0%)           28M (0%)            5M (0%)     
[916,371s][info][gc,heap     ] GC(20) y: Allocated:         -                 2M (0%)            2M (0%)            7M (0%)     
[916,371s][info][gc,heap     ] GC(20) y: Reclaimed:         -                  -                 0M (0%)           23M (0%)     
[916,371s][info][gc,heap     ] GC(20) y:  Promoted:         -                  -               207M (1%)          212M (1%)     
[916,371s][info][gc,heap     ] GC(20) y: Compacted:         -                  -                  -                12M (0%)     
[916,371s][info][gc,phases   ] GC(20) y: Young Generation 35762M(87%)->35748M(87%) 5,286s
[916,371s][info][gc          ] GC(20) Minor Collection (Allocation Rate) 35762M(87%)->35748M(87%) 5,287s
[916,371s][info][gc,task     ] Adjusting Workers for Old Generation: 3 -> 4
[916,371s][info][gc          ] GC(21) Minor Collection (Allocation Rate)
[916,371s][info][gc,task     ] GC(21) Using 1 Workers for Young Generation
[916,371s][info][gc,phases   ] GC(21) y: Young Generation
[916,372s][info][gc,phases   ] GC(21) y: Pause Mark Start 0,054ms
[924,178s][info][gc,phases   ] GC(21) y: Concurrent Mark 7805,921ms
[924,187s][info][gc,phases   ] GC(21) y: Pause Mark End 0,026ms
[924,187s][info][gc,phases   ] GC(21) y: Concurrent Mark Free 0,002ms
[924,187s][info][gc,phases   ] GC(21) y: Concurrent Reset Relocation Set 0,090ms
[924,191s][info][gc,reloc    ] GC(21) y: Using tenuring threshold: 1 (Computed)
[926,133s][info][gc,phases   ] GC(21) y: Concurrent Select Relocation Set 1945,830ms
[926,133s][info][gc,phases   ] GC(21) y: Pause Relocate Start 0,025ms
[930,119s][info][gc,phases   ] GC(21) y: Concurrent Relocate 3985,733ms
[930,119s][info][gc,alloc    ] GC(21) y:                         Mark Start        Mark End      Relocate Start    Relocate End   
[930,119s][info][gc,alloc    ] GC(21) y: Allocation Stalls:          0                0                0                0         
[930,119s][info][gc,load     ] GC(21) y: Load: 3,77 (19%) / 3,29 (16%) / 3,03 (15%)
[930,119s][info][gc,mmu      ] GC(21) y: MMU: 2ms/94,9%, 5ms/97,9%, 10ms/99,0%, 20ms/99,5%, 50ms/99,8%, 100ms/99,9%
[930,119s][info][gc,marking  ] GC(21) y: Mark: 1 stripe(s), 2 proactive flush(es), 1 terminate flush(es), 0 completion(s), 0 continuation(s) 
[930,119s][info][gc,marking  ] GC(21) y: Mark Stack Usage: 256M
[930,119s][info][gc,nmethod  ] GC(21) y: NMethods: 1739 registered, 214 unregistered
[930,119s][info][gc,metaspace] GC(21) y: Metaspace: 14M used, 14M committed, 1088M reserved
[930,119s][info][gc,reloc    ] GC(21) y:                        Candidates     Selected     In-Place         Size        Empty    Relocated 
[930,119s][info][gc,reloc    ] GC(21) y: Small Pages:                 1105            3            0        2210M           0M           1M 
[930,119s][info][gc,reloc    ] GC(21) y: Medium Pages:                   0            0            0           0M           0M           0M 
[930,119s][info][gc,reloc    ] GC(21) y: Large Pages:                    0            0            0           0M           0M           0M 
[930,119s][info][gc,reloc    ] GC(21) y: Forwarding Usage: 1M
[930,119s][info][gc,reloc    ] GC(21) y: Age Table:
[930,119s][info][gc,reloc    ] GC(21) y:                    Live             Garbage             Small              Medium             Large        
[930,119s][info][gc,reloc    ] GC(21) y: Eden               0M (0%)            1M (0%)           1 / 1              0 / 0              0 / 0        
[930,119s][info][gc,reloc    ] GC(21) y: Survivor 1       485M (1%)            4M (0%)         245 / 1              0 / 0              0 / 0        
[930,119s][info][gc,reloc    ] GC(21) y: Survivor 2      1712M (4%)            5M (0%)         859 / 1              0 / 0              0 / 0        
[930,119s][info][gc,heap     ] GC(21) y: Min Capacity: 1024M(2%)
[930,119s][info][gc,heap     ] GC(21) y: Max Capacity: 40960M(100%)
[930,119s][info][gc,heap     ] GC(21) y: Soft Max Capacity: 40960M(100%)
[930,119s][info][gc,heap     ] GC(21) y: Heap Statistics:
[930,119s][info][gc,heap     ] GC(21) y:                Mark Start          Mark End        Relocate Start      Relocate End           High               Low         
[930,119s][info][gc,heap     ] GC(21) y:  Capacity:    35876M (88%)       35876M (88%)       35876M (88%)       35876M (88%)       35876M (88%)       35876M (88%)    
[930,119s][info][gc,heap     ] GC(21) y:      Free:     5212M (13%)        5210M (13%)        5210M (13%)        5212M (13%)        5212M (13%)        5208M (13%)    
[930,119s][info][gc,heap     ] GC(21) y:      Used:    35748M (87%)       35750M (87%)       35750M (87%)       35748M (87%)       35752M (87%)       35748M (87%)    
[930,119s][info][gc,heap     ] GC(21) y: Young Generation Statistics:
[930,120s][info][gc,heap     ] GC(21) y:                Mark Start          Mark End        Relocate Start      Relocate End    
[930,120s][info][gc,heap     ] GC(21) y:      Used:     2210M (5%)         2212M (5%)           10M (0%)            4M (0%)     
[930,120s][info][gc,heap     ] GC(21) y:      Live:         -              2197M (5%)            1M (0%)            0M (0%)     
[930,120s][info][gc,heap     ] GC(21) y:   Garbage:         -                12M (0%)            6M (0%)            0M (0%)     
[930,120s][info][gc,heap     ] GC(21) y: Allocated:         -                 2M (0%)            2M (0%)            3M (0%)     
[930,120s][info][gc,heap     ] GC(21) y: Reclaimed:         -                  -                 6M (0%)           12M (0%)     
[930,120s][info][gc,heap     ] GC(21) y:  Promoted:         -                  -              2195M (5%)         2197M (5%)     
[930,120s][info][gc,heap     ] GC(21) y: Compacted:         -                  -                  -                 0M (0%)     
[930,120s][info][gc,phases   ] GC(21) y: Young Generation 35748M(87%)->35748M(87%) 13,748s
[930,120s][info][gc          ] GC(21) Minor Collection (Allocation Rate) 35748M(87%)->35748M(87%) 13,748s
[947,263s][info][gc,phases   ] GC(19) O: Concurrent Mark 36186,524ms
[947,263s][info][gc,phases   ] GC(19) O: Pause Mark End 0,033ms
[947,263s][info][gc,phases   ] GC(19) O: Concurrent Mark Free 0,003ms
[947,265s][info][gc,phases   ] GC(19) O: Concurrent Process Non-Strong 1,845ms
[947,265s][info][gc,phases   ] GC(19) O: Concurrent Reset Relocation Set 0,018ms
[947,279s][info][gc,phases   ] GC(19) O: Concurrent Select Relocation Set 13,449ms
[947,279s][info][gc,task     ] GC(19) O: Using 5 Workers for Old Generation
[947,314s][info][gc,task     ] GC(19) O: Using 4 Workers for Old Generation
[947,314s][info][gc,phases   ] GC(19) O: Concurrent Remap Roots 35,432ms
[947,314s][info][gc,phases   ] GC(19) O: Pause Relocate Start 0,022ms
[947,444s][info][gc,phases   ] GC(19) O: Concurrent Relocate 129,706ms
[947,444s][info][gc,alloc    ] GC(19) O:                         Mark Start        Mark End      Relocate Start    Relocate End   
[947,444s][info][gc,alloc    ] GC(19) O: Allocation Stalls:          0                0                0                0         
[947,445s][info][gc,load     ] GC(19) O: Load: 4,45 (22%) / 3,48 (17%) / 3,10 (15%)
[947,445s][info][gc,mmu      ] GC(19) O: MMU: 2ms/94,9%, 5ms/97,9%, 10ms/99,0%, 20ms/99,5%, 50ms/99,8%, 100ms/99,9%
[947,445s][info][gc,marking  ] GC(19) O: Mark: 4 stripe(s), 10 proactive flush(es), 1 terminate flush(es), 0 completion(s), 0 continuation(s) 
[947,445s][info][gc,marking  ] GC(19) O: Mark Stack Usage: 64M
[947,445s][info][gc,nmethod  ] GC(19) O: NMethods: 1758 registered, 215 unregistered
[947,445s][info][gc,metaspace] GC(19) O: Metaspace: 14M used, 14M committed, 1088M reserved
[947,445s][info][gc,ref      ] GC(19) O:                       Encountered   Discovered     Enqueued 
[947,445s][info][gc,ref      ] GC(19) O: Soft References:             3531            0            0 
[947,445s][info][gc,ref      ] GC(19) O: Weak References:              893          166            0 
[947,445s][info][gc,ref      ] GC(19) O: Final References:               0            0            0 
[947,445s][info][gc,ref      ] GC(19) O: Phantom References:            20           10            0 
[947,445s][info][gc,reloc    ] GC(19) O:                        Candidates     Selected     In-Place         Size        Empty    Relocated 
[947,445s][info][gc,reloc    ] GC(19) O: Small Pages:                16662           67            0       33324M         142M          66M 
[947,445s][info][gc,reloc    ] GC(19) O: Medium Pages:                   0            0            0           0M           0M           0M 
[947,445s][info][gc,reloc    ] GC(19) O: Large Pages:                    0            0            0           0M           0M           0M 
[947,445s][info][gc,reloc    ] GC(19) O: Forwarding Usage: 89M
[947,445s][info][gc,heap     ] GC(19) O: Min Capacity: 1024M(2%)
[947,445s][info][gc,heap     ] GC(19) O: Max Capacity: 40960M(100%)
[947,445s][info][gc,heap     ] GC(19) O: Soft Max Capacity: 40960M(100%)
[947,445s][info][gc,heap     ] GC(19) O: Heap Statistics:
[947,445s][info][gc,heap     ] GC(19) O:                Mark Start          Mark End        Relocate Start      Relocate End           High               Low         
[947,445s][info][gc,heap     ] GC(19) O:  Capacity:    35376M (86%)       35876M (88%)       35876M (88%)       35876M (88%)       35876M (88%)       35376M (86%)    
[947,445s][info][gc,heap     ] GC(19) O:      Free:     5584M (14%)        5180M (13%)        5322M (13%)        5474M (13%)        5584M (14%)        5084M (12%)    
[947,445s][info][gc,heap     ] GC(19) O:      Used:    35376M (86%)       35780M (87%)       35638M (87%)       35486M (87%)       35876M (88%)       35376M (86%)    
[947,445s][info][gc,heap     ] GC(19) O: Old Generation Statistics:
[947,445s][info][gc,heap     ] GC(19) O:                Mark Start          Mark End        Relocate Start      Relocate End    
[947,445s][info][gc,heap     ] GC(19) O:      Used:    33324M (81%)       35744M (87%)       35602M (87%)       35450M (87%)    
[947,445s][info][gc,heap     ] GC(19) O:      Live:         -             32943M (80%)       32943M (80%)       32943M (80%)    
[947,445s][info][gc,heap     ] GC(19) O:   Garbage:         -               380M (1%)          238M (1%)           78M (0%)     
[947,445s][info][gc,heap     ] GC(19) O: Allocated:         -              2420M (6%)         2420M (6%)         2428M (6%)     
[947,445s][info][gc,heap     ] GC(19) O: Reclaimed:         -                  -               142M (0%)          302M (1%)     
[947,445s][info][gc,heap     ] GC(19) O: Compacted:         -                  -                  -               181M (0%)     
[947,445s][info][gc,phases   ] GC(19) O: Old Generation 35762M(87%)->35486M(87%) 36,368s
[947,445s][info][gc          ] GC(19) Major Collection (Allocation Rate) 35376M(86%)->35486M(87%) 42,870s
[1049,671s][info][gc          ] GC(22) Major Collection (Allocation Rate)
[1049,672s][info][gc,task     ] GC(22) Using 5 Workers for Young Generation
[1049,672s][info][gc,task     ] GC(22) Using 4 Workers for Old Generation
[1049,672s][info][gc,phases   ] GC(22) Y: Young Generation
[1049,672s][info][gc,phases   ] GC(22) Y: Pause Mark Start (Major) 0,023ms
[1056,080s][info][gc,phases   ] GC(22) Y: Concurrent Mark 6407,554ms
[1056,080s][info][gc,phases   ] GC(22) Y: Pause Mark End 0,025ms
[1056,092s][info][gc,phases   ] GC(22) Y: Concurrent Mark Free 11,632ms
[1056,092s][info][gc,phases   ] GC(22) Y: Concurrent Reset Relocation Set 0,616ms
[1056,094s][info][gc,reloc    ] GC(22) Y: Using tenuring threshold: 2 (Computed)
[1056,105s][info][gc,phases   ] GC(22) Y: Concurrent Select Relocation Set 12,780ms
[1056,105s][info][gc,phases   ] GC(22) Y: Pause Relocate Start 0,034ms
[1056,165s][info][gc,phases   ] GC(22) Y: Concurrent Relocate 60,011ms
[1056,166s][info][gc,alloc    ] GC(22) Y:                         Mark Start        Mark End      Relocate Start    Relocate End   
[1056,166s][info][gc,alloc    ] GC(22) Y: Allocation Stalls:          0                0                0                0         
[1056,166s][info][gc,load     ] GC(22) Y: Load: 2,17 (11%) / 2,88 (14%) / 2,92 (15%)
[1056,166s][info][gc,mmu      ] GC(22) Y: MMU: 2ms/94,9%, 5ms/97,9%, 10ms/99,0%, 20ms/99,5%, 50ms/99,8%, 100ms/99,9%
[1056,166s][info][gc,marking  ] GC(22) Y: Mark: 4 stripe(s), 10 proactive flush(es), 1 terminate flush(es), 0 completion(s), 0 continuation(s) 
[1056,166s][info][gc,marking  ] GC(22) Y: Mark Stack Usage: 32M
[1056,166s][info][gc,nmethod  ] GC(22) Y: NMethods: 1780 registered, 215 unregistered
[1056,166s][info][gc,metaspace] GC(22) Y: Metaspace: 14M used, 14M committed, 1088M reserved
[1056,166s][info][gc,reloc    ] GC(22) Y:                        Candidates     Selected     In-Place         Size        Empty    Relocated 
[1056,166s][info][gc,reloc    ] GC(22) Y: Small Pages:                 1026           49            0        2052M           0M          43M 
[1056,166s][info][gc,reloc    ] GC(22) Y: Medium Pages:                   0            0            0           0M           0M           0M 
[1056,166s][info][gc,reloc    ] GC(22) Y: Large Pages:                    0            0            0           0M           0M           0M 
[1056,166s][info][gc,reloc    ] GC(22) Y: Forwarding Usage: 50M
[1056,166s][info][gc,reloc    ] GC(22) Y: Age Table:
[1056,166s][info][gc,reloc    ] GC(22) Y:                    Live             Garbage             Small              Medium             Large        
[1056,166s][info][gc,reloc    ] GC(22) Y: Eden            1935M (5%)          114M (0%)        1025 / 49             0 / 0              0 / 0        
[1056,166s][info][gc,reloc    ] GC(22) Y: Survivor 1         0M (0%)            1M (0%)           1 / 0              0 / 0              0 / 0        
[1056,166s][info][gc,heap     ] GC(22) Y: Min Capacity: 1024M(2%)
[1056,166s][info][gc,heap     ] GC(22) Y: Max Capacity: 40960M(100%)
[1056,166s][info][gc,heap     ] GC(22) Y: Soft Max Capacity: 40960M(100%)
[1056,166s][info][gc,heap     ] GC(22) Y: Heap Statistics:
[1056,166s][info][gc,heap     ] GC(22) Y:                Mark Start          Mark End        Relocate Start      Relocate End           High               Low         
[1056,166s][info][gc,heap     ] GC(22) Y:  Capacity:    37502M (92%)       37770M (92%)       37770M (92%)       37780M (92%)       37780M (92%)       37502M (92%)    
[1056,166s][info][gc,heap     ] GC(22) Y:      Free:     3458M (8%)         3190M (8%)         3190M (8%)         3294M (8%)         3458M (8%)         3180M (8%)     
[1056,166s][info][gc,heap     ] GC(22) Y:      Used:    37502M (92%)       37770M (92%)       37770M (92%)       37666M (92%)       37780M (92%)       37502M (92%)    
[1056,166s][info][gc,heap     ] GC(22) Y: Young Generation Statistics:
[1056,166s][info][gc,heap     ] GC(22) Y:                Mark Start          Mark End        Relocate Start      Relocate End    
[1056,166s][info][gc,heap     ] GC(22) Y:      Used:     2052M (5%)         2320M (6%)         2320M (6%)         2216M (5%)     
[1056,166s][info][gc,heap     ] GC(22) Y:      Live:         -              1935M (5%)         1935M (5%)         1935M (5%)     
[1056,166s][info][gc,heap     ] GC(22) Y:   Garbage:         -               116M (0%)          116M (0%)            4M (0%)     
[1056,166s][info][gc,heap     ] GC(22) Y: Allocated:         -               268M (1%)          268M (1%)          276M (1%)     
[1056,166s][info][gc,heap     ] GC(22) Y: Reclaimed:         -                  -                 0M (0%)          112M (0%)     
[1056,166s][info][gc,heap     ] GC(22) Y:  Promoted:         -                  -                 0M (0%)            0M (0%)     
[1056,166s][info][gc,heap     ] GC(22) Y: Compacted:         -                  -                  -                99M (0%)     
[1056,166s][info][gc,phases   ] GC(22) Y: Young Generation 37502M(92%)->37666M(92%) 6,494s
[1056,166s][info][gc,phases   ] GC(22) O: Old Generation
[1056,176s][info][gc,task     ] Adjusting Workers for Old Generation: 4 -> 3
[1056,176s][info][gc          ] GC(23) Minor Collection (Allocation Rate)
[1056,176s][info][gc,task     ] GC(23) Using 2 Workers for Young Generation
[1056,176s][info][gc,phases   ] GC(23) y: Young Generation
[1056,177s][info][gc,phases   ] GC(23) y: Pause Mark Start 0,034ms
[1061,329s][info][gc,phases   ] GC(23) y: Concurrent Mark 5152,538ms
[1061,330s][info][gc,phases   ] GC(23) y: Pause Mark End 0,042ms
[1061,330s][info][gc,phases   ] GC(23) y: Concurrent Mark Free 0,001ms
[1061,330s][info][gc,phases   ] GC(23) y: Concurrent Reset Relocation Set 0,020ms
[1061,334s][info][gc,reloc    ] GC(23) y: Using tenuring threshold: 1 (Computed)
[1062,384s][info][gc,phases   ] GC(23) y: Concurrent Select Relocation Set 1054,122ms
[1062,384s][info][gc,phases   ] GC(23) y: Pause Relocate Start 0,024ms
[1064,487s][info][gc,phases   ] GC(23) y: Concurrent Relocate 2102,048ms
[1064,487s][info][gc,alloc    ] GC(23) y:                         Mark Start        Mark End      Relocate Start    Relocate End   
[1064,487s][info][gc,alloc    ] GC(23) y: Allocation Stalls:          0                0                0                0         
[1064,487s][info][gc,load     ] GC(23) y: Load: 2,72 (14%) / 2,98 (15%) / 2,95 (15%)
[1064,487s][info][gc,mmu      ] GC(23) y: MMU: 2ms/94,9%, 5ms/97,9%, 10ms/99,0%, 20ms/99,5%, 50ms/99,8%, 100ms/99,9%
[1064,487s][info][gc,marking  ] GC(23) y: Mark: 2 stripe(s), 10 proactive flush(es), 1 terminate flush(es), 0 completion(s), 0 continuation(s) 
[1064,487s][info][gc,marking  ] GC(23) y: Mark Stack Usage: 32M
[1064,487s][info][gc,nmethod  ] GC(23) y: NMethods: 1780 registered, 215 unregistered
[1064,487s][info][gc,metaspace] GC(23) y: Metaspace: 14M used, 14M committed, 1088M reserved
[1064,487s][info][gc,reloc    ] GC(23) y:                        Candidates     Selected     In-Place         Size        Empty    Relocated 
[1064,487s][info][gc,reloc    ] GC(23) y: Small Pages:                 1108            8            0        2216M           0M           5M 
[1064,487s][info][gc,reloc    ] GC(23) y: Medium Pages:                   0            0            0           0M           0M           0M 
[1064,487s][info][gc,reloc    ] GC(23) y: Large Pages:                    0            0            0           0M           0M           0M 
[1064,487s][info][gc,reloc    ] GC(23) y: Forwarding Usage: 6M
[1064,487s][info][gc,reloc    ] GC(23) y: Age Table:
[1064,487s][info][gc,reloc    ] GC(23) y:                    Live             Garbage             Small              Medium             Large        
[1064,487s][info][gc,reloc    ] GC(23) y: Eden             264M (1%)            3M (0%)         134 / 1              0 / 0              0 / 0        
[1064,487s][info][gc,reloc    ] GC(23) y: Survivor 1      1926M (5%)           19M (0%)         973 / 7              0 / 0              0 / 0        
[1064,487s][info][gc,reloc    ] GC(23) y: Survivor 2         0M (0%)            1M (0%)           1 / 0              0 / 0              0 / 0        
[1064,487s][info][gc,heap     ] GC(23) y: Min Capacity: 1024M(2%)
[1064,487s][info][gc,heap     ] GC(23) y: Max Capacity: 40960M(100%)
[1064,487s][info][gc,heap     ] GC(23) y: Soft Max Capacity: 40960M(100%)
[1064,487s][info][gc,heap     ] GC(23) y: Heap Statistics:
[1064,487s][info][gc,heap     ] GC(23) y:                Mark Start          Mark End        Relocate Start      Relocate End           High               Low         
[1064,487s][info][gc,heap     ] GC(23) y:  Capacity:    37780M (92%)       37780M (92%)       37780M (92%)       37780M (92%)       37780M (92%)       37780M (92%)    
[1064,487s][info][gc,heap     ] GC(23) y:      Free:     3294M (8%)         3286M (8%)         3286M (8%)         3302M (8%)         3302M (8%)         3282M (8%)     
[1064,487s][info][gc,heap     ] GC(23) y:      Used:    37666M (92%)       37674M (92%)       37674M (92%)       37658M (92%)       37678M (92%)       37658M (92%)    
[1064,487s][info][gc,heap     ] GC(23) y: Young Generation Statistics:
[1064,487s][info][gc,heap     ] GC(23) y:                Mark Start          Mark End        Relocate Start      Relocate End    
[1064,487s][info][gc,heap     ] GC(23) y:      Used:     2216M (5%)         2224M (5%)          304M (1%)          276M (1%)     
[1064,487s][info][gc,heap     ] GC(23) y:      Live:         -              2191M (5%)          276M (1%)          264M (1%)     
[1064,487s][info][gc,heap     ] GC(23) y:   Garbage:         -                24M (0%)           19M (0%)            1M (0%)     
[1064,487s][info][gc,heap     ] GC(23) y: Allocated:         -                 8M (0%)            8M (0%)            9M (0%)     
[1064,487s][info][gc,heap     ] GC(23) y: Reclaimed:         -                  -                 5M (0%)           23M (0%)     
[1064,487s][info][gc,heap     ] GC(23) y:  Promoted:         -                  -              1914M (5%)         1926M (5%)     
[1064,487s][info][gc,heap     ] GC(23) y: Compacted:         -                  -                  -                 0M (0%)     
[1064,487s][info][gc,phases   ] GC(23) y: Young Generation 37666M(92%)->37658M(92%) 8,310s
[1064,487s][info][gc          ] GC(23) Minor Collection (Allocation Rate) 37666M(92%)->37658M(92%) 8,311s
[1124,476s][info][gc,phases   ] GC(22) O: Concurrent Mark 68310,310ms
[1124,476s][info][gc,phases   ] GC(22) O: Pause Mark End 0,027ms
[1124,477s][info][gc,phases   ] GC(22) O: Concurrent Mark Free 0,002ms
[1124,479s][info][gc,phases   ] GC(22) O: Concurrent Process Non-Strong 2,681ms
[1124,479s][info][gc,phases   ] GC(22) O: Concurrent Reset Relocation Set 0,017ms
[1124,488s][info][gc,phases   ] GC(22) O: Concurrent Select Relocation Set 8,171ms
[1124,488s][info][gc,task     ] GC(22) O: Using 5 Workers for Old Generation
[1124,537s][info][gc,task     ] GC(22) O: Using 3 Workers for Old Generation
[1124,537s][info][gc,phases   ] GC(22) O: Concurrent Remap Roots 49,378ms
[1124,537s][info][gc,phases   ] GC(22) O: Pause Relocate Start 0,025ms
[1124,702s][info][gc,phases   ] GC(22) O: Concurrent Relocate 164,292ms
[1124,702s][info][gc,alloc    ] GC(22) O:                         Mark Start        Mark End      Relocate Start    Relocate End   
[1124,702s][info][gc,alloc    ] GC(22) O: Allocation Stalls:          0                0                0                0         
[1124,702s][info][gc,load     ] GC(22) O: Load: 3,43 (17%) / 3,14 (16%) / 3,01 (15%)
[1124,702s][info][gc,mmu      ] GC(22) O: MMU: 2ms/94,9%, 5ms/97,9%, 10ms/99,0%, 20ms/99,5%, 50ms/99,8%, 100ms/99,9%
[1124,702s][info][gc,marking  ] GC(22) O: Mark: 4 stripe(s), 10 proactive flush(es), 1 terminate flush(es), 0 completion(s), 0 continuation(s) 
[1124,702s][info][gc,marking  ] GC(22) O: Mark Stack Usage: 64M
[1124,702s][info][gc,nmethod  ] GC(22) O: NMethods: 1779 registered, 216 unregistered
[1124,702s][info][gc,metaspace] GC(22) O: Metaspace: 14M used, 14M committed, 1088M reserved
[1124,702s][info][gc,ref      ] GC(22) O:                       Encountered   Discovered     Enqueued 
[1124,702s][info][gc,ref      ] GC(22) O: Soft References:             3531            0            0 
[1124,702s][info][gc,ref      ] GC(22) O: Weak References:              893          248            0 
[1124,702s][info][gc,ref      ] GC(22) O: Final References:               0            0            0 
[1124,702s][info][gc,ref      ] GC(22) O: Phantom References:            20           13            0 
[1124,702s][info][gc,reloc    ] GC(22) O:                        Candidates     Selected     In-Place         Size        Empty    Relocated 
[1124,702s][info][gc,reloc    ] GC(22) O: Small Pages:                17725           78            0       35450M         150M          72M 
[1124,702s][info][gc,reloc    ] GC(22) O: Medium Pages:                   0            0            0           0M           0M           0M 
[1124,702s][info][gc,reloc    ] GC(22) O: Large Pages:                    0            0            0           0M           0M           0M 
[1124,702s][info][gc,reloc    ] GC(22) O: Forwarding Usage: 92M
[1124,702s][info][gc,heap     ] GC(22) O: Min Capacity: 1024M(2%)
[1124,702s][info][gc,heap     ] GC(22) O: Max Capacity: 40960M(100%)
[1124,702s][info][gc,heap     ] GC(22) O: Soft Max Capacity: 40960M(100%)
[1124,702s][info][gc,heap     ] GC(22) O: Heap Statistics:
[1124,702s][info][gc,heap     ] GC(22) O:                Mark Start          Mark End        Relocate Start      Relocate End           High               Low         
[1124,702s][info][gc,heap     ] GC(22) O:  Capacity:    37502M (92%)       38464M (94%)       38464M (94%)       38464M (94%)       38464M (94%)       37502M (92%)    
[1124,702s][info][gc,heap     ] GC(22) O:      Free:     3458M (8%)         2496M (6%)         2646M (6%)         2824M (7%)         3458M (8%)         2496M (6%)     
[1124,702s][info][gc,heap     ] GC(22) O:      Used:    37502M (92%)       38464M (94%)       38314M (94%)       38136M (93%)       38464M (94%)       37502M (92%)    
[1124,702s][info][gc,heap     ] GC(22) O: Old Generation Statistics:
[1124,702s][info][gc,heap     ] GC(22) O:                Mark Start          Mark End        Relocate Start      Relocate End    
[1124,702s][info][gc,heap     ] GC(22) O:      Used:    35450M (87%)       37382M (91%)       37232M (91%)       37054M (90%)    
[1124,702s][info][gc,heap     ] GC(22) O:      Live:         -             35031M (86%)       35031M (86%)       35031M (86%)    
[1124,702s][info][gc,heap     ] GC(22) O:   Garbage:         -               418M (1%)          268M (1%)           85M (0%)     
[1124,702s][info][gc,heap     ] GC(22) O: Allocated:         -              1932M (5%)         1932M (5%)         1937M (5%)     
[1124,702s][info][gc,heap     ] GC(22) O: Reclaimed:         -                  -               150M (0%)          333M (1%)     
[1124,702s][info][gc,heap     ] GC(22) O: Compacted:         -                  -                  -               188M (0%)     
[1124,702s][info][gc,phases   ] GC(22) O: Old Generation 37666M(92%)->38136M(93%) 68,536s
[1124,702s][info][gc          ] GC(22) Major Collection (Allocation Rate) 37502M(92%)->38136M(93%) 75,031s
[1218,095s][info][gc,exit     ] Stopping ZGC
[1218,095s][info][gc,stats    ] === Garbage Collection Statistics =======================================================================================================================
[1218,096s][info][gc,stats    ]                                                              Last 10s              Last 10m              Last 10h                Total
[1218,096s][info][gc,stats    ]                                                              Avg / Max             Avg / Max             Avg / Max             Avg / Max
[1218,096s][info][gc,stats    ]        Contention: Mark Segment Reset Contention                     0 / 0                 0 / 17                0 / 17                0 / 17          ops/s
[1218,096s][info][gc,stats    ]        Contention: Mark SeqNum Reset Contention                      0 / 0                 0 / 0                 0 / 2                 0 / 2           ops/s
[1218,096s][info][gc,stats    ]          Critical: Allocation Stall                                  0 / 0                 0 / 0                 0 / 0                 0 / 0           ops/s
[1218,096s][info][gc,stats    ]          Critical: Allocation Stall                              0,000 / 0,000         0,000 / 0,000         0,000 / 0,000         0,000 / 0,000       ms
[1218,096s][info][gc,stats    ]          Critical: JNI Critical Stall                                0 / 0                 0 / 0                 0 / 0                 0 / 0           ops/s
[1218,096s][info][gc,stats    ]          Critical: JNI Critical Stall                            0,000 / 0,000         0,000 / 0,000         0,000 / 0,000         0,000 / 0,000       ms
[1218,096s][info][gc,stats    ]          Critical: Relocation Stall                                  0 / 0                 0 / 0                 0 / 0                 0 / 0           ops/s
[1218,096s][info][gc,stats    ]          Critical: Relocation Stall                              0,000 / 0,000         0,000 / 0,000         0,000 / 0,000         0,000 / 0,000       ms
[1218,096s][info][gc,stats    ]  Major Collection: Major Collection                              0,000 / 0,000     54511,389 / 75030,653 58779,436 / 101985,818 58779,436 / 101985,818   ms
[1218,096s][info][gc,stats    ]            Memory: Allocation Rate                                   0 / 0                14 / 412              34 / 490              34 / 490         MB/s
[1218,096s][info][gc,stats    ]            Memory: Defragment                                        0 / 0                 0 / 0                 0 / 0                 0 / 0           ops/s
[1218,096s][info][gc,stats    ]            Memory: Out Of Memory                                     0 / 0                 0 / 0                 0 / 0                 0 / 0           ops/s
[1218,096s][info][gc,stats    ]            Memory: Page Cache Flush                                  0 / 0                 0 / 0                 0 / 0                 0 / 0           MB/s
[1218,096s][info][gc,stats    ]            Memory: Page Cache Hit L1                                 0 / 0                 2 / 159               2 / 159               2 / 159         ops/s
[1218,096s][info][gc,stats    ]            Memory: Page Cache Hit L2                                 0 / 0                 0 / 0                 0 / 0                 0 / 0           ops/s
[1218,096s][info][gc,stats    ]            Memory: Page Cache Hit L3                                 0 / 0                 0 / 0                 0 / 210               0 / 210         ops/s
[1218,096s][info][gc,stats    ]            Memory: Page Cache Miss                                   0 / 0                 5 / 206              15 / 238              15 / 238         ops/s
[1218,096s][info][gc,stats    ]            Memory: Uncommit                                          0 / 0                 0 / 0                 0 / 0                 0 / 0           MB/s
[1218,096s][info][gc,stats    ]            Memory: Undo Object Allocation Failed                     0 / 0                 0 / 0                 0 / 0                 0 / 0           ops/s
[1218,096s][info][gc,stats    ]            Memory: Undo Object Allocation Succeeded                  0 / 0                 0 / 1                 0 / 1                 0 / 1           ops/s
[1218,096s][info][gc,stats    ]            Memory: Undo Page Allocation                              0 / 0                 0 / 0                 0 / 1                 0 / 1           ops/s
[1218,096s][info][gc,stats    ]  Minor Collection: Minor Collection                              0,000 / 0,000      8563,871 / 13748,401 14664,120 / 31935,155 14664,120 / 31935,155   ms
[1218,096s][info][gc,stats    ]    Old Generation: Old Generation                                0,000 / 0,000     47859,324 / 68535,948 46546,039 / 69083,432 46546,039 / 69083,432   ms
[1218,096s][info][gc,stats    ]         Old Pause: Pause Mark End                                0,000 / 0,000         0,029 / 0,033         0,028 / 0,034         0,028 / 0,034       ms
[1218,096s][info][gc,stats    ]         Old Pause: Pause Relocate Start                          0,000 / 0,000         0,035 / 0,049         0,029 / 0,049         0,029 / 0,049       ms
[1218,096s][info][gc,stats    ]         Old Phase: Concurrent Mark                               0,000 / 0,000     47669,311 / 68310,310 38108,660 / 68310,310 38108,660 / 68310,310   ms
[1218,096s][info][gc,stats    ]         Old Phase: Concurrent Mark Continue                      0,000 / 0,000         0,000 / 0,000         0,000 / 0,000         0,000 / 0,000       ms
[1218,096s][info][gc,stats    ]         Old Phase: Concurrent Mark Free                          0,000 / 0,000         0,198 / 0,787        10,112 / 97,794       10,112 / 97,794      ms
[1218,096s][info][gc,stats    ]         Old Phase: Concurrent Process Non-Strong                 0,000 / 0,000         2,414 / 2,681         3,362 / 5,982         3,362 / 5,982       ms
[1218,096s][info][gc,stats    ]         Old Phase: Concurrent Relocate                           0,000 / 0,000       131,898 / 164,292     125,936 / 244,389     125,936 / 244,389     ms
[1218,096s][info][gc,stats    ]         Old Phase: Concurrent Remap Roots                        0,000 / 0,000        43,518 / 49,378       36,394 / 49,378       36,394 / 49,378      ms
[1218,096s][info][gc,stats    ]         Old Phase: Concurrent Reset Relocation Set               0,000 / 0,000         0,019 / 0,022         0,013 / 0,022         0,013 / 0,022       ms
[1218,096s][info][gc,stats    ]         Old Phase: Concurrent Select Relocation Set              0,000 / 0,000        10,784 / 13,449       12,004 / 31,357       12,004 / 31,357      ms
[1218,096s][info][gc,stats    ]      Old Subphase: Concurrent Classes Purge                      0,000 / 0,000         0,013 / 0,015         0,040 / 0,200         0,040 / 0,200       ms
[1218,096s][info][gc,stats    ]      Old Subphase: Concurrent Classes Unlink                     0,000 / 0,000         1,386 / 1,503         1,779 / 3,661         1,779 / 3,661       ms
[1218,096s][info][gc,stats    ]      Old Subphase: Concurrent Mark Follow                        0,000 / 0,000     47668,845 / 68309,837 38108,162 / 68309,837 38108,162 / 68309,837   ms
[1218,096s][info][gc,stats    ]      Old Subphase: Concurrent Mark Root Colored                  0,000 / 0,000         0,034 / 0,082         0,036 / 0,082         0,036 / 0,082       ms
[1218,096s][info][gc,stats    ]      Old Subphase: Concurrent Mark Root Uncolored                0,000 / 0,000         0,150 / 0,230         0,174 / 0,403         0,174 / 0,403       ms
[1218,096s][info][gc,stats    ]      Old Subphase: Concurrent Mark Roots                         0,000 / 0,000         0,459 / 0,535         0,492 / 0,683         0,492 / 0,683       ms
[1218,096s][info][gc,stats    ]      Old Subphase: Concurrent References Enqueue                 0,000 / 0,000         0,000 / 0,000         0,001 / 0,004         0,001 / 0,004       ms
[1218,096s][info][gc,stats    ]      Old Subphase: Concurrent References Process                 0,000 / 0,000         0,187 / 0,292         0,188 / 0,294         0,188 / 0,294       ms
[1218,096s][info][gc,stats    ]      Old Subphase: Concurrent Remap Remembered                   0,000 / 0,000        40,198 / 47,637       33,016 / 47,637       33,016 / 47,637      ms
[1218,096s][info][gc,stats    ]      Old Subphase: Concurrent Remap Roots Colored                0,000 / 0,000         1,079 / 1,168         1,106 / 1,489         1,106 / 1,489       ms
[1218,096s][info][gc,stats    ]      Old Subphase: Concurrent Remap Roots Uncolored              0,000 / 0,000         0,350 / 0,406         0,359 / 0,510         0,359 / 0,510       ms
[1218,096s][info][gc,stats    ]      Old Subphase: Concurrent Roots ClassLoaderDataGraph         0,000 / 0,000         0,660 / 1,040         0,705 / 1,381         0,705 / 1,381       ms
[1218,096s][info][gc,stats    ]      Old Subphase: Concurrent Roots CodeCache                    0,000 / 0,000         0,301 / 0,358         0,302 / 0,415         0,302 / 0,415       ms
[1218,096s][info][gc,stats    ]      Old Subphase: Concurrent Roots JavaThreads                  0,000 / 0,000         0,070 / 0,229         0,077 / 0,402         0,077 / 0,402       ms
[1218,096s][info][gc,stats    ]      Old Subphase: Concurrent Roots OopStorageSet                0,000 / 0,000         0,019 / 0,057         0,019 / 0,057         0,019 / 0,057       ms
[1218,096s][info][gc,stats    ]      Old Subphase: Concurrent Weak Roots OopStorageSet           0,000 / 0,000         0,168 / 0,372         0,200 / 1,588         0,200 / 1,588       ms
[1218,096s][info][gc,stats    ]            System: Java Threads                                      0 / 0                18 / 20               18 / 20               18 / 20          threads
[1218,096s][info][gc,stats    ]  Young Generation: Young Generation                              0,000 / 0,000      6651,219 / 6884,079  12232,586 / 32901,714 12232,586 / 32901,714   ms
[1218,096s][info][gc,stats    ]  Young Generation: Young Generation                              0,000 / 0,000      8563,305 / 13747,866 14663,619 / 31934,709 14663,619 / 31934,709   ms
[1218,096s][info][gc,stats    ]  Young Generation: Young Generation (Collect Roots)              0,000 / 0,000         0,000 / 0,000         0,000 / 0,000         0,000 / 0,000       ms
[1218,096s][info][gc,stats    ]  Young Generation: Young Generation (Promote All)                0,000 / 0,000         0,000 / 0,000         0,000 / 0,000         0,000 / 0,000       ms
[1218,096s][info][gc,stats    ]       Young Pause: Pause Mark End                                0,000 / 0,000         0,030 / 0,042         0,030 / 0,063         0,030 / 0,063       ms
[1218,096s][info][gc,stats    ]       Young Pause: Pause Mark Start                              0,000 / 0,000         0,041 / 0,054         0,046 / 0,103         0,046 / 0,103       ms
[1218,096s][info][gc,stats    ]       Young Pause: Pause Mark Start (Major)                      0,000 / 0,000         0,036 / 0,069         0,031 / 0,069         0,031 / 0,069       ms
[1218,096s][info][gc,stats    ]       Young Pause: Pause Relocate Start                          0,000 / 0,000         0,030 / 0,038         0,029 / 0,099         0,029 / 0,099       ms
[1218,096s][info][gc,stats    ]       Young Phase: Concurrent Mark                               0,000 / 0,000      6026,130 / 7805,921  11532,898 / 30350,810 11532,898 / 30350,810   ms
[1218,096s][info][gc,stats    ]       Young Phase: Concurrent Mark Continue                      0,000 / 0,000         0,000 / 0,000         0,000 / 0,000         0,000 / 0,000       ms
[1218,096s][info][gc,stats    ]       Young Phase: Concurrent Mark Free                          0,000 / 0,000         1,294 / 11,632        2,271 / 34,927        2,271 / 34,927      ms
[1218,096s][info][gc,stats    ]       Young Phase: Concurrent Relocate                           0,000 / 0,000      1135,005 / 3985,733   1438,463 / 10152,263  1438,463 / 10152,263   ms
[1218,096s][info][gc,stats    ]       Young Phase: Concurrent Reset Relocation Set               0,000 / 0,000         0,422 / 1,554         0,707 / 5,436         0,707 / 5,436       ms
[1218,096s][info][gc,stats    ]       Young Phase: Concurrent Select Relocation Set              0,000 / 0,000       548,153 / 1945,830    674,139 / 4709,128    674,139 / 4709,128    ms
[1218,096s][info][gc,stats    ]    Young Subphase: Concurrent Mark Follow                        0,000 / 0,000      6024,014 / 7802,695  11530,834 / 30349,204 11530,834 / 30349,204   ms
[1218,096s][info][gc,stats    ]    Young Subphase: Concurrent Mark Root Colored                  0,000 / 0,000         1,025 / 1,384         1,124 / 1,675         1,124 / 1,675       ms
[1218,096s][info][gc,stats    ]    Young Subphase: Concurrent Mark Root Uncolored                0,000 / 0,000         0,625 / 2,104         0,533 / 2,104         0,533 / 2,104       ms
[1218,096s][info][gc,stats    ]    Young Subphase: Concurrent Mark Roots                         0,000 / 0,000         2,109 / 3,220         2,058 / 3,232         2,058 / 3,232       ms
[1218,096s][info][gc,stats    ]    Young Subphase: Concurrent Relocate Remset FP                 0,000 / 0,000      1096,743 / 3977,409   1401,238 / 10133,845  1401,238 / 10133,845   ms
[1218,096s][info][gc,stats    ]    Young Subphase: Concurrent Roots ClassLoaderDataGraph         0,000 / 0,000         0,779 / 1,164         0,889 / 1,470         0,889 / 1,470       ms
[1218,096s][info][gc,stats    ]    Young Subphase: Concurrent Roots CodeCache                    0,000 / 0,000         0,464 / 1,568         0,378 / 1,568         0,378 / 1,568       ms
[1218,096s][info][gc,stats    ]    Young Subphase: Concurrent Roots JavaThreads                  0,000 / 0,000         0,083 / 0,534         0,080 / 0,561         0,080 / 0,561       ms
[1218,096s][info][gc,stats    ]    Young Subphase: Concurrent Roots OopStorageSet                0,000 / 0,000         0,011 / 0,031         0,017 / 0,061         0,017 / 0,061       ms
[1218,096s][info][gc,stats    ]    Young Subphase: Concurrent Weak Roots OopStorageSet           0,000 / 0,000         0,238 / 0,777         0,223 / 0,778         0,223 / 0,778       ms
[1218,096s][info][gc,stats    ] =========================================================================================================================================================
[1218,097s][info][gc,heap,exit] Heap
[1218,097s][info][gc,heap,exit]  ZHeap           used 38876M, capacity 38876M, max capacity 40960M
[1218,097s][info][gc,heap,exit]  Metaspace       used 14486K, committed 14720K, reserved 1114112K
[1218,097s][info][gc,heap,exit]   class space    used 1477K, committed 1600K, reserved 1048576K
