[0,007s][info][gc,init] Initializing The Z Garbage Collector
[0,007s][info][gc,init] Version: 21.0.3+9-LTS (release)
[0,007s][info][gc,init] NUMA Support: Disabled
[0,007s][info][gc,init] CPUs: 20 total, 20 available
[0,007s][info][gc,init] Memory: 63964M
[0,007s][info][gc,init] Large Page Support: Disabled
[0,008s][info][gc,init] Address Space Type: Contiguous/Unrestricted/Complete
[0,008s][info][gc,init] Address Space Size: 655360M
[0,008s][info][gc,init] Heap Backing File: /memfd:java_heap
[0,008s][info][gc,init] Heap Backing Filesystem: tmpfs (0x1021994)
[0,008s][info][gc,init] Min Capacity: 1024M
[0,008s][info][gc,init] Initial Capacity: 1024M
[0,008s][info][gc,init] Max Capacity: 40960M
[0,008s][info][gc,init] Soft Max Capacity: 40960M
[0,008s][info][gc,init] Medium Page Size: 32M
[0,008s][info][gc,init] Pre-touch: Disabled
[0,008s][info][gc,init] Available space on backing filesystem: N/A
[0,010s][info][gc,init] Uncommit: Enabled
[0,010s][info][gc,init] Uncommit Delay: 300s
[0,010s][info][gc,init] GC Workers for Old Generation: 5 (dynamic)
[0,010s][info][gc,init] GC Workers for Young Generation: 5 (dynamic)
[0,431s][info][gc,init] GC Workers Max: 5 (dynamic)
[0,432s][info][gc,init] Runtime Workers: 12
[0,434s][info][gc     ] Using The Z Garbage Collector
[0,446s][info][gc,metaspace] CDS archive(s) mapped at: [0x00007f59af000000-0x00007f59afcab000-0x00007f59afcab000), size 13283328, SharedBaseAddress: 0x00007f59af000000, ArchiveRelocationMode: 1.
[0,446s][info][gc,metaspace] Compressed class space mapped at: 0x00007f59b0000000-0x00007f59f0000000, reserved size: 1073741824
[0,446s][info][gc,metaspace] Narrow klass base: 0x00007f59af000000, Narrow klass shift: 0, Narrow klass range: 0x100000000
[12,427s][info][gc          ] GC(0) Major Collection (Warmup)
[12,427s][info][gc,task     ] GC(0) Using 5 Workers for Young Generation
[12,427s][info][gc,task     ] GC(0) Using 4 Workers for Old Generation
[12,427s][info][gc,phases   ] GC(0) Y: Young Generation
[12,427s][info][gc,phases   ] GC(0) Y: Pause Mark Start (Major) 0,020ms
[26,816s][info][gc,phases   ] GC(0) Y: Concurrent Mark 14389,099ms
[26,817s][info][gc,phases   ] GC(0) Y: Pause Mark End 0,028ms
[26,817s][info][gc,phases   ] GC(0) Y: Concurrent Mark Free 0,002ms
[26,817s][info][gc,phases   ] GC(0) Y: Concurrent Reset Relocation Set 0,000ms
[26,824s][info][gc,reloc    ] GC(0) Y: Using tenuring threshold: 1 (Computed)
[26,826s][info][gc,phases   ] GC(0) Y: Concurrent Select Relocation Set 9,644ms
[26,826s][info][gc,phases   ] GC(0) Y: Pause Relocate Start 0,016ms
[26,835s][info][gc,phases   ] GC(0) Y: Concurrent Relocate 8,018ms
[26,835s][info][gc,alloc    ] GC(0) Y:                         Mark Start        Mark End      Relocate Start    Relocate End   
[26,835s][info][gc,alloc    ] GC(0) Y: Allocation Stalls:          0                0                0                0         
[26,835s][info][gc,load     ] GC(0) Y: Load: 2,81 (14%) / 3,34 (17%) / 3,14 (16%)
[26,835s][info][gc,mmu      ] GC(0) Y: MMU: 2ms/98,6%, 5ms/99,4%, 10ms/99,6%, 20ms/99,8%, 50ms/99,9%, 100ms/100,0%
[26,835s][info][gc,marking  ] GC(0) Y: Mark: 4 stripe(s), 10 proactive flush(es), 1 terminate flush(es), 0 completion(s), 0 continuation(s) 
[26,835s][info][gc,marking  ] GC(0) Y: Mark Stack Usage: 32M
[26,835s][info][gc,nmethod  ] GC(0) Y: NMethods: 1759 registered, 0 unregistered
[26,835s][info][gc,metaspace] GC(0) Y: Metaspace: 14M used, 14M committed, 1088M reserved
[26,835s][info][gc,reloc    ] GC(0) Y:                        Candidates     Selected     In-Place         Size        Empty    Relocated 
[26,835s][info][gc,reloc    ] GC(0) Y: Small Pages:                 2048           27            0        4096M          12M           8M 
[26,835s][info][gc,reloc    ] GC(0) Y: Medium Pages:                   0            0            0           0M           0M           0M 
[26,835s][info][gc,reloc    ] GC(0) Y: Large Pages:                    0            0            0           0M           0M           0M 
[26,835s][info][gc,reloc    ] GC(0) Y: Forwarding Usage: 6M
[26,835s][info][gc,reloc    ] GC(0) Y: Age Table:
[26,835s][info][gc,reloc    ] GC(0) Y:                    Live             Garbage             Small              Medium             Large        
[26,835s][info][gc,reloc    ] GC(0) Y: Eden            4016M (10%)          79M (0%)        2048 / 27             0 / 0              0 / 0        
[26,835s][info][gc,heap     ] GC(0) Y: Min Capacity: 1024M(2%)
[26,835s][info][gc,heap     ] GC(0) Y: Max Capacity: 40960M(100%)
[26,835s][info][gc,heap     ] GC(0) Y: Soft Max Capacity: 40960M(100%)
[26,835s][info][gc,heap     ] GC(0) Y: Heap Statistics:
[26,835s][info][gc,heap     ] GC(0) Y:                Mark Start          Mark End        Relocate Start      Relocate End           High               Low         
[26,835s][info][gc,heap     ] GC(0) Y:  Capacity:     4096M (10%)        6632M (16%)        6634M (16%)        6634M (16%)        6634M (16%)        4096M (10%)    
[26,835s][info][gc,heap     ] GC(0) Y:      Free:    36864M (90%)       34328M (84%)       34338M (84%)       34376M (84%)       36864M (90%)       34326M (84%)    
[26,835s][info][gc,heap     ] GC(0) Y:      Used:     4096M (10%)        6632M (16%)        6622M (16%)        6584M (16%)        6634M (16%)        4096M (10%)    
[26,835s][info][gc,heap     ] GC(0) Y: Young Generation Statistics:
[26,835s][info][gc,heap     ] GC(0) Y:                Mark Start          Mark End        Relocate Start      Relocate End    
[26,835s][info][gc,heap     ] GC(0) Y:      Used:     4096M (10%)        6632M (16%)        6622M (16%)        6584M (16%)    
[26,835s][info][gc,heap     ] GC(0) Y:      Live:         -              4016M (10%)        4016M (10%)        4016M (10%)    
[26,835s][info][gc,heap     ] GC(0) Y:   Garbage:         -                79M (0%)           67M (0%)           11M (0%)     
[26,835s][info][gc,heap     ] GC(0) Y: Allocated:         -              2536M (6%)         2538M (6%)         2556M (6%)     
[26,835s][info][gc,heap     ] GC(0) Y: Reclaimed:         -                  -                12M (0%)           68M (0%)     
[26,835s][info][gc,heap     ] GC(0) Y:  Promoted:         -                  -                 0M (0%)            0M (0%)     
[26,835s][info][gc,heap     ] GC(0) Y: Compacted:         -                  -                  -                13M (0%)     
[26,835s][info][gc,phases   ] GC(0) Y: Young Generation 4096M(10%)->6584M(16%) 14,408s
[26,835s][info][gc,phases   ] GC(0) O: Old Generation
[26,835s][info][gc,phases   ] GC(0) O: Concurrent Mark 0,517ms
[26,836s][info][gc,phases   ] GC(0) O: Pause Mark End 0,019ms
[26,836s][info][gc,phases   ] GC(0) O: Concurrent Mark Free 0,044ms
[26,838s][info][gc,phases   ] GC(0) O: Concurrent Process Non-Strong 2,200ms
[26,838s][info][gc,phases   ] GC(0) O: Concurrent Reset Relocation Set 0,000ms
[26,840s][info][gc,phases   ] GC(0) O: Concurrent Select Relocation Set 1,761ms
[26,840s][info][gc,task     ] GC(0) O: Using 5 Workers for Old Generation
[26,850s][info][gc,task     ] GC(0) O: Using 4 Workers for Old Generation
[26,850s][info][gc,phases   ] GC(0) O: Concurrent Remap Roots 10,608ms
[26,851s][info][gc,phases   ] GC(0) O: Pause Relocate Start 0,024ms
[26,851s][info][gc,phases   ] GC(0) O: Concurrent Relocate 0,069ms
[26,851s][info][gc,alloc    ] GC(0) O:                         Mark Start        Mark End      Relocate Start    Relocate End   
[26,851s][info][gc,alloc    ] GC(0) O: Allocation Stalls:          0                0                0                0         
[26,851s][info][gc,load     ] GC(0) O: Load: 2,81 (14%) / 3,34 (17%) / 3,14 (16%)
[26,851s][info][gc,mmu      ] GC(0) O: MMU: 2ms/98,6%, 5ms/99,4%, 10ms/99,6%, 20ms/99,7%, 50ms/99,8%, 100ms/99,9%
[26,851s][info][gc,marking  ] GC(0) O: Mark: 4 stripe(s), 1 proactive flush(es), 1 terminate flush(es), 0 completion(s), 0 continuation(s) 
[26,851s][info][gc,marking  ] GC(0) O: Mark Stack Usage: 0M
[26,851s][info][gc,nmethod  ] GC(0) O: NMethods: 1577 registered, 182 unregistered
[26,851s][info][gc,metaspace] GC(0) O: Metaspace: 14M used, 14M committed, 1088M reserved
[26,851s][info][gc,ref      ] GC(0) O:                       Encountered   Discovered     Enqueued 
[26,851s][info][gc,ref      ] GC(0) O: Soft References:             3531            0            0 
[26,851s][info][gc,ref      ] GC(0) O: Weak References:             1244            0            0 
[26,851s][info][gc,ref      ] GC(0) O: Final References:               0            0            0 
[26,851s][info][gc,ref      ] GC(0) O: Phantom References:           169            0            0 
[26,851s][info][gc,heap     ] GC(0) O: Min Capacity: 1024M(2%)
[26,851s][info][gc,heap     ] GC(0) O: Max Capacity: 40960M(100%)
[26,851s][info][gc,heap     ] GC(0) O: Soft Max Capacity: 40960M(100%)
[26,851s][info][gc,heap     ] GC(0) O: Heap Statistics:
[26,851s][info][gc,heap     ] GC(0) O:                Mark Start          Mark End        Relocate Start      Relocate End           High               Low         
[26,851s][info][gc,heap     ] GC(0) O:  Capacity:     4096M (10%)        6634M (16%)        6634M (16%)        6634M (16%)        6634M (16%)        4096M (10%)    
[26,851s][info][gc,heap     ] GC(0) O:      Free:    36864M (90%)       34376M (84%)       34370M (84%)       34370M (84%)       36864M (90%)       34326M (84%)    
[26,851s][info][gc,heap     ] GC(0) O:      Used:     4096M (10%)        6584M (16%)        6590M (16%)        6590M (16%)        6634M (16%)        4096M (10%)    
[26,851s][info][gc,heap     ] GC(0) O: Old Generation Statistics:
[26,851s][info][gc,heap     ] GC(0) O:                Mark Start          Mark End        Relocate Start      Relocate End    
[26,851s][info][gc,heap     ] GC(0) O:      Used:        0M (0%)            0M (0%)            0M (0%)            0M (0%)     
[26,851s][info][gc,heap     ] GC(0) O:      Live:         -                 0M (0%)            0M (0%)            0M (0%)     
[26,851s][info][gc,heap     ] GC(0) O:   Garbage:         -                 0M (0%)            0M (0%)            0M (0%)     
[26,851s][info][gc,heap     ] GC(0) O: Allocated:         -                 0M (0%)            0M (0%)            0M (0%)     
[26,851s][info][gc,heap     ] GC(0) O: Reclaimed:         -                  -                 0M (0%)            0M (0%)     
[26,851s][info][gc,heap     ] GC(0) O: Compacted:         -                  -                  -                 0M (0%)     
[26,851s][info][gc,phases   ] GC(0) O: Old Generation 6584M(16%)->6590M(16%) 0,016s
[26,851s][info][gc          ] GC(0) Major Collection (Warmup) 4096M(10%)->6590M(16%) 14,424s
[36,128s][info][gc          ] GC(1) Major Collection (Warmup)
[36,128s][info][gc,task     ] GC(1) Using 5 Workers for Young Generation
[36,128s][info][gc,task     ] GC(1) Using 1 Workers for Old Generation
[36,128s][info][gc,phases   ] GC(1) Y: Young Generation
[36,128s][info][gc,phases   ] GC(1) Y: Pause Mark Start (Major) 0,028ms
[65,254s][info][gc,phases   ] GC(1) Y: Concurrent Mark 29126,061ms
[65,255s][info][gc,phases   ] GC(1) Y: Pause Mark End 0,027ms
[65,255s][info][gc,phases   ] GC(1) Y: Concurrent Mark Free 0,002ms
[65,255s][info][gc,phases   ] GC(1) Y: Concurrent Reset Relocation Set 0,007ms
[65,257s][info][gc,reloc    ] GC(1) Y: Using tenuring threshold: 1 (Computed)
[65,931s][info][gc,phases   ] GC(1) Y: Concurrent Select Relocation Set 676,050ms
[65,931s][info][gc,phases   ] GC(1) Y: Pause Relocate Start 0,030ms
[68,084s][info][gc,phases   ] GC(1) Y: Concurrent Relocate 2152,614ms
[68,084s][info][gc,alloc    ] GC(1) Y:                         Mark Start        Mark End      Relocate Start    Relocate End   
[68,084s][info][gc,alloc    ] GC(1) Y: Allocation Stalls:          0                0                0                0         
[68,084s][info][gc,load     ] GC(1) Y: Load: 3,48 (17%) / 3,43 (17%) / 3,18 (16%)
[68,084s][info][gc,mmu      ] GC(1) Y: MMU: 2ms/98,5%, 5ms/99,4%, 10ms/99,6%, 20ms/99,7%, 50ms/99,8%, 100ms/99,9%
[68,084s][info][gc,marking  ] GC(1) Y: Mark: 4 stripe(s), 10 proactive flush(es), 1 terminate flush(es), 0 completion(s), 0 continuation(s) 
[68,084s][info][gc,marking  ] GC(1) Y: Mark Stack Usage: 32M
[68,084s][info][gc,nmethod  ] GC(1) Y: NMethods: 1593 registered, 182 unregistered
[68,084s][info][gc,metaspace] GC(1) Y: Metaspace: 14M used, 14M committed, 1088M reserved
[68,084s][info][gc,reloc    ] GC(1) Y:                        Candidates     Selected     In-Place         Size        Empty    Relocated 
[68,084s][info][gc,reloc    ] GC(1) Y: Small Pages:                 4097           24            0        8194M          64M          16M 
[68,084s][info][gc,reloc    ] GC(1) Y: Medium Pages:                   0            0            0           0M           0M           0M 
[68,084s][info][gc,reloc    ] GC(1) Y: Large Pages:                    0            0            0           0M           0M           0M 
[68,084s][info][gc,reloc    ] GC(1) Y: Forwarding Usage: 17M
[68,084s][info][gc,reloc    ] GC(1) Y: Age Table:
[68,084s][info][gc,reloc    ] GC(1) Y:                    Live             Garbage             Small              Medium             Large        
[68,084s][info][gc,reloc    ] GC(1) Y: Eden            4094M (10%)          57M (0%)        2076 / 13             0 / 0              0 / 0        
[68,084s][info][gc,reloc    ] GC(1) Y: Survivor 1      3961M (10%)          80M (0%)        2021 / 11             0 / 0              0 / 0        
[68,084s][info][gc,heap     ] GC(1) Y: Min Capacity: 1024M(2%)
[68,084s][info][gc,heap     ] GC(1) Y: Max Capacity: 40960M(100%)
[68,084s][info][gc,heap     ] GC(1) Y: Soft Max Capacity: 40960M(100%)
[68,084s][info][gc,heap     ] GC(1) Y: Heap Statistics:
[68,084s][info][gc,heap     ] GC(1) Y:                Mark Start          Mark End        Relocate Start      Relocate End           High               Low         
[68,084s][info][gc,heap     ] GC(1) Y:  Capacity:     8194M (20%)       11996M (29%)       12146M (30%)       12458M (30%)       12458M (30%)        8194M (20%)    
[68,084s][info][gc,heap     ] GC(1) Y:      Free:    32766M (80%)       28964M (71%)       28814M (70%)       28502M (70%)       32766M (80%)       28502M (70%)    
[68,084s][info][gc,heap     ] GC(1) Y:      Used:     8194M (20%)       11996M (29%)       12146M (30%)       12458M (30%)       12458M (30%)        8194M (20%)    
[68,084s][info][gc,heap     ] GC(1) Y: Young Generation Statistics:
[68,084s][info][gc,heap     ] GC(1) Y:                Mark Start          Mark End        Relocate Start      Relocate End    
[68,084s][info][gc,heap     ] GC(1) Y:      Used:     8194M (20%)       11996M (29%)        8196M (20%)        8474M (21%)    
[68,084s][info][gc,heap     ] GC(1) Y:      Live:         -              8056M (20%)        4116M (10%)        4094M (10%)    
[68,084s][info][gc,heap     ] GC(1) Y:   Garbage:         -               137M (0%)           63M (0%)            9M (0%)     
[68,084s][info][gc,heap     ] GC(1) Y: Allocated:         -              3802M (9%)         4016M (10%)        4369M (11%)    
[68,084s][info][gc,heap     ] GC(1) Y: Reclaimed:         -                  -                74M (0%)          127M (0%)     
[68,084s][info][gc,heap     ] GC(1) Y:  Promoted:         -                  -              3939M (10%)        3961M (10%)    
[68,084s][info][gc,heap     ] GC(1) Y: Compacted:         -                  -                  -                14M (0%)     
[68,084s][info][gc,phases   ] GC(1) Y: Young Generation 8194M(20%)->12458M(30%) 31,956s
[68,084s][info][gc,phases   ] GC(1) O: Old Generation
[68,085s][info][gc          ] GC(2) Minor Collection (Allocation Rate)
[68,085s][info][gc,task     ] GC(2) Using 5 Workers for Young Generation
[68,085s][info][gc,phases   ] GC(2) y: Young Generation
[68,086s][info][gc,phases   ] GC(2) y: Pause Mark Start 0,028ms
[68,086s][info][gc,phases   ] GC(1) O: Concurrent Mark 2,143ms
[68,088s][info][gc,phases   ] GC(1) O: Pause Mark End 0,022ms
[68,088s][info][gc,phases   ] GC(1) O: Concurrent Mark Free 0,001ms
[68,096s][info][gc,phases   ] GC(1) O: Concurrent Process Non-Strong 7,680ms
[68,096s][info][gc,phases   ] GC(1) O: Concurrent Reset Relocation Set 0,001ms
[68,100s][info][gc,phases   ] GC(1) O: Concurrent Select Relocation Set 4,149ms
[94,038s][info][gc,phases   ] GC(2) y: Concurrent Mark 25951,886ms
[94,038s][info][gc,phases   ] GC(2) y: Pause Mark End 0,027ms
[94,038s][info][gc,phases   ] GC(2) y: Concurrent Mark Free 0,001ms
[94,039s][info][gc,phases   ] GC(2) y: Concurrent Reset Relocation Set 1,345ms
[94,042s][info][gc,reloc    ] GC(2) y: Using tenuring threshold: 1 (Computed)
[94,767s][info][gc,phases   ] GC(2) y: Concurrent Select Relocation Set 727,607ms
[94,767s][info][gc,phases   ] GC(2) y: Pause Relocate Start 0,027ms
[96,172s][info][gc,phases   ] GC(2) y: Concurrent Relocate 1404,192ms
[96,172s][info][gc,alloc    ] GC(2) y:                         Mark Start        Mark End      Relocate Start    Relocate End   
[96,172s][info][gc,alloc    ] GC(2) y: Allocation Stalls:          0                0                0                0         
[96,172s][info][gc,load     ] GC(2) y: Load: 4,39 (22%) / 3,66 (18%) / 3,27 (16%)
[96,172s][info][gc,mmu      ] GC(2) y: MMU: 2ms/98,5%, 5ms/99,0%, 10ms/99,5%, 20ms/99,7%, 50ms/99,8%, 100ms/99,9%
[96,172s][info][gc,marking  ] GC(2) y: Mark: 4 stripe(s), 10 proactive flush(es), 1 terminate flush(es), 0 completion(s), 0 continuation(s) 
[96,172s][info][gc,marking  ] GC(2) y: Mark Stack Usage: 32M
[96,172s][info][gc,nmethod  ] GC(2) y: NMethods: 1585 registered, 198 unregistered
[96,172s][info][gc,metaspace] GC(2) y: Metaspace: 14M used, 14M committed, 1088M reserved
[96,172s][info][gc,reloc    ] GC(2) y:                        Candidates     Selected     In-Place         Size        Empty    Relocated 
[96,172s][info][gc,reloc    ] GC(2) y: Small Pages:                 4237           22            0        8474M          32M          15M 
[96,172s][info][gc,reloc    ] GC(2) y: Medium Pages:                   0            0            0           0M           0M           0M 
[96,172s][info][gc,reloc    ] GC(2) y: Large Pages:                    0            0            0           0M           0M           0M 
[96,172s][info][gc,reloc    ] GC(2) y: Forwarding Usage: 16M
[96,172s][info][gc,reloc    ] GC(2) y: Age Table:
[96,172s][info][gc,reloc    ] GC(2) y:                    Live             Garbage             Small              Medium             Large        
[96,172s][info][gc,reloc    ] GC(2) y: Eden            4296M (10%)          67M (0%)        2182 / 19             0 / 0              0 / 0        
[96,172s][info][gc,reloc    ] GC(2) y: Survivor 1      4076M (10%)          33M (0%)        2055 / 3              0 / 0              0 / 0        
[96,172s][info][gc,heap     ] GC(2) y: Min Capacity: 1024M(2%)
[96,172s][info][gc,heap     ] GC(2) y: Max Capacity: 40960M(100%)
[96,172s][info][gc,heap     ] GC(2) y: Soft Max Capacity: 40960M(100%)
[96,172s][info][gc,heap     ] GC(2) y: Heap Statistics:
[96,172s][info][gc,heap     ] GC(2) y:                Mark Start          Mark End        Relocate Start      Relocate End           High               Low         
[96,172s][info][gc,heap     ] GC(2) y:  Capacity:    12458M (30%)       14734M (36%)       14906M (36%)       15214M (37%)       15214M (37%)       12458M (30%)    
[96,172s][info][gc,heap     ] GC(2) y:      Free:    28502M (70%)       26226M (64%)       26054M (64%)       25746M (63%)       28502M (70%)       25746M (63%)    
[96,172s][info][gc,heap     ] GC(2) y:      Used:    12458M (30%)       14734M (36%)       14906M (36%)       15214M (37%)       15214M (37%)       12458M (30%)    
[96,172s][info][gc,heap     ] GC(2) y: Young Generation Statistics:
[96,172s][info][gc,heap     ] GC(2) y:                Mark Start          Mark End        Relocate Start      Relocate End    
[96,172s][info][gc,heap     ] GC(2) y:      Used:     8474M (21%)       10750M (26%)        6836M (17%)        7138M (17%)    
[96,172s][info][gc,heap     ] GC(2) y:      Live:         -              8372M (20%)        4297M (10%)        4296M (10%)    
[96,172s][info][gc,heap     ] GC(2) y:   Garbage:         -               101M (0%)           58M (0%)            9M (0%)     
[96,172s][info][gc,heap     ] GC(2) y: Allocated:         -              2276M (6%)         2480M (6%)         2831M (7%)     
[96,172s][info][gc,heap     ] GC(2) y: Reclaimed:         -                  -                42M (0%)           91M (0%)     
[96,172s][info][gc,heap     ] GC(2) y:  Promoted:         -                  -              4075M (10%)        4076M (10%)    
[96,172s][info][gc,heap     ] GC(2) y: Compacted:         -                  -                  -                32M (0%)     
[96,172s][info][gc,phases   ] GC(2) y: Young Generation 12458M(30%)->15214M(37%) 28,087s
[96,172s][info][gc          ] GC(2) Minor Collection (Allocation Rate) 12458M(30%)->15214M(37%) 28,087s
[96,172s][info][gc,task     ] GC(1) O: Using 5 Workers for Old Generation
[96,198s][info][gc,task     ] GC(1) O: Using 1 Workers for Old Generation
[96,198s][info][gc,phases   ] GC(1) O: Concurrent Remap Roots 26,290ms
[96,199s][info][gc,phases   ] GC(1) O: Pause Relocate Start 0,044ms
[96,199s][info][gc          ] GC(3) Minor Collection (Allocation Rate)
[96,199s][info][gc,task     ] GC(3) Using 5 Workers for Young Generation
[96,199s][info][gc,phases   ] GC(3) y: Young Generation
[96,199s][info][gc,phases   ] GC(1) O: Concurrent Relocate 0,355ms
[96,199s][info][gc,phases   ] GC(3) y: Pause Mark Start 0,024ms
[118,039s][info][gc,phases   ] GC(3) y: Concurrent Mark 21839,494ms
[118,039s][info][gc,phases   ] GC(3) y: Pause Mark End 0,029ms
[118,039s][info][gc,phases   ] GC(3) y: Concurrent Mark Free 0,002ms
[118,040s][info][gc,phases   ] GC(3) y: Concurrent Reset Relocation Set 1,310ms
[118,043s][info][gc,reloc    ] GC(3) y: Using tenuring threshold: 1 (Computed)
[118,755s][info][gc,phases   ] GC(3) y: Concurrent Select Relocation Set 714,480ms
[118,755s][info][gc,phases   ] GC(3) y: Pause Relocate Start 0,023ms
[120,337s][info][gc,phases   ] GC(3) y: Concurrent Relocate 1572,421ms
[120,337s][info][gc,alloc    ] GC(3) y:                         Mark Start        Mark End      Relocate Start    Relocate End   
[120,337s][info][gc,alloc    ] GC(3) y: Allocation Stalls:          0                0                0                0         
[120,337s][info][gc,load     ] GC(3) y: Load: 4,79 (24%) / 3,81 (19%) / 3,33 (17%)
[120,337s][info][gc,mmu      ] GC(3) y: MMU: 2ms/96,6%, 5ms/98,6%, 10ms/99,3%, 20ms/99,7%, 50ms/99,8%, 100ms/99,9%
[120,337s][info][gc,marking  ] GC(3) y: Mark: 4 stripe(s), 10 proactive flush(es), 1 terminate flush(es), 0 completion(s), 0 continuation(s) 
[120,337s][info][gc,marking  ] GC(3) y: Mark Stack Usage: 32M
[120,337s][info][gc,nmethod  ] GC(3) y: NMethods: 1594 registered, 198 unregistered
[120,337s][info][gc,metaspace] GC(3) y: Metaspace: 14M used, 14M committed, 1088M reserved
[120,337s][info][gc,reloc    ] GC(3) y:                        Candidates     Selected     In-Place         Size        Empty    Relocated 
[120,337s][info][gc,reloc    ] GC(3) y: Small Pages:                 3569           24            0        7138M           2M          17M 
[120,337s][info][gc,reloc    ] GC(3) y: Medium Pages:                   0            0            0           0M           0M           0M 
[120,337s][info][gc,reloc    ] GC(3) y: Large Pages:                    0            0            0           0M           0M           0M 
[120,337s][info][gc,reloc    ] GC(3) y: Forwarding Usage: 22M
[120,338s][info][gc,reloc    ] GC(3) y: Age Table:
[120,338s][info][gc,reloc    ] GC(3) y:                    Live             Garbage             Small              Medium             Large        
[120,338s][info][gc,reloc    ] GC(3) y: Eden            2786M (7%)           43M (0%)        1415 / 16             0 / 0              0 / 0        
[120,338s][info][gc,reloc    ] GC(3) y: Survivor 1      4279M (10%)          28M (0%)        2154 / 8              0 / 0              0 / 0        
[120,338s][info][gc,heap     ] GC(3) y: Min Capacity: 1024M(2%)
[120,338s][info][gc,heap     ] GC(3) y: Max Capacity: 40960M(100%)
[120,338s][info][gc,heap     ] GC(3) y: Soft Max Capacity: 40960M(100%)
[120,338s][info][gc,heap     ] GC(3) y: Heap Statistics:
[120,338s][info][gc,heap     ] GC(3) y:                Mark Start          Mark End        Relocate Start      Relocate End           High               Low         
[120,338s][info][gc,heap     ] GC(3) y:  Capacity:    15214M (37%)       16648M (41%)       16648M (41%)       16654M (41%)       16654M (41%)       15214M (37%)    
[120,338s][info][gc,heap     ] GC(3) y:      Free:    25746M (63%)       24312M (59%)       24314M (59%)       24350M (59%)       25746M (63%)       24306M (59%)    
[120,338s][info][gc,heap     ] GC(3) y:      Used:    15214M (37%)       16648M (41%)       16646M (41%)       16610M (41%)       16654M (41%)       15214M (37%)    
[120,338s][info][gc,heap     ] GC(3) y: Young Generation Statistics:
[120,338s][info][gc,heap     ] GC(3) y:                Mark Start          Mark End        Relocate Start      Relocate End    
[120,338s][info][gc,heap     ] GC(3) y:      Used:     7138M (17%)        8572M (21%)        4288M (10%)        4240M (10%)    
[120,338s][info][gc,heap     ] GC(3) y:      Live:         -              7065M (17%)        2793M (7%)         2786M (7%)     
[120,338s][info][gc,heap     ] GC(3) y:   Garbage:         -                72M (0%)           60M (0%)            6M (0%)     
[120,338s][info][gc,heap     ] GC(3) y: Allocated:         -              1434M (4%)         1434M (4%)         1447M (4%)     
[120,338s][info][gc,heap     ] GC(3) y: Reclaimed:         -                  -                11M (0%)           65M (0%)     
[120,338s][info][gc,heap     ] GC(3) y:  Promoted:         -                  -              4272M (10%)        4279M (10%)    
[120,338s][info][gc,heap     ] GC(3) y: Compacted:         -                  -                  -                32M (0%)     
[120,338s][info][gc,phases   ] GC(3) y: Young Generation 15214M(37%)->16610M(41%) 24,138s
[120,338s][info][gc          ] GC(3) Minor Collection (Allocation Rate) 15214M(37%)->16610M(41%) 24,139s
[120,338s][info][gc,alloc    ] GC(1) O:                         Mark Start        Mark End      Relocate Start    Relocate End   
[120,338s][info][gc,alloc    ] GC(1) O: Allocation Stalls:          0                0                0                0         
[120,338s][info][gc,load     ] GC(1) O: Load: 4,79 (24%) / 3,81 (19%) / 3,33 (17%)
[120,338s][info][gc,mmu      ] GC(1) O: MMU: 2ms/96,6%, 5ms/98,6%, 10ms/99,3%, 20ms/99,7%, 50ms/99,8%, 100ms/99,9%
[120,338s][info][gc,marking  ] GC(1) O: Mark: 1 stripe(s), 1 proactive flush(es), 1 terminate flush(es), 0 completion(s), 0 continuation(s) 
[120,338s][info][gc,marking  ] GC(1) O: Mark Stack Usage: 0M
[120,338s][info][gc,nmethod  ] GC(1) O: NMethods: 1594 registered, 198 unregistered
[120,338s][info][gc,metaspace] GC(1) O: Metaspace: 14M used, 14M committed, 1088M reserved
[120,338s][info][gc,ref      ] GC(1) O:                       Encountered   Discovered     Enqueued 
[120,338s][info][gc,ref      ] GC(1) O: Soft References:             3531            0            0 
[120,338s][info][gc,ref      ] GC(1) O: Weak References:             1258            0            0 
[120,338s][info][gc,ref      ] GC(1) O: Final References:               0            0            0 
[120,338s][info][gc,ref      ] GC(1) O: Phantom References:           170            0            0 
[120,338s][info][gc,heap     ] GC(1) O: Min Capacity: 1024M(2%)
[120,338s][info][gc,heap     ] GC(1) O: Max Capacity: 40960M(100%)
[120,338s][info][gc,heap     ] GC(1) O: Soft Max Capacity: 40960M(100%)
[120,338s][info][gc,heap     ] GC(1) O: Heap Statistics:
[120,338s][info][gc,heap     ] GC(1) O:                Mark Start          Mark End        Relocate Start      Relocate End           High               Low         
[120,338s][info][gc,heap     ] GC(1) O:  Capacity:     8194M (20%)       12458M (30%)       15214M (37%)       15214M (37%)       15214M (37%)        8194M (20%)    
[120,338s][info][gc,heap     ] GC(1) O:      Free:    32766M (80%)       28502M (70%)       25746M (63%)       25746M (63%)       32766M (80%)       25746M (63%)    
[120,338s][info][gc,heap     ] GC(1) O:      Used:     8194M (20%)       12458M (30%)       15214M (37%)       15214M (37%)       15214M (37%)        8194M (20%)    
[120,338s][info][gc,heap     ] GC(1) O: Old Generation Statistics:
[120,338s][info][gc,heap     ] GC(1) O:                Mark Start          Mark End        Relocate Start      Relocate End    
[120,338s][info][gc,heap     ] GC(1) O:      Used:        0M (0%)         3984M (10%)        8076M (20%)        8076M (20%)    
[120,338s][info][gc,heap     ] GC(1) O:      Live:         -                 0M (0%)            0M (0%)            0M (0%)     
[120,338s][info][gc,heap     ] GC(1) O:   Garbage:         -                 0M (0%)            0M (0%)            0M (0%)     
[120,338s][info][gc,heap     ] GC(1) O: Allocated:         -              3984M (10%)        8076M (20%)        8076M (20%)    
[120,338s][info][gc,heap     ] GC(1) O: Reclaimed:         -                  -                 0M (0%)            0M (0%)     
[120,338s][info][gc,heap     ] GC(1) O: Compacted:         -                  -                  -                 0M (0%)     
[120,338s][info][gc,phases   ] GC(1) O: Old Generation 12458M(30%)->15214M(37%) 52,254s
[120,338s][info][gc          ] GC(1) Major Collection (Warmup) 8194M(20%)->16610M(41%) 84,210s
[120,348s][info][gc          ] GC(4) Major Collection (Warmup)
[120,348s][info][gc,task     ] GC(4) Using 5 Workers for Young Generation
[120,348s][info][gc,task     ] GC(4) Using 1 Workers for Old Generation
[120,348s][info][gc,phases   ] GC(4) Y: Young Generation
[120,348s][info][gc,phases   ] GC(4) Y: Pause Mark Start (Major) 0,029ms
[135,266s][info][gc,phases   ] GC(4) Y: Concurrent Mark 14917,454ms
[135,266s][info][gc,phases   ] GC(4) Y: Pause Mark End 0,027ms
[135,266s][info][gc,phases   ] GC(4) Y: Concurrent Mark Free 0,001ms
[135,268s][info][gc,phases   ] GC(4) Y: Concurrent Reset Relocation Set 1,654ms
[135,270s][info][gc,reloc    ] GC(4) Y: Using tenuring threshold: 1 (Computed)
[135,737s][info][gc,phases   ] GC(4) Y: Concurrent Select Relocation Set 468,854ms
[135,737s][info][gc,phases   ] GC(4) Y: Pause Relocate Start 0,031ms
[136,695s][info][gc,phases   ] GC(4) Y: Concurrent Relocate 957,414ms
[136,695s][info][gc,alloc    ] GC(4) Y:                         Mark Start        Mark End      Relocate Start    Relocate End   
[136,695s][info][gc,alloc    ] GC(4) Y: Allocation Stalls:          0                0                0                0         
[136,695s][info][gc,load     ] GC(4) Y: Load: 4,77 (24%) / 3,86 (19%) / 3,35 (17%)
[136,695s][info][gc,mmu      ] GC(4) Y: MMU: 2ms/96,6%, 5ms/98,6%, 10ms/99,3%, 20ms/99,7%, 50ms/99,8%, 100ms/99,9%
[136,695s][info][gc,marking  ] GC(4) Y: Mark: 4 stripe(s), 10 proactive flush(es), 1 terminate flush(es), 0 completion(s), 0 continuation(s) 
[136,695s][info][gc,marking  ] GC(4) Y: Mark Stack Usage: 32M
[136,695s][info][gc,nmethod  ] GC(4) Y: NMethods: 1597 registered, 198 unregistered
[136,695s][info][gc,metaspace] GC(4) Y: Metaspace: 14M used, 14M committed, 1088M reserved
[136,695s][info][gc,reloc    ] GC(4) Y:                        Candidates     Selected     In-Place         Size        Empty    Relocated 
[136,695s][info][gc,reloc    ] GC(4) Y: Small Pages:                 2120           13            0        4240M           0M           9M 
[136,695s][info][gc,reloc    ] GC(4) Y: Medium Pages:                   0            0            0           0M           0M           0M 
[136,695s][info][gc,reloc    ] GC(4) Y: Large Pages:                    0            0            0           0M           0M           0M 
[136,695s][info][gc,reloc    ] GC(4) Y: Forwarding Usage: 10M
[136,695s][info][gc,reloc    ] GC(4) Y: Age Table:
[136,695s][info][gc,reloc    ] GC(4) Y:                    Live             Garbage             Small              Medium             Large        
[136,695s][info][gc,reloc    ] GC(4) Y: Eden            1417M (3%)           24M (0%)         721 / 9              0 / 0              0 / 0        
[136,695s][info][gc,reloc    ] GC(4) Y: Survivor 1      2781M (7%)           16M (0%)        1399 / 4              0 / 0              0 / 0        
[136,695s][info][gc,heap     ] GC(4) Y: Min Capacity: 1024M(2%)
[136,695s][info][gc,heap     ] GC(4) Y: Max Capacity: 40960M(100%)
[136,695s][info][gc,heap     ] GC(4) Y: Soft Max Capacity: 40960M(100%)
[136,695s][info][gc,heap     ] GC(4) Y: Heap Statistics:
[136,695s][info][gc,heap     ] GC(4) Y:                Mark Start          Mark End        Relocate Start      Relocate End           High               Low         
[136,695s][info][gc,heap     ] GC(4) Y:  Capacity:    16654M (41%)       17344M (42%)       17346M (42%)       17356M (42%)       17356M (42%)       16654M (41%)    
[136,695s][info][gc,heap     ] GC(4) Y:      Free:    24350M (59%)       23616M (58%)       23614M (58%)       23634M (58%)       24350M (59%)       23604M (58%)    
[136,695s][info][gc,heap     ] GC(4) Y:      Used:    16610M (41%)       17344M (42%)       17346M (42%)       17326M (42%)       17356M (42%)       16610M (41%)    
[136,695s][info][gc,heap     ] GC(4) Y: Young Generation Statistics:
[136,695s][info][gc,heap     ] GC(4) Y:                Mark Start          Mark End        Relocate Start      Relocate End    
[136,695s][info][gc,heap     ] GC(4) Y:      Used:     4240M (10%)        4974M (12%)        2196M (5%)         2166M (5%)     
[136,695s][info][gc,heap     ] GC(4) Y:      Live:         -              4199M (10%)        1425M (3%)         1417M (3%)     
[136,695s][info][gc,heap     ] GC(4) Y:   Garbage:         -                40M (0%)           34M (0%)            5M (0%)     
[136,695s][info][gc,heap     ] GC(4) Y: Allocated:         -               734M (2%)          736M (2%)          743M (2%)     
[136,695s][info][gc,heap     ] GC(4) Y: Reclaimed:         -                  -                 6M (0%)           35M (0%)     
[136,695s][info][gc,heap     ] GC(4) Y:  Promoted:         -                  -              2773M (7%)         2781M (7%)     
[136,695s][info][gc,heap     ] GC(4) Y: Compacted:         -                  -                  -                12M (0%)     
[136,695s][info][gc,phases   ] GC(4) Y: Young Generation 16610M(41%)->17326M(42%) 16,347s
[136,695s][info][gc,phases   ] GC(4) O: Old Generation
[136,696s][info][gc          ] GC(5) Minor Collection (Allocation Rate)
[136,697s][info][gc,task     ] GC(5) Using 5 Workers for Young Generation
[136,697s][info][gc,phases   ] GC(5) y: Young Generation
[136,697s][info][gc,phases   ] GC(5) y: Pause Mark Start 0,047ms
[142,422s][info][gc,phases   ] GC(5) y: Concurrent Mark 5724,923ms
[142,422s][info][gc,phases   ] GC(5) y: Pause Mark End 0,030ms
[142,422s][info][gc,phases   ] GC(5) y: Concurrent Mark Free 0,001ms
[142,423s][info][gc,phases   ] GC(5) y: Concurrent Reset Relocation Set 0,938ms
[142,425s][info][gc,reloc    ] GC(5) y: Using tenuring threshold: 1 (Computed)
[142,707s][info][gc,phases   ] GC(5) y: Concurrent Select Relocation Set 283,676ms
[142,707s][info][gc,phases   ] GC(5) y: Pause Relocate Start 0,024ms
[143,285s][info][gc,phases   ] GC(5) y: Concurrent Relocate 577,582ms
[143,285s][info][gc,alloc    ] GC(5) y:                         Mark Start        Mark End      Relocate Start    Relocate End   
[143,285s][info][gc,alloc    ] GC(5) y: Allocation Stalls:          0                0                0                0         
[143,285s][info][gc,load     ] GC(5) y: Load: 4,86 (24%) / 3,89 (19%) / 3,37 (17%)
[143,285s][info][gc,mmu      ] GC(5) y: MMU: 2ms/96,6%, 5ms/98,6%, 10ms/99,3%, 20ms/99,7%, 50ms/99,8%, 100ms/99,9%
[143,285s][info][gc,marking  ] GC(5) y: Mark: 4 stripe(s), 10 proactive flush(es), 1 terminate flush(es), 0 completion(s), 0 continuation(s) 
[143,285s][info][gc,marking  ] GC(5) y: Mark Stack Usage: 32M
[143,285s][info][gc,nmethod  ] GC(5) y: NMethods: 1597 registered, 198 unregistered
[143,285s][info][gc,metaspace] GC(5) y: Metaspace: 14M used, 14M committed, 1088M reserved
[143,285s][info][gc,reloc    ] GC(5) y:                        Candidates     Selected     In-Place         Size        Empty    Relocated 
[143,285s][info][gc,reloc    ] GC(5) y: Small Pages:                 1083           15            0        2166M           0M          11M 
[143,285s][info][gc,reloc    ] GC(5) y: Medium Pages:                   0            0            0           0M           0M           0M 
[143,285s][info][gc,reloc    ] GC(5) y: Large Pages:                    0            0            0           0M           0M           0M 
[143,285s][info][gc,reloc    ] GC(5) y: Forwarding Usage: 12M
[143,285s][info][gc,reloc    ] GC(5) y: Age Table:
[143,285s][info][gc,reloc    ] GC(5) y:                    Live             Garbage             Small              Medium             Large        
[143,285s][info][gc,reloc    ] GC(5) y: Eden             723M (2%)           16M (0%)         370 / 7              0 / 0              0 / 0        
[143,285s][info][gc,reloc    ] GC(5) y: Survivor 1      1402M (3%)           23M (0%)         713 / 8              0 / 0              0 / 0        
[143,285s][info][gc,heap     ] GC(5) y: Min Capacity: 1024M(2%)
[143,285s][info][gc,heap     ] GC(5) y: Max Capacity: 40960M(100%)
[143,285s][info][gc,heap     ] GC(5) y: Soft Max Capacity: 40960M(100%)
[143,285s][info][gc,heap     ] GC(5) y: Heap Statistics:
[143,285s][info][gc,heap     ] GC(5) y:                Mark Start          Mark End        Relocate Start      Relocate End           High               Low         
[143,285s][info][gc,heap     ] GC(5) y:  Capacity:    17356M (42%)       18030M (44%)       18030M (44%)       18040M (44%)       18040M (44%)       17356M (42%)    
[143,285s][info][gc,heap     ] GC(5) y:      Free:    23634M (58%)       22930M (56%)       22930M (56%)       22954M (56%)       23634M (58%)       22920M (56%)    
[143,285s][info][gc,heap     ] GC(5) y:      Used:    17326M (42%)       18030M (44%)       18030M (44%)       18006M (44%)       18040M (44%)       17326M (42%)    
[143,285s][info][gc,heap     ] GC(5) y: Young Generation Statistics:
[143,285s][info][gc,heap     ] GC(5) y:                Mark Start          Mark End        Relocate Start      Relocate End    
[143,285s][info][gc,heap     ] GC(5) y:      Used:     2166M (5%)         2870M (7%)         1480M (4%)         1434M (4%)     
[143,285s][info][gc,heap     ] GC(5) y:      Live:         -              2125M (5%)          740M (2%)          723M (2%)     
[143,285s][info][gc,heap     ] GC(5) y:   Garbage:         -                40M (0%)           35M (0%)            2M (0%)     
[143,286s][info][gc,heap     ] GC(5) y: Allocated:         -               704M (2%)          704M (2%)          708M (2%)     
[143,286s][info][gc,heap     ] GC(5) y: Reclaimed:         -                  -                 4M (0%)           38M (0%)     
[143,286s][info][gc,heap     ] GC(5) y:  Promoted:         -                  -              1385M (3%)         1402M (3%)     
[143,286s][info][gc,heap     ] GC(5) y: Compacted:         -                  -                  -                 7M (0%)     
[143,286s][info][gc,phases   ] GC(5) y: Young Generation 17326M(42%)->18006M(44%) 6,589s
[143,286s][info][gc          ] GC(5) Minor Collection (Allocation Rate) 17326M(42%)->18006M(44%) 6,589s
[154,867s][info][gc          ] GC(6) Minor Collection (Allocation Rate)
[154,867s][info][gc,task     ] GC(6) Using 5 Workers for Young Generation
[154,867s][info][gc,phases   ] GC(6) y: Young Generation
[154,867s][info][gc,phases   ] GC(6) y: Pause Mark Start 0,028ms
[162,044s][info][gc,phases   ] GC(6) y: Concurrent Mark 7177,213ms
[162,045s][info][gc,phases   ] GC(6) y: Pause Mark End 0,027ms
[162,045s][info][gc,phases   ] GC(6) y: Concurrent Mark Free 0,002ms
[162,045s][info][gc,phases   ] GC(6) y: Concurrent Reset Relocation Set 0,389ms
[162,047s][info][gc,reloc    ] GC(6) y: Using tenuring threshold: 2 (Computed)
[162,048s][info][gc,phases   ] GC(6) y: Concurrent Select Relocation Set 2,657ms
[162,048s][info][gc,phases   ] GC(6) y: Pause Relocate Start 0,022ms
[162,061s][info][gc,phases   ] GC(6) y: Concurrent Relocate 12,807ms
[162,061s][info][gc,alloc    ] GC(6) y:                         Mark Start        Mark End      Relocate Start    Relocate End   
[162,061s][info][gc,alloc    ] GC(6) y: Allocation Stalls:          0                0                0                0         
[162,061s][info][gc,load     ] GC(6) y: Load: 5,17 (26%) / 4,01 (20%) / 3,42 (17%)
[162,061s][info][gc,mmu      ] GC(6) y: MMU: 2ms/96,6%, 5ms/98,6%, 10ms/99,3%, 20ms/99,7%, 50ms/99,8%, 100ms/99,9%
[162,061s][info][gc,marking  ] GC(6) y: Mark: 4 stripe(s), 10 proactive flush(es), 1 terminate flush(es), 0 completion(s), 0 continuation(s) 
[162,061s][info][gc,marking  ] GC(6) y: Mark Stack Usage: 32M
[162,061s][info][gc,nmethod  ] GC(6) y: NMethods: 1604 registered, 198 unregistered
[162,061s][info][gc,metaspace] GC(6) y: Metaspace: 14M used, 14M committed, 1088M reserved
[162,061s][info][gc,reloc    ] GC(6) y:                        Candidates     Selected     In-Place         Size        Empty    Relocated 
[162,061s][info][gc,reloc    ] GC(6) y: Small Pages:                 1026           10            0        2052M           0M           6M 
[162,061s][info][gc,reloc    ] GC(6) y: Medium Pages:                   0            0            0           0M           0M           0M 
[162,061s][info][gc,reloc    ] GC(6) y: Large Pages:                    0            0            0           0M           0M           0M 
[162,061s][info][gc,reloc    ] GC(6) y: Forwarding Usage: 7M
[162,061s][info][gc,reloc    ] GC(6) y: Age Table:
[162,061s][info][gc,reloc    ] GC(6) y:                    Live             Garbage             Small              Medium             Large        
[162,061s][info][gc,reloc    ] GC(6) y: Eden            1312M (3%)            9M (0%)         661 / 3              0 / 0              0 / 0        
[162,061s][info][gc,reloc    ] GC(6) y: Survivor 1       711M (2%)           18M (0%)         365 / 7              0 / 0              0 / 0        
[162,061s][info][gc,heap     ] GC(6) y: Min Capacity: 1024M(2%)
[162,061s][info][gc,heap     ] GC(6) y: Max Capacity: 40960M(100%)
[162,061s][info][gc,heap     ] GC(6) y: Soft Max Capacity: 40960M(100%)
[162,061s][info][gc,heap     ] GC(6) y: Heap Statistics:
[162,061s][info][gc,heap     ] GC(6) y:                Mark Start          Mark End        Relocate Start      Relocate End           High               Low         
[162,061s][info][gc,heap     ] GC(6) y:  Capacity:    18624M (45%)       19252M (47%)       19254M (47%)       19264M (47%)       19264M (47%)       18624M (45%)    
[162,061s][info][gc,heap     ] GC(6) y:      Free:    22336M (55%)       21708M (53%)       21706M (53%)       21718M (53%)       22336M (55%)       21696M (53%)    
[162,061s][info][gc,heap     ] GC(6) y:      Used:    18624M (45%)       19252M (47%)       19254M (47%)       19242M (47%)       19264M (47%)       18624M (45%)    
[162,061s][info][gc,heap     ] GC(6) y: Young Generation Statistics:
[162,061s][info][gc,heap     ] GC(6) y:                Mark Start          Mark End        Relocate Start      Relocate End    
[162,062s][info][gc,heap     ] GC(6) y:      Used:     2052M (5%)         2680M (7%)         2682M (7%)         2670M (7%)     
[162,062s][info][gc,heap     ] GC(6) y:      Live:         -              2023M (5%)         2023M (5%)         2023M (5%)     
[162,062s][info][gc,heap     ] GC(6) y:   Garbage:         -                28M (0%)           28M (0%)            6M (0%)     
[162,062s][info][gc,heap     ] GC(6) y: Allocated:         -               628M (2%)          630M (2%)          640M (2%)     
[162,062s][info][gc,heap     ] GC(6) y: Reclaimed:         -                  -                 0M (0%)           22M (0%)     
[162,062s][info][gc,heap     ] GC(6) y:  Promoted:         -                  -                 0M (0%)            0M (0%)     
[162,062s][info][gc,heap     ] GC(6) y: Compacted:         -                  -                  -                13M (0%)     
[162,062s][info][gc,phases   ] GC(6) y: Young Generation 18624M(45%)->19242M(47%) 7,194s
[162,062s][info][gc          ] GC(6) Minor Collection (Allocation Rate) 18624M(45%)->19242M(47%) 7,195s
[173,347s][info][gc,phases   ] GC(4) O: Concurrent Mark 36652,191ms
[173,348s][info][gc,phases   ] GC(4) O: Pause Mark End 0,019ms
[173,348s][info][gc,phases   ] GC(4) O: Concurrent Mark Free 0,001ms
[173,353s][info][gc,phases   ] GC(4) O: Concurrent Process Non-Strong 4,600ms
[173,353s][info][gc,phases   ] GC(4) O: Concurrent Reset Relocation Set 0,001ms
[173,379s][info][gc,phases   ] GC(4) O: Concurrent Select Relocation Set 26,869ms
[173,379s][info][gc,task     ] GC(4) O: Using 5 Workers for Old Generation
[173,403s][info][gc,task     ] GC(4) O: Using 1 Workers for Old Generation
[173,403s][info][gc,phases   ] GC(4) O: Concurrent Remap Roots 23,585ms
[173,403s][info][gc,phases   ] GC(4) O: Pause Relocate Start 0,041ms
[173,608s][info][gc,phases   ] GC(4) O: Concurrent Relocate 204,778ms
[173,608s][info][gc,alloc    ] GC(4) O:                         Mark Start        Mark End      Relocate Start    Relocate End   
[173,608s][info][gc,alloc    ] GC(4) O: Allocation Stalls:          0                0                0                0         
[173,608s][info][gc,load     ] GC(4) O: Load: 4,83 (24%) / 3,98 (20%) / 3,41 (17%)
[173,608s][info][gc,mmu      ] GC(4) O: MMU: 2ms/96,6%, 5ms/98,6%, 10ms/99,3%, 20ms/99,7%, 50ms/99,8%, 100ms/99,9%
[173,608s][info][gc,marking  ] GC(4) O: Mark: 1 stripe(s), 2 proactive flush(es), 1 terminate flush(es), 0 completion(s), 0 continuation(s) 
[173,608s][info][gc,marking  ] GC(4) O: Mark Stack Usage: 1376M
[173,608s][info][gc,nmethod  ] GC(4) O: NMethods: 1610 registered, 202 unregistered
[173,608s][info][gc,metaspace] GC(4) O: Metaspace: 14M used, 14M committed, 1088M reserved
[173,608s][info][gc,ref      ] GC(4) O:                       Encountered   Discovered     Enqueued 
[173,608s][info][gc,ref      ] GC(4) O: Soft References:             3531            0            0 
[173,608s][info][gc,ref      ] GC(4) O: Weak References:             1257          948          364 
[173,608s][info][gc,ref      ] GC(4) O: Final References:               0            0            0 
[173,608s][info][gc,ref      ] GC(4) O: Phantom References:           170          163          150 
[173,608s][info][gc,reloc    ] GC(4) O:                        Candidates     Selected     In-Place         Size        Empty    Relocated 
[173,608s][info][gc,reloc    ] GC(4) O: Small Pages:                 6185           39            0       12370M         116M          33M 
[173,609s][info][gc,reloc    ] GC(4) O: Medium Pages:                   0            0            0           0M           0M           0M 
[173,609s][info][gc,reloc    ] GC(4) O: Large Pages:                    0            0            0           0M           0M           0M 
[173,609s][info][gc,reloc    ] GC(4) O: Forwarding Usage: 39M
[173,609s][info][gc,heap     ] GC(4) O: Min Capacity: 1024M(2%)
[173,609s][info][gc,heap     ] GC(4) O: Max Capacity: 40960M(100%)
[173,609s][info][gc,heap     ] GC(4) O: Soft Max Capacity: 40960M(100%)
[173,609s][info][gc,heap     ] GC(4) O: Heap Statistics:
[173,609s][info][gc,heap     ] GC(4) O:                Mark Start          Mark End        Relocate Start      Relocate End           High               Low         
[173,609s][info][gc,heap     ] GC(4) O:  Capacity:    16654M (41%)       19538M (48%)       19546M (48%)       19546M (48%)       19546M (48%)       16654M (41%)    
[173,609s][info][gc,heap     ] GC(4) O:      Free:    24350M (59%)       21422M (52%)       21510M (53%)       21512M (53%)       24350M (59%)       21414M (52%)    
[173,609s][info][gc,heap     ] GC(4) O:      Used:    16610M (41%)       19538M (48%)       19450M (47%)       19448M (47%)       19546M (48%)       16610M (41%)    
[173,609s][info][gc,heap     ] GC(4) O: Old Generation Statistics:
[173,609s][info][gc,heap     ] GC(4) O:                Mark Start          Mark End        Relocate Start      Relocate End    
[173,609s][info][gc,heap     ] GC(4) O:      Used:    12370M (30%)       16572M (40%)       16456M (40%)       16372M (40%)    
[173,609s][info][gc,heap     ] GC(4) O:      Live:         -             12133M (30%)       12133M (30%)       12133M (30%)    
[173,609s][info][gc,heap     ] GC(4) O:   Garbage:         -               236M (1%)          120M (0%)           29M (0%)     
[173,609s][info][gc,heap     ] GC(4) O: Allocated:         -              4202M (10%)        4202M (10%)        4208M (10%)    
[173,609s][info][gc,heap     ] GC(4) O: Reclaimed:         -                  -               116M (0%)          206M (1%)     
[173,609s][info][gc,heap     ] GC(4) O: Compacted:         -                  -                  -                87M (0%)     
[173,609s][info][gc,phases   ] GC(4) O: Old Generation 17326M(42%)->19448M(47%) 36,913s
[173,609s][info][gc          ] GC(4) Major Collection (Warmup) 16610M(41%)->19448M(47%) 53,261s
[218,534s][info][gc          ] GC(7) Major Collection (Allocation Rate)
[218,534s][info][gc,task     ] GC(7) Using 5 Workers for Young Generation
[218,534s][info][gc,task     ] GC(7) Using 4 Workers for Old Generation
[218,534s][info][gc,phases   ] GC(7) Y: Young Generation
[218,534s][info][gc,phases   ] GC(7) Y: Pause Mark Start (Major) 0,025ms
[240,421s][info][gc,phases   ] GC(7) Y: Concurrent Mark 21886,656ms
[240,422s][info][gc,phases   ] GC(7) Y: Pause Mark End 0,027ms
[240,422s][info][gc,phases   ] GC(7) Y: Concurrent Mark Free 0,002ms
[240,422s][info][gc,phases   ] GC(7) Y: Concurrent Reset Relocation Set 0,006ms
[240,425s][info][gc,reloc    ] GC(7) Y: Using tenuring threshold: 2 (Computed)
[240,556s][info][gc,phases   ] GC(7) Y: Concurrent Select Relocation Set 134,524ms
[240,557s][info][gc,phases   ] GC(7) Y: Pause Relocate Start 0,022ms
[240,853s][info][gc,phases   ] GC(7) Y: Concurrent Relocate 296,233ms
[240,853s][info][gc,alloc    ] GC(7) Y:                         Mark Start        Mark End      Relocate Start    Relocate End   
[240,853s][info][gc,alloc    ] GC(7) Y: Allocation Stalls:          0                0                0                0         
[240,853s][info][gc,load     ] GC(7) Y: Load: 4,02 (20%) / 3,90 (19%) / 3,43 (17%)
[240,853s][info][gc,mmu      ] GC(7) Y: MMU: 2ms/96,6%, 5ms/98,6%, 10ms/99,3%, 20ms/99,7%, 50ms/99,8%, 100ms/99,9%
[240,853s][info][gc,marking  ] GC(7) Y: Mark: 4 stripe(s), 10 proactive flush(es), 1 terminate flush(es), 0 completion(s), 0 continuation(s) 
[240,853s][info][gc,marking  ] GC(7) Y: Mark Stack Usage: 32M
[240,853s][info][gc,nmethod  ] GC(7) Y: NMethods: 1648 registered, 202 unregistered
[240,853s][info][gc,metaspace] GC(7) Y: Metaspace: 14M used, 14M committed, 1088M reserved
[240,853s][info][gc,reloc    ] GC(7) Y:                        Candidates     Selected     In-Place         Size        Empty    Relocated 
[240,853s][info][gc,reloc    ] GC(7) Y: Small Pages:                 3068           28            0        6136M           0M          22M 
[240,853s][info][gc,reloc    ] GC(7) Y: Medium Pages:                   0            0            0           0M           0M           0M 
[240,853s][info][gc,reloc    ] GC(7) Y: Large Pages:                    0            0            0           0M           0M           0M 
[240,853s][info][gc,reloc    ] GC(7) Y: Forwarding Usage: 25M
[240,853s][info][gc,reloc    ] GC(7) Y: Age Table:
[240,853s][info][gc,reloc    ] GC(7) Y:                    Live             Garbage             Small              Medium             Large        
[240,853s][info][gc,reloc    ] GC(7) Y: Eden            4048M (10%)          51M (0%)        2050 / 20             0 / 0              0 / 0        
[240,853s][info][gc,reloc    ] GC(7) Y: Survivor 1      1299M (3%)           20M (0%)         660 / 6              0 / 0              0 / 0        
[240,853s][info][gc,reloc    ] GC(7) Y: Survivor 2       708M (2%)            7M (0%)         358 / 2              0 / 0              0 / 0        
[240,853s][info][gc,heap     ] GC(7) Y: Min Capacity: 1024M(2%)
[240,853s][info][gc,heap     ] GC(7) Y: Max Capacity: 40960M(100%)
[240,853s][info][gc,heap     ] GC(7) Y: Soft Max Capacity: 40960M(100%)
[240,853s][info][gc,heap     ] GC(7) Y: Heap Statistics:
[240,853s][info][gc,heap     ] GC(7) Y:                Mark Start          Mark End        Relocate Start      Relocate End           High               Low         
[240,853s][info][gc,heap     ] GC(7) Y:  Capacity:    22508M (55%)       24158M (59%)       24158M (59%)       24168M (59%)       24168M (59%)       22508M (55%)    
[240,853s][info][gc,heap     ] GC(7) Y:      Free:    18452M (45%)       16802M (41%)       16802M (41%)       16858M (41%)       18452M (45%)       16792M (41%)    
[240,853s][info][gc,heap     ] GC(7) Y:      Used:    22508M (55%)       24158M (59%)       24158M (59%)       24102M (59%)       24168M (59%)       22508M (55%)    
[240,853s][info][gc,heap     ] GC(7) Y: Young Generation Statistics:
[240,853s][info][gc,heap     ] GC(7) Y:                Mark Start          Mark End        Relocate Start      Relocate End    
[240,853s][info][gc,heap     ] GC(7) Y:      Used:     6136M (15%)        7786M (19%)        7080M (17%)        7018M (17%)    
[240,853s][info][gc,heap     ] GC(7) Y:      Live:         -              6056M (15%)        5353M (13%)        5348M (13%)    
[240,853s][info][gc,heap     ] GC(7) Y:   Garbage:         -                79M (0%)           76M (0%)           12M (0%)     
[240,853s][info][gc,heap     ] GC(7) Y: Allocated:         -              1650M (4%)         1650M (4%)         1656M (4%)     
[240,853s][info][gc,heap     ] GC(7) Y: Reclaimed:         -                  -                 2M (0%)           66M (0%)     
[240,853s][info][gc,heap     ] GC(7) Y:  Promoted:         -                  -               703M (2%)          708M (2%)     
[240,853s][info][gc,heap     ] GC(7) Y: Compacted:         -                  -                  -                45M (0%)     
[240,853s][info][gc,phases   ] GC(7) Y: Young Generation 22508M(55%)->24102M(59%) 22,319s
[240,853s][info][gc,phases   ] GC(7) O: Old Generation
[240,859s][info][gc          ] GC(8) Minor Collection (Allocation Rate)
[240,859s][info][gc,task     ] GC(8) Using 1 Workers for Young Generation
[240,859s][info][gc,phases   ] GC(8) y: Young Generation
[240,859s][info][gc,phases   ] GC(8) y: Pause Mark Start 0,065ms
[262,417s][info][gc,phases   ] GC(8) y: Concurrent Mark 21557,449ms
[262,417s][info][gc,phases   ] GC(8) y: Pause Mark End 0,028ms
[262,417s][info][gc,phases   ] GC(8) y: Concurrent Mark Free 0,002ms
[262,418s][info][gc,phases   ] GC(8) y: Concurrent Reset Relocation Set 0,258ms
[262,421s][info][gc,reloc    ] GC(8) y: Using tenuring threshold: 1 (Computed)
[266,827s][info][gc,phases   ] GC(8) y: Concurrent Select Relocation Set 4409,539ms
[266,828s][info][gc,phases   ] GC(8) y: Pause Relocate Start 0,074ms
[273,002s][info][gc,phases   ] GC(7) O: Concurrent Mark 32148,510ms
[273,003s][info][gc,phases   ] GC(7) O: Pause Mark End 0,063ms
[273,071s][info][gc,phases   ] GC(7) O: Concurrent Mark Free 67,725ms
[273,074s][info][gc,phases   ] GC(7) O: Concurrent Process Non-Strong 3,303ms
[273,074s][info][gc,phases   ] GC(7) O: Concurrent Reset Relocation Set 0,020ms
[273,086s][info][gc,phases   ] GC(7) O: Concurrent Select Relocation Set 11,330ms
[274,157s][info][gc,phases   ] GC(8) y: Concurrent Relocate 7329,563ms
[274,157s][info][gc,alloc    ] GC(8) y:                         Mark Start        Mark End      Relocate Start    Relocate End   
[274,157s][info][gc,alloc    ] GC(8) y: Allocation Stalls:          0                0                0                0         
[274,157s][info][gc,load     ] GC(8) y: Load: 4,95 (25%) / 4,15 (21%) / 3,53 (18%)
[274,157s][info][gc,mmu      ] GC(8) y: MMU: 2ms/96,3%, 5ms/98,5%, 10ms/99,3%, 20ms/99,6%, 50ms/99,8%, 100ms/99,9%
[274,157s][info][gc,marking  ] GC(8) y: Mark: 1 stripe(s), 2 proactive flush(es), 1 terminate flush(es), 0 completion(s), 0 continuation(s) 
[274,157s][info][gc,marking  ] GC(8) y: Mark Stack Usage: 800M
[274,157s][info][gc,nmethod  ] GC(8) y: NMethods: 1646 registered, 205 unregistered
[274,157s][info][gc,metaspace] GC(8) y: Metaspace: 14M used, 14M committed, 1088M reserved
[274,157s][info][gc,reloc    ] GC(8) y:                        Candidates     Selected     In-Place         Size        Empty    Relocated 
[274,157s][info][gc,reloc    ] GC(8) y: Small Pages:                 3509           17            0        7018M           0M          14M 
[274,157s][info][gc,reloc    ] GC(8) y: Medium Pages:                   0            0            0           0M           0M           0M 
[274,157s][info][gc,reloc    ] GC(8) y: Large Pages:                    0            0            0           0M           0M           0M 
[274,157s][info][gc,reloc    ] GC(8) y: Forwarding Usage: 16M
[274,157s][info][gc,reloc    ] GC(8) y: Age Table:
[274,157s][info][gc,reloc    ] GC(8) y:                    Live             Garbage             Small              Medium             Large        
[274,158s][info][gc,reloc    ] GC(8) y: Eden            1626M (4%)           23M (0%)         825 / 10             0 / 0              0 / 0        
[274,158s][info][gc,reloc    ] GC(8) y: Survivor 1      4035M (10%)          24M (0%)        2030 / 6              0 / 0              0 / 0        
[274,158s][info][gc,reloc    ] GC(8) y: Survivor 2      1299M (3%)            8M (0%)         654 / 1              0 / 0              0 / 0        
[274,158s][info][gc,heap     ] GC(8) y: Min Capacity: 1024M(2%)
[274,158s][info][gc,heap     ] GC(8) y: Max Capacity: 40960M(100%)
[274,158s][info][gc,heap     ] GC(8) y: Soft Max Capacity: 40960M(100%)
[274,158s][info][gc,heap     ] GC(8) y: Heap Statistics:
[274,158s][info][gc,heap     ] GC(8) y:                Mark Start          Mark End        Relocate Start      Relocate End           High               Low         
[274,158s][info][gc,heap     ] GC(8) y:  Capacity:    24168M (59%)       25530M (62%)       25544M (62%)       25828M (63%)       25828M (63%)       24168M (59%)    
[274,158s][info][gc,heap     ] GC(8) y:      Free:    16858M (41%)       15430M (38%)       15416M (38%)       15132M (37%)       16858M (41%)       15132M (37%)    
[274,158s][info][gc,heap     ] GC(8) y:      Used:    24102M (59%)       25530M (62%)       25544M (62%)       25828M (63%)       25828M (63%)       24102M (59%)    
[274,158s][info][gc,heap     ] GC(8) y: Young Generation Statistics:
[274,158s][info][gc,heap     ] GC(8) y:                Mark Start          Mark End        Relocate Start      Relocate End    
[274,158s][info][gc,heap     ] GC(8) y:      Used:     7018M (17%)        8446M (21%)        3128M (8%)         3478M (8%)     
[274,158s][info][gc,heap     ] GC(8) y:      Live:         -              6962M (17%)        1643M (4%)         1626M (4%)     
[274,158s][info][gc,heap     ] GC(8) y:   Garbage:         -                55M (0%)           42M (0%)            3M (0%)     
[274,158s][info][gc,heap     ] GC(8) y: Allocated:         -              1428M (3%)         1442M (4%)         1847M (5%)     
[274,158s][info][gc,heap     ] GC(8) y: Reclaimed:         -                  -                12M (0%)           51M (0%)     
[274,158s][info][gc,heap     ] GC(8) y:  Promoted:         -                  -              5319M (13%)        5335M (13%)    
[274,158s][info][gc,heap     ] GC(8) y: Compacted:         -                  -                  -                14M (0%)     
[274,158s][info][gc,phases   ] GC(8) y: Young Generation 24102M(59%)->25828M(63%) 33,299s
[274,158s][info][gc          ] GC(8) Minor Collection (Allocation Rate) 24102M(59%)->25828M(63%) 33,299s
[274,158s][info][gc,task     ] GC(7) O: Using 5 Workers for Old Generation
[274,203s][info][gc,task     ] GC(7) O: Using 4 Workers for Old Generation
[274,203s][info][gc,phases   ] GC(7) O: Concurrent Remap Roots 44,877ms
[274,203s][info][gc,phases   ] GC(7) O: Pause Relocate Start 0,039ms
[274,203s][info][gc          ] GC(9) Minor Collection (Allocation Rate)
[274,203s][info][gc,task     ] GC(9) Using 1 Workers for Young Generation
[274,203s][info][gc,phases   ] GC(9) y: Young Generation
[274,206s][info][gc,phases   ] GC(9) y: Pause Mark Start 0,033ms
[274,300s][info][gc,phases   ] GC(7) O: Concurrent Relocate 96,484ms
[287,089s][info][gc,phases   ] GC(9) y: Concurrent Mark 12883,612ms
[287,090s][info][gc,phases   ] GC(9) y: Pause Mark End 0,022ms
[287,112s][info][gc,phases   ] GC(9) y: Concurrent Mark Free 22,694ms
[287,114s][info][gc,phases   ] GC(9) y: Concurrent Reset Relocation Set 1,349ms
[287,116s][info][gc,reloc    ] GC(9) y: Using tenuring threshold: 1 (Computed)
[288,359s][info][gc,phases   ] GC(9) y: Concurrent Select Relocation Set 1245,287ms
[288,359s][info][gc,phases   ] GC(9) y: Pause Relocate Start 0,017ms
[290,605s][info][gc,phases   ] GC(9) y: Concurrent Relocate 2245,515ms
[290,605s][info][gc,alloc    ] GC(9) y:                         Mark Start        Mark End      Relocate Start    Relocate End   
[290,605s][info][gc,alloc    ] GC(9) y: Allocation Stalls:          0                0                0                0         
[290,605s][info][gc,load     ] GC(9) y: Load: 4,46 (22%) / 4,09 (20%) / 3,52 (18%)
[290,605s][info][gc,mmu      ] GC(9) y: MMU: 2ms/96,3%, 5ms/98,5%, 10ms/99,3%, 20ms/99,6%, 50ms/99,8%, 100ms/99,9%
[290,605s][info][gc,marking  ] GC(9) y: Mark: 1 stripe(s), 2 proactive flush(es), 1 terminate flush(es), 0 completion(s), 0 continuation(s) 
[290,605s][info][gc,marking  ] GC(9) y: Mark Stack Usage: 384M
[290,605s][info][gc,nmethod  ] GC(9) y: NMethods: 1652 registered, 205 unregistered
[290,605s][info][gc,metaspace] GC(9) y: Metaspace: 14M used, 14M committed, 1088M reserved
[290,605s][info][gc,reloc    ] GC(9) y:                        Candidates     Selected     In-Place         Size        Empty    Relocated 
[290,605s][info][gc,reloc    ] GC(9) y: Small Pages:                 1746           16            0        3492M           0M          13M 
[290,605s][info][gc,reloc    ] GC(9) y: Medium Pages:                   0            0            0           0M           0M           0M 
[290,605s][info][gc,reloc    ] GC(9) y: Large Pages:                    0            0            0           0M           0M           0M 
[290,605s][info][gc,reloc    ] GC(9) y: Forwarding Usage: 14M
[290,605s][info][gc,reloc    ] GC(9) y: Age Table:
[290,605s][info][gc,reloc    ] GC(9) y:                    Live             Garbage             Small              Medium             Large        
[290,605s][info][gc,reloc    ] GC(9) y: Eden            1832M (4%)           27M (0%)         930 / 9              0 / 0              0 / 0        
[290,605s][info][gc,reloc    ] GC(9) y: Survivor 1      1612M (4%)           19M (0%)         816 / 7              0 / 0              0 / 0        
[290,605s][info][gc,heap     ] GC(9) y: Min Capacity: 1024M(2%)
[290,605s][info][gc,heap     ] GC(9) y: Max Capacity: 40960M(100%)
[290,605s][info][gc,heap     ] GC(9) y: Soft Max Capacity: 40960M(100%)
[290,605s][info][gc,heap     ] GC(9) y: Heap Statistics:
[290,605s][info][gc,heap     ] GC(9) y:                Mark Start          Mark End        Relocate Start      Relocate End           High               Low         
[290,605s][info][gc,heap     ] GC(9) y:  Capacity:    25846M (63%)       26030M (64%)       26040M (64%)       26042M (64%)       26042M (64%)       25846M (63%)    
[290,605s][info][gc,heap     ] GC(9) y:      Free:    15114M (37%)       14930M (36%)       14920M (36%)       14948M (36%)       15186M (37%)       14918M (36%)    
[290,605s][info][gc,heap     ] GC(9) y:      Used:    25846M (63%)       26030M (64%)       26040M (64%)       26012M (64%)       26042M (64%)       25774M (63%)    
[290,605s][info][gc,heap     ] GC(9) y: Young Generation Statistics:
[290,605s][info][gc,heap     ] GC(9) y:                Mark Start          Mark End        Relocate Start      Relocate End    
[290,605s][info][gc,heap     ] GC(9) y:      Used:     3492M (9%)         3782M (9%)         2188M (5%)         2146M (5%)     
[290,605s][info][gc,heap     ] GC(9) y:      Live:         -              3445M (8%)         1845M (5%)         1832M (4%)     
[290,605s][info][gc,heap     ] GC(9) y:   Garbage:         -                46M (0%)           42M (0%)            5M (0%)     
[290,605s][info][gc,heap     ] GC(9) y: Allocated:         -               290M (1%)          300M (1%)          307M (1%)     
[290,605s][info][gc,heap     ] GC(9) y: Reclaimed:         -                  -                 4M (0%)           40M (0%)     
[290,605s][info][gc,heap     ] GC(9) y:  Promoted:         -                  -              1599M (4%)         1612M (4%)     
[290,605s][info][gc,heap     ] GC(9) y: Compacted:         -                  -                  -                16M (0%)     
[290,605s][info][gc,phases   ] GC(9) y: Young Generation 25846M(63%)->26012M(64%) 16,402s
[290,605s][info][gc          ] GC(9) Minor Collection (Allocation Rate) 25846M(63%)->26012M(64%) 16,402s
[290,606s][info][gc,alloc    ] GC(7) O:                         Mark Start        Mark End      Relocate Start    Relocate End   
[290,606s][info][gc,alloc    ] GC(7) O: Allocation Stalls:          0                0                0                0         
[290,606s][info][gc,load     ] GC(7) O: Load: 4,46 (22%) / 4,09 (20%) / 3,52 (18%)
[290,606s][info][gc,mmu      ] GC(7) O: MMU: 2ms/96,3%, 5ms/98,5%, 10ms/99,3%, 20ms/99,6%, 50ms/99,8%, 100ms/99,9%
[290,606s][info][gc,marking  ] GC(7) O: Mark: 4 stripe(s), 10 proactive flush(es), 1 terminate flush(es), 0 completion(s), 0 continuation(s) 
[290,606s][info][gc,marking  ] GC(7) O: Mark Stack Usage: 64M
[290,606s][info][gc,nmethod  ] GC(7) O: NMethods: 1652 registered, 205 unregistered
[290,606s][info][gc,metaspace] GC(7) O: Metaspace: 14M used, 14M committed, 1088M reserved
[290,606s][info][gc,ref      ] GC(7) O:                       Encountered   Discovered     Enqueued 
[290,606s][info][gc,ref      ] GC(7) O: Soft References:             3531            0            0 
[290,606s][info][gc,ref      ] GC(7) O: Weak References:              893          213            0 
[290,606s][info][gc,ref      ] GC(7) O: Final References:               0            0            0 
[290,606s][info][gc,ref      ] GC(7) O: Phantom References:            20           12            0 
[290,606s][info][gc,reloc    ] GC(7) O:                        Candidates     Selected     In-Place         Size        Empty    Relocated 
[290,606s][info][gc,reloc    ] GC(7) O: Small Pages:                 8186           49            0       16372M          84M          42M 
[290,606s][info][gc,reloc    ] GC(7) O: Medium Pages:                   0            0            0           0M           0M           0M 
[290,606s][info][gc,reloc    ] GC(7) O: Large Pages:                    0            0            0           0M           0M           0M 
[290,606s][info][gc,reloc    ] GC(7) O: Forwarding Usage: 51M
[290,606s][info][gc,heap     ] GC(7) O: Min Capacity: 1024M(2%)
[290,606s][info][gc,heap     ] GC(7) O: Max Capacity: 40960M(100%)
[290,606s][info][gc,heap     ] GC(7) O: Soft Max Capacity: 40960M(100%)
[290,606s][info][gc,heap     ] GC(7) O: Heap Statistics:
[290,606s][info][gc,heap     ] GC(7) O:                Mark Start          Mark End        Relocate Start      Relocate End           High               Low         
[290,606s][info][gc,heap     ] GC(7) O:  Capacity:    22508M (55%)       25546M (62%)       25842M (63%)       25858M (63%)       25858M (63%)       22508M (55%)    
[290,606s][info][gc,heap     ] GC(7) O:      Free:    18452M (45%)       15414M (38%)       15118M (37%)       15186M (37%)       18452M (45%)       15102M (37%)    
[290,606s][info][gc,heap     ] GC(7) O:      Used:    22508M (55%)       25546M (62%)       25842M (63%)       25774M (63%)       25858M (63%)       22508M (55%)    
[290,606s][info][gc,heap     ] GC(7) O: Old Generation Statistics:
[290,606s][info][gc,heap     ] GC(7) O:                Mark Start          Mark End        Relocate Start      Relocate End    
[290,606s][info][gc,heap     ] GC(7) O:      Used:    16372M (40%)       22434M (55%)       22350M (55%)       22248M (54%)    
[290,606s][info][gc,heap     ] GC(7) O:      Live:         -             16135M (39%)       16135M (39%)       16135M (39%)    
[290,606s][info][gc,heap     ] GC(7) O:   Garbage:         -               236M (1%)          152M (0%)           38M (0%)     
[290,606s][info][gc,heap     ] GC(7) O: Allocated:         -              6062M (15%)        6062M (15%)        6074M (15%)    
[290,606s][info][gc,heap     ] GC(7) O: Reclaimed:         -                  -                84M (0%)          198M (0%)     
[290,606s][info][gc,heap     ] GC(7) O: Compacted:         -                  -                  -               111M (0%)     
[290,606s][info][gc,phases   ] GC(7) O: Old Generation 24102M(59%)->25774M(63%) 49,752s
[290,606s][info][gc          ] GC(7) Major Collection (Allocation Rate) 22508M(55%)->26012M(64%) 72,072s
[290,616s][info][gc          ] GC(10) Major Collection (Allocation Rate)
[290,616s][info][gc,task     ] GC(10) Using 5 Workers for Young Generation
[290,616s][info][gc,task     ] GC(10) Using 4 Workers for Old Generation
[290,616s][info][gc,phases   ] GC(10) Y: Young Generation
[290,616s][info][gc,phases   ] GC(10) Y: Pause Mark Start (Major) 0,021ms
[298,198s][info][gc,phases   ] GC(10) Y: Concurrent Mark 7581,864ms
[298,198s][info][gc,phases   ] GC(10) Y: Pause Mark End 0,025ms
[298,218s][info][gc,phases   ] GC(10) Y: Concurrent Mark Free 20,012ms
[298,219s][info][gc,phases   ] GC(10) Y: Concurrent Reset Relocation Set 0,359ms
[298,221s][info][gc,reloc    ] GC(10) Y: Using tenuring threshold: 1 (Computed)
[298,547s][info][gc,phases   ] GC(10) Y: Concurrent Select Relocation Set 327,912ms
[298,547s][info][gc,phases   ] GC(10) Y: Pause Relocate Start 0,071ms
[299,236s][info][gc,phases   ] GC(10) Y: Concurrent Relocate 689,208ms
[299,237s][info][gc,alloc    ] GC(10) Y:                         Mark Start        Mark End      Relocate Start    Relocate End   
[299,237s][info][gc,alloc    ] GC(10) Y: Allocation Stalls:          0                0                0                0         
[299,237s][info][gc,load     ] GC(10) Y: Load: 4,50 (23%) / 4,10 (21%) / 3,53 (18%)
[299,237s][info][gc,mmu      ] GC(10) Y: MMU: 2ms/96,3%, 5ms/98,5%, 10ms/99,3%, 20ms/99,6%, 50ms/99,8%, 100ms/99,9%
[299,237s][info][gc,marking  ] GC(10) Y: Mark: 4 stripe(s), 10 proactive flush(es), 1 terminate flush(es), 0 completion(s), 0 continuation(s) 
[299,237s][info][gc,marking  ] GC(10) Y: Mark Stack Usage: 32M
[299,237s][info][gc,nmethod  ] GC(10) Y: NMethods: 1652 registered, 205 unregistered
[299,237s][info][gc,metaspace] GC(10) Y: Metaspace: 14M used, 14M committed, 1088M reserved
[299,237s][info][gc,reloc    ] GC(10) Y:                        Candidates     Selected     In-Place         Size        Empty    Relocated 
[299,237s][info][gc,reloc    ] GC(10) Y: Small Pages:                 1073           13            0        2146M           0M           9M 
[299,237s][info][gc,reloc    ] GC(10) Y: Medium Pages:                   0            0            0           0M           0M           0M 
[299,237s][info][gc,reloc    ] GC(10) Y: Large Pages:                    0            0            0           0M           0M           0M 
[299,237s][info][gc,reloc    ] GC(10) Y: Forwarding Usage: 9M
[299,237s][info][gc,reloc    ] GC(10) Y: Age Table:
[299,237s][info][gc,reloc    ] GC(10) Y:                    Live             Garbage             Small              Medium             Large        
[299,237s][info][gc,reloc    ] GC(10) Y: Eden             293M (1%)           12M (0%)         153 / 5              0 / 0              0 / 0        
[299,237s][info][gc,reloc    ] GC(10) Y: Survivor 1      1818M (4%)           21M (0%)         920 / 8              0 / 0              0 / 0        
[299,237s][info][gc,heap     ] GC(10) Y: Min Capacity: 1024M(2%)
[299,237s][info][gc,heap     ] GC(10) Y: Max Capacity: 40960M(100%)
[299,237s][info][gc,heap     ] GC(10) Y: Soft Max Capacity: 40960M(100%)
[299,237s][info][gc,heap     ] GC(10) Y: Heap Statistics:
[299,237s][info][gc,heap     ] GC(10) Y:                Mark Start          Mark End        Relocate Start      Relocate End           High               Low         
[299,237s][info][gc,heap     ] GC(10) Y:  Capacity:    26042M (64%)       26042M (64%)       26042M (64%)       26042M (64%)       26042M (64%)       26042M (64%)    
[299,237s][info][gc,heap     ] GC(10) Y:      Free:    14948M (36%)       14938M (36%)       14938M (36%)       14954M (37%)       14954M (37%)       14930M (36%)    
[299,237s][info][gc,heap     ] GC(10) Y:      Used:    26012M (64%)       26022M (64%)       26022M (64%)       26006M (63%)       26030M (64%)       26006M (63%)    
[299,237s][info][gc,heap     ] GC(10) Y: Young Generation Statistics:
[299,237s][info][gc,heap     ] GC(10) Y:                Mark Start          Mark End        Relocate Start      Relocate End    
[299,237s][info][gc,heap     ] GC(10) Y:      Used:     2146M (5%)         2156M (5%)          348M (1%)          312M (1%)     
[299,237s][info][gc,heap     ] GC(10) Y:      Live:         -              2111M (5%)          307M (1%)          293M (1%)     
[299,237s][info][gc,heap     ] GC(10) Y:   Garbage:         -                34M (0%)           30M (0%)            0M (0%)     
[299,237s][info][gc,heap     ] GC(10) Y: Allocated:         -                10M (0%)           10M (0%)           17M (0%)     
[299,237s][info][gc,heap     ] GC(10) Y: Reclaimed:         -                  -                 4M (0%)           33M (0%)     
[299,237s][info][gc,heap     ] GC(10) Y:  Promoted:         -                  -              1803M (4%)         1818M (4%)     
[299,237s][info][gc,heap     ] GC(10) Y: Compacted:         -                  -                  -                 4M (0%)     
[299,237s][info][gc,phases   ] GC(10) Y: Young Generation 26012M(64%)->26006M(63%) 8,621s
[299,237s][info][gc,phases   ] GC(10) O: Old Generation
[330,346s][info][gc,phases   ] GC(10) O: Concurrent Mark 31108,606ms
[330,346s][info][gc,phases   ] GC(10) O: Pause Mark End 0,027ms
[330,349s][info][gc,phases   ] GC(10) O: Concurrent Mark Free 2,545ms
[330,350s][info][gc,phases   ] GC(10) O: Concurrent Process Non-Strong 1,642ms
[330,350s][info][gc,phases   ] GC(10) O: Concurrent Reset Relocation Set 0,011ms
[330,355s][info][gc,phases   ] GC(10) O: Concurrent Select Relocation Set 4,938ms
[330,355s][info][gc,task     ] GC(10) O: Using 5 Workers for Old Generation
[330,393s][info][gc,task     ] GC(10) O: Using 4 Workers for Old Generation
[330,393s][info][gc,phases   ] GC(10) O: Concurrent Remap Roots 37,562ms
[330,393s][info][gc,phases   ] GC(10) O: Pause Relocate Start 0,023ms
[330,467s][info][gc,phases   ] GC(10) O: Concurrent Relocate 73,430ms
[330,467s][info][gc,alloc    ] GC(10) O:                         Mark Start        Mark End      Relocate Start    Relocate End   
[330,467s][info][gc,alloc    ] GC(10) O: Allocation Stalls:          0                0                0                0         
[330,467s][info][gc,load     ] GC(10) O: Load: 5,02 (25%) / 4,29 (21%) / 3,62 (18%)
[330,467s][info][gc,mmu      ] GC(10) O: MMU: 2ms/96,3%, 5ms/98,5%, 10ms/99,3%, 20ms/99,6%, 50ms/99,8%, 100ms/99,9%
[330,467s][info][gc,marking  ] GC(10) O: Mark: 4 stripe(s), 10 proactive flush(es), 1 terminate flush(es), 0 completion(s), 0 continuation(s) 
[330,467s][info][gc,marking  ] GC(10) O: Mark Stack Usage: 32M
[330,467s][info][gc,nmethod  ] GC(10) O: NMethods: 1654 registered, 206 unregistered
[330,467s][info][gc,metaspace] GC(10) O: Metaspace: 14M used, 14M committed, 1088M reserved
[330,467s][info][gc,ref      ] GC(10) O:                       Encountered   Discovered     Enqueued 
[330,467s][info][gc,ref      ] GC(10) O: Soft References:             3531            0            0 
[330,467s][info][gc,ref      ] GC(10) O: Weak References:              893          349            0 
[330,467s][info][gc,ref      ] GC(10) O: Final References:               0            0            0 
[330,467s][info][gc,ref      ] GC(10) O: Phantom References:            20           14            0 
[330,467s][info][gc,reloc    ] GC(10) O:                        Candidates     Selected     In-Place         Size        Empty    Relocated 
[330,467s][info][gc,reloc    ] GC(10) O: Small Pages:                11933           47            0       23866M          52M          39M 
[330,467s][info][gc,reloc    ] GC(10) O: Medium Pages:                   0            0            0           0M           0M           0M 
[330,467s][info][gc,reloc    ] GC(10) O: Large Pages:                    0            0            0           0M           0M           0M 
[330,467s][info][gc,reloc    ] GC(10) O: Forwarding Usage: 49M
[330,467s][info][gc,heap     ] GC(10) O: Min Capacity: 1024M(2%)
[330,467s][info][gc,heap     ] GC(10) O: Max Capacity: 40960M(100%)
[330,467s][info][gc,heap     ] GC(10) O: Soft Max Capacity: 40960M(100%)
[330,467s][info][gc,heap     ] GC(10) O: Heap Statistics:
[330,467s][info][gc,heap     ] GC(10) O:                Mark Start          Mark End        Relocate Start      Relocate End           High               Low         
[330,467s][info][gc,heap     ] GC(10) O:  Capacity:    26042M (64%)       27436M (67%)       27436M (67%)       27436M (67%)       27436M (67%)       26042M (64%)    
[330,467s][info][gc,heap     ] GC(10) O:      Free:    14948M (36%)       13524M (33%)       13576M (33%)       13680M (33%)       14954M (37%)       13524M (33%)    
[330,467s][info][gc,heap     ] GC(10) O:      Used:    26012M (64%)       27436M (67%)       27384M (67%)       27280M (67%)       27436M (67%)       26006M (63%)    
[330,467s][info][gc,heap     ] GC(10) O: Old Generation Statistics:
[330,467s][info][gc,heap     ] GC(10) O:                Mark Start          Mark End        Relocate Start      Relocate End    
[330,467s][info][gc,heap     ] GC(10) O:      Used:    23866M (58%)       25694M (63%)       25642M (63%)       25538M (62%)    
[330,467s][info][gc,heap     ] GC(10) O:      Live:         -             23648M (58%)       23648M (58%)       23648M (58%)    
[330,467s][info][gc,heap     ] GC(10) O:   Garbage:         -               217M (1%)          165M (0%)           56M (0%)     
[330,467s][info][gc,heap     ] GC(10) O: Allocated:         -              1828M (4%)         1828M (4%)         1832M (4%)     
[330,467s][info][gc,heap     ] GC(10) O: Reclaimed:         -                  -                52M (0%)          160M (0%)     
[330,467s][info][gc,heap     ] GC(10) O: Compacted:         -                  -                  -               103M (0%)     
[330,467s][info][gc,phases   ] GC(10) O: Old Generation 26006M(63%)->27280M(67%) 31,230s
[330,467s][info][gc          ] GC(10) Major Collection (Allocation Rate) 26012M(64%)->27280M(67%) 39,851s
[351,032s][info][gc          ] GC(11) Major Collection (Allocation Rate)
[351,032s][info][gc,task     ] GC(11) Using 5 Workers for Young Generation
[351,032s][info][gc,task     ] GC(11) Using 4 Workers for Old Generation
[351,032s][info][gc,phases   ] GC(11) Y: Young Generation
[351,033s][info][gc,phases   ] GC(11) Y: Pause Mark Start (Major) 0,037ms
[358,059s][info][gc,phases   ] GC(11) Y: Concurrent Mark 7025,829ms
[358,059s][info][gc,phases   ] GC(11) Y: Pause Mark End 0,027ms
[358,059s][info][gc,phases   ] GC(11) Y: Concurrent Mark Free 0,002ms
[358,059s][info][gc,phases   ] GC(11) Y: Concurrent Reset Relocation Set 0,579ms
[358,061s][info][gc,reloc    ] GC(11) Y: Using tenuring threshold: 2 (Computed)
[358,063s][info][gc,phases   ] GC(11) Y: Concurrent Select Relocation Set 3,980ms
[358,064s][info][gc,phases   ] GC(11) Y: Pause Relocate Start 0,018ms
[358,089s][info][gc,phases   ] GC(11) Y: Concurrent Relocate 24,868ms
[358,089s][info][gc,alloc    ] GC(11) Y:                         Mark Start        Mark End      Relocate Start    Relocate End   
[358,089s][info][gc,alloc    ] GC(11) Y: Allocation Stalls:          0                0                0                0         
[358,089s][info][gc,load     ] GC(11) Y: Load: 4,33 (22%) / 4,19 (21%) / 3,60 (18%)
[358,089s][info][gc,mmu      ] GC(11) Y: MMU: 2ms/96,3%, 5ms/98,5%, 10ms/99,3%, 20ms/99,6%, 50ms/99,8%, 100ms/99,9%
[358,089s][info][gc,marking  ] GC(11) Y: Mark: 4 stripe(s), 10 proactive flush(es), 1 terminate flush(es), 0 completion(s), 0 continuation(s) 
[358,089s][info][gc,marking  ] GC(11) Y: Mark Stack Usage: 32M
[358,089s][info][gc,nmethod  ] GC(11) Y: NMethods: 1658 registered, 206 unregistered
[358,089s][info][gc,metaspace] GC(11) Y: Metaspace: 14M used, 14M committed, 1088M reserved
[358,089s][info][gc,reloc    ] GC(11) Y:                        Candidates     Selected     In-Place         Size        Empty    Relocated 
[358,089s][info][gc,reloc    ] GC(11) Y: Small Pages:                 1025           20            0        2050M           0M          15M 
[358,089s][info][gc,reloc    ] GC(11) Y: Medium Pages:                   0            0            0           0M           0M           0M 
[358,089s][info][gc,reloc    ] GC(11) Y: Large Pages:                    0            0            0           0M           0M           0M 
[358,089s][info][gc,reloc    ] GC(11) Y: Forwarding Usage: 17M
[358,089s][info][gc,reloc    ] GC(11) Y: Age Table:
[358,089s][info][gc,reloc    ] GC(11) Y:                    Live             Garbage             Small              Medium             Large        
[358,089s][info][gc,reloc    ] GC(11) Y: Eden            1715M (4%)           32M (0%)         874 / 12             0 / 0              0 / 0        
[358,089s][info][gc,reloc    ] GC(11) Y: Survivor 1       284M (1%)           17M (0%)         151 / 8              0 / 0              0 / 0        
[358,089s][info][gc,heap     ] GC(11) Y: Min Capacity: 1024M(2%)
[358,089s][info][gc,heap     ] GC(11) Y: Max Capacity: 40960M(100%)
[358,089s][info][gc,heap     ] GC(11) Y: Soft Max Capacity: 40960M(100%)
[358,089s][info][gc,heap     ] GC(11) Y: Heap Statistics:
[358,089s][info][gc,heap     ] GC(11) Y:                Mark Start          Mark End        Relocate Start      Relocate End           High               Low         
[358,089s][info][gc,heap     ] GC(11) Y:  Capacity:    27588M (67%)       28012M (68%)       28012M (68%)       28022M (68%)       28022M (68%)       27588M (67%)    
[358,089s][info][gc,heap     ] GC(11) Y:      Free:    13372M (33%)       12948M (32%)       12948M (32%)       12986M (32%)       13372M (33%)       12938M (32%)    
[358,089s][info][gc,heap     ] GC(11) Y:      Used:    27588M (67%)       28012M (68%)       28012M (68%)       27974M (68%)       28022M (68%)       27588M (67%)    
[358,089s][info][gc,heap     ] GC(11) Y: Young Generation Statistics:
[358,089s][info][gc,heap     ] GC(11) Y:                Mark Start          Mark End        Relocate Start      Relocate End    
[358,089s][info][gc,heap     ] GC(11) Y:      Used:     2050M (5%)         2474M (6%)         2474M (6%)         2436M (6%)     
[358,089s][info][gc,heap     ] GC(11) Y:      Live:         -              1999M (5%)         1999M (5%)         1999M (5%)     
[358,089s][info][gc,heap     ] GC(11) Y:   Garbage:         -                50M (0%)           50M (0%)            5M (0%)     
[358,089s][info][gc,heap     ] GC(11) Y: Allocated:         -               424M (1%)          424M (1%)          431M (1%)     
[358,089s][info][gc,heap     ] GC(11) Y: Reclaimed:         -                  -                 0M (0%)           45M (0%)     
[358,089s][info][gc,heap     ] GC(11) Y:  Promoted:         -                  -                 0M (0%)            0M (0%)     
[358,089s][info][gc,heap     ] GC(11) Y: Compacted:         -                  -                  -                34M (0%)     
[358,089s][info][gc,phases   ] GC(11) Y: Young Generation 27588M(67%)->27974M(68%) 7,056s
[358,089s][info][gc,phases   ] GC(11) O: Old Generation
[395,491s][info][gc,phases   ] GC(11) O: Concurrent Mark 37401,828ms
[395,491s][info][gc,phases   ] GC(11) O: Pause Mark End 0,027ms
[395,491s][info][gc,phases   ] GC(11) O: Concurrent Mark Free 0,001ms
[395,493s][info][gc,phases   ] GC(11) O: Concurrent Process Non-Strong 1,760ms
[395,493s][info][gc,phases   ] GC(11) O: Concurrent Reset Relocation Set 0,014ms
[395,498s][info][gc,phases   ] GC(11) O: Concurrent Select Relocation Set 5,204ms
[395,498s][info][gc,task     ] GC(11) O: Using 5 Workers for Old Generation
[395,525s][info][gc,task     ] GC(11) O: Using 4 Workers for Old Generation
[395,525s][info][gc,phases   ] GC(11) O: Concurrent Remap Roots 27,364ms
[395,526s][info][gc,phases   ] GC(11) O: Pause Relocate Start 0,022ms
[395,579s][info][gc,phases   ] GC(11) O: Concurrent Relocate 52,827ms
[395,579s][info][gc,alloc    ] GC(11) O:                         Mark Start        Mark End      Relocate Start    Relocate End   
[395,579s][info][gc,alloc    ] GC(11) O: Allocation Stalls:          0                0                0                0         
[395,579s][info][gc,load     ] GC(11) O: Load: 5,68 (28%) / 4,57 (23%) / 3,75 (19%)
[395,579s][info][gc,mmu      ] GC(11) O: MMU: 2ms/96,3%, 5ms/98,5%, 10ms/99,3%, 20ms/99,6%, 50ms/99,8%, 100ms/99,9%
[395,579s][info][gc,marking  ] GC(11) O: Mark: 4 stripe(s), 10 proactive flush(es), 1 terminate flush(es), 0 completion(s), 0 continuation(s) 
[395,579s][info][gc,marking  ] GC(11) O: Mark Stack Usage: 32M
[395,579s][info][gc,nmethod  ] GC(11) O: NMethods: 1660 registered, 206 unregistered
[395,579s][info][gc,metaspace] GC(11) O: Metaspace: 14M used, 14M committed, 1088M reserved
[395,579s][info][gc,ref      ] GC(11) O:                       Encountered   Discovered     Enqueued 
[395,579s][info][gc,ref      ] GC(11) O: Soft References:             3531            0            0 
[395,579s][info][gc,ref      ] GC(11) O: Weak References:              893          401            0 
[395,579s][info][gc,ref      ] GC(11) O: Final References:               0            0            0 
[395,579s][info][gc,ref      ] GC(11) O: Phantom References:            20           12            0 
[395,579s][info][gc,reloc    ] GC(11) O:                        Candidates     Selected     In-Place         Size        Empty    Relocated 
[395,579s][info][gc,reloc    ] GC(11) O: Small Pages:                12769           32            0       25538M          42M          27M 
[395,579s][info][gc,reloc    ] GC(11) O: Medium Pages:                   0            0            0           0M           0M           0M 
[395,579s][info][gc,reloc    ] GC(11) O: Large Pages:                    0            0            0           0M           0M           0M 
[395,579s][info][gc,reloc    ] GC(11) O: Forwarding Usage: 38M
[395,579s][info][gc,heap     ] GC(11) O: Min Capacity: 1024M(2%)
[395,579s][info][gc,heap     ] GC(11) O: Max Capacity: 40960M(100%)
[395,579s][info][gc,heap     ] GC(11) O: Soft Max Capacity: 40960M(100%)
[395,579s][info][gc,heap     ] GC(11) O: Heap Statistics:
[395,579s][info][gc,heap     ] GC(11) O:                Mark Start          Mark End        Relocate Start      Relocate End           High               Low         
[395,579s][info][gc,heap     ] GC(11) O:  Capacity:    27588M (67%)       28684M (70%)       28684M (70%)       28684M (70%)       28684M (70%)       27588M (67%)    
[395,579s][info][gc,heap     ] GC(11) O:      Free:    13372M (33%)       12276M (30%)       12318M (30%)       12386M (30%)       13372M (33%)       12276M (30%)    
[395,579s][info][gc,heap     ] GC(11) O:      Used:    27588M (67%)       28684M (70%)       28642M (70%)       28574M (70%)       28684M (70%)       27588M (67%)    
[395,579s][info][gc,heap     ] GC(11) O: Old Generation Statistics:
[395,579s][info][gc,heap     ] GC(11) O:                Mark Start          Mark End        Relocate Start      Relocate End    
[395,579s][info][gc,heap     ] GC(11) O:      Used:    25538M (62%)       25538M (62%)       25496M (62%)       25428M (62%)    
[395,579s][info][gc,heap     ] GC(11) O:      Live:         -             25362M (62%)       25362M (62%)       25362M (62%)    
[395,579s][info][gc,heap     ] GC(11) O:   Garbage:         -               175M (0%)          133M (0%)           59M (0%)     
[395,579s][info][gc,heap     ] GC(11) O: Allocated:         -                 0M (0%)            0M (0%)            6M (0%)     
[395,579s][info][gc,heap     ] GC(11) O: Reclaimed:         -                  -                42M (0%)          116M (0%)     
[395,579s][info][gc,heap     ] GC(11) O: Compacted:         -                  -                  -                71M (0%)     
[395,579s][info][gc,phases   ] GC(11) O: Old Generation 27974M(68%)->28574M(70%) 37,490s
[395,579s][info][gc          ] GC(11) Major Collection (Allocation Rate) 27588M(67%)->28574M(70%) 44,547s
[426,393s][info][gc          ] GC(12) Minor Collection (Allocation Rate)
[426,393s][info][gc,task     ] GC(12) Using 5 Workers for Young Generation
[426,393s][info][gc,phases   ] GC(12) y: Young Generation
[426,393s][info][gc,phases   ] GC(12) y: Pause Mark Start 0,104ms
[439,863s][info][gc,phases   ] GC(12) y: Concurrent Mark 13469,374ms
[439,863s][info][gc,phases   ] GC(12) y: Pause Mark End 0,031ms
[439,863s][info][gc,phases   ] GC(12) y: Concurrent Mark Free 0,002ms
[439,863s][info][gc,phases   ] GC(12) y: Concurrent Reset Relocation Set 0,010ms
[439,867s][info][gc,reloc    ] GC(12) y: Using tenuring threshold: 2 (Computed)
[439,918s][info][gc,phases   ] GC(12) y: Concurrent Select Relocation Set 54,731ms
[439,918s][info][gc,phases   ] GC(12) y: Pause Relocate Start 0,022ms
[440,050s][info][gc,phases   ] GC(12) y: Concurrent Relocate 131,425ms
[440,050s][info][gc,alloc    ] GC(12) y:                         Mark Start        Mark End      Relocate Start    Relocate End   
[440,050s][info][gc,alloc    ] GC(12) y: Allocation Stalls:          0                0                0                0         
[440,050s][info][gc,load     ] GC(12) y: Load: 4,97 (25%) / 4,48 (22%) / 3,76 (19%)
[440,050s][info][gc,mmu      ] GC(12) y: MMU: 2ms/94,8%, 5ms/97,9%, 10ms/99,0%, 20ms/99,5%, 50ms/99,8%, 100ms/99,9%
[440,050s][info][gc,marking  ] GC(12) y: Mark: 4 stripe(s), 10 proactive flush(es), 1 terminate flush(es), 0 completion(s), 0 continuation(s) 
[440,050s][info][gc,marking  ] GC(12) y: Mark Stack Usage: 32M
[440,050s][info][gc,nmethod  ] GC(12) y: NMethods: 1661 registered, 206 unregistered
[440,050s][info][gc,metaspace] GC(12) y: Metaspace: 14M used, 14M committed, 1088M reserved
[440,050s][info][gc,reloc    ] GC(12) y:                        Candidates     Selected     In-Place         Size        Empty    Relocated 
[440,050s][info][gc,reloc    ] GC(12) y: Small Pages:                 1913           20            0        3826M           0M          16M 
[440,050s][info][gc,reloc    ] GC(12) y: Medium Pages:                   0            0            0           0M           0M           0M 
[440,050s][info][gc,reloc    ] GC(12) y: Large Pages:                    0            0            0           0M           0M           0M 
[440,050s][info][gc,reloc    ] GC(12) y: Forwarding Usage: 19M
[440,050s][info][gc,reloc    ] GC(12) y: Age Table:
[440,050s][info][gc,reloc    ] GC(12) y:                    Live             Garbage             Small              Medium             Large        
[440,050s][info][gc,reloc    ] GC(12) y: Eden            1787M (4%)           26M (0%)         907 / 8              0 / 0              0 / 0        
[440,050s][info][gc,reloc    ] GC(12) y: Survivor 1      1699M (4%)           24M (0%)         862 / 10             0 / 0              0 / 0        
[440,050s][info][gc,reloc    ] GC(12) y: Survivor 2       284M (1%)            3M (0%)         144 / 2              0 / 0              0 / 0        
[440,050s][info][gc,heap     ] GC(12) y: Min Capacity: 1024M(2%)
[440,050s][info][gc,heap     ] GC(12) y: Max Capacity: 40960M(100%)
[440,050s][info][gc,heap     ] GC(12) y: Soft Max Capacity: 40960M(100%)
[440,050s][info][gc,heap     ] GC(12) y: Heap Statistics:
[440,050s][info][gc,heap     ] GC(12) y:                Mark Start          Mark End        Relocate Start      Relocate End           High               Low         
[440,050s][info][gc,heap     ] GC(12) y:  Capacity:    29254M (71%)       29294M (72%)       29294M (72%)       29304M (72%)       29304M (72%)       29254M (71%)    
[440,050s][info][gc,heap     ] GC(12) y:      Free:    11706M (29%)       11666M (28%)       11666M (28%)       11700M (29%)       11706M (29%)       11656M (28%)    
[440,050s][info][gc,heap     ] GC(12) y:      Used:    29254M (71%)       29294M (72%)       29294M (72%)       29260M (71%)       29304M (72%)       29254M (71%)    
[440,050s][info][gc,heap     ] GC(12) y: Young Generation Statistics:
[440,050s][info][gc,heap     ] GC(12) y:                Mark Start          Mark End        Relocate Start      Relocate End    
[440,050s][info][gc,heap     ] GC(12) y:      Used:     3826M (9%)         3866M (9%)         3582M (9%)         3544M (9%)     
[440,050s][info][gc,heap     ] GC(12) y:      Live:         -              3771M (9%)         3488M (9%)         3487M (9%)     
[440,050s][info][gc,heap     ] GC(12) y:   Garbage:         -                54M (0%)           53M (0%)            8M (0%)     
[440,050s][info][gc,heap     ] GC(12) y: Allocated:         -                40M (0%)           40M (0%)           48M (0%)     
[440,050s][info][gc,heap     ] GC(12) y: Reclaimed:         -                  -                 0M (0%)           45M (0%)     
[440,050s][info][gc,heap     ] GC(12) y:  Promoted:         -                  -               283M (1%)          284M (1%)     
[440,050s][info][gc,heap     ] GC(12) y: Compacted:         -                  -                  -                35M (0%)     
[440,050s][info][gc,phases   ] GC(12) y: Young Generation 29254M(71%)->29260M(71%) 13,657s
[440,050s][info][gc          ] GC(12) Minor Collection (Allocation Rate) 29254M(71%)->29260M(71%) 13,658s
[440,051s][info][gc          ] GC(13) Major Collection (Allocation Rate)
[440,051s][info][gc,task     ] GC(13) Using 5 Workers for Young Generation
[440,051s][info][gc,task     ] GC(13) Using 3 Workers for Old Generation
[440,051s][info][gc,phases   ] GC(13) Y: Young Generation
[440,051s][info][gc,phases   ] GC(13) Y: Pause Mark Start (Major) 0,040ms
[448,005s][info][gc,phases   ] GC(13) Y: Concurrent Mark 7953,759ms
[448,005s][info][gc,phases   ] GC(13) Y: Pause Mark End 0,030ms
[448,005s][info][gc,phases   ] GC(13) Y: Concurrent Mark Free 0,002ms
[448,005s][info][gc,phases   ] GC(13) Y: Concurrent Reset Relocation Set 0,174ms
[448,009s][info][gc,reloc    ] GC(13) Y: Using tenuring threshold: 1 (Computed)
[448,627s][info][gc,phases   ] GC(13) Y: Concurrent Select Relocation Set 621,266ms
[448,627s][info][gc,phases   ] GC(13) Y: Pause Relocate Start 0,026ms
[449,944s][info][gc,phases   ] GC(13) Y: Concurrent Relocate 1316,427ms
[449,944s][info][gc,alloc    ] GC(13) Y:                         Mark Start        Mark End      Relocate Start    Relocate End   
[449,944s][info][gc,alloc    ] GC(13) Y: Allocation Stalls:          0                0                0                0         
[449,944s][info][gc,load     ] GC(13) Y: Load: 4,97 (25%) / 4,49 (22%) / 3,77 (19%)
[449,944s][info][gc,mmu      ] GC(13) Y: MMU: 2ms/94,8%, 5ms/97,9%, 10ms/99,0%, 20ms/99,5%, 50ms/99,8%, 100ms/99,9%
[449,944s][info][gc,marking  ] GC(13) Y: Mark: 4 stripe(s), 10 proactive flush(es), 1 terminate flush(es), 0 completion(s), 0 continuation(s) 
[449,944s][info][gc,marking  ] GC(13) Y: Mark Stack Usage: 32M
[449,944s][info][gc,nmethod  ] GC(13) Y: NMethods: 1661 registered, 206 unregistered
[449,944s][info][gc,metaspace] GC(13) Y: Metaspace: 14M used, 14M committed, 1088M reserved
[449,944s][info][gc,reloc    ] GC(13) Y:                        Candidates     Selected     In-Place         Size        Empty    Relocated 
[449,944s][info][gc,reloc    ] GC(13) Y: Small Pages:                 1772            8            0        3544M           0M           5M 
[449,944s][info][gc,reloc    ] GC(13) Y: Medium Pages:                   0            0            0           0M           0M           0M 
[449,944s][info][gc,reloc    ] GC(13) Y: Large Pages:                    0            0            0           0M           0M           0M 
[449,944s][info][gc,reloc    ] GC(13) Y: Forwarding Usage: 8M
[449,944s][info][gc,reloc    ] GC(13) Y: Age Table:
[449,944s][info][gc,reloc    ] GC(13) Y:                    Live             Garbage             Small              Medium             Large        
[449,944s][info][gc,reloc    ] GC(13) Y: Eden              34M (0%)            5M (0%)          20 / 1              0 / 0              0 / 0        
[449,944s][info][gc,reloc    ] GC(13) Y: Survivor 1      1782M (4%)           13M (0%)         898 / 5              0 / 0              0 / 0        
[449,944s][info][gc,reloc    ] GC(13) Y: Survivor 2      1699M (4%)            8M (0%)         854 / 2              0 / 0              0 / 0        
[449,944s][info][gc,heap     ] GC(13) Y: Min Capacity: 1024M(2%)
[449,944s][info][gc,heap     ] GC(13) Y: Max Capacity: 40960M(100%)
[449,944s][info][gc,heap     ] GC(13) Y: Soft Max Capacity: 40960M(100%)
[449,944s][info][gc,heap     ] GC(13) Y: Heap Statistics:
[449,944s][info][gc,heap     ] GC(13) Y:                Mark Start          Mark End        Relocate Start      Relocate End           High               Low         
[449,944s][info][gc,heap     ] GC(13) Y:  Capacity:    29304M (72%)       29304M (72%)       29304M (72%)       29304M (72%)       29304M (72%)       29304M (72%)    
[449,944s][info][gc,heap     ] GC(13) Y:      Free:    11700M (29%)       11676M (29%)       11676M (29%)       11684M (29%)       11700M (29%)       11666M (28%)    
[449,944s][info][gc,heap     ] GC(13) Y:      Used:    29260M (71%)       29284M (71%)       29284M (71%)       29276M (71%)       29294M (72%)       29260M (71%)    
[449,944s][info][gc,heap     ] GC(13) Y: Young Generation Statistics:
[449,944s][info][gc,heap     ] GC(13) Y:                Mark Start          Mark End        Relocate Start      Relocate End    
[449,944s][info][gc,heap     ] GC(13) Y:      Used:     3544M (9%)         3568M (9%)           86M (0%)           62M (0%)     
[449,944s][info][gc,heap     ] GC(13) Y:      Live:         -              3517M (9%)           43M (0%)           34M (0%)     
[449,944s][info][gc,heap     ] GC(13) Y:   Garbage:         -                26M (0%)           18M (0%)            0M (0%)     
[449,944s][info][gc,heap     ] GC(13) Y: Allocated:         -                24M (0%)           24M (0%)           27M (0%)     
[449,944s][info][gc,heap     ] GC(13) Y: Reclaimed:         -                  -                 8M (0%)           26M (0%)     
[449,944s][info][gc,heap     ] GC(13) Y:  Promoted:         -                  -              3473M (8%)         3482M (9%)     
[449,944s][info][gc,heap     ] GC(13) Y: Compacted:         -                  -                  -                 2M (0%)     
[449,944s][info][gc,phases   ] GC(13) Y: Young Generation 29260M(71%)->29276M(71%) 9,893s
[449,944s][info][gc,phases   ] GC(13) O: Old Generation
[506,075s][info][gc,phases   ] GC(13) O: Concurrent Mark 56130,444ms
[506,075s][info][gc,phases   ] GC(13) O: Pause Mark End 0,038ms
[506,075s][info][gc,phases   ] GC(13) O: Concurrent Mark Free 0,002ms
[506,078s][info][gc,phases   ] GC(13) O: Concurrent Process Non-Strong 2,437ms
[506,078s][info][gc,phases   ] GC(13) O: Concurrent Reset Relocation Set 0,016ms
[506,086s][info][gc,phases   ] GC(13) O: Concurrent Select Relocation Set 8,587ms
[506,086s][info][gc,task     ] GC(13) O: Using 5 Workers for Old Generation
[506,137s][info][gc,task     ] GC(13) O: Using 3 Workers for Old Generation
[506,137s][info][gc,phases   ] GC(13) O: Concurrent Remap Roots 51,062ms
[506,138s][info][gc,phases   ] GC(13) O: Pause Relocate Start 0,042ms
[506,189s][info][gc,phases   ] GC(13) O: Concurrent Relocate 50,690ms
[506,189s][info][gc,alloc    ] GC(13) O:                         Mark Start        Mark End      Relocate Start    Relocate End   
[506,189s][info][gc,alloc    ] GC(13) O: Allocation Stalls:          0                0                0                0         
[506,189s][info][gc,load     ] GC(13) O: Load: 4,05 (20%) / 4,33 (22%) / 3,76 (19%)
[506,189s][info][gc,mmu      ] GC(13) O: MMU: 2ms/94,8%, 5ms/97,9%, 10ms/99,0%, 20ms/99,5%, 50ms/99,8%, 100ms/99,9%
[506,189s][info][gc,marking  ] GC(13) O: Mark: 2 stripe(s), 10 proactive flush(es), 1 terminate flush(es), 0 completion(s), 0 continuation(s) 
[506,189s][info][gc,marking  ] GC(13) O: Mark Stack Usage: 32M
[506,189s][info][gc,nmethod  ] GC(13) O: NMethods: 1674 registered, 208 unregistered
[506,189s][info][gc,metaspace] GC(13) O: Metaspace: 14M used, 14M committed, 1088M reserved
[506,189s][info][gc,ref      ] GC(13) O:                       Encountered   Discovered     Enqueued 
[506,189s][info][gc,ref      ] GC(13) O: Soft References:             3531            0            0 
[506,189s][info][gc,ref      ] GC(13) O: Weak References:              893          400            0 
[506,189s][info][gc,ref      ] GC(13) O: Final References:               0            0            0 
[506,189s][info][gc,ref      ] GC(13) O: Phantom References:            20           10            0 
[506,189s][info][gc,reloc    ] GC(13) O:                        Candidates     Selected     In-Place         Size        Empty    Relocated 
[506,189s][info][gc,reloc    ] GC(13) O: Small Pages:                12858           25            0       25716M          52M          20M 
[506,189s][info][gc,reloc    ] GC(13) O: Medium Pages:                   0            0            0           0M           0M           0M 
[506,189s][info][gc,reloc    ] GC(13) O: Large Pages:                    0            0            0           0M           0M           0M 
[506,189s][info][gc,reloc    ] GC(13) O: Forwarding Usage: 23M
[506,189s][info][gc,heap     ] GC(13) O: Min Capacity: 1024M(2%)
[506,189s][info][gc,heap     ] GC(13) O: Max Capacity: 40960M(100%)
[506,189s][info][gc,heap     ] GC(13) O: Soft Max Capacity: 40960M(100%)
[506,189s][info][gc,heap     ] GC(13) O: Heap Statistics:
[506,189s][info][gc,heap     ] GC(13) O:                Mark Start          Mark End        Relocate Start      Relocate End           High               Low         
[506,189s][info][gc,heap     ] GC(13) O:  Capacity:    29304M (72%)       30094M (73%)       30094M (73%)       30094M (73%)       30094M (73%)       29304M (72%)    
[506,189s][info][gc,heap     ] GC(13) O:      Free:    11700M (29%)       10866M (27%)       10918M (27%)       10966M (27%)       11700M (29%)       10866M (27%)    
[506,189s][info][gc,heap     ] GC(13) O:      Used:    29260M (71%)       30094M (73%)       30042M (73%)       29994M (73%)       30094M (73%)       29260M (71%)    
[506,189s][info][gc,heap     ] GC(13) O: Old Generation Statistics:
[506,189s][info][gc,heap     ] GC(13) O:                Mark Start          Mark End        Relocate Start      Relocate End    
[506,189s][info][gc,heap     ] GC(13) O:      Used:    25716M (63%)       29214M (71%)       29162M (71%)       29114M (71%)    
[506,189s][info][gc,heap     ] GC(13) O:      Live:         -             25545M (62%)       25545M (62%)       25545M (62%)    
[506,189s][info][gc,heap     ] GC(13) O:   Garbage:         -               170M (0%)          118M (0%)           60M (0%)     
[506,189s][info][gc,heap     ] GC(13) O: Allocated:         -              3498M (9%)         3498M (9%)         3507M (9%)     
[506,189s][info][gc,heap     ] GC(13) O: Reclaimed:         -                  -                52M (0%)          109M (0%)     
[506,189s][info][gc,heap     ] GC(13) O: Compacted:         -                  -                  -                50M (0%)     
[506,189s][info][gc,phases   ] GC(13) O: Old Generation 29276M(71%)->29994M(73%) 56,245s
[506,189s][info][gc          ] GC(13) Major Collection (Allocation Rate) 29260M(71%)->29994M(73%) 66,139s
[550,462s][info][gc          ] GC(14) Major Collection (Allocation Rate)
[550,462s][info][gc,task     ] GC(14) Using 5 Workers for Young Generation
[550,462s][info][gc,task     ] GC(14) Using 3 Workers for Old Generation
[550,462s][info][gc,phases   ] GC(14) Y: Young Generation
[550,462s][info][gc,phases   ] GC(14) Y: Pause Mark Start (Major) 0,069ms
[556,945s][info][gc,phases   ] GC(14) Y: Concurrent Mark 6482,778ms
[556,945s][info][gc,phases   ] GC(14) Y: Pause Mark End 0,027ms
[556,946s][info][gc,phases   ] GC(14) Y: Concurrent Mark Free 0,002ms
[556,947s][info][gc,phases   ] GC(14) Y: Concurrent Reset Relocation Set 1,261ms
[556,949s][info][gc,reloc    ] GC(14) Y: Using tenuring threshold: 2 (Computed)
[556,959s][info][gc,phases   ] GC(14) Y: Concurrent Select Relocation Set 12,219ms
[556,959s][info][gc,phases   ] GC(14) Y: Pause Relocate Start 0,043ms
[557,019s][info][gc,phases   ] GC(14) Y: Concurrent Relocate 59,724ms
[557,019s][info][gc,alloc    ] GC(14) Y:                         Mark Start        Mark End      Relocate Start    Relocate End   
[557,019s][info][gc,alloc    ] GC(14) Y: Allocation Stalls:          0                0                0                0         
[557,019s][info][gc,load     ] GC(14) Y: Load: 3,17 (16%) / 4,02 (20%) / 3,68 (18%)
[557,019s][info][gc,mmu      ] GC(14) Y: MMU: 2ms/94,8%, 5ms/97,9%, 10ms/99,0%, 20ms/99,5%, 50ms/99,8%, 100ms/99,9%
[557,019s][info][gc,marking  ] GC(14) Y: Mark: 4 stripe(s), 10 proactive flush(es), 1 terminate flush(es), 0 completion(s), 0 continuation(s) 
[557,019s][info][gc,marking  ] GC(14) Y: Mark Stack Usage: 32M
[557,019s][info][gc,nmethod  ] GC(14) Y: NMethods: 1707 registered, 208 unregistered
[557,019s][info][gc,metaspace] GC(14) Y: Metaspace: 14M used, 14M committed, 1088M reserved
[557,019s][info][gc,reloc    ] GC(14) Y:                        Candidates     Selected     In-Place         Size        Empty    Relocated 
[557,020s][info][gc,reloc    ] GC(14) Y: Small Pages:                 1025           51            0        2050M           0M          46M 
[557,020s][info][gc,reloc    ] GC(14) Y: Medium Pages:                   0            0            0           0M           0M           0M 
[557,020s][info][gc,reloc    ] GC(14) Y: Large Pages:                    0            0            0           0M           0M           0M 
[557,020s][info][gc,reloc    ] GC(14) Y: Forwarding Usage: 53M
[557,020s][info][gc,reloc    ] GC(14) Y: Age Table:
[557,020s][info][gc,reloc    ] GC(14) Y:                    Live             Garbage             Small              Medium             Large        
[557,020s][info][gc,reloc    ] GC(14) Y: Eden            1895M (5%)          116M (0%)        1006 / 48             0 / 0              0 / 0        
[557,020s][info][gc,reloc    ] GC(14) Y: Survivor 1        29M (0%)            8M (0%)          19 / 3              0 / 0              0 / 0        
[557,020s][info][gc,heap     ] GC(14) Y: Min Capacity: 1024M(2%)
[557,020s][info][gc,heap     ] GC(14) Y: Max Capacity: 40960M(100%)
[557,020s][info][gc,heap     ] GC(14) Y: Soft Max Capacity: 40960M(100%)
[557,020s][info][gc,heap     ] GC(14) Y: Heap Statistics:
[557,020s][info][gc,heap     ] GC(14) Y:                Mark Start          Mark End        Relocate Start      Relocate End           High               Low         
[557,020s][info][gc,heap     ] GC(14) Y:  Capacity:    31164M (76%)       31474M (77%)       31474M (77%)       31484M (77%)       31484M (77%)       31164M (76%)    
[557,020s][info][gc,heap     ] GC(14) Y:      Free:     9796M (24%)        9486M (23%)        9486M (23%)        9596M (23%)        9796M (24%)        9476M (23%)    
[557,020s][info][gc,heap     ] GC(14) Y:      Used:    31164M (76%)       31474M (77%)       31474M (77%)       31364M (77%)       31484M (77%)       31164M (76%)    
[557,020s][info][gc,heap     ] GC(14) Y: Young Generation Statistics:
[557,020s][info][gc,heap     ] GC(14) Y:                Mark Start          Mark End        Relocate Start      Relocate End    
[557,020s][info][gc,heap     ] GC(14) Y:      Used:     2050M (5%)         2360M (6%)         2360M (6%)         2250M (5%)     
[557,020s][info][gc,heap     ] GC(14) Y:      Live:         -              1925M (5%)         1925M (5%)         1925M (5%)     
[557,020s][info][gc,heap     ] GC(14) Y:   Garbage:         -               124M (0%)          124M (0%)            6M (0%)     
[557,020s][info][gc,heap     ] GC(14) Y: Allocated:         -               310M (1%)          310M (1%)          317M (1%)     
[557,020s][info][gc,heap     ] GC(14) Y: Reclaimed:         -                  -                 0M (0%)          117M (0%)     
[557,020s][info][gc,heap     ] GC(14) Y:  Promoted:         -                  -                 0M (0%)            0M (0%)     
[557,020s][info][gc,heap     ] GC(14) Y: Compacted:         -                  -                  -               106M (0%)     
[557,020s][info][gc,phases   ] GC(14) Y: Young Generation 31164M(76%)->31364M(77%) 6,558s
[557,020s][info][gc,phases   ] GC(14) O: Old Generation
[557,024s][info][gc,task     ] Adjusting Workers for Old Generation: 3 -> 2
[557,024s][info][gc          ] GC(15) Minor Collection (Allocation Rate)
[557,025s][info][gc,task     ] GC(15) Using 3 Workers for Young Generation
[557,025s][info][gc,phases   ] GC(15) y: Young Generation
[557,025s][info][gc,phases   ] GC(15) y: Pause Mark Start 0,032ms
[562,917s][info][gc,phases   ] GC(15) y: Concurrent Mark 5892,331ms
[562,918s][info][gc,phases   ] GC(15) y: Pause Mark End 0,029ms
[562,918s][info][gc,phases   ] GC(15) y: Concurrent Mark Free 0,002ms
[562,918s][info][gc,phases   ] GC(15) y: Concurrent Reset Relocation Set 0,021ms
[562,921s][info][gc,reloc    ] GC(15) y: Using tenuring threshold: 1 (Computed)
[563,527s][info][gc,phases   ] GC(15) y: Concurrent Select Relocation Set 608,673ms
[563,527s][info][gc,phases   ] GC(15) y: Pause Relocate Start 0,025ms
[564,713s][info][gc,phases   ] GC(15) y: Concurrent Relocate 1185,428ms
[564,713s][info][gc,alloc    ] GC(15) y:                         Mark Start        Mark End      Relocate Start    Relocate End   
[564,713s][info][gc,alloc    ] GC(15) y: Allocation Stalls:          0                0                0                0         
[564,713s][info][gc,load     ] GC(15) y: Load: 3,40 (17%) / 4,05 (20%) / 3,69 (18%)
[564,713s][info][gc,mmu      ] GC(15) y: MMU: 2ms/94,8%, 5ms/97,9%, 10ms/99,0%, 20ms/99,5%, 50ms/99,8%, 100ms/99,9%
[564,713s][info][gc,marking  ] GC(15) y: Mark: 2 stripe(s), 10 proactive flush(es), 1 terminate flush(es), 0 completion(s), 0 continuation(s) 
[564,713s][info][gc,marking  ] GC(15) y: Mark Stack Usage: 32M
[564,713s][info][gc,nmethod  ] GC(15) y: NMethods: 1707 registered, 208 unregistered
[564,713s][info][gc,metaspace] GC(15) y: Metaspace: 14M used, 14M committed, 1088M reserved
[564,713s][info][gc,reloc    ] GC(15) y:                        Candidates     Selected     In-Place         Size        Empty    Relocated 
[564,713s][info][gc,reloc    ] GC(15) y: Small Pages:                 1125            7            0        2250M           0M           4M 
[564,713s][info][gc,reloc    ] GC(15) y: Medium Pages:                   0            0            0           0M           0M           0M 
[564,713s][info][gc,reloc    ] GC(15) y: Large Pages:                    0            0            0           0M           0M           0M 
[564,713s][info][gc,reloc    ] GC(15) y: Forwarding Usage: 4M
[564,713s][info][gc,reloc    ] GC(15) y: Age Table:
[564,713s][info][gc,reloc    ] GC(15) y:                    Live             Garbage             Small              Medium             Large        
[564,713s][info][gc,reloc    ] GC(15) y: Eden             302M (1%)            7M (0%)         155 / 3              0 / 0              0 / 0        
[564,713s][info][gc,reloc    ] GC(15) y: Survivor 1      1892M (5%)           13M (0%)         953 / 3              0 / 0              0 / 0        
[564,713s][info][gc,reloc    ] GC(15) y: Survivor 2        29M (0%)            4M (0%)          17 / 1              0 / 0              0 / 0        
[564,713s][info][gc,heap     ] GC(15) y: Min Capacity: 1024M(2%)
[564,713s][info][gc,heap     ] GC(15) y: Max Capacity: 40960M(100%)
[564,713s][info][gc,heap     ] GC(15) y: Soft Max Capacity: 40960M(100%)
[564,713s][info][gc,heap     ] GC(15) y: Heap Statistics:
[564,713s][info][gc,heap     ] GC(15) y:                Mark Start          Mark End        Relocate Start      Relocate End           High               Low         
[564,713s][info][gc,heap     ] GC(15) y:  Capacity:    31484M (77%)       31484M (77%)       31484M (77%)       31484M (77%)       31484M (77%)       31484M (77%)    
[564,713s][info][gc,heap     ] GC(15) y:      Free:     9596M (23%)        9576M (23%)        9576M (23%)        9582M (23%)        9596M (23%)        9570M (23%)    
[564,713s][info][gc,heap     ] GC(15) y:      Used:    31364M (77%)       31384M (77%)       31384M (77%)       31378M (77%)       31390M (77%)       31364M (77%)    
[564,713s][info][gc,heap     ] GC(15) y: Young Generation Statistics:
[564,713s][info][gc,heap     ] GC(15) y:                Mark Start          Mark End        Relocate Start      Relocate End    
[564,713s][info][gc,heap     ] GC(15) y:      Used:     2250M (5%)         2270M (6%)          346M (1%)          330M (1%)     
[564,713s][info][gc,heap     ] GC(15) y:      Live:         -              2225M (5%)          309M (1%)          302M (1%)     
[564,713s][info][gc,heap     ] GC(15) y:   Garbage:         -                24M (0%)           16M (0%)            0M (0%)     
[564,713s][info][gc,heap     ] GC(15) y: Allocated:         -                20M (0%)           20M (0%)           26M (0%)     
[564,713s][info][gc,heap     ] GC(15) y: Reclaimed:         -                  -                 8M (0%)           23M (0%)     
[564,713s][info][gc,heap     ] GC(15) y:  Promoted:         -                  -              1915M (5%)         1922M (5%)     
[564,713s][info][gc,heap     ] GC(15) y: Compacted:         -                  -                  -                 1M (0%)     
[564,713s][info][gc,phases   ] GC(15) y: Young Generation 31364M(77%)->31378M(77%) 7,688s
[564,713s][info][gc          ] GC(15) Minor Collection (Allocation Rate) 31364M(77%)->31378M(77%) 7,689s
[608,105s][info][gc,phases   ] GC(14) O: Concurrent Mark 51085,453ms
[608,105s][info][gc,phases   ] GC(14) O: Pause Mark End 0,023ms
[608,106s][info][gc,phases   ] GC(14) O: Concurrent Mark Free 0,002ms
[608,109s][info][gc,phases   ] GC(14) O: Concurrent Process Non-Strong 2,966ms
[608,109s][info][gc,phases   ] GC(14) O: Concurrent Reset Relocation Set 0,009ms
[608,133s][info][gc,phases   ] GC(14) O: Concurrent Select Relocation Set 24,770ms
[608,133s][info][gc,task     ] GC(14) O: Using 5 Workers for Old Generation
[608,172s][info][gc,task     ] GC(14) O: Using 2 Workers for Old Generation
[608,173s][info][gc,phases   ] GC(14) O: Concurrent Remap Roots 39,087ms
[608,173s][info][gc,phases   ] GC(14) O: Pause Relocate Start 0,023ms
[608,387s][info][gc,phases   ] GC(14) O: Concurrent Relocate 213,992ms
[608,387s][info][gc,alloc    ] GC(14) O:                         Mark Start        Mark End      Relocate Start    Relocate End   
[608,387s][info][gc,alloc    ] GC(14) O: Allocation Stalls:          0                0                0                0         
[608,387s][info][gc,load     ] GC(14) O: Load: 3,33 (17%) / 3,96 (20%) / 3,68 (18%)
[608,387s][info][gc,mmu      ] GC(14) O: MMU: 2ms/94,8%, 5ms/97,9%, 10ms/99,0%, 20ms/99,5%, 50ms/99,8%, 100ms/99,9%
[608,387s][info][gc,marking  ] GC(14) O: Mark: 2 stripe(s), 10 proactive flush(es), 1 terminate flush(es), 0 completion(s), 0 continuation(s) 
[608,387s][info][gc,marking  ] GC(14) O: Mark Stack Usage: 64M
[608,387s][info][gc,nmethod  ] GC(14) O: NMethods: 1708 registered, 208 unregistered
[608,387s][info][gc,metaspace] GC(14) O: Metaspace: 14M used, 14M committed, 1088M reserved
[608,387s][info][gc,ref      ] GC(14) O:                       Encountered   Discovered     Enqueued 
[608,387s][info][gc,ref      ] GC(14) O: Soft References:             3531            0            0 
[608,387s][info][gc,ref      ] GC(14) O: Weak References:              893          497            0 
[608,387s][info][gc,ref      ] GC(14) O: Final References:               0            0            0 
[608,387s][info][gc,ref      ] GC(14) O: Phantom References:            20           14            0 
[608,387s][info][gc,reloc    ] GC(14) O:                        Candidates     Selected     In-Place         Size        Empty    Relocated 
[608,387s][info][gc,reloc    ] GC(14) O: Small Pages:                14557           76            0       29114M         124M          66M 
[608,387s][info][gc,reloc    ] GC(14) O: Medium Pages:                   0            0            0           0M           0M           0M 
[608,387s][info][gc,reloc    ] GC(14) O: Large Pages:                    0            0            0           0M           0M           0M 
[608,387s][info][gc,reloc    ] GC(14) O: Forwarding Usage: 80M
[608,387s][info][gc,heap     ] GC(14) O: Min Capacity: 1024M(2%)
[608,387s][info][gc,heap     ] GC(14) O: Max Capacity: 40960M(100%)
[608,387s][info][gc,heap     ] GC(14) O: Soft Max Capacity: 40960M(100%)
[608,387s][info][gc,heap     ] GC(14) O: Heap Statistics:
[608,387s][info][gc,heap     ] GC(14) O:                Mark Start          Mark End        Relocate Start      Relocate End           High               Low         
[608,387s][info][gc,heap     ] GC(14) O:  Capacity:    31164M (76%)       32134M (78%)       32134M (78%)       32134M (78%)       32134M (78%)       31164M (76%)    
[608,387s][info][gc,heap     ] GC(14) O:      Free:     9796M (24%)        8826M (22%)        8950M (22%)        9120M (22%)        9796M (24%)        8826M (22%)    
[608,387s][info][gc,heap     ] GC(14) O:      Used:    31164M (76%)       32134M (78%)       32010M (78%)       31840M (78%)       32134M (78%)       31164M (76%)    
[608,387s][info][gc,heap     ] GC(14) O: Old Generation Statistics:
[608,387s][info][gc,heap     ] GC(14) O:                Mark Start          Mark End        Relocate Start      Relocate End    
[608,387s][info][gc,heap     ] GC(14) O:      Used:    29114M (71%)       31048M (76%)       30924M (75%)       30750M (75%)    
[608,387s][info][gc,heap     ] GC(14) O:      Live:         -             28743M (70%)       28743M (70%)       28743M (70%)    
[608,387s][info][gc,heap     ] GC(14) O:   Garbage:         -               370M (1%)          246M (1%)           69M (0%)     
[608,387s][info][gc,heap     ] GC(14) O: Allocated:         -              1934M (5%)         1934M (5%)         1936M (5%)     
[608,387s][info][gc,heap     ] GC(14) O: Reclaimed:         -                  -               124M (0%)          300M (1%)     
[608,387s][info][gc,heap     ] GC(14) O: Compacted:         -                  -                  -               173M (0%)     
[608,387s][info][gc,phases   ] GC(14) O: Old Generation 31364M(77%)->31840M(78%) 51,367s
[608,387s][info][gc          ] GC(14) Major Collection (Allocation Rate) 31164M(76%)->31840M(78%) 57,926s
[689,035s][info][gc          ] GC(16) Major Collection (Allocation Rate)
[689,035s][info][gc,task     ] GC(16) Using 5 Workers for Young Generation
[689,035s][info][gc,task     ] GC(16) Using 3 Workers for Old Generation
[689,035s][info][gc,phases   ] GC(16) Y: Young Generation
[689,036s][info][gc,phases   ] GC(16) Y: Pause Mark Start (Major) 0,082ms
[695,834s][info][gc,phases   ] GC(16) Y: Concurrent Mark 6797,831ms
[695,834s][info][gc,phases   ] GC(16) Y: Pause Mark End 0,025ms
[695,834s][info][gc,phases   ] GC(16) Y: Concurrent Mark Free 0,002ms
[695,834s][info][gc,phases   ] GC(16) Y: Concurrent Reset Relocation Set 0,580ms
[695,836s][info][gc,reloc    ] GC(16) Y: Using tenuring threshold: 2 (Computed)
[695,844s][info][gc,phases   ] GC(16) Y: Concurrent Select Relocation Set 9,526ms
[695,844s][info][gc,phases   ] GC(16) Y: Pause Relocate Start 0,031ms
[695,891s][info][gc,phases   ] GC(16) Y: Concurrent Relocate 46,673ms
[695,891s][info][gc,alloc    ] GC(16) Y:                         Mark Start        Mark End      Relocate Start    Relocate End   
[695,891s][info][gc,alloc    ] GC(16) Y: Allocation Stalls:          0                0                0                0         
[695,891s][info][gc,load     ] GC(16) Y: Load: 2,96 (15%) / 3,68 (18%) / 3,61 (18%)
[695,891s][info][gc,mmu      ] GC(16) Y: MMU: 2ms/94,8%, 5ms/97,9%, 10ms/99,0%, 20ms/99,5%, 50ms/99,8%, 100ms/99,9%
[695,891s][info][gc,marking  ] GC(16) Y: Mark: 4 stripe(s), 10 proactive flush(es), 1 terminate flush(es), 0 completion(s), 0 continuation(s) 
[695,891s][info][gc,marking  ] GC(16) Y: Mark Stack Usage: 32M
[695,891s][info][gc,nmethod  ] GC(16) Y: NMethods: 1712 registered, 208 unregistered
[695,891s][info][gc,metaspace] GC(16) Y: Metaspace: 14M used, 14M committed, 1088M reserved
[695,891s][info][gc,reloc    ] GC(16) Y:                        Candidates     Selected     In-Place         Size        Empty    Relocated 
[695,891s][info][gc,reloc    ] GC(16) Y: Small Pages:                 1027           38            0        2054M           0M          33M 
[695,891s][info][gc,reloc    ] GC(16) Y: Medium Pages:                   0            0            0           0M           0M           0M 
[695,891s][info][gc,reloc    ] GC(16) Y: Large Pages:                    0            0            0           0M           0M           0M 
[695,891s][info][gc,reloc    ] GC(16) Y: Forwarding Usage: 37M
[695,891s][info][gc,reloc    ] GC(16) Y: Age Table:
[695,891s][info][gc,reloc    ] GC(16) Y:                    Live             Garbage             Small              Medium             Large        
[695,891s][info][gc,reloc    ] GC(16) Y: Eden            1663M (4%)           82M (0%)         873 / 33             0 / 0              0 / 0        
[695,891s][info][gc,reloc    ] GC(16) Y: Survivor 1       298M (1%)            9M (0%)         154 / 5              0 / 0              0 / 0        
[695,891s][info][gc,heap     ] GC(16) Y: Min Capacity: 1024M(2%)
[695,891s][info][gc,heap     ] GC(16) Y: Max Capacity: 40960M(100%)
[695,891s][info][gc,heap     ] GC(16) Y: Soft Max Capacity: 40960M(100%)
[695,891s][info][gc,heap     ] GC(16) Y: Heap Statistics:
[695,891s][info][gc,heap     ] GC(16) Y:                Mark Start          Mark End        Relocate Start      Relocate End           High               Low         
[695,891s][info][gc,heap     ] GC(16) Y:  Capacity:    32804M (80%)       33314M (81%)       33314M (81%)       33324M (81%)       33324M (81%)       32804M (80%)    
[695,891s][info][gc,heap     ] GC(16) Y:      Free:     8156M (20%)        7646M (19%)        7646M (19%)        7726M (19%)        8156M (20%)        7636M (19%)    
[695,891s][info][gc,heap     ] GC(16) Y:      Used:    32804M (80%)       33314M (81%)       33314M (81%)       33234M (81%)       33324M (81%)       32804M (80%)    
[695,891s][info][gc,heap     ] GC(16) Y: Young Generation Statistics:
[695,891s][info][gc,heap     ] GC(16) Y:                Mark Start          Mark End        Relocate Start      Relocate End    
[695,891s][info][gc,heap     ] GC(16) Y:      Used:     2054M (5%)         2564M (6%)         2564M (6%)         2484M (6%)     
[695,891s][info][gc,heap     ] GC(16) Y:      Live:         -              1961M (5%)         1961M (5%)         1961M (5%)     
[695,891s][info][gc,heap     ] GC(16) Y:   Garbage:         -                92M (0%)           92M (0%)            5M (0%)     
[695,891s][info][gc,heap     ] GC(16) Y: Allocated:         -               510M (1%)          510M (1%)          517M (1%)     
[695,891s][info][gc,heap     ] GC(16) Y: Reclaimed:         -                  -                 0M (0%)           87M (0%)     
[695,891s][info][gc,heap     ] GC(16) Y:  Promoted:         -                  -                 0M (0%)            0M (0%)     
[695,891s][info][gc,heap     ] GC(16) Y: Compacted:         -                  -                  -                74M (0%)     
[695,891s][info][gc,phases   ] GC(16) Y: Young Generation 32804M(80%)->33234M(81%) 6,856s
[695,891s][info][gc,phases   ] GC(16) O: Old Generation
[695,899s][info][gc          ] GC(17) Minor Collection (Allocation Rate)
[695,899s][info][gc,task     ] GC(17) Using 2 Workers for Young Generation
[695,899s][info][gc,phases   ] GC(17) y: Young Generation
[695,899s][info][gc,phases   ] GC(17) y: Pause Mark Start 0,031ms
[701,488s][info][gc,phases   ] GC(17) y: Concurrent Mark 5589,088ms
[701,489s][info][gc,phases   ] GC(17) y: Pause Mark End 0,029ms
[701,489s][info][gc,phases   ] GC(17) y: Concurrent Mark Free 0,002ms
[701,489s][info][gc,phases   ] GC(17) y: Concurrent Reset Relocation Set 0,016ms
[701,493s][info][gc,reloc    ] GC(17) y: Using tenuring threshold: 2 (Computed)
[701,685s][info][gc,phases   ] GC(17) y: Concurrent Select Relocation Set 196,267ms
[701,685s][info][gc,phases   ] GC(17) y: Pause Relocate Start 0,039ms
[702,033s][info][gc,phases   ] GC(17) y: Concurrent Relocate 346,955ms
[702,033s][info][gc,alloc    ] GC(17) y:                         Mark Start        Mark End      Relocate Start    Relocate End   
[702,033s][info][gc,alloc    ] GC(17) y: Allocation Stalls:          0                0                0                0         
[702,033s][info][gc,load     ] GC(17) y: Load: 3,29 (16%) / 3,73 (19%) / 3,62 (18%)
[702,033s][info][gc,mmu      ] GC(17) y: MMU: 2ms/94,8%, 5ms/97,9%, 10ms/99,0%, 20ms/99,5%, 50ms/99,8%, 100ms/99,9%
[702,033s][info][gc,marking  ] GC(17) y: Mark: 2 stripe(s), 10 proactive flush(es), 1 terminate flush(es), 0 completion(s), 0 continuation(s) 
[702,033s][info][gc,marking  ] GC(17) y: Mark Stack Usage: 32M
[702,033s][info][gc,nmethod  ] GC(17) y: NMethods: 1712 registered, 208 unregistered
[702,033s][info][gc,metaspace] GC(17) y: Metaspace: 14M used, 14M committed, 1088M reserved
[702,033s][info][gc,reloc    ] GC(17) y:                        Candidates     Selected     In-Place         Size        Empty    Relocated 
[702,033s][info][gc,reloc    ] GC(17) y: Small Pages:                 1242            7            0        2484M           0M           5M 
[702,033s][info][gc,reloc    ] GC(17) y: Medium Pages:                   0            0            0           0M           0M           0M 
[702,033s][info][gc,reloc    ] GC(17) y: Large Pages:                    0            0            0           0M           0M           0M 
[702,033s][info][gc,reloc    ] GC(17) y: Forwarding Usage: 6M
[702,033s][info][gc,reloc    ] GC(17) y: Age Table:
[702,033s][info][gc,reloc    ] GC(17) y:                    Live             Garbage             Small              Medium             Large        
[702,033s][info][gc,reloc    ] GC(17) y: Eden             505M (1%)            4M (0%)         255 / 2              0 / 0              0 / 0        
[702,033s][info][gc,reloc    ] GC(17) y: Survivor 1      1658M (4%)           11M (0%)         835 / 4              0 / 0              0 / 0        
[702,033s][info][gc,reloc    ] GC(17) y: Survivor 2       298M (1%)            5M (0%)         152 / 1              0 / 0              0 / 0        
[702,033s][info][gc,heap     ] GC(17) y: Min Capacity: 1024M(2%)
[702,033s][info][gc,heap     ] GC(17) y: Max Capacity: 40960M(100%)
[702,033s][info][gc,heap     ] GC(17) y: Soft Max Capacity: 40960M(100%)
[702,033s][info][gc,heap     ] GC(17) y: Heap Statistics:
[702,033s][info][gc,heap     ] GC(17) y:                Mark Start          Mark End        Relocate Start      Relocate End           High               Low         
[702,033s][info][gc,heap     ] GC(17) y:  Capacity:    33324M (81%)       33324M (81%)       33324M (81%)       33324M (81%)       33324M (81%)       33324M (81%)    
[702,033s][info][gc,heap     ] GC(17) y:      Free:     7726M (19%)        7724M (19%)        7724M (19%)        7732M (19%)        7732M (19%)        7718M (19%)    
[702,033s][info][gc,heap     ] GC(17) y:      Used:    33234M (81%)       33236M (81%)       33236M (81%)       33228M (81%)       33242M (81%)       33228M (81%)    
[702,033s][info][gc,heap     ] GC(17) y: Young Generation Statistics:
[702,033s][info][gc,heap     ] GC(17) y:                Mark Start          Mark End        Relocate Start      Relocate End    
[702,033s][info][gc,heap     ] GC(17) y:      Used:     2484M (6%)         2486M (6%)         2190M (5%)         2176M (5%)     
[702,033s][info][gc,heap     ] GC(17) y:      Live:         -              2462M (6%)         2166M (5%)         2163M (5%)     
[702,033s][info][gc,heap     ] GC(17) y:   Garbage:         -                21M (0%)           21M (0%)            5M (0%)     
[702,033s][info][gc,heap     ] GC(17) y: Allocated:         -                 2M (0%)            2M (0%)            7M (0%)     
[702,033s][info][gc,heap     ] GC(17) y: Reclaimed:         -                  -                 0M (0%)           16M (0%)     
[702,033s][info][gc,heap     ] GC(17) y:  Promoted:         -                  -               295M (1%)          298M (1%)     
[702,033s][info][gc,heap     ] GC(17) y: Compacted:         -                  -                  -                 8M (0%)     
[702,033s][info][gc,phases   ] GC(17) y: Young Generation 33234M(81%)->33228M(81%) 6,134s
[702,033s][info][gc          ] GC(17) Minor Collection (Allocation Rate) 33234M(81%)->33228M(81%) 6,135s
[702,033s][info][gc,task     ] Adjusting Workers for Old Generation: 3 -> 4
[702,034s][info][gc          ] GC(18) Minor Collection (Allocation Rate)
[702,034s][info][gc,task     ] GC(18) Using 1 Workers for Young Generation
[702,034s][info][gc,phases   ] GC(18) y: Young Generation
[702,034s][info][gc,phases   ] GC(18) y: Pause Mark Start 0,051ms
[708,852s][info][gc,phases   ] GC(18) y: Concurrent Mark 6818,040ms
[708,853s][info][gc,phases   ] GC(18) y: Pause Mark End 0,025ms
[708,853s][info][gc,phases   ] GC(18) y: Concurrent Mark Free 0,001ms
[708,853s][info][gc,phases   ] GC(18) y: Concurrent Reset Relocation Set 0,093ms
[708,857s][info][gc,reloc    ] GC(18) y: Using tenuring threshold: 1 (Computed)
[710,662s][info][gc,phases   ] GC(18) y: Concurrent Select Relocation Set 1808,981ms
[710,662s][info][gc,phases   ] GC(18) y: Pause Relocate Start 0,022ms
[714,612s][info][gc,phases   ] GC(18) y: Concurrent Relocate 3949,447ms
[714,612s][info][gc,alloc    ] GC(18) y:                         Mark Start        Mark End      Relocate Start    Relocate End   
[714,612s][info][gc,alloc    ] GC(18) y: Allocation Stalls:          0                0                0                0         
[714,612s][info][gc,load     ] GC(18) y: Load: 3,94 (20%) / 3,86 (19%) / 3,67 (18%)
[714,612s][info][gc,mmu      ] GC(18) y: MMU: 2ms/94,8%, 5ms/97,9%, 10ms/99,0%, 20ms/99,5%, 50ms/99,8%, 100ms/99,9%
[714,612s][info][gc,marking  ] GC(18) y: Mark: 1 stripe(s), 2 proactive flush(es), 1 terminate flush(es), 0 completion(s), 0 continuation(s) 
[714,612s][info][gc,marking  ] GC(18) y: Mark Stack Usage: 256M
[714,612s][info][gc,nmethod  ] GC(18) y: NMethods: 1712 registered, 208 unregistered
[714,612s][info][gc,metaspace] GC(18) y: Metaspace: 14M used, 14M committed, 1088M reserved
[714,612s][info][gc,reloc    ] GC(18) y:                        Candidates     Selected     In-Place         Size        Empty    Relocated 
[714,612s][info][gc,reloc    ] GC(18) y: Small Pages:                 1088            5            0        2176M           0M           3M 
[714,612s][info][gc,reloc    ] GC(18) y: Medium Pages:                   0            0            0           0M           0M           0M 
[714,612s][info][gc,reloc    ] GC(18) y: Large Pages:                    0            0            0           0M           0M           0M 
[714,612s][info][gc,reloc    ] GC(18) y: Forwarding Usage: 2M
[714,612s][info][gc,reloc    ] GC(18) y: Age Table:
[714,612s][info][gc,reloc    ] GC(18) y:                    Live             Garbage             Small              Medium             Large        
[714,612s][info][gc,reloc    ] GC(18) y: Eden               0M (0%)            1M (0%)           1 / 0              0 / 0              0 / 0        
[714,612s][info][gc,reloc    ] GC(18) y: Survivor 1       505M (1%)            4M (0%)         255 / 2              0 / 0              0 / 0        
[714,612s][info][gc,reloc    ] GC(18) y: Survivor 2      1652M (4%)           11M (0%)         832 / 3              0 / 0              0 / 0        
[714,612s][info][gc,heap     ] GC(18) y: Min Capacity: 1024M(2%)
[714,612s][info][gc,heap     ] GC(18) y: Max Capacity: 40960M(100%)
[714,612s][info][gc,heap     ] GC(18) y: Soft Max Capacity: 40960M(100%)
[714,612s][info][gc,heap     ] GC(18) y: Heap Statistics:
[714,612s][info][gc,heap     ] GC(18) y:                Mark Start          Mark End        Relocate Start      Relocate End           High               Low         
[714,612s][info][gc,heap     ] GC(18) y:  Capacity:    33324M (81%)       33324M (81%)       33324M (81%)       33324M (81%)       33324M (81%)       33324M (81%)    
[714,612s][info][gc,heap     ] GC(18) y:      Free:     7732M (19%)        7716M (19%)        7708M (19%)        7702M (19%)        7732M (19%)        7702M (19%)    
[714,612s][info][gc,heap     ] GC(18) y:      Used:    33228M (81%)       33244M (81%)       33252M (81%)       33258M (81%)       33258M (81%)       33228M (81%)    
[714,612s][info][gc,heap     ] GC(18) y: Young Generation Statistics:
[714,612s][info][gc,heap     ] GC(18) y:                Mark Start          Mark End        Relocate Start      Relocate End    
[714,612s][info][gc,heap     ] GC(18) y:      Used:     2176M (5%)         2192M (5%)           40M (0%)           40M (0%)     
[714,612s][info][gc,heap     ] GC(18) y:      Live:         -              2157M (5%)            5M (0%)            0M (0%)     
[714,612s][info][gc,heap     ] GC(18) y:   Garbage:         -                18M (0%)           10M (0%)            0M (0%)     
[714,612s][info][gc,heap     ] GC(18) y: Allocated:         -                16M (0%)           24M (0%)           39M (0%)     
[714,612s][info][gc,heap     ] GC(18) y: Reclaimed:         -                  -                 7M (0%)           18M (0%)     
[714,612s][info][gc,heap     ] GC(18) y:  Promoted:         -                  -              2152M (5%)         2157M (5%)     
[714,612s][info][gc,heap     ] GC(18) y: Compacted:         -                  -                  -                 0M (0%)     
[714,612s][info][gc,phases   ] GC(18) y: Young Generation 33228M(81%)->33258M(81%) 12,578s
[714,612s][info][gc          ] GC(18) Minor Collection (Allocation Rate) 33228M(81%)->33258M(81%) 12,579s
[731,572s][info][gc,phases   ] GC(16) O: Concurrent Mark 35681,091ms
[731,573s][info][gc,phases   ] GC(16) O: Pause Mark End 0,030ms
[731,573s][info][gc,phases   ] GC(16) O: Concurrent Mark Free 0,211ms
[731,575s][info][gc,phases   ] GC(16) O: Concurrent Process Non-Strong 1,768ms
[731,575s][info][gc,phases   ] GC(16) O: Concurrent Reset Relocation Set 0,014ms
[731,583s][info][gc,phases   ] GC(16) O: Concurrent Select Relocation Set 7,892ms
[731,583s][info][gc,task     ] GC(16) O: Using 5 Workers for Old Generation
[731,622s][info][gc,task     ] GC(16) O: Using 4 Workers for Old Generation
[731,622s][info][gc,phases   ] GC(16) O: Concurrent Remap Roots 39,231ms
[731,622s][info][gc,phases   ] GC(16) O: Pause Relocate Start 0,035ms
[731,717s][info][gc,phases   ] GC(16) O: Concurrent Relocate 93,971ms
[731,717s][info][gc,alloc    ] GC(16) O:                         Mark Start        Mark End      Relocate Start    Relocate End   
[731,717s][info][gc,alloc    ] GC(16) O: Allocation Stalls:          0                0                0                0         
[731,717s][info][gc,load     ] GC(16) O: Load: 4,36 (22%) / 3,96 (20%) / 3,71 (19%)
[731,717s][info][gc,mmu      ] GC(16) O: MMU: 2ms/94,8%, 5ms/97,9%, 10ms/99,0%, 20ms/99,5%, 50ms/99,8%, 100ms/99,9%
[731,717s][info][gc,marking  ] GC(16) O: Mark: 2 stripe(s), 10 proactive flush(es), 1 terminate flush(es), 0 completion(s), 0 continuation(s) 
[731,717s][info][gc,marking  ] GC(16) O: Mark Stack Usage: 32M
[731,717s][info][gc,nmethod  ] GC(16) O: NMethods: 1712 registered, 208 unregistered
[731,717s][info][gc,metaspace] GC(16) O: Metaspace: 14M used, 14M committed, 1088M reserved
[731,717s][info][gc,ref      ] GC(16) O:                       Encountered   Discovered     Enqueued 
[731,717s][info][gc,ref      ] GC(16) O: Soft References:             3531            0            0 
[731,717s][info][gc,ref      ] GC(16) O: Weak References:              893          482            0 
[731,717s][info][gc,ref      ] GC(16) O: Final References:               0            0            0 
[731,717s][info][gc,ref      ] GC(16) O: Phantom References:            20           11            0 
[731,717s][info][gc,reloc    ] GC(16) O:                        Candidates     Selected     In-Place         Size        Empty    Relocated 
[731,717s][info][gc,reloc    ] GC(16) O: Small Pages:                15375           62            0       30750M          94M          52M 
[731,717s][info][gc,reloc    ] GC(16) O: Medium Pages:                   0            0            0           0M           0M           0M 
[731,717s][info][gc,reloc    ] GC(16) O: Large Pages:                    0            0            0           0M           0M           0M 
[731,717s][info][gc,reloc    ] GC(16) O: Forwarding Usage: 63M
[731,717s][info][gc,heap     ] GC(16) O: Min Capacity: 1024M(2%)
[731,717s][info][gc,heap     ] GC(16) O: Max Capacity: 40960M(100%)
[731,717s][info][gc,heap     ] GC(16) O: Soft Max Capacity: 40960M(100%)
[731,717s][info][gc,heap     ] GC(16) O: Heap Statistics:
[731,717s][info][gc,heap     ] GC(16) O:                Mark Start          Mark End        Relocate Start      Relocate End           High               Low         
[731,717s][info][gc,heap     ] GC(16) O:  Capacity:    32804M (80%)       33324M (81%)       33324M (81%)       33324M (81%)       33324M (81%)       32804M (80%)    
[731,717s][info][gc,heap     ] GC(16) O:      Free:     8156M (20%)        7690M (19%)        7784M (19%)        7916M (19%)        8156M (20%)        7636M (19%)    
[731,717s][info][gc,heap     ] GC(16) O:      Used:    32804M (80%)       33270M (81%)       33176M (81%)       33044M (81%)       33324M (81%)       32804M (80%)    
[731,717s][info][gc,heap     ] GC(16) O: Old Generation Statistics:
[731,717s][info][gc,heap     ] GC(16) O:                Mark Start          Mark End        Relocate Start      Relocate End    
[731,717s][info][gc,heap     ] GC(16) O:      Used:    30750M (75%)       33218M (81%)       33124M (81%)       32988M (81%)    
[731,717s][info][gc,heap     ] GC(16) O:      Live:         -             30438M (74%)       30438M (74%)       30438M (74%)    
[731,717s][info][gc,heap     ] GC(16) O:   Garbage:         -               311M (1%)          217M (1%)           73M (0%)     
[731,717s][info][gc,heap     ] GC(16) O: Allocated:         -              2468M (6%)         2468M (6%)         2475M (6%)     
[731,717s][info][gc,heap     ] GC(16) O: Reclaimed:         -                  -                94M (0%)          237M (1%)     
[731,717s][info][gc,heap     ] GC(16) O: Compacted:         -                  -                  -               136M (0%)     
[731,717s][info][gc,phases   ] GC(16) O: Old Generation 33234M(81%)->33044M(81%) 35,825s
[731,717s][info][gc          ] GC(16) Major Collection (Allocation Rate) 32804M(80%)->33044M(81%) 42,682s
[824,327s][info][gc          ] GC(19) Major Collection (Allocation Rate)
[824,327s][info][gc,task     ] GC(19) Using 4 Workers for Young Generation
[824,327s][info][gc,task     ] GC(19) Using 4 Workers for Old Generation
[824,327s][info][gc,phases   ] GC(19) Y: Young Generation
[824,327s][info][gc,phases   ] GC(19) Y: Pause Mark Start (Major) 0,045ms
[829,937s][info][gc,phases   ] GC(19) Y: Concurrent Mark 5609,938ms
[829,938s][info][gc,phases   ] GC(19) Y: Pause Mark End 0,023ms
[829,949s][info][gc,phases   ] GC(19) Y: Concurrent Mark Free 11,237ms
[829,949s][info][gc,phases   ] GC(19) Y: Concurrent Reset Relocation Set 0,547ms
[829,951s][info][gc,reloc    ] GC(19) Y: Using tenuring threshold: 2 (Computed)
[829,962s][info][gc,phases   ] GC(19) Y: Concurrent Select Relocation Set 12,611ms
[829,962s][info][gc,phases   ] GC(19) Y: Pause Relocate Start 0,020ms
[830,031s][info][gc,phases   ] GC(19) Y: Concurrent Relocate 68,995ms
[830,031s][info][gc,alloc    ] GC(19) Y:                         Mark Start        Mark End      Relocate Start    Relocate End   
[830,032s][info][gc,alloc    ] GC(19) Y: Allocation Stalls:          0                0                0                0         
[830,032s][info][gc,load     ] GC(19) Y: Load: 2,22 (11%) / 3,32 (17%) / 3,50 (18%)
[830,032s][info][gc,mmu      ] GC(19) Y: MMU: 2ms/94,8%, 5ms/97,9%, 10ms/99,0%, 20ms/99,5%, 50ms/99,8%, 100ms/99,9%
[830,032s][info][gc,marking  ] GC(19) Y: Mark: 4 stripe(s), 10 proactive flush(es), 1 terminate flush(es), 0 completion(s), 0 continuation(s) 
[830,032s][info][gc,marking  ] GC(19) Y: Mark Stack Usage: 32M
[830,032s][info][gc,nmethod  ] GC(19) Y: NMethods: 1715 registered, 208 unregistered
[830,032s][info][gc,metaspace] GC(19) Y: Metaspace: 14M used, 14M committed, 1088M reserved
[830,032s][info][gc,reloc    ] GC(19) Y:                        Candidates     Selected     In-Place         Size        Empty    Relocated 
[830,032s][info][gc,reloc    ] GC(19) Y: Small Pages:                 1027           46            0        2054M           0M          42M 
[830,032s][info][gc,reloc    ] GC(19) Y: Medium Pages:                   0            0            0           0M           0M           0M 
[830,032s][info][gc,reloc    ] GC(19) Y: Large Pages:                    0            0            0           0M           0M           0M 
[830,032s][info][gc,reloc    ] GC(19) Y: Forwarding Usage: 49M
[830,032s][info][gc,reloc    ] GC(19) Y: Age Table:
[830,032s][info][gc,reloc    ] GC(19) Y:                    Live             Garbage             Small              Medium             Large        
[830,032s][info][gc,reloc    ] GC(19) Y: Eden            1942M (5%)          109M (0%)        1026 / 46             0 / 0              0 / 0        
[830,032s][info][gc,reloc    ] GC(19) Y: Survivor 1         0M (0%)            1M (0%)           1 / 0              0 / 0              0 / 0        
[830,032s][info][gc,heap     ] GC(19) Y: Min Capacity: 1024M(2%)
[830,032s][info][gc,heap     ] GC(19) Y: Max Capacity: 40960M(100%)
[830,032s][info][gc,heap     ] GC(19) Y: Soft Max Capacity: 40960M(100%)
[830,032s][info][gc,heap     ] GC(19) Y: Heap Statistics:
[830,032s][info][gc,heap     ] GC(19) Y:                Mark Start          Mark End        Relocate Start      Relocate End           High               Low         
[830,032s][info][gc,heap     ] GC(19) Y:  Capacity:    35042M (86%)       35298M (86%)       35298M (86%)       35306M (86%)       35306M (86%)       35042M (86%)    
[830,032s][info][gc,heap     ] GC(19) Y:      Free:     5918M (14%)        5662M (14%)        5662M (14%)        5764M (14%)        5918M (14%)        5654M (14%)    
[830,032s][info][gc,heap     ] GC(19) Y:      Used:    35042M (86%)       35298M (86%)       35298M (86%)       35196M (86%)       35306M (86%)       35042M (86%)    
[830,032s][info][gc,heap     ] GC(19) Y: Young Generation Statistics:
[830,032s][info][gc,heap     ] GC(19) Y:                Mark Start          Mark End        Relocate Start      Relocate End    
[830,032s][info][gc,heap     ] GC(19) Y:      Used:     2054M (5%)         2310M (6%)         2310M (6%)         2208M (5%)     
[830,032s][info][gc,heap     ] GC(19) Y:      Live:         -              1942M (5%)         1942M (5%)         1942M (5%)     
[830,032s][info][gc,heap     ] GC(19) Y:   Garbage:         -               111M (0%)          111M (0%)            4M (0%)     
[830,032s][info][gc,heap     ] GC(19) Y: Allocated:         -               256M (1%)          256M (1%)          260M (1%)     
[830,032s][info][gc,heap     ] GC(19) Y: Reclaimed:         -                  -                 0M (0%)          106M (0%)     
[830,032s][info][gc,heap     ] GC(19) Y:  Promoted:         -                  -                 0M (0%)            0M (0%)     
[830,032s][info][gc,heap     ] GC(19) Y: Compacted:         -                  -                  -                97M (0%)     
[830,032s][info][gc,phases   ] GC(19) Y: Young Generation 35042M(86%)->35196M(86%) 5,704s
[830,032s][info][gc,phases   ] GC(19) O: Old Generation
[911,335s][info][gc,task     ] Adjusting Workers for Old Generation: 4 -> 2
[911,335s][info][gc          ] GC(20) Minor Collection (Allocation Rate)
[911,335s][info][gc,task     ] GC(20) Using 3 Workers for Young Generation
[911,335s][info][gc,phases   ] GC(20) y: Young Generation
[911,336s][info][gc,phases   ] GC(20) y: Pause Mark Start 0,040ms
[918,285s][info][gc,phases   ] GC(20) y: Concurrent Mark 6949,324ms
[918,285s][info][gc,phases   ] GC(20) y: Pause Mark End 0,025ms
[918,285s][info][gc,phases   ] GC(20) y: Concurrent Mark Free 0,002ms
[918,285s][info][gc,phases   ] GC(20) y: Concurrent Reset Relocation Set 0,021ms
[918,290s][info][gc,reloc    ] GC(20) y: Using tenuring threshold: 1 (Computed)
[918,900s][info][gc,phases   ] GC(20) y: Concurrent Select Relocation Set 614,784ms
[918,900s][info][gc,phases   ] GC(20) y: Pause Relocate Start 0,043ms
[920,174s][info][gc,phases   ] GC(20) y: Concurrent Relocate 1273,071ms
[920,174s][info][gc,alloc    ] GC(20) y:                         Mark Start        Mark End      Relocate Start    Relocate End   
[920,174s][info][gc,alloc    ] GC(20) y: Allocation Stalls:          0                0                0                0         
[920,174s][info][gc,load     ] GC(20) y: Load: 5,06 (25%) / 4,03 (20%) / 3,74 (19%)
[920,174s][info][gc,mmu      ] GC(20) y: MMU: 2ms/94,8%, 5ms/97,9%, 10ms/99,0%, 20ms/99,5%, 50ms/99,8%, 100ms/99,9%
[920,174s][info][gc,marking  ] GC(20) y: Mark: 2 stripe(s), 10 proactive flush(es), 1 terminate flush(es), 0 completion(s), 0 continuation(s) 
[920,174s][info][gc,marking  ] GC(20) y: Mark Stack Usage: 32M
[920,174s][info][gc,nmethod  ] GC(20) y: NMethods: 1721 registered, 208 unregistered
[920,174s][info][gc,metaspace] GC(20) y: Metaspace: 14M used, 14M committed, 1088M reserved
[920,174s][info][gc,reloc    ] GC(20) y:                        Candidates     Selected     In-Place         Size        Empty    Relocated 
[920,174s][info][gc,reloc    ] GC(20) y: Small Pages:                 1396           25            0        2792M           0M          20M 
[920,174s][info][gc,reloc    ] GC(20) y: Medium Pages:                   0            0            0           0M           0M           0M 
[920,174s][info][gc,reloc    ] GC(20) y: Large Pages:                    0            0            0           0M           0M           0M 
[920,174s][info][gc,reloc    ] GC(20) y: Forwarding Usage: 22M
[920,174s][info][gc,reloc    ] GC(20) y: Age Table:
[920,174s][info][gc,reloc    ] GC(20) y:                    Live             Garbage             Small              Medium             Large        
[920,174s][info][gc,reloc    ] GC(20) y: Eden             796M (2%)           43M (0%)         420 / 18             0 / 0              0 / 0        
[920,174s][info][gc,reloc    ] GC(20) y: Survivor 1      1930M (5%)           19M (0%)         975 / 6              0 / 0              0 / 0        
[920,174s][info][gc,reloc    ] GC(20) y: Survivor 2         0M (0%)            1M (0%)           1 / 1              0 / 0              0 / 0        
[920,174s][info][gc,heap     ] GC(20) y: Min Capacity: 1024M(2%)
[920,174s][info][gc,heap     ] GC(20) y: Max Capacity: 40960M(100%)
[920,174s][info][gc,heap     ] GC(20) y: Soft Max Capacity: 40960M(100%)
[920,174s][info][gc,heap     ] GC(20) y: Heap Statistics:
[920,174s][info][gc,heap     ] GC(20) y:                Mark Start          Mark End        Relocate Start      Relocate End           High               Low         
[920,174s][info][gc,heap     ] GC(20) y:  Capacity:    35780M (87%)       35994M (88%)       35994M (88%)       36000M (88%)       36000M (88%)       35780M (87%)    
[920,174s][info][gc,heap     ] GC(20) y:      Free:     5180M (13%)        4966M (12%)        4966M (12%)        5014M (12%)        5180M (13%)        4960M (12%)    
[920,174s][info][gc,heap     ] GC(20) y:      Used:    35780M (87%)       35994M (88%)       35994M (88%)       35946M (88%)       36000M (88%)       35780M (87%)    
[920,174s][info][gc,heap     ] GC(20) y: Young Generation Statistics:
[920,174s][info][gc,heap     ] GC(20) y:                Mark Start          Mark End        Relocate Start      Relocate End    
[920,174s][info][gc,heap     ] GC(20) y:      Used:     2792M (7%)         3006M (7%)         1084M (3%)         1020M (2%)     
[920,174s][info][gc,heap     ] GC(20) y:      Live:         -              2727M (7%)          810M (2%)          796M (2%)     
[920,174s][info][gc,heap     ] GC(20) y:   Garbage:         -                64M (0%)           59M (0%)            3M (0%)     
[920,174s][info][gc,heap     ] GC(20) y: Allocated:         -               214M (1%)          214M (1%)          220M (1%)     
[920,174s][info][gc,heap     ] GC(20) y: Reclaimed:         -                  -                 4M (0%)           61M (0%)     
[920,174s][info][gc,heap     ] GC(20) y:  Promoted:         -                  -              1917M (5%)         1930M (5%)     
[920,174s][info][gc,heap     ] GC(20) y: Compacted:         -                  -                  -                31M (0%)     
[920,174s][info][gc,phases   ] GC(20) y: Young Generation 35780M(87%)->35946M(88%) 8,839s
[920,174s][info][gc          ] GC(20) Minor Collection (Allocation Rate) 35780M(87%)->35946M(88%) 8,839s
[923,181s][info][gc,phases   ] GC(19) O: Concurrent Mark 93148,644ms
[923,181s][info][gc,phases   ] GC(19) O: Pause Mark End 0,032ms
[923,181s][info][gc,phases   ] GC(19) O: Concurrent Mark Free 0,003ms
[923,185s][info][gc,phases   ] GC(19) O: Concurrent Process Non-Strong 3,594ms
[923,185s][info][gc,phases   ] GC(19) O: Concurrent Reset Relocation Set 0,024ms
[923,204s][info][gc,phases   ] GC(19) O: Concurrent Select Relocation Set 18,783ms
[923,204s][info][gc,task     ] GC(19) O: Using 5 Workers for Old Generation
[923,251s][info][gc,task     ] GC(19) O: Using 2 Workers for Old Generation
[923,251s][info][gc,phases   ] GC(19) O: Concurrent Remap Roots 46,978ms
[923,251s][info][gc,phases   ] GC(19) O: Pause Relocate Start 0,053ms
[923,488s][info][gc,phases   ] GC(19) O: Concurrent Relocate 237,000ms
[923,488s][info][gc,alloc    ] GC(19) O:                         Mark Start        Mark End      Relocate Start    Relocate End   
[923,488s][info][gc,alloc    ] GC(19) O: Allocation Stalls:          0                0                0                0         
[923,488s][info][gc,load     ] GC(19) O: Load: 5,06 (25%) / 4,04 (20%) / 3,75 (19%)
[923,488s][info][gc,mmu      ] GC(19) O: MMU: 2ms/94,8%, 5ms/97,9%, 10ms/99,0%, 20ms/99,5%, 50ms/99,8%, 100ms/99,9%
[923,488s][info][gc,marking  ] GC(19) O: Mark: 4 stripe(s), 10 proactive flush(es), 1 terminate flush(es), 0 completion(s), 0 continuation(s) 
[923,489s][info][gc,marking  ] GC(19) O: Mark Stack Usage: 64M
[923,489s][info][gc,nmethod  ] GC(19) O: NMethods: 1721 registered, 208 unregistered
[923,489s][info][gc,metaspace] GC(19) O: Metaspace: 14M used, 14M committed, 1088M reserved
[923,489s][info][gc,ref      ] GC(19) O:                       Encountered   Discovered     Enqueued 
[923,489s][info][gc,ref      ] GC(19) O: Soft References:             3531            0            0 
[923,489s][info][gc,ref      ] GC(19) O: Weak References:              893          369            0 
[923,489s][info][gc,ref      ] GC(19) O: Final References:               0            0            0 
[923,489s][info][gc,ref      ] GC(19) O: Phantom References:            20           15            0 
[923,489s][info][gc,reloc    ] GC(19) O:                        Candidates     Selected     In-Place         Size        Empty    Relocated 
[923,489s][info][gc,reloc    ] GC(19) O: Small Pages:                16494           74            0       32988M         120M          67M 
[923,489s][info][gc,reloc    ] GC(19) O: Medium Pages:                   0            0            0           0M           0M           0M 
[923,489s][info][gc,reloc    ] GC(19) O: Large Pages:                    0            0            0           0M           0M           0M 
[923,489s][info][gc,reloc    ] GC(19) O: Forwarding Usage: 84M
[923,489s][info][gc,heap     ] GC(19) O: Min Capacity: 1024M(2%)
[923,489s][info][gc,heap     ] GC(19) O: Max Capacity: 40960M(100%)
[923,489s][info][gc,heap     ] GC(19) O: Soft Max Capacity: 40960M(100%)
[923,489s][info][gc,heap     ] GC(19) O: Heap Statistics:
[923,489s][info][gc,heap     ] GC(19) O:                Mark Start          Mark End        Relocate Start      Relocate End           High               Low         
[923,489s][info][gc,heap     ] GC(19) O:  Capacity:    35042M (86%)       36000M (88%)       36000M (88%)       36000M (88%)       36000M (88%)       35042M (86%)    
[923,489s][info][gc,heap     ] GC(19) O:      Free:     5918M (14%)        5014M (12%)        5134M (13%)        5300M (13%)        5918M (14%)        4960M (12%)    
[923,489s][info][gc,heap     ] GC(19) O:      Used:    35042M (86%)       35946M (88%)       35826M (87%)       35660M (87%)       36000M (88%)       35042M (86%)    
[923,489s][info][gc,heap     ] GC(19) O: Old Generation Statistics:
[923,489s][info][gc,heap     ] GC(19) O:                Mark Start          Mark End        Relocate Start      Relocate End    
[923,489s][info][gc,heap     ] GC(19) O:      Used:    32988M (81%)       34926M (85%)       34806M (85%)       34640M (85%)    
[923,489s][info][gc,heap     ] GC(19) O:      Live:         -             32616M (80%)       32616M (80%)       32616M (80%)    
[923,489s][info][gc,heap     ] GC(19) O:   Garbage:         -               371M (1%)          251M (1%)           78M (0%)     
[923,489s][info][gc,heap     ] GC(19) O: Allocated:         -              1938M (5%)         1938M (5%)         1945M (5%)     
[923,489s][info][gc,heap     ] GC(19) O: Reclaimed:         -                  -               120M (0%)          293M (1%)     
[923,489s][info][gc,heap     ] GC(19) O: Compacted:         -                  -                  -               174M (0%)     
[923,489s][info][gc,phases   ] GC(19) O: Old Generation 35196M(86%)->35660M(87%) 93,456s
[923,489s][info][gc          ] GC(19) Major Collection (Allocation Rate) 35042M(86%)->35660M(87%) 99,162s
[1001,778s][info][gc          ] GC(21) Major Collection (Allocation Rate)
[1001,779s][info][gc,task     ] GC(21) Using 5 Workers for Young Generation
[1001,779s][info][gc,task     ] GC(21) Using 2 Workers for Old Generation
[1001,779s][info][gc,phases   ] GC(21) Y: Young Generation
[1001,779s][info][gc,phases   ] GC(21) Y: Pause Mark Start (Major) 0,021ms
[1008,923s][info][gc,phases   ] GC(21) Y: Concurrent Mark 7144,276ms
[1008,923s][info][gc,phases   ] GC(21) Y: Pause Mark End 0,028ms
[1008,923s][info][gc,phases   ] GC(21) Y: Concurrent Mark Free 0,001ms
[1008,924s][info][gc,phases   ] GC(21) Y: Concurrent Reset Relocation Set 0,796ms
[1008,926s][info][gc,reloc    ] GC(21) Y: Using tenuring threshold: 2 (Computed)
[1008,931s][info][gc,phases   ] GC(21) Y: Concurrent Select Relocation Set 6,343ms
[1008,931s][info][gc,phases   ] GC(21) Y: Pause Relocate Start 0,039ms
[1008,974s][info][gc,phases   ] GC(21) Y: Concurrent Relocate 42,834ms
[1008,974s][info][gc,alloc    ] GC(21) Y:                         Mark Start        Mark End      Relocate Start    Relocate End   
[1008,974s][info][gc,alloc    ] GC(21) Y: Allocation Stalls:          0                0                0                0         
[1008,974s][info][gc,load     ] GC(21) Y: Load: 2,89 (14%) / 3,59 (18%) / 3,61 (18%)
[1008,974s][info][gc,mmu      ] GC(21) Y: MMU: 2ms/94,8%, 5ms/97,9%, 10ms/99,0%, 20ms/99,5%, 50ms/99,8%, 100ms/99,9%
[1008,974s][info][gc,marking  ] GC(21) Y: Mark: 4 stripe(s), 10 proactive flush(es), 1 terminate flush(es), 0 completion(s), 0 continuation(s) 
[1008,974s][info][gc,marking  ] GC(21) Y: Mark Stack Usage: 32M
[1008,974s][info][gc,nmethod  ] GC(21) Y: NMethods: 1763 registered, 208 unregistered
[1008,974s][info][gc,metaspace] GC(21) Y: Metaspace: 14M used, 14M committed, 1088M reserved
[1008,974s][info][gc,reloc    ] GC(21) Y:                        Candidates     Selected     In-Place         Size        Empty    Relocated 
[1008,974s][info][gc,reloc    ] GC(21) Y: Small Pages:                 1026           37            0        2052M           0M          31M 
[1008,974s][info][gc,reloc    ] GC(21) Y: Medium Pages:                   0            0            0           0M           0M           0M 
[1008,974s][info][gc,reloc    ] GC(21) Y: Large Pages:                    0            0            0           0M           0M           0M 
[1008,974s][info][gc,reloc    ] GC(21) Y: Forwarding Usage: 36M
[1008,974s][info][gc,reloc    ] GC(21) Y: Age Table:
[1008,974s][info][gc,reloc    ] GC(21) Y:                    Live             Garbage             Small              Medium             Large        
[1008,974s][info][gc,reloc    ] GC(21) Y: Eden            1180M (3%)           69M (0%)         625 / 28             0 / 0              0 / 0        
[1008,974s][info][gc,reloc    ] GC(21) Y: Survivor 1       781M (2%)           20M (0%)         401 / 9              0 / 0              0 / 0        
[1008,974s][info][gc,heap     ] GC(21) Y: Min Capacity: 1024M(2%)
[1008,974s][info][gc,heap     ] GC(21) Y: Max Capacity: 40960M(100%)
[1008,974s][info][gc,heap     ] GC(21) Y: Soft Max Capacity: 40960M(100%)
[1008,974s][info][gc,heap     ] GC(21) Y: Heap Statistics:
[1008,974s][info][gc,heap     ] GC(21) Y:                Mark Start          Mark End        Relocate Start      Relocate End           High               Low         
[1008,974s][info][gc,heap     ] GC(21) Y:  Capacity:    36692M (90%)       37170M (91%)       37170M (91%)       37180M (91%)       37180M (91%)       36692M (90%)    
[1008,974s][info][gc,heap     ] GC(21) Y:      Free:     4268M (10%)        3790M (9%)         3790M (9%)         3866M (9%)         4268M (10%)        3780M (9%)     
[1008,974s][info][gc,heap     ] GC(21) Y:      Used:    36692M (90%)       37170M (91%)       37170M (91%)       37094M (91%)       37180M (91%)       36692M (90%)    
[1008,974s][info][gc,heap     ] GC(21) Y: Young Generation Statistics:
[1008,974s][info][gc,heap     ] GC(21) Y:                Mark Start          Mark End        Relocate Start      Relocate End    
[1008,974s][info][gc,heap     ] GC(21) Y:      Used:     2052M (5%)         2530M (6%)         2530M (6%)         2454M (6%)     
[1008,974s][info][gc,heap     ] GC(21) Y:      Live:         -              1961M (5%)         1961M (5%)         1961M (5%)     
[1008,974s][info][gc,heap     ] GC(21) Y:   Garbage:         -                90M (0%)           90M (0%)            5M (0%)     
[1008,974s][info][gc,heap     ] GC(21) Y: Allocated:         -               478M (1%)          478M (1%)          486M (1%)     
[1008,974s][info][gc,heap     ] GC(21) Y: Reclaimed:         -                  -                 0M (0%)           84M (0%)     
[1008,974s][info][gc,heap     ] GC(21) Y:  Promoted:         -                  -                 0M (0%)            0M (0%)     
[1008,974s][info][gc,heap     ] GC(21) Y: Compacted:         -                  -                  -                71M (0%)     
[1008,974s][info][gc,phases   ] GC(21) Y: Young Generation 36692M(90%)->37094M(91%) 7,195s
[1008,974s][info][gc,phases   ] GC(21) O: Old Generation
[1008,976s][info][gc          ] GC(22) Minor Collection (Allocation Rate)
[1008,976s][info][gc,task     ] GC(22) Using 3 Workers for Young Generation
[1008,976s][info][gc,phases   ] GC(22) y: Young Generation
[1008,976s][info][gc,phases   ] GC(22) y: Pause Mark Start 0,029ms
[1015,298s][info][gc,phases   ] GC(22) y: Concurrent Mark 6321,969ms
[1015,298s][info][gc,phases   ] GC(22) y: Pause Mark End 0,040ms
[1015,299s][info][gc,phases   ] GC(22) y: Concurrent Mark Free 0,002ms
[1015,299s][info][gc,phases   ] GC(22) y: Concurrent Reset Relocation Set 0,016ms
[1015,301s][info][gc,reloc    ] GC(22) y: Using tenuring threshold: 1 (Computed)
[1015,842s][info][gc,phases   ] GC(22) y: Concurrent Select Relocation Set 543,375ms
[1015,842s][info][gc,phases   ] GC(22) y: Pause Relocate Start 0,025ms
[1017,099s][info][gc,phases   ] GC(22) y: Concurrent Relocate 1256,239ms
[1017,099s][info][gc,alloc    ] GC(22) y:                         Mark Start        Mark End      Relocate Start    Relocate End   
[1017,099s][info][gc,alloc    ] GC(22) y: Allocation Stalls:          0                0                0                0         
[1017,099s][info][gc,load     ] GC(22) y: Load: 3,29 (16%) / 3,65 (18%) / 3,63 (18%)
[1017,099s][info][gc,mmu      ] GC(22) y: MMU: 2ms/94,8%, 5ms/97,9%, 10ms/99,0%, 20ms/99,5%, 50ms/99,8%, 100ms/99,9%
[1017,099s][info][gc,marking  ] GC(22) y: Mark: 2 stripe(s), 10 proactive flush(es), 1 terminate flush(es), 0 completion(s), 0 continuation(s) 
[1017,099s][info][gc,marking  ] GC(22) y: Mark Stack Usage: 32M
[1017,099s][info][gc,nmethod  ] GC(22) y: NMethods: 1763 registered, 208 unregistered
[1017,099s][info][gc,metaspace] GC(22) y: Metaspace: 14M used, 14M committed, 1088M reserved
[1017,099s][info][gc,reloc    ] GC(22) y:                        Candidates     Selected     In-Place         Size        Empty    Relocated 
[1017,099s][info][gc,reloc    ] GC(22) y: Small Pages:                 1227            6            0        2454M           0M           3M 
[1017,099s][info][gc,reloc    ] GC(22) y: Medium Pages:                   0            0            0           0M           0M           0M 
[1017,099s][info][gc,reloc    ] GC(22) y: Large Pages:                    0            0            0           0M           0M           0M 
[1017,099s][info][gc,reloc    ] GC(22) y: Forwarding Usage: 4M
[1017,099s][info][gc,reloc    ] GC(22) y: Age Table:
[1017,099s][info][gc,reloc    ] GC(22) y:                    Live             Garbage             Small              Medium             Large        
[1017,099s][info][gc,reloc    ] GC(22) y: Eden             474M (1%)            3M (0%)         239 / 1              0 / 0              0 / 0        
[1017,099s][info][gc,reloc    ] GC(22) y: Survivor 1      1177M (3%)           10M (0%)         594 / 3              0 / 0              0 / 0        
[1017,099s][info][gc,reloc    ] GC(22) y: Survivor 2       781M (2%)            6M (0%)         394 / 2              0 / 0              0 / 0        
[1017,099s][info][gc,heap     ] GC(22) y: Min Capacity: 1024M(2%)
[1017,099s][info][gc,heap     ] GC(22) y: Max Capacity: 40960M(100%)
[1017,099s][info][gc,heap     ] GC(22) y: Soft Max Capacity: 40960M(100%)
[1017,099s][info][gc,heap     ] GC(22) y: Heap Statistics:
[1017,099s][info][gc,heap     ] GC(22) y:                Mark Start          Mark End        Relocate Start      Relocate End           High               Low         
[1017,099s][info][gc,heap     ] GC(22) y:  Capacity:    37180M (91%)       37180M (91%)       37180M (91%)       37180M (91%)       37180M (91%)       37180M (91%)    
[1017,099s][info][gc,heap     ] GC(22) y:      Free:     3866M (9%)         3844M (9%)         3844M (9%)         3844M (9%)         3866M (9%)         3838M (9%)     
[1017,099s][info][gc,heap     ] GC(22) y:      Used:    37094M (91%)       37116M (91%)       37116M (91%)       37116M (91%)       37122M (91%)       37094M (91%)    
[1017,099s][info][gc,heap     ] GC(22) y: Young Generation Statistics:
[1017,099s][info][gc,heap     ] GC(22) y:                Mark Start          Mark End        Relocate Start      Relocate End    
[1017,099s][info][gc,heap     ] GC(22) y:      Used:     2454M (6%)         2476M (6%)          518M (1%)          508M (1%)     
[1017,099s][info][gc,heap     ] GC(22) y:      Live:         -              2433M (6%)          481M (1%)          474M (1%)     
[1017,099s][info][gc,heap     ] GC(22) y:   Garbage:         -                20M (0%)           14M (0%)            1M (0%)     
[1017,099s][info][gc,heap     ] GC(22) y: Allocated:         -                22M (0%)           22M (0%)           31M (0%)     
[1017,099s][info][gc,heap     ] GC(22) y: Reclaimed:         -                  -                 6M (0%)           19M (0%)     
[1017,099s][info][gc,heap     ] GC(22) y:  Promoted:         -                  -              1951M (5%)         1958M (5%)     
[1017,099s][info][gc,heap     ] GC(22) y: Compacted:         -                  -                  -                 0M (0%)     
[1017,099s][info][gc,phases   ] GC(22) y: Young Generation 37094M(91%)->37116M(91%) 8,123s
[1017,099s][info][gc          ] GC(22) Minor Collection (Allocation Rate) 37094M(91%)->37116M(91%) 8,124s
[1071,039s][info][gc,phases   ] GC(21) O: Concurrent Mark 62065,037ms
[1071,039s][info][gc,phases   ] GC(21) O: Pause Mark End 0,051ms
[1071,039s][info][gc,phases   ] GC(21) O: Concurrent Mark Free 0,002ms
[1071,043s][info][gc,phases   ] GC(21) O: Concurrent Process Non-Strong 3,106ms
[1071,043s][info][gc,phases   ] GC(21) O: Concurrent Reset Relocation Set 0,014ms
[1071,052s][info][gc,phases   ] GC(21) O: Concurrent Select Relocation Set 9,341ms
[1071,052s][info][gc,task     ] GC(21) O: Using 5 Workers for Old Generation
[1071,094s][info][gc,task     ] GC(21) O: Using 2 Workers for Old Generation
[1071,094s][info][gc,phases   ] GC(21) O: Concurrent Remap Roots 42,453ms
[1071,095s][info][gc,phases   ] GC(21) O: Pause Relocate Start 0,024ms
[1071,306s][info][gc,phases   ] GC(21) O: Concurrent Relocate 210,857ms
[1071,306s][info][gc,alloc    ] GC(21) O:                         Mark Start        Mark End      Relocate Start    Relocate End   
[1071,306s][info][gc,alloc    ] GC(21) O: Allocation Stalls:          0                0                0                0         
[1071,306s][info][gc,load     ] GC(21) O: Load: 3,31 (17%) / 3,62 (18%) / 3,63 (18%)
[1071,306s][info][gc,mmu      ] GC(21) O: MMU: 2ms/94,8%, 5ms/97,9%, 10ms/99,0%, 20ms/99,5%, 50ms/99,8%, 100ms/99,9%
[1071,306s][info][gc,marking  ] GC(21) O: Mark: 2 stripe(s), 10 proactive flush(es), 1 terminate flush(es), 0 completion(s), 0 continuation(s) 
[1071,306s][info][gc,marking  ] GC(21) O: Mark Stack Usage: 64M
[1071,306s][info][gc,nmethod  ] GC(21) O: NMethods: 1765 registered, 209 unregistered
[1071,306s][info][gc,metaspace] GC(21) O: Metaspace: 14M used, 14M committed, 1088M reserved
[1071,306s][info][gc,ref      ] GC(21) O:                       Encountered   Discovered     Enqueued 
[1071,306s][info][gc,ref      ] GC(21) O: Soft References:             3531            0            0 
[1071,306s][info][gc,ref      ] GC(21) O: Weak References:              893          213            0 
[1071,306s][info][gc,ref      ] GC(21) O: Final References:               0            0            0 
[1071,306s][info][gc,ref      ] GC(21) O: Phantom References:            20           11            0 
[1071,306s][info][gc,reloc    ] GC(21) O:                        Candidates     Selected     In-Place         Size        Empty    Relocated 
[1071,306s][info][gc,reloc    ] GC(21) O: Small Pages:                17320           72            0       34640M         138M          67M 
[1071,306s][info][gc,reloc    ] GC(21) O: Medium Pages:                   0            0            0           0M           0M           0M 
[1071,306s][info][gc,reloc    ] GC(21) O: Large Pages:                    0            0            0           0M           0M           0M 
[1071,306s][info][gc,reloc    ] GC(21) O: Forwarding Usage: 88M
[1071,306s][info][gc,heap     ] GC(21) O: Min Capacity: 1024M(2%)
[1071,306s][info][gc,heap     ] GC(21) O: Max Capacity: 40960M(100%)
[1071,306s][info][gc,heap     ] GC(21) O: Soft Max Capacity: 40960M(100%)
[1071,306s][info][gc,heap     ] GC(21) O: Heap Statistics:
[1071,306s][info][gc,heap     ] GC(21) O:                Mark Start          Mark End        Relocate Start      Relocate End           High               Low         
[1071,306s][info][gc,heap     ] GC(21) O:  Capacity:    36692M (90%)       37888M (92%)       37888M (92%)       37888M (92%)       37888M (92%)       36692M (90%)    
[1071,306s][info][gc,heap     ] GC(21) O:      Free:     4268M (10%)        3072M (8%)         3210M (8%)         3376M (8%)         4268M (10%)        3072M (8%)     
[1071,306s][info][gc,heap     ] GC(21) O:      Used:    36692M (90%)       37888M (92%)       37750M (92%)       37584M (92%)       37888M (92%)       36692M (90%)    
[1071,306s][info][gc,heap     ] GC(21) O: Old Generation Statistics:
[1071,306s][info][gc,heap     ] GC(21) O:                Mark Start          Mark End        Relocate Start      Relocate End    
[1071,306s][info][gc,heap     ] GC(21) O:      Used:    34640M (85%)       36608M (89%)       36470M (89%)       36304M (89%)    
[1071,306s][info][gc,heap     ] GC(21) O:      Live:         -             34250M (84%)       34250M (84%)       34250M (84%)    
[1071,306s][info][gc,heap     ] GC(21) O:   Garbage:         -               389M (1%)          251M (1%)           81M (0%)     
[1071,306s][info][gc,heap     ] GC(21) O: Allocated:         -              1968M (5%)         1968M (5%)         1972M (5%)     
[1071,306s][info][gc,heap     ] GC(21) O: Reclaimed:         -                  -               138M (0%)          308M (1%)     
[1071,306s][info][gc,heap     ] GC(21) O: Compacted:         -                  -                  -               181M (0%)     
[1071,306s][info][gc,phases   ] GC(21) O: Old Generation 37094M(91%)->37584M(92%) 62,332s
[1071,306s][info][gc          ] GC(21) Major Collection (Allocation Rate) 36692M(90%)->37584M(92%) 69,528s
[1151,659s][info][gc          ] GC(23) Major Collection (Allocation Rate)
[1151,659s][info][gc,task     ] GC(23) Using 5 Workers for Young Generation
[1151,659s][info][gc,task     ] GC(23) Using 3 Workers for Old Generation
[1151,659s][info][gc,phases   ] GC(23) Y: Young Generation
[1151,659s][info][gc,phases   ] GC(23) Y: Pause Mark Start (Major) 0,054ms
[1158,262s][info][gc,phases   ] GC(23) Y: Concurrent Mark 6602,149ms
[1158,262s][info][gc,phases   ] GC(23) Y: Pause Mark End 0,028ms
[1158,262s][info][gc,phases   ] GC(23) Y: Concurrent Mark Free 0,002ms
[1158,263s][info][gc,phases   ] GC(23) Y: Concurrent Reset Relocation Set 0,705ms
[1158,265s][info][gc,reloc    ] GC(23) Y: Using tenuring threshold: 2 (Computed)
[1158,273s][info][gc,phases   ] GC(23) Y: Concurrent Select Relocation Set 10,367ms
[1158,273s][info][gc,phases   ] GC(23) Y: Pause Relocate Start 0,023ms
[1158,323s][info][gc,phases   ] GC(23) Y: Concurrent Relocate 49,850ms
[1158,323s][info][gc,alloc    ] GC(23) Y:                         Mark Start        Mark End      Relocate Start    Relocate End   
[1158,323s][info][gc,alloc    ] GC(23) Y: Allocation Stalls:          0                0                0                0         
[1158,323s][info][gc,load     ] GC(23) Y: Load: 2,56 (13%) / 3,35 (17%) / 3,53 (18%)
[1158,323s][info][gc,mmu      ] GC(23) Y: MMU: 2ms/94,8%, 5ms/97,9%, 10ms/99,0%, 20ms/99,5%, 50ms/99,8%, 100ms/99,9%
[1158,323s][info][gc,marking  ] GC(23) Y: Mark: 4 stripe(s), 10 proactive flush(es), 1 terminate flush(es), 0 completion(s), 0 continuation(s) 
[1158,323s][info][gc,marking  ] GC(23) Y: Mark Stack Usage: 32M
[1158,323s][info][gc,nmethod  ] GC(23) Y: NMethods: 1768 registered, 209 unregistered
[1158,323s][info][gc,metaspace] GC(23) Y: Metaspace: 14M used, 14M committed, 1088M reserved
[1158,323s][info][gc,reloc    ] GC(23) Y:                        Candidates     Selected     In-Place         Size        Empty    Relocated 
[1158,323s][info][gc,reloc    ] GC(23) Y: Small Pages:                 1025           38            0        2050M           0M          35M 
[1158,323s][info][gc,reloc    ] GC(23) Y: Medium Pages:                   0            0            0           0M           0M           0M 
[1158,323s][info][gc,reloc    ] GC(23) Y: Large Pages:                    0            0            0           0M           0M           0M 
[1158,323s][info][gc,reloc    ] GC(23) Y: Forwarding Usage: 40M
[1158,323s][info][gc,reloc    ] GC(23) Y: Age Table:
[1158,323s][info][gc,reloc    ] GC(23) Y:                    Live             Garbage             Small              Medium             Large        
[1158,323s][info][gc,reloc    ] GC(23) Y: Eden            1485M (4%)           86M (0%)         786 / 36             0 / 0              0 / 0        
[1158,323s][info][gc,reloc    ] GC(23) Y: Survivor 1       471M (1%)            6M (0%)         239 / 2              0 / 0              0 / 0        
[1158,323s][info][gc,heap     ] GC(23) Y: Min Capacity: 1024M(2%)
[1158,323s][info][gc,heap     ] GC(23) Y: Max Capacity: 40960M(100%)
[1158,323s][info][gc,heap     ] GC(23) Y: Soft Max Capacity: 40960M(100%)
[1158,323s][info][gc,heap     ] GC(23) Y: Heap Statistics:
[1158,323s][info][gc,heap     ] GC(23) Y:                Mark Start          Mark End        Relocate Start      Relocate End           High               Low         
[1158,323s][info][gc,heap     ] GC(23) Y:  Capacity:    38354M (94%)       39064M (95%)       39064M (95%)       39074M (95%)       39074M (95%)       38354M (94%)    
[1158,323s][info][gc,heap     ] GC(23) Y:      Free:     2606M (6%)         1896M (5%)         1896M (5%)         1978M (5%)         2606M (6%)         1886M (5%)     
[1158,323s][info][gc,heap     ] GC(23) Y:      Used:    38354M (94%)       39064M (95%)       39064M (95%)       38982M (95%)       39074M (95%)       38354M (94%)    
[1158,323s][info][gc,heap     ] GC(23) Y: Young Generation Statistics:
[1158,323s][info][gc,heap     ] GC(23) Y:                Mark Start          Mark End        Relocate Start      Relocate End    
[1158,323s][info][gc,heap     ] GC(23) Y:      Used:     2050M (5%)         2760M (7%)         2760M (7%)         2678M (7%)     
[1158,323s][info][gc,heap     ] GC(23) Y:      Live:         -              1956M (5%)         1956M (5%)         1956M (5%)     
[1158,323s][info][gc,heap     ] GC(23) Y:   Garbage:         -                93M (0%)           93M (0%)            5M (0%)     
[1158,323s][info][gc,heap     ] GC(23) Y: Allocated:         -               710M (2%)          710M (2%)          715M (2%)     
[1158,324s][info][gc,heap     ] GC(23) Y: Reclaimed:         -                  -                 0M (0%)           87M (0%)     
[1158,324s][info][gc,heap     ] GC(23) Y:  Promoted:         -                  -                 0M (0%)            0M (0%)     
[1158,324s][info][gc,heap     ] GC(23) Y: Compacted:         -                  -                  -                80M (0%)     
[1158,324s][info][gc,phases   ] GC(23) Y: Young Generation 38354M(94%)->38982M(95%) 6,664s
[1158,324s][info][gc,phases   ] GC(23) O: Old Generation
[1158,326s][info][gc,task     ] Adjusting Workers for Old Generation: 3 -> 2
[1158,326s][info][gc          ] GC(24) Minor Collection (Allocation Rate)
[1158,326s][info][gc,task     ] GC(24) Using 3 Workers for Young Generation
[1158,326s][info][gc,phases   ] GC(24) y: Young Generation
[1158,326s][info][gc,phases   ] GC(24) y: Pause Mark Start 0,031ms
[1165,510s][info][gc,phases   ] GC(24) y: Concurrent Mark 7183,654ms
[1165,510s][info][gc,phases   ] GC(24) y: Pause Mark End 0,029ms
[1165,511s][info][gc,phases   ] GC(24) y: Concurrent Mark Free 0,001ms
[1165,511s][info][gc,phases   ] GC(24) y: Concurrent Reset Relocation Set 0,021ms
[1165,515s][info][gc,reloc    ] GC(24) y: Using tenuring threshold: 3 (Computed)
[1165,519s][info][gc,phases   ] GC(24) y: Concurrent Select Relocation Set 8,462ms
[1165,519s][info][gc,phases   ] GC(24) y: Pause Relocate Start 0,022ms
[1165,535s][info][gc,phases   ] GC(24) y: Concurrent Relocate 15,773ms
[1165,535s][info][gc,alloc    ] GC(24) y:                         Mark Start        Mark End      Relocate Start    Relocate End   
[1165,535s][info][gc,alloc    ] GC(24) y: Allocation Stalls:          0                0                0                0         
[1165,535s][info][gc,load     ] GC(24) y: Load: 2,92 (15%) / 3,41 (17%) / 3,55 (18%)
[1165,535s][info][gc,mmu      ] GC(24) y: MMU: 2ms/94,8%, 5ms/97,9%, 10ms/99,0%, 20ms/99,5%, 50ms/99,8%, 100ms/99,9%
[1165,535s][info][gc,marking  ] GC(24) y: Mark: 2 stripe(s), 10 proactive flush(es), 1 terminate flush(es), 0 completion(s), 0 continuation(s) 
[1165,535s][info][gc,marking  ] GC(24) y: Mark Stack Usage: 32M
[1165,535s][info][gc,nmethod  ] GC(24) y: NMethods: 1768 registered, 209 unregistered
[1165,535s][info][gc,metaspace] GC(24) y: Metaspace: 14M used, 14M committed, 1088M reserved
[1165,535s][info][gc,reloc    ] GC(24) y:                        Candidates     Selected     In-Place         Size        Empty    Relocated 
[1165,535s][info][gc,reloc    ] GC(24) y: Small Pages:                 1339            7            0        2678M           0M           6M 
[1165,535s][info][gc,reloc    ] GC(24) y: Medium Pages:                   0            0            0           0M           0M           0M 
[1165,535s][info][gc,reloc    ] GC(24) y: Large Pages:                    0            0            0           0M           0M           0M 
[1165,535s][info][gc,reloc    ] GC(24) y: Forwarding Usage: 9M
[1165,535s][info][gc,reloc    ] GC(24) y: Age Table:
[1165,535s][info][gc,reloc    ] GC(24) y:                    Live             Garbage             Small              Medium             Large        
[1165,535s][info][gc,reloc    ] GC(24) y: Eden             705M (2%)            4M (0%)         355 / 0              0 / 0              0 / 0        
[1165,535s][info][gc,reloc    ] GC(24) y: Survivor 1      1476M (4%)           15M (0%)         746 / 6              0 / 0              0 / 0        
[1165,535s][info][gc,reloc    ] GC(24) y: Survivor 2       471M (1%)            4M (0%)         238 / 1              0 / 0              0 / 0        
[1165,535s][info][gc,heap     ] GC(24) y: Min Capacity: 1024M(2%)
[1165,535s][info][gc,heap     ] GC(24) y: Max Capacity: 40960M(100%)
[1165,535s][info][gc,heap     ] GC(24) y: Soft Max Capacity: 40960M(100%)
[1165,535s][info][gc,heap     ] GC(24) y: Heap Statistics:
[1165,535s][info][gc,heap     ] GC(24) y:                Mark Start          Mark End        Relocate Start      Relocate End           High               Low         
[1165,536s][info][gc,heap     ] GC(24) y:  Capacity:    39074M (95%)       39074M (95%)       39074M (95%)       39074M (95%)       39074M (95%)       39074M (95%)    
[1165,536s][info][gc,heap     ] GC(24) y:      Free:     1978M (5%)         1970M (5%)         1970M (5%)         1976M (5%)         1978M (5%)         1962M (5%)     
[1165,536s][info][gc,heap     ] GC(24) y:      Used:    38982M (95%)       38990M (95%)       38990M (95%)       38984M (95%)       38998M (95%)       38982M (95%)    
[1165,536s][info][gc,heap     ] GC(24) y: Young Generation Statistics:
[1165,536s][info][gc,heap     ] GC(24) y:                Mark Start          Mark End        Relocate Start      Relocate End    
[1165,536s][info][gc,heap     ] GC(24) y:      Used:     2678M (7%)         2686M (7%)         2686M (7%)         2680M (7%)     
[1165,536s][info][gc,heap     ] GC(24) y:      Live:         -              2653M (6%)         2653M (6%)         2653M (6%)     
[1165,536s][info][gc,heap     ] GC(24) y:   Garbage:         -                24M (0%)           24M (0%)            7M (0%)     
[1165,536s][info][gc,heap     ] GC(24) y: Allocated:         -                 8M (0%)            8M (0%)           18M (0%)     
[1165,536s][info][gc,heap     ] GC(24) y: Reclaimed:         -                  -                 0M (0%)           16M (0%)     
[1165,536s][info][gc,heap     ] GC(24) y:  Promoted:         -                  -                 0M (0%)            0M (0%)     
[1165,536s][info][gc,heap     ] GC(24) y: Compacted:         -                  -                  -                15M (0%)     
[1165,536s][info][gc,phases   ] GC(24) y: Young Generation 38982M(95%)->38984M(95%) 7,209s
[1165,536s][info][gc          ] GC(24) Minor Collection (Allocation Rate) 38982M(95%)->38984M(95%) 7,210s
[1165,536s][info][gc,task     ] Adjusting Workers for Old Generation: 2 -> 3
[1165,536s][info][gc          ] GC(25) Minor Collection (Allocation Rate)
[1165,536s][info][gc,task     ] GC(25) Using 2 Workers for Young Generation
[1165,536s][info][gc,phases   ] GC(25) y: Young Generation
[1165,536s][info][gc,phases   ] GC(25) y: Pause Mark Start 0,040ms
[1171,803s][info][gc,phases   ] GC(25) y: Concurrent Mark 6266,126ms
[1171,803s][info][gc,phases   ] GC(25) y: Pause Mark End 0,026ms
[1171,803s][info][gc,phases   ] GC(25) y: Concurrent Mark Free 0,001ms
[1171,803s][info][gc,phases   ] GC(25) y: Concurrent Reset Relocation Set 0,005ms
[1171,808s][info][gc,reloc    ] GC(25) y: Using tenuring threshold: 1 (Computed)
[1173,332s][info][gc,phases   ] GC(25) y: Concurrent Select Relocation Set 1529,007ms
[1173,333s][info][gc,phases   ] GC(25) y: Pause Relocate Start 0,025ms
[1176,109s][info][gc,phases   ] GC(25) y: Concurrent Relocate 2775,629ms
[1176,109s][info][gc,alloc    ] GC(25) y:                         Mark Start        Mark End      Relocate Start    Relocate End   
[1176,109s][info][gc,alloc    ] GC(25) y: Allocation Stalls:          0                0                0                0         
[1176,109s][info][gc,load     ] GC(25) y: Load: 4,26 (21%) / 3,69 (18%) / 3,64 (18%)
[1176,109s][info][gc,mmu      ] GC(25) y: MMU: 2ms/94,8%, 5ms/97,9%, 10ms/99,0%, 20ms/99,5%, 50ms/99,8%, 100ms/99,9%
[1176,109s][info][gc,marking  ] GC(25) y: Mark: 2 stripe(s), 10 proactive flush(es), 1 terminate flush(es), 0 completion(s), 0 continuation(s) 
[1176,109s][info][gc,marking  ] GC(25) y: Mark Stack Usage: 32M
[1176,109s][info][gc,nmethod  ] GC(25) y: NMethods: 1768 registered, 209 unregistered
[1176,109s][info][gc,metaspace] GC(25) y: Metaspace: 14M used, 14M committed, 1088M reserved
[1176,109s][info][gc,reloc    ] GC(25) y:                        Candidates     Selected     In-Place         Size        Empty    Relocated 
[1176,109s][info][gc,reloc    ] GC(25) y: Small Pages:                 1340            8            0        2680M           0M           4M 
[1176,109s][info][gc,reloc    ] GC(25) y: Medium Pages:                   0            0            0           0M           0M           0M 
[1176,109s][info][gc,reloc    ] GC(25) y: Large Pages:                    0            0            0           0M           0M           0M 
[1176,109s][info][gc,reloc    ] GC(25) y: Forwarding Usage: 4M
[1176,109s][info][gc,reloc    ] GC(25) y: Age Table:
[1176,109s][info][gc,reloc    ] GC(25) y:                    Live             Garbage             Small              Medium             Large        
[1176,109s][info][gc,reloc    ] GC(25) y: Eden               6M (0%)            1M (0%)           4 / 1              0 / 0              0 / 0        
[1176,109s][info][gc,reloc    ] GC(25) y: Survivor 1       705M (2%)            6M (0%)         356 / 1              0 / 0              0 / 0        
[1176,109s][info][gc,reloc    ] GC(25) y: Survivor 2      1469M (4%)           14M (0%)         742 / 4              0 / 0              0 / 0        
[1176,109s][info][gc,reloc    ] GC(25) y: Survivor 3       471M (1%)            4M (0%)         238 / 2              0 / 0              0 / 0        
[1176,109s][info][gc,heap     ] GC(25) y: Min Capacity: 1024M(2%)
[1176,109s][info][gc,heap     ] GC(25) y: Max Capacity: 40960M(100%)
[1176,109s][info][gc,heap     ] GC(25) y: Soft Max Capacity: 40960M(100%)
[1176,109s][info][gc,heap     ] GC(25) y: Heap Statistics:
[1176,109s][info][gc,heap     ] GC(25) y:                Mark Start          Mark End        Relocate Start      Relocate End           High               Low         
[1176,109s][info][gc,heap     ] GC(25) y:  Capacity:    39074M (95%)       39074M (95%)       39074M (95%)       39074M (95%)       39074M (95%)       39074M (95%)    
[1176,109s][info][gc,heap     ] GC(25) y:      Free:     1976M (5%)         1974M (5%)         1974M (5%)         1984M (5%)         1984M (5%)         1970M (5%)     
[1176,109s][info][gc,heap     ] GC(25) y:      Used:    38984M (95%)       38986M (95%)       38986M (95%)       38976M (95%)       38990M (95%)       38976M (95%)    
[1176,109s][info][gc,heap     ] GC(25) y: Young Generation Statistics:
[1176,109s][info][gc,heap     ] GC(25) y:                Mark Start          Mark End        Relocate Start      Relocate End    
[1176,109s][info][gc,heap     ] GC(25) y:      Used:     2680M (7%)         2682M (7%)           34M (0%)           10M (0%)     
[1176,109s][info][gc,heap     ] GC(25) y:      Live:         -              2653M (6%)           14M (0%)            6M (0%)     
[1176,109s][info][gc,heap     ] GC(25) y:   Garbage:         -                26M (0%)           17M (0%)            0M (0%)     
[1176,109s][info][gc,heap     ] GC(25) y: Allocated:         -                 2M (0%)            2M (0%)            3M (0%)     
[1176,109s][info][gc,heap     ] GC(25) y: Reclaimed:         -                  -                 8M (0%)           26M (0%)     
[1176,109s][info][gc,heap     ] GC(25) y:  Promoted:         -                  -              2639M (6%)         2647M (6%)     
[1176,109s][info][gc,heap     ] GC(25) y: Compacted:         -                  -                  -                 0M (0%)     
[1176,109s][info][gc,phases   ] GC(25) y: Young Generation 38984M(95%)->38976M(95%) 10,572s
[1176,109s][info][gc          ] GC(25) Minor Collection (Allocation Rate) 38984M(95%)->38976M(95%) 10,573s
[1210,121s][info][gc,exit     ] Stopping ZGC
[1210,121s][info][gc,phases   ] GC(23) O: Old Generation Aborted
[1210,121s][info][gc          ] GC(23) Major Collection (Allocation Rate) Aborted
[1210,121s][info][gc,stats    ] === Garbage Collection Statistics =======================================================================================================================
[1210,121s][info][gc,stats    ]                                                              Last 10s              Last 10m              Last 10h                Total
[1210,121s][info][gc,stats    ]                                                              Avg / Max             Avg / Max             Avg / Max             Avg / Max
[1210,121s][info][gc,stats    ]        Contention: Mark Segment Reset Contention                     0 / 0                 0 / 17                0 / 17                0 / 17          ops/s
[1210,121s][info][gc,stats    ]        Contention: Mark SeqNum Reset Contention                      0 / 0                 0 / 0                 0 / 1                 0 / 1           ops/s
[1210,121s][info][gc,stats    ]          Critical: Allocation Stall                                  0 / 0                 0 / 0                 0 / 0                 0 / 0           ops/s
[1210,121s][info][gc,stats    ]          Critical: Allocation Stall                              0,000 / 0,000         0,000 / 0,000         0,000 / 0,000         0,000 / 0,000       ms
[1210,121s][info][gc,stats    ]          Critical: JNI Critical Stall                                0 / 0                 0 / 0                 0 / 0                 0 / 0           ops/s
[1210,121s][info][gc,stats    ]          Critical: JNI Critical Stall                            0,000 / 0,000         0,000 / 0,000         0,000 / 0,000         0,000 / 0,000       ms
[1210,121s][info][gc,stats    ]          Critical: Relocation Stall                                  0 / 0                 0 / 0                 0 / 0                 0 / 0           ops/s
[1210,121s][info][gc,stats    ]          Critical: Relocation Stall                              0,000 / 0,000         0,000 / 0,000         0,000 / 0,000         0,000 / 0,000       ms
[1210,121s][info][gc,stats    ]  Major Collection: Major Collection                              0,000 / 0,000     67324,253 / 99161,932 58527,327 / 99161,932 58527,327 / 99161,932   ms
[1210,121s][info][gc,stats    ]            Memory: Allocation Rate                                   0 / 2                13 / 418              34 / 484              34 / 484         MB/s
[1210,121s][info][gc,stats    ]            Memory: Defragment                                        0 / 0                 0 / 0                 0 / 0                 0 / 0           ops/s
[1210,121s][info][gc,stats    ]            Memory: Out Of Memory                                     0 / 0                 0 / 0                 0 / 0                 0 / 0           ops/s
[1210,121s][info][gc,stats    ]            Memory: Page Cache Flush                                  0 / 0                 0 / 0                 0 / 0                 0 / 0           MB/s
[1210,121s][info][gc,stats    ]            Memory: Page Cache Hit L1                                 0 / 1                 2 / 139               2 / 139               2 / 139         ops/s
[1210,121s][info][gc,stats    ]            Memory: Page Cache Hit L2                                 0 / 0                 0 / 0                 0 / 0                 0 / 0           ops/s
[1210,121s][info][gc,stats    ]            Memory: Page Cache Hit L3                                 0 / 0                 0 / 0                 0 / 192               0 / 192         ops/s
[1210,121s][info][gc,stats    ]            Memory: Page Cache Miss                                   0 / 0                 5 / 199              15 / 241              15 / 241         ops/s
[1210,121s][info][gc,stats    ]            Memory: Uncommit                                          0 / 0                 0 / 0                 0 / 0                 0 / 0           MB/s
[1210,121s][info][gc,stats    ]            Memory: Undo Object Allocation Failed                     0 / 0                 0 / 0                 0 / 0                 0 / 0           ops/s
[1210,121s][info][gc,stats    ]            Memory: Undo Object Allocation Succeeded                  0 / 0                 0 / 6                 0 / 6                 0 / 6           ops/s
[1210,121s][info][gc,stats    ]            Memory: Undo Page Allocation                              0 / 0                 0 / 0                 0 / 0                 0 / 0           ops/s
[1210,121s][info][gc,stats    ]  Minor Collection: Minor Collection                              0,000 / 0,000      8909,813 / 12578,667 13608,303 / 33299,106 13608,303 / 33299,106   ms
[1210,121s][info][gc,stats    ]    Old Generation: Old Generation                                0,000 / 0,000     60745,195 / 93456,483 46079,968 / 93456,483 46079,968 / 93456,483   ms
[1210,121s][info][gc,stats    ]         Old Pause: Pause Mark End                                0,000 / 0,000         0,034 / 0,051         0,032 / 0,063         0,032 / 0,063       ms
[1210,121s][info][gc,stats    ]         Old Pause: Pause Relocate Start                          0,000 / 0,000         0,033 / 0,053         0,034 / 0,053         0,034 / 0,053       ms
[1210,121s][info][gc,stats    ]         Old Phase: Concurrent Mark                               0,000 / 0,000     60495,056 / 93148,644 39584,042 / 93148,644 39584,042 / 93148,644   ms
[1210,121s][info][gc,stats    ]         Old Phase: Concurrent Mark Continue                      0,000 / 0,000         0,000 / 0,000         0,000 / 0,000         0,000 / 0,000       ms
[1210,121s][info][gc,stats    ]         Old Phase: Concurrent Mark Free                          0,000 / 0,000         0,054 / 0,211         6,413 / 67,725        6,413 / 67,725      ms
[1210,121s][info][gc,stats    ]         Old Phase: Concurrent Process Non-Strong                 0,000 / 0,000         2,858 / 3,594         3,187 / 7,680         3,187 / 7,680       ms
[1210,122s][info][gc,stats    ]         Old Phase: Concurrent Relocate                           0,000 / 0,000       188,955 / 237,000     112,223 / 237,000     112,223 / 237,000     ms
[1210,122s][info][gc,stats    ]         Old Phase: Concurrent Remap Roots                        0,000 / 0,000        41,937 / 46,978       35,372 / 51,062       35,372 / 51,062      ms
[1210,122s][info][gc,stats    ]         Old Phase: Concurrent Reset Relocation Set               0,000 / 0,000         0,016 / 0,024         0,011 / 0,024         0,011 / 0,024       ms
[1210,122s][info][gc,stats    ]         Old Phase: Concurrent Select Relocation Set              0,000 / 0,000        15,197 / 24,770       11,239 / 26,869       11,239 / 26,869      ms
[1210,122s][info][gc,stats    ]      Old Subphase: Concurrent Classes Purge                      0,000 / 0,000         0,009 / 0,014         0,034 / 0,176         0,034 / 0,176       ms
[1210,122s][info][gc,stats    ]      Old Subphase: Concurrent Classes Unlink                     0,000 / 0,000         1,714 / 2,230         1,822 / 4,545         1,822 / 4,545       ms
[1210,122s][info][gc,stats    ]      Old Subphase: Concurrent Mark Follow                        0,000 / 0,000     60494,494 / 93148,131 39583,477 / 93148,131 39583,477 / 93148,131   ms
[1210,122s][info][gc,stats    ]      Old Subphase: Concurrent Mark Root Colored                  0,000 / 0,000         0,047 / 0,121         0,043 / 0,162         0,043 / 0,162       ms
[1210,122s][info][gc,stats    ]      Old Subphase: Concurrent Mark Root Uncolored                0,000 / 0,000         0,197 / 0,425         0,188 / 0,455         0,188 / 0,455       ms
[1210,122s][info][gc,stats    ]      Old Subphase: Concurrent Mark Roots                         0,000 / 0,000         0,556 / 0,653         0,555 / 0,914         0,555 / 0,914       ms
[1210,122s][info][gc,stats    ]      Old Subphase: Concurrent References Enqueue                 0,000 / 0,000         0,000 / 0,000         0,001 / 0,003         0,001 / 0,003       ms
[1210,122s][info][gc,stats    ]      Old Subphase: Concurrent References Process                 0,000 / 0,000         0,207 / 0,263         0,187 / 0,440         0,187 / 0,440       ms
[1210,122s][info][gc,stats    ]      Old Subphase: Concurrent Remap Remembered                   0,000 / 0,000        38,856 / 45,369       32,576 / 49,384       32,576 / 49,384      ms
[1210,122s][info][gc,stats    ]      Old Subphase: Concurrent Remap Roots Colored                0,000 / 0,000         0,863 / 0,975         0,992 / 1,443         0,992 / 1,443       ms
[1210,122s][info][gc,stats    ]      Old Subphase: Concurrent Remap Roots Uncolored              0,000 / 0,000         0,337 / 0,422         0,326 / 0,488         0,326 / 0,488       ms
[1210,122s][info][gc,stats    ]      Old Subphase: Concurrent Roots ClassLoaderDataGraph         0,000 / 0,000         0,555 / 0,863         0,610 / 1,365         0,610 / 1,365       ms
[1210,122s][info][gc,stats    ]      Old Subphase: Concurrent Roots CodeCache                    0,000 / 0,000         0,287 / 0,374         0,287 / 0,395         0,287 / 0,395       ms
[1210,122s][info][gc,stats    ]      Old Subphase: Concurrent Roots JavaThreads                  0,000 / 0,000         0,081 / 0,423         0,074 / 0,454         0,074 / 0,454       ms
[1210,122s][info][gc,stats    ]      Old Subphase: Concurrent Roots OopStorageSet                0,000 / 0,000         0,028 / 0,073         0,021 / 0,073         0,021 / 0,073       ms
[1210,122s][info][gc,stats    ]      Old Subphase: Concurrent Weak Roots OopStorageSet           0,000 / 0,000         0,164 / 0,550         0,177 / 0,819         0,177 / 0,819       ms
[1210,122s][info][gc,stats    ]            System: Java Threads                                      0 / 0                18 / 18               18 / 18               18 / 18          threads
[1210,122s][info][gc,stats    ]  Young Generation: Young Generation                              0,000 / 0,000      6604,935 / 7195,266  11964,724 / 31955,985 11964,724 / 31955,985   ms
[1210,122s][info][gc,stats    ]  Young Generation: Young Generation                              0,000 / 0,000      8909,285 / 12578,154 13607,818 / 33298,636 13607,818 / 33298,636   ms
[1210,122s][info][gc,stats    ]  Young Generation: Young Generation (Collect Roots)              0,000 / 0,000         0,000 / 0,000         0,000 / 0,000         0,000 / 0,000       ms
[1210,122s][info][gc,stats    ]  Young Generation: Young Generation (Promote All)                0,000 / 0,000         0,000 / 0,000         0,000 / 0,000         0,000 / 0,000       ms
[1210,122s][info][gc,stats    ]       Young Pause: Pause Mark End                                0,000 / 0,000         0,028 / 0,040         0,028 / 0,040         0,028 / 0,040       ms
[1210,122s][info][gc,stats    ]       Young Pause: Pause Mark Start                              0,000 / 0,000         0,037 / 0,051         0,042 / 0,104         0,042 / 0,104       ms
[1210,122s][info][gc,stats    ]       Young Pause: Pause Mark Start (Major)                      0,000 / 0,000         0,051 / 0,082         0,039 / 0,082         0,039 / 0,082       ms
[1210,122s][info][gc,stats    ]       Young Pause: Pause Relocate Start                          0,000 / 0,000         0,029 / 0,043         0,030 / 0,074         0,030 / 0,074       ms
[1210,122s][info][gc,stats    ]       Young Phase: Concurrent Mark                               0,000 / 0,000      6528,239 / 7183,654  11120,853 / 29126,061 11120,853 / 29126,061   ms
[1210,122s][info][gc,stats    ]       Young Phase: Concurrent Mark Continue                      0,000 / 0,000         0,000 / 0,000         0,000 / 0,000         0,000 / 0,000       ms
[1210,122s][info][gc,stats    ]       Young Phase: Concurrent Mark Free                          0,000 / 0,000         1,125 / 11,237        2,076 / 22,694        2,076 / 22,694      ms
[1210,122s][info][gc,stats    ]       Young Phase: Concurrent Relocate                           0,000 / 0,000       982,547 / 3949,447   1145,727 / 7329,563   1145,727 / 7329,563    ms
[1210,122s][info][gc,stats    ]       Young Phase: Concurrent Reset Relocation Set               0,000 / 0,000         0,280 / 0,796         0,479 / 1,654         0,479 / 1,654       ms
[1210,122s][info][gc,stats    ]       Young Phase: Concurrent Select Relocation Set              0,000 / 0,000       473,973 / 1808,981    578,493 / 4409,539    578,493 / 4409,539    ms
[1210,122s][info][gc,stats    ]    Young Subphase: Concurrent Mark Follow                        0,000 / 0,000      6526,091 / 7181,495  11118,506 / 29124,342 11118,506 / 29124,342   ms
[1210,122s][info][gc,stats    ]    Young Subphase: Concurrent Mark Root Colored                  0,000 / 0,000         1,213 / 1,636         1,299 / 7,260         1,299 / 7,260       ms
[1210,122s][info][gc,stats    ]    Young Subphase: Concurrent Mark Root Uncolored                0,000 / 0,000         0,580 / 1,841         0,509 / 2,190         0,509 / 2,190       ms
[1210,122s][info][gc,stats    ]    Young Subphase: Concurrent Mark Roots                         0,000 / 0,000         2,143 / 2,949         2,342 / 9,564         2,342 / 9,564       ms
[1210,122s][info][gc,stats    ]    Young Subphase: Concurrent Relocate Remset FP                 0,000 / 0,000       945,883 / 3921,403   1109,928 / 7214,432   1109,928 / 7214,432    ms
[1210,122s][info][gc,stats    ]    Young Subphase: Concurrent Roots ClassLoaderDataGraph         0,000 / 0,000         0,907 / 1,255         0,985 / 1,463         0,985 / 1,463       ms
[1210,122s][info][gc,stats    ]    Young Subphase: Concurrent Roots CodeCache                    0,000 / 0,000         0,441 / 1,384         0,355 / 1,776         0,355 / 1,776       ms
[1210,122s][info][gc,stats    ]    Young Subphase: Concurrent Roots JavaThreads                  0,000 / 0,000         0,072 / 0,455         0,080 / 0,526         0,080 / 0,526       ms
[1210,122s][info][gc,stats    ]    Young Subphase: Concurrent Roots OopStorageSet                0,000 / 0,000         0,014 / 0,030         0,090 / 3,561         0,090 / 3,561       ms
[1210,122s][info][gc,stats    ]    Young Subphase: Concurrent Weak Roots OopStorageSet           0,000 / 0,000         0,297 / 0,761         0,269 / 3,172         0,269 / 3,172       ms
[1210,122s][info][gc,stats    ] =========================================================================================================================================================
[1210,122s][info][gc,heap,exit] Heap
[1210,122s][info][gc,heap,exit]  ZHeap           used 39018M, capacity 39074M, max capacity 40960M
[1210,122s][info][gc,heap,exit]  Metaspace       used 14483K, committed 14720K, reserved 1114112K
[1210,122s][info][gc,heap,exit]   class space    used 1477K, committed 1600K, reserved 1048576K
